BOARD_HOST_LIBCLANG path=/usr/lib/llvm-14/lib source=environment
orangepi5plus
BOARD_SERVICE_DTB_READY path=/home/seven_wsl/.local/share/ostool-server/dtbs/orangepi-5-plus-starry.dtb root=/dev/mmcblk0p2
     Locking 1 package to latest compatible version
      Adding uboot-shell v0.2.6 (/home/seven_wsl/Workspace/starry/ostool/uboot-shell)
    Finished `dev` profile [unoptimized + debuginfo] target(s) in 0.19s
     Running `target/debug/tg-xtask axvisor board -c competition/ivc/config/axvisor-orangepi-5-plus-ort-control.toml --board-config competition/ivc/config/board-orangepi-5-plus-ort-control.toml -b OrangePi-5-Plus`
[2026-08-05T08:00:04Z INFO  axbuild::context] Workspace root: /home/seven_wsl/Workspace/starry/tgoskits-rt-ivc-m4-formal-20260804
[2026-08-05T08:00:04Z INFO  axbuild::context] Workspace member dir for axvisor: /home/seven_wsl/Workspace/starry/tgoskits-rt-ivc-m4-formal-20260804/os/axvisor
Using build config: competition/ivc/config/axvisor-orangepi-5-plus-ort-control.toml
[axbuild] board build+run package=axvisor target=scripts/targets/std/pie/aarch64-unknown-linux-musl.json config=competition/ivc/config/axvisor-orangepi-5-plus-ort-control.toml ...
sh -c /home/seven_wsl/Workspace/starry/tgoskits-rt-ivc-m4-formal-20260804/tmp/axbuild/std/prebuild/prebuild-aarch64-unknown-linux-musl-36295c2cbf7dc427.sh
AR_aarch64_unknown_linux_musl=aarch64-linux-musl-ar
AXVISOR_VM_CONFIGS=/home/seven_wsl/Workspace/starry/tgoskits-rt-ivc-m4-formal-20260804/competition/ivc/config/orangepi-5-plus-starry-smp2-ort-control.toml:/home/seven_wsl/Workspace/starry/tgoskits-rt-ivc-m4-formal-20260804/competition/ivc/config/orangepi-5-plus-zephyr-smp1.toml
AX_ARCH=aarch64
AX_LOG=info
AX_TARGET=aarch64-unknown-none-softfloat
BINDGEN_EXTRA_CLANG_ARGS_aarch64_unknown_linux_musl=--target=aarch64-linux-musl --sysroot=/ -mgeneral-regs-only
CARGO_UNSTABLE_JSON_TARGET_SPEC=true
CC_aarch64_unknown_linux_musl=aarch64-linux-musl-cc
CFLAGS_aarch64_unknown_linux_musl=-mgeneral-regs-only -fno-stack-protector
CXXFLAGS_aarch64_unknown_linux_musl=-mgeneral-regs-only -fno-stack-protector
SMP=4
cargo build --config /home/seven_wsl/Workspace/starry/tgoskits-rt-ivc-m4-formal-20260804/tmp/axbuild/std/config-aarch64-unknown-linux-musl-dynamic.toml -p axvisor --target scripts/targets/std/pie/aarch64-unknown-linux-musl.json -Z unstable-options --target-dir /home/seven_wsl/Workspace/starry/tgoskits-rt-ivc-m4-formal-20260804/target --features ax-std/fs,ax-std/smp,fs,rockchip-dwmmc,rockchip-soc,sdmmc,log/release_max_level_info -Z json-target-spec --bin axvisor --release --message-format json-render-diagnostics
     Locking 1 package to latest compatible version
      Adding uboot-shell v0.2.6
warning: function `set_fdt_addr_phys_if_valid` is never used
  --> platforms/someboot/src/fdt/mod.rs:32:15
   |
32 | pub(crate) fn set_fdt_addr_phys_if_valid(fdt_addr: usize) -> bool {
   |               ^^^^^^^^^^^^^^^^^^^^^^^^^^
   |
   = note: `#[warn(dead_code)]` (part of `#[warn(unused)]`) on by default

warning: `someboot` (lib) generated 1 warning
warning: function `with_vm` is never used
   --> virtualization/axvm/src/manager.rs:168:15
    |
168 | pub(crate) fn with_vm<F, R>(vm_id: VMId, f: F) -> Option<R>
    |               ^^^^^^^
    |
    = note: `#[warn(dead_code)]` (part of `#[warn(unused)]`) on by default

warning: function `active_vcpu_mask` is never used
   --> virtualization/axvm/src/manager.rs:198:15
    |
198 | pub(crate) fn active_vcpu_mask(vm_id: VMId) -> Option<usize> {
    |               ^^^^^^^^^^^^^^^^

warning: function `inject_interrupt` is never used
   --> virtualization/axvm/src/manager.rs:210:15
    |
210 | pub(crate) fn inject_interrupt(vm_id: VMId, vcpu_id: usize, vector: usize) -> AxVmResult {
    |               ^^^^^^^^^^^^^^^^

warning: field `token` is never read
  --> virtualization/axvm/src/timer.rs:20:5
   |
19 | struct VmTimerEvent {
   |        ------------ field in this struct
20 |     token: usize,
   |     ^^^^^

warning: function `cancel_timer` is never used
  --> virtualization/axvm/src/timer.rs:65:15
   |
65 | pub(crate) fn cancel_timer(token: usize) {
   |               ^^^^^^^^^^^^

warning: associated items `handle_nested_page_fault` and `debug_nested_page_fault` are never used
    --> virtualization/axvm/src/vm/mod.rs:1303:19
     |
 616 | impl AxVM {
     | --------- associated items in this implementation
...
1303 |     pub(crate) fn handle_nested_page_fault(
     |                   ^^^^^^^^^^^^^^^^^^^^^^^^
...
1318 |     fn debug_nested_page_fault(
     |        ^^^^^^^^^^^^^^^^^^^^^^^

warning: `axvm` (lib) generated 6 warnings
    Finished `release` profile [optimized] target(s) in 0.45s
warning: the following packages contain code that will be rejected by a future version of Rust: core v0.0.0 (/home/seven_wsl/.rustup/toolchains/nightly-2026-07-15-x86_64-unknown-linux-gnu/lib/rustlib/src/rust/library/core), memchr v2.8.2
note: to see what the problems were, use the option `--future-incompat-report`, or run `cargo report future-incompatibilities --id 1`
Allocated board session:
  board_type: OrangePi-5-Plus
  board_id: orangepi-5-plus-1
  session_id: ccff7999-8551-4d7e-99e9-3668aabb929e
  lease_expires_at: 2026-08-05 08:00:15.282995685 UTC
  boot_mode: uboot
Converting ELF to BIN format...
  elf: /home/seven_wsl/Workspace/starry/tgoskits-rt-ivc-m4-formal-20260804/target/aarch64-unknown-linux-musl/release/axvisor
  bin: /home/seven_wsl/Workspace/starry/tgoskits-rt-ivc-m4-formal-20260804/target/aarch64-unknown-linux-musl/release/axvisor.bin
/home/seven_wsl/.rustup/toolchains/nightly-2026-07-15-x86_64-unknown-linux-gnu/lib/rustlib/x86_64-unknown-linux-gnu/bin/llvm-objcopy --strip-all -O binary /home/seven_wsl/Workspace/starry/tgoskits-rt-ivc-m4-formal-20260804/target/aarch64-unknown-linux-musl/release/axvisor /home/seven_wsl/Workspace/starry/tgoskits-rt-ivc-m4-formal-20260804/target/aarch64-unknown-linux-musl/release/axvisor.bin
[2026-08-05T08:00:05Z INFO  ostool::run::uboot] Starting U-Boot runner...
[2026-08-05T08:00:05Z INFO  ostool::run::uboot] kernel from: /home/seven_wsl/Workspace/starry/tgoskits-rt-ivc-m4-formal-20260804/target/aarch64-unknown-linux-musl/release/axvisor.bin
[2026-08-05T08:00:05Z INFO  ostool::run::uboot] Using network interface hint: eth0
Waiting for remote board to power on through ostool-server...
BOARD_REBOOT_ARMED
Connection to 192.168.31.33 closed by remote host.
[2026-08-05T08:00:16Z INFO  uboot_shell] cmd: setenv autoload yes
[2026-08-05T08:00:16Z INFO  uboot_shell] cmd: setenv netmask 255.255.255.0
[2026-08-05T08:00:16Z INFO  uboot_shell] cmd: net list
[2026-08-05T08:00:17Z INFO  uboot_shell] cmd: bootdev hunt ethernet
[2026-08-05T08:00:25Z WARN  uboot_shell] cmd `bootdev hunt ethernet` failed: Timeout, retrying...
[2026-08-05T08:00:25Z INFO  ostool::run::uboot] Board network ok
[2026-08-05T08:00:25Z INFO  uboot_shell] cmd: setenv serverip 192.168.31.132
[2026-08-05T08:00:26Z INFO  uboot_shell] cmd: echo $fdt_addr_r
[2026-08-05T08:00:26Z INFO  uboot_shell] cmd: echo $ramdisk_addr_r
[2026-08-05T08:00:27Z INFO  uboot_shell] cmd: echo $kernel_addr_r
[2026-08-05T08:00:27Z INFO  ostool::run::uboot] Using $kernel_addr_r as kernel entry: 0x2000000
[2026-08-05T08:00:27Z INFO  uboot_shell] cmd: echo $kernel_comp_addr_r
[2026-08-05T08:00:27Z INFO  ostool::run::uboot] image load to kernel_comp_addr_r: 0xa000000
[2026-08-05T08:00:27Z INFO  uboot_shell] cmd: setenv loadaddr 0xa000000
[2026-08-05T08:00:28Z INFO  ostool::run::uboot] fitimage loadaddr: 0xa000000
[2026-08-05T08:00:28Z INFO  ostool::run::uboot] kernel entry: 0x2000000
[2026-08-05T08:00:28Z INFO  ostool::run::uboot] Using DTB from: /home/seven_wsl/Workspace/starry/tgoskits-rt-ivc-m4-formal-20260804/target/aarch64-unknown-linux-musl/release/ostool-ccff7999-8551-4d7e-99e9-3668aabb929e-orangepi-5-plus-starry.dtb
[2026-08-05T08:00:28Z INFO  ostool::boot::fit] Making FIT image...
[2026-08-05T08:00:28Z INFO  ostool::boot::fit] kernel: /home/seven_wsl/Workspace/starry/tgoskits-rt-ivc-m4-formal-20260804/target/aarch64-unknown-linux-musl/release/axvisor.bin (size: 3342384)
[2026-08-05T08:00:28Z INFO  ostool::boot::fit] 已读取 DTB 文件: /home/seven_wsl/Workspace/starry/tgoskits-rt-ivc-m4-formal-20260804/target/aarch64-unknown-linux-musl/release/ostool-ccff7999-8551-4d7e-99e9-3668aabb929e-orangepi-5-plus-starry.dtb (大小: 280038)
[2026-08-05T08:00:28Z INFO  ostool::boot::fit] FIT image ok: /home/seven_wsl/Workspace/starry/tgoskits-rt-ivc-m4-formal-20260804/target/aarch64-unknown-linux-musl/release/image.fit
[2026-08-05T08:00:28Z INFO  ostool::run::uboot] No TFTP config, using loady to upload FIT image...

send file
loady 0xa000000
## Ready for binary (ymodem) download to 0x0A000000 at 1500000 bps...
[2026-08-05T08:00:28Z INFO  uboot_shell::ymodem] Sending file: image.fit
C## Total Size      = 0x00374924 = 3623204 Bytes
## Start Addr      = 0x0A000000
=>
send ok
[2026-08-05T08:01:18Z INFO  ostool::run::uboot] Booting kernel with command: bootm
Interacting with U-Boot shell...
bootm
## Loading kernel (any) from FIT Image at 0a000000 ...
   Using 'config-ostool' configuration
   Verifying Hash IntegriOK
   Trying 'kernel' kernel subimage
     Description:  This kernel
     Type:         Kernel Image
     Compression:  unco    3342384 Bytes = 3.2 MiB
     Architecture: AArch64
     OS:           Linux
     Load Address: 0x02000000
     Entry Point:  0x02000000
   Verifying Hash Integrity ... OK
## Loading fdt (any) from FIT Image at 0a000000 ...
   Using 'config-ostool' configuration
   Verifying Hash Integrity ... OK
   Trying 'fdt' fdt subimage
     Description:  This fdt
     Type:         Flat Device Tree
     Compression:  uncompressed
     Data Start:   0x0a330218
     Data Size:    280038 Bytes = 273.5 KiB
     Architecture: AArch64
     Load Address: 0x12000000
   Verifying Hash Integrity ... OK
   Loading fdt from 0x0a330218 to 0x12000000
   Booting using the fdt blob at 0x12000000
Working FDT set to 12000000
   Loading Kernel Image to 2000000
   Loading Device Tree to 00000000ecb72000, end 00000000ecbb95e5 ... OK
Working FDT set to ecb72000

Starting kernel ...

root=/dev/mmcblk0p2 earlycon=uart8250,mmio32,0xfeb50000 rootwait rootfstype=ext4 splash=verbose console=ttyS2,1500000 console=ttMemory Map:
  Rsv    0x00000000110000 - 0x00000000200000 (960 KiB)
  Free   0x00000000200000 - 0x00000002000000 (30 MiB)
  KImg   0x00000002000000 - 0x00000002400000 (4 MiB)
  Free   0x00000002400000 - 0x0000000a100000 (125 MiB)
  Rsv    0x0000000a100000 - 0x0000000a145000 (276 KiB)
  Free   0x0000000a145000 - 0x0000000a200000 (748 KiB)
  Rsv    0x0000000a200000 - 0x0000000b65f000 (20.37 MiB)
  Free   0x0000000b65f000 - 0x00000010000000 (73.63 MiB)
  Rsv    0x00000010000000 - 0x00000020000000 (256 MiB)
  Free   0x00000020000000 - 0x000000f0000000 (3.25 GiB)
 000 - 0x000003fc000000 (11.94 GiB)
  Free   0x000003fc500000 -   Free   0x000004f0000000 - 0x00000500000000 (256 MiB)
Initialize RAM allocator: 0x200000..0x2000000
Initializing per-CPU data
Per-CPU data one cpu size: 0x43000 bytes
Total per-CPU data size for secondary CPUs: 0x218000 bytes (8 CPUs)
Flushed RAM used range to memory map: 0x200000..0x245000, current: 0x245000
Flushed RAM used range to memory map: 0x245000..0x45d000, current: 0x45d000
Per-CPU data allocated at 0x245000 - 0x45d000
Initializing per-CPU RAM for CPU0 - hard id 0x0 @ 0x245000
Initializing per-CPU RAM for CPU1 - hard id 0x100 @ 0x288000
Initializing per-CPU RAM for CPU2 - hard id 0x200 @ 0x2cb000
Initializing per-CPU RAM for CPU3 - hard id 0x300 @ 0x30e000
Initializing per-CPU RAM for CPU4 - hard id 0x400 @ 0x351000
Initializing per-CPU RAM for CPU5 - hard id 0x500 @ 0x394000
Initializing per-CPU RAM for CPU6 - hard id 0x600 @ 0x3d7000
Initializing per-CPU RAM for CPU7 - hard id 0x700 @ 0x41a000
CPU0 - hard id 0x0, stack top @0x288000, stack top virt @0xff0000288000, entry virt @0xffff8019b928
CPU1 - hard id 0x100, stack top @0x2cb000, stack top virt @stack top virt @0xff000030e000, entry virt @0xffff8019b928
CPU3 - hard id 0x300, stack top @0x351000, stack top virt @0xff0000351000, entry virt @0xffff8019b928
CPU4 - hard id 0x400, stack top @0x394000, stack top virt @0xff0000394000, entry virt @0xffff8019b928
CPU5 - hard id 0x500, stack top @0x3d7000, stack top virt @0xff00003d7000, entry virt @0xffff8019b928
CPU6 - hard id 0x600, stack top @0x41a000, stack top virt @0xff000041a000, entry virt @0xffff8019b928
CPU7 - hard id 0x700, stack top @0x45d000, stack top virt @0xff000045d000, entry virt @0xffff8019b928
EL: 2
Mapping early memory regions...
Ram                 : [0x0000000000200000, 0x00000000f0000000) -> [0x0000000000200000, 0x00000000f0000000) (3.75 GiB)
Ram                 : [0x0000000100000000, 0x00000003fc000000) -> [0x0000000100000000, 0x00000003fc000000) (11.94 GiB)
Ram                 : [0x00000003fc500000, 0x00000003fff00000) -> [0x00000003fc500000, 0x00000003fff00000) (58 MiRam                 : [0x00000004f0000000, 0x0000000500000000) -> [0x00000004f0000000, 0x0000000500000000) (256 MiB)
KImage              : [0x0000ffff80000000, 0x0000ffff80400000) -> [0x0000000002000000, 0x0000000002400000) (4 MiB)
PerCpu              : [0x0000ff0000245000, 0x0000ff000045d000) -> [0x0000000000245000, 0x000000000045d000) (2.09 MiB)
Debug serial        : [0x00000000feb50000, 0x00000000feb51000) -> [0x00000000feb50000, 0x00000000feb51000) (4 KiB)
Boot page table at physical address: 0x45d000
Setting up table registers...
MMU Entry point at physical address: 0x2196fb4
Trap vector at 0xffff80197800
Memory Map:
  Rsv    0x00000000110000 - 0x00000000245000 (1.21 MiB)
  PerCPU 0x00000000245000 - 0x0000000045d000 (2.09 MiB)
  Rsv    0x0000000045d000 - 0x0000000046c000 (60 KiB)
  Free   0x0000000046c000 - 0x00000002000000 (27.58 MiB)
  KImg   0x00000002000000 - 0x00000002400000 (4 Mx0000000a100000 (125 MiB)
  Rsv    0x0000000a100000 - 0x0000000a145000 (276 KiB)
  Free   0x0000000a145000 - 0x0000000a200000 (748 KiB)
  Rsv    0x0000000a200000 - 0x0000000b65f000 (20.37 MiB)
  Free   0x0000000b65f000 - 0x00000010000000 (73.63 MiB)
  Rsv    0x00000010000000 - 0x00000020000000 (256 MiB)
  Free   0x00000020000000 - 0x000000f0000000 (3.25 GiB)
  MMIO   0x000000feb50000 - 0x000000feb51000 (4 KiB)
  Free   0x00000100000000 - 0x000003fc000000 (11.94 GiB)
  Free   0x000003fc500000 - 0x000003fff00000 (58 MiB)
  Free   0x000004f0000000 - 0x00000500000000 (256 MiB)
Jumping to main entry point at 0xffff8017ea2c with SP 0x0000ff0000288000

       d8888                            .d88888b.   .d8888b.
      d88888                           d88P" "Y88b d88P  Y88b
     d88P888                           888     888 Y88b.
    d88P 888 888d888  .d8888b  .d88b.  888     888  "Y888b.
   d88P  888 888P"   d88P"    d8P  Y8b 888     888     "Y88b.
  d88P   888 888     888      88888888 888     888       "888
 d8888888888 888     Y88b.    Y8b.     Y88b. .d88P Y88b  d88P
d88P     888 888    88P  "Y8888   "Y88888P"   "Y8888P"

arch = aarch64
platform =ld_mode = 
log_level = info
backtrace = false
smp = 4

[37m[ 68.002924 ax_runtime:213] [32mLogging is enabled.[m
[m[37m[ 68.003409 ax_runtime:214] [32mPrimary CPU 0 started, arg = 0x200000.[m
[m[37m[ 68.004039 ax_runtime:216] [32mFound physcial memory regions:[m
[m[37m[ 68.004663 ax_runtime:218] [32m  [PA:0x110000, PA:0x245000) reserved (READ | WRITE | EXECUTE | RESERVED)[m
[m[37m[ 68.005554 ax_runtime:218] [32m  [PA:68.006446 ax_runtime:218] [32m  [PA:0x45d000, PA:0x46c000) reserved (READ | WRITE | EXECUTE | RESERVED)[m
[m[37m[ 68.007339 ax_runtime:218] [32m  [PA:0x46c000, PA:0x2000000) free memory (READ | WRITE | FREE)[m
[m[37m[ 68.008156 ax_runtime:218] [32m  [PA:0x2000000, PA:0x2400000) reserved (READ | WRITE | EXECUTE | RESERVED)[m
[m[37m[ 68.009063 ax_runtime:218] [32m  [PA:0x2400000, PA:0xa100000) free memory (READ | WRITE | FREE)[m
[m[37m[ 68.009888 ax_runtime:218] [32m  [PA:0xa100000, PA:0xa145000) reserved (READ | WRITE | EXECUTE | RESERVED)[m
[m[37m[ 68.010796 ax_runtime:218] [32m  [PA:0xa145000, PA:0xa200000) free memory (READ | WRITE | FREE)[m
[m[37m[ 68.011621 ax_runtime:218] [32m  [PA:0xa200000, PA:0xb65f000) reserved (READ | WRITE | EXECUTE | RESERVED)[m
[m[37m[ 68.012528 ax_runtime:218] [32m  [PA:0xb65f000, PA:0x10000000) free memory (READ | WRITE | FREE)[m
[m[37m[ 68.013361 ax_runtime:218] [32m  [PA:0x10000000, PA:0x20000000) reserved (READ | WRITE | EXECUTE | RESERVED)[m
[m[37m[ 68.014284 ax_runtime:218] [32m  [PA:0x20000000, PA:0xf0000000) free memory (READ | WRITE | FREE)[m
[m[37m[ 68.015124 ax_runtime:218] [32m  [PA:0xfeb50000, PA:0xfeb51000) mmio (READ | WRITE | DEVICE | RESERVED)[m
[m[37m[ 68.016009 ax_runtime:218] [32m  [PA:0x100000000, PA:0x3fc000000) free memory (READ | WRITE | FREE)[m
[m[37m[ 68.016864 ax_runtime:218] [32m  [PA:0x3fc500000, PA:0x3fff00000) free memory (READ | WRITE | FREE)[m
[m[37m[ 69 ax_runtime:218] [32m  [PA:0x4f0000000, PA:0x500000000) free memory (READ | WRITE | FREE)[m
[m[37m[ 68.018573 ax_runtime:360] [32mInitialize global memory allocator...[m
[m[37m[ 68.019196 ax_runtime:361] [32m  use buddy-slab-allocator allocator.[m
[m[37m[ 68.019821 ax_alloc::buddy_slab:150] [32mInitialize global memory allocator, start_vaddr: 0x100000000, size: 0x2fc000000[m
[m[37m[ 68.032344 ax_alloc::buddy_slab:399] [32mglobal allocator initialized[m
[m[37m[ 68.032969 ax_alloc::buddy_slab:160] [32mAdd memory region, start_vaddr: 0x46c000, size: 0x1b94000[m
[m[37m[ 68.033842 ax_alloc::buddy_slab:160] [32mAdd memory region, start_vaddr: 0x2400000, size: 0x7d00000[m
[m[37m[ 68.034809 ax_alloc::buddy_slab:160] [32mAdd memory region, start_vaddr: 0xa145000, size: 0xbb000[m
[m[37m[ 68.035644 buddy_slab_allocator::global:143] [32mGlobalAllocator: skip region 0xa145000+0xbb000, no allocator-visible memory after 2097152 alignment[m
[m[37m[ 68.036866 ax_alloc::buddy_slab:160] [32mAdd memory region, start_vaddr: 0xb65f000, size: 0x49a1000[m
[m[37m[ 68.037790 ax_alloc::buddy_slab:160] [32mAdd memory region, start_vaddr: 0x20000000, size: 0xd0000000[m
[m[37m[ 68.041790 ax_alloc::buddy_slab:160] [32mAdd memory region, start_vaddr: 0x3fc500000, size: 0x3a00000[m
[m[37m[ 68.042712 ax_alloc::buddy_slab:160] [32mAdd memory region, start_vaddr: 0x4f0000000, size: 0x10000000[m
[m[37m[ 68.043827 ax_runtime:253] [32mkernel aspace: [VA:0x0, VA:0xffffffffffffffff)[m
[m[37m[ 68.044512 ax_mm:92] [32mInitialize virtual memory management...[m
[m[37m[ 69.062954 ax_runtime:265] [32mInitialize platform devices...[m
[m[37m[ 69.117005 someboot::arch::power:23] [32mPower management method : SMC[m
[m[37m[ 69.117648 somehal::driver:5] [32mInitializing rdrive with FDT at 0x200000[m
[m[37m[ 69.431887 ax_task::api:149] [32mInitialize scheduling...[m
[m[37m[ 69.432454 ax_task::api:154] [32m  use FIFO sched[37m[ 69.532097 ax_driver::soc::scmi:55] [33m[scmi] SCMI shmem phandle 71 cannot be resolved by rdrive; using RK3588 shmem fallback 0x10f000+0x100[m
[m[37m[ 69.533286 ax_driver::soc::scmi:76] [32mSCMI SMC registered: smc_id=0x82000010, shmem_phandle=71, shmem=0x10f000+0x100[m
[m[37m[ 69.534937 ax_driver::soc::rockchip::cru::rk3588:60] [32mRK3588 CRU reg: addr=0xfd7c0000, size=0x5c000, rockchip,grf=<0x77>[m
[m[37m[ 69.536026 rockchip_soc::variants::rk3588::cru:122] [32mCRU@fd7c0000: Initializing and verifying clock configuration...[m
[m[37m[ 69.537027 rockchip_soc::variants::rk3588::cru:173] [33m⚠ CRU@fd7c0000: ACLK_BUS_ROOT div mismatch! u-boot: 3, current: 4[m
[m[37m[ 69.538069 rockchip_soc::variants::rk3588::cru:247] [32m✓ CRU@fd7c0000: Clock configuration verified[m
[m[37m[ 69.538949 ax_driver::soc::rockchip::cru::rk3588:79] [32mRK3588 CRU clock/reset registered successfully[m
[m[37m[ 69.541001 ax_driver::soc::rockchip::pm:61] [32mRockchip power-domain provider registered successfully[m
[m[37m[ 69.578573 ax_driver::soc::rockchip::pinctrl:239] [32mRockchip RK3588 pinctrl registered successfully[m
[m[37m[ 70.015321 ax_driver::soc::fixed_regulator:70] [32mFixed regulator vcc5v0_host enabled via pinctrl[m
[m[37m[ 70.109546 ax_driver::soc::fixed_regulator:70] [32mFixed regulator vcc3v3_pcie_eth enabled via pinctrl[m
[m[37m[ 70.154962 ax_driver::soc::fixed_regulator:70] [32mFixed regulator wifi_disable enabled via pinctrl[m
[m[37m[ 70.217616 ax_driver::block::rockchip::sd:218] [32m[mmc@fe2c0000] vqmmc-supply phandle Phandle(283) is not a fixed GPIO regulator; skip pinctrl enable[m
[m[37m[ 70.218911 ax_driver::soc::scmi:124] [32mSCMI clock enabled: clock_id=0x17[m
[m[37m[ 70.219576 ax_driver::block::rockchip::clock:53] [32m[mmc@fe2c0000] enabled SDMMC SCMI clock Some("biu") (0x17)[m
[m[37m[ 70.220530 ax_driver::soc::scmi:124] [32mSCMI clock enabled: clock_id=0x9[m
[m[37m[ 70.221184 ax_driver::block::rockchip::clock:53] [32m[mmc@fe2c0000] enabled SDMMC SCMI clock Some("civer::block::rockchip::clock:100]C clock Some("ciu-drive") (0x2c2)[m
[m[37m[ 70.223103 ax_drinabled SDMMC clock Some("ciu-sample") (0x2c3)[m
[m[37m[ 70.224098 ax_driver::block::rockchip129] [32mrockchip-dwmmc probe: node=mmc@fe2c0000, addr=0xfe2c00x4000[m
[m[37m[ 70.225203 ax_driver::soc::scmi:149] [32mSCMI clock rate set: clock_id=0x9, rate=50000000 Hz[m
[m[37m[ 76007 ax_driver::soc::scmi:95] [32mSCMI clock rate get: clock_id=0x9, rate=49500000 Hz[m
[m[37m[ 70.226798 ax_driver::block::rockchip::sd:142] [32mrockchip-dwmmc: using ciu reference clock 49500000 Hz[m
[m[37m[ 70.227785 ax_driver::block::rockchip::sd::phase:43] [32mrockchip-dwed: drive=90deg sample=0deg parent=49500000Hz[m
[m[37m[ 70.228983 ax_driver::block::rockchip::sd:160] [32mrockchip-dwmmc: initialize card through native host2 bus ops[m
[m[37m[ 70.229930 sdmmc_protocol::sdio::init:487] [32msdio: submit bus op ResetAll[m
[m[37m[ 70.230620 sdmmc_protocol::sdio::init:487] [32msdio: submit bus op PowerOn[m
[m[37m[ 70.241292 sdmmc_protocol::sdio::init:487] [32msdio: submit bus op SwitchVoltage(V330)[m
[m[37m[ 70.242050 sdmmc_protocol::sdio::init:449] [32msdio: submit bus op SetBusWidth(Bit1)[m
[m[37m[ 70.242792 sdmmc_protocol::sdio::init:449] [32msdio: submit bus op SetClock(Identification)[m
[m[37m[ 70.243596 ax_driver::soc::scmi:149] [32mSCMI clock rate set: clock_id=0x9, rate=800000 Hz[m
[m[37m[ 70.244382 ax_driver::soc::scmi:95] [32mSCMI clock rate get: c32mrockchip-dwmmc: ciu clock setrget=400000 Hz cclkin=800000 Hz bus=400000 Hz[m
[m[37m[ 70.278192 sdmmc_protocol::sdio::init:695] [32msdio: detected Sd ocr=0xc0ff8000[m
[m[37m[ 70.280258 sdmmc_protocol::sdio::init:849] [32msdio: CSD capacity_blocks=Some(62333952)[m
[m[37m[ 70.281319 sdmmc_protocol::sdio::init:863] [32msdio: switch SD bus width to 4-bit[m
[m[37m[ 70.282658 sdmmc_protocol::sdio::init:449] [32msdio: submit bus op SetBusWidth(Bit4)[m
[m[37m[ 70.283401 sdmmc_protocol::sdio::init:449] [32msdio: submit bus op SetClock(Default)[m
[m[37m[ 70.284151 ax_drck_id=0x9, rate=50000000 Hz[m
[ 70.284954 ax_driver::soc::scmi:95] [32mSCMI clock rate get: clock_id=0x9, rate=49500000 Hz[m
[m[37m[ 70.285743 ax_driver::block::rockchip::sd:91] [32mrockchip-dwmmc: ciu clock set target=25000000 Hz cclkin=49500000 Hz bus=24750000 Hz[m
[m[37m[ 70.289704 ax_driver::soc::scmi:149] [32mSCMI clock rate set: clock_id=0x9, rate=100000000 Hz[m
[m[37m[ 70.290514 ax_driver::soc::scmi:95] [32mSCMI clock rate get: clock_id=0x9, rate=99000000 Hz[m
[m[37m[ 70.291303 ax_driver::block::rockchip::sd:91] [32mrockchip-dwmmc: ciu clock set target=50000000 Hz cclkin=99000000 Hz bus=49500000 Hz[m
[m[37m[ 70.292442 sdmmc_protocol::sdio::init:1442] [32msdio: SD speed selected HighSpeed[m
[m[37m[ 70.293160 sdmmc_protocol::sdio::init:1463] [32msdio: init done kind=Sd sd_v2=true high_capacity=true rca=0xaaaa ocr=0xc0ff8000 host_bus_width=Bit4 ext_csd_bus_width=None ext_csd_timing=None[m
[m[37m[ 70.294705 ax_driver::block::rockchip::sd:169] [32mrockchip-dwmmc card: kind=Sd high_capacity=true rca=43690 ocr=0xc0ff8000 capacity_blocks=Some(62333952) cid=true ext_csd=false[m
[m[37m[ 70.296998 ax_driver::block::rockchip::sd::phase:67] [32mrockchip-dwmmc: sample phase probe 0deg: block0_ok=true mbr_sig=aa55 block0_head=[00, 00, 00, 00, 00, 00, 00, 00, 00, 00, 00, 00, 00, 00, 00, 00] block1_ok=true gpt_head=[45, 46, 49, 20, 50, 41, 52, 54][m
[m[37m[ 70.299060 ax_driver::block::rockchip::sd::phase:81] [32mrockchip-dwmmc: selected RK3588 SDMMC sample phase 0deg[m
[m[37m[ 70.300141 ax_driver::block::rockchip::sd:199] [32mrockchip-sd block device registered irq=None[m
[m[37m[ 70.301695 ax_driver::block::rockchiip::clock:100] [32m[mmc@fe2e000
[m[37m[ 70.305419 ax_driver: Some("timer") (0x13c)[m
[m[rockchip::sdhci_rk3588:166] [32[m[37m[ 70.307510 ax_driver::block::rockchip::sdhci_rk3588:176] [32mrockchip-sdhci: using external CRU clock[m
[m[37m[ 70.308377 ax_driver::block::rockchip::sdhci_rk3588:185] [32mrockchip-sdhci: initialize card through native host2 bus ops[m
[m[37m[ 70.309398 sdmmc_protocol::sdio::init:487] [32msdio: submit bus op ResetAll[m
[m[37m[ 70.310089 ax_driver::block::rockchip::sdhci_rk3588:252] [32mrockchip-sdhci: RK3588 DWCMSHC vendor reset area1=0x500[m
[m[37m[ 70.311070 sdmmc_protocol::sdio::init:487] [32msdio: submit bu[37m[ 70.321739 sdmmc_protocol::sdio::init:487] [32msdio: submit bus op SwitchVoltage(V330)[m
[m[37m[ 70.322511 sdmmc_prot[32msdio: submit bus op SetBusWidth(Bit1)[m
[m[37m[ 70.323253 sdmmc_protocol::sdio::init:449] [32msdio: submit bus op SetCification)[m
[m[37m[ 70.324060 ax_driver::block::rockchip::sdhci_rk3588:118] [32mrockchip-sdhci: core clock set to 375000 Hz[m
[m[37m[ 70.375835 sdmmc_protocol::sdio::init:780] [32msdio: detected Mmc ocr=0xc0ff8080[m
[m[37m[ 70.377986 sdmmc_protocol::sdio::init:849] [32msdio: CSD capacity_blocks=None[m
[m[37m[ 70.390394 sdmmc_protocol::sdio::init:950] [32msdio: EXT_CSD sector_count=122224640[m
[m[37m[ 70.391789 ax_driver::block::rockchip::sdhci_rk3588:118] [32mrockchip-sdhci: core clock set to 25000000 Hz[m
[m[37m::block::rockchip::sdhci_rk3588:208] [32mrockchip-sdhci block device registered irq=None[m
[m[37m[ 70.398706 ax_runtime::irq:120] [32mregistered rockchip-sd/0 irq IrqId { domain: IrqDomainId(7), hwirq: HwIrq(235) }[m
[m[37m[ 70.399706 ax_fs_ng::block::runtime::device:1359] [33mrdif filesystem block device rockchip-sd registered with IRQ-driven completion[m
[m[37m[ 70.400804 ax_fs_ng::block::runtime::device:1361] [32mregistered rdif filesystem block device rockchip-sd[m
[m[37m[ 70.401753 ax_runtime::irq:120] [32mregistered rockchip-sdhci/0 irq IrqId { domain: IrqDomainId(7), hwirq: HwIrq(237) }[m
[m[37m[ 70.402757 ax_fs_ng::block::runtime::device:1359] [33mrdif filesystem block device rockchip-sdhci registered with IRQ-driven completion[m
[m[37m[ 70.403879 ax_fs_ng::block::runtime::device:1361] [32mregistered rdif filesystem block device rockchip-sdhci[m
[m[37m[ 70.440096 ax_fs_ng::root:256] [32m    partition 1 name=Some("bootfs") fs=Some(Fat) lba 61440..2158592[m
[m[37m[ 70.441238 ax_fs_ng::root:256] [32m    partition 2 name=None fs=Some(Ext4) lba 2158592..61702144[m
[m[37m[ 70.442070 ax_fs_ng::root:272] [32m  block device 0 (rockchip-sd) has Gpt partition table with 2 partitions[m
[m[37m[ 70.458525 ax_fs_ng::root:256] [32m    partition 1 name=Some("uboot") fs=None lba 8192..16384[m
[m[37m[ 70.459594 ax_fs_ng::root:256] [32m    partition 2 name=Some("misc") fs=None lba 16384..24576[m
[m[37m[ 70.460623 ax_fs_ng::root:256] [32m    partition 3 name=Some("bootctrl") fs=None lba 24576..28672[m
[m[37m[ 70.461694 ax_fs_ng::root:256] [32m    partition 4 name=Some("resource") fs=None lba 28672..40960[m
[m[37m[ 70.462652 ax_fs_ng::root:256] [32m    partition 5 name=Some("boot_linux") fs=Some(Ext4) lba 40960..237568[m
[m[37m[ 70.463819 ax_fs_ng::root:256] [32m    partition 6 name=Some("ramdisk") fs=None lba 237568..245760[m
[m[37m[ 70.464824 ax_fs_ng::root:256] [32m    partition 7 name=Some("system") fs=Some(Ext4) lba 245760..4440064[m
[m[37m[ 70.465881 ax_fs_ng::root:256] [32m    partition 8 name=Some("vendor") fs=Some(Ext4) lba 4440064..6537216[m
[m[37m[ 70.466899 ax_fs_ng::root:256] [32m    partition 9 name=Some("sys-prod") fs=Some(Ext4) lba 6537216..6639616[m
[m[37m[ 70.467936 ax_fs_ng::root:256] [32m    partititem") fs=None lba 6807552..68403[37m[ 70.471190 ax_fs_ng::root:256] [32m    partition 13 name=Some("eng_chipset") fs=None lba 6840320..6873088[m
[m[37m[ 70.472259 ax_fs_ng::root:256] [32m    partition 14 name=Some("chip_ckm") fs=None lba 6938624..7069696[m
[m[37m[ 70.473436 ax_fs_ng::root:256] [32m    partition 15 name=Some("userdata") fs=None lba 19955712..122224576[m
[m[37m[ 70.474335 ax_fs_ng::root:272] [32m  block device 1 (rockchip-sdhci) has Gpt partition table with 15 partitions[m
[m[37m[ 70.475316 ax_fs_ng::root:382] [32m  matched root by device path on disk0 partition 2 (<unnamed>, fs=ext4, lba 2158592..61702144)[m
[m[37m[ 70.476395 ax_fs_ng:75] [32mInitialize filesystem subsystem...[m
[m[37m[ 70.476968 ax_fs_ng:76] [32m  selected root device: disk0 partition 2 (<unnamed>, fs=ext4, lba 2158592..61702144)[m
[m[37m[ 70.502989 rsext4::ext4::mount:327] [32m/lost+found exists (superblock hint inode=11)[m
[m[37m[ 70.504705 rsext4::ext4::mount:462] [32mExt4 filesystem mounted[m
[m[37m[ 70.505289 rsext4::ext4::mount:463] [32m  - block size: 4096 bytes[m
[m[37m[ 70.505893 rsext4::ext4::mount:464] [32m  - total blocks: 7442944[m
[m[37m[ 70.506493 rsext4::ext4::mount:465] [32m  - free blocks: 5965423[m
[m[37m[ 70.507085 rsext4::ext4::mount:466] [32m  - total inodes: 1845888[m
[m[37m[ 70.507686 rsext4::ext4::mount:467] [32m  - free inodes: 1796842[m
[m[37m[ 70.508278 rsext4::ext4::sync:13] [32mSyncing filesystem...[m
[m[37m[ 70.519619 rsext4::ext4::mount:546] [32mExt4 filesystem mounted[m
[m[37m[ 70.520224 ax_fs_ng:88] [32m  filesystem type: "ext4"[m
[m[37m[ 70.531238 ax_fs_ng::root:518] [32m  mounting partition disk0 partition 1 (bootfs, fs=fat, lba 61440..2158592) at /boot[[37m[ 70.533407 ax_runtime::mp:79] [32mSecondary CPU 1 started.[m
[m[37m[ 70.534855 ax_runtime::mp:79] [32mSecondary CPU 2 started.[m
[m[37m[ 70.535329 ax_runtime::mp:107] [32mSecondary CPU 1 init OK.[m
[m[37m[ 70.536689 ax_runtime:336] [32mPrimary CPU 0 init OK.[m
[m[37m[ 70.536689 ax_runtime::mp:79] [32mSecondary CPU 3 started.[m
[m[37m[ 70.537495 ax_runtime::mp:107] [32mSecondary CPU 2 init OK.[m
[m[37m[ 70.540603 ax_runtime::mp:107] [32mSecondary CPU 3 init OK.[m
[m

       d8888            888     888  d8b
      d88888            888     888  Y8P
     d88P888            888     888
    d88P 888  888  888  Y88b   d88P  888  .d8888b    .d88b.   888d888
   d88P  888  `Y8bd8P'   Y88b d88P   888  88K       d88""88b  888P"
  d88P   888    X88K      Y88o88P    888  "Y8888b.  888  888  888
 d8888888888  .d8""8b.     Y888P     888       X88  Y88..88P  888
d88P     888  888  888      Y8P      888   88888P'   "Y88P"   888


by AxVisor Team

[37m[ 70.544840 0:2 axvisor:57] [32mStarting virtualization...[m
[m[37m[ 70.545383 0:2 axvm::host::arceos:230] [32mEnabling hardware virtualization support on all cores...[m
[m[37m[ 70.546235 0:2 axvm::host::arceos:236] [32mCore 0 is initializing hardware virtualization support...[m
[m[37m[ 70.547097 0:2 axvm::timer:101] [32mInitializing AxVM timer wheel...[m
[m[37m[ 70.547722 0:2 axvm::host::arceos:238] pport enabled on core 0[m
[m[37m[ 70.549546 1:11 axvm::host::arceos:248] [32mCore 1 is initializing hardware virtualization support...[m
[m[37m[ 70.550412 1:11 axvm::timer:101] [32mInitializing AxVM timer wheel...[m
[m[37m[ 70.550913 2:12 axvm::host::arceos:248] [32mCore 2 is initializing hardware virtualization support...[m
[m[37m[ 70.551044 1:11 axvm::host::arceos:251] [32mHardware virtualization support enabled on core 1[m
[m[37m[ 70.552658 0:2 axvm::host::arceos:264] [32mWaiting for all cores to enable hardware virtualization...[m
[m[37m[ 70.551912 2:12 axvm::timer:101] [32mInitializing AxVM timer wheel...[m
[m[37m[ 70.552662 3:13 axvm::host::arceos:248] [32mCore 3 is initializing hardware virtualization support...[m
[m[37m[ 70.554225 2:12 axvm::host::arceos:251] [32mHardware virtualization support enabled on core 2[m
[m[37m[ 70.555093 xVM timer wheel...[m
[m[37m[ation support enabled on core 3[37m[ 70.557576 0:2 axvm::arch::aarch64::gic:59] [32mUsing per-CPU GICv3 system registers for virtual IRQs[m
[m[37m[ 70.641048 0:2 axvm::arch::aarch64::gic:175] [32mAArch64 host virtual-timer PPI 27 is available for guest forwarding[m
[37m[ 70.718281 0:2 axvm::arch::aarch64::fdt::core::parser:386] [32mCPU node: /cpus/cpu@0, node_id: 0x0, guest_cpu_id: 0x0[m
[m[37m[ 70.719291 0:2 axvm::arch::aarch64::fdt::core::parser:386] [32mCPU node: /cpus/cpu@100, node_id: 0x100, guest_cpu_id: 0x100[m
[m[37m[ 70.720340 0:2 axvm::arch::aarch64::fdt::core::parser:386] [32mCPU node: /cpus/cpu@200, node_id: 0x200, guest_cpu_id: 0x200[m
[m[37m[ 70.721387 0:2 axvm::arch::aarch64::fdt::core::parser:386] [32mCPU node: /cpus/cpu@300, node_id: 0x300, guest_cpu_id: 0x300[m
[m[37m[ 70.722434 0:2 axvm::arc64::fdt::core::parser:386] [32mCPU node: /cpus/cpu@400, node_id: 0x400, guest_cpu_id: 0x400[m[37m[ 70.723483 0:2 axvm::arch::aarch64::fdt::core::parser:386] [32mCPU node: /cpus/cpu@500, node_id: 0x500, guest_cpu_id: 0x500[m
[m[37m[ 70.724531 0:2 axvm::arch::aarch64::fdt::core::parser:386] [32mCPU node: /cpus/cpu@600, node_id: 0x600, guest_cpu_id: 0x600[m
[m[37m[ 70.725583 0:2 axvm::arch::aarch64::fdt::core::parser:386] [32mCPU node: /cpus/cpu@700, node_id: 0x700, guest_cpu_id: 0x700[m
[m[37m[ 70.738565 0:2 axvm::arch::aarch64::fdt::core::parser:393] [32mFound 8 host CPU nodes[m
[m[37m[ 70.739321 0:2 axvm::arch::aarch64::fdt::core:68] [32mVM[1] found DTB, parsing...[m
[m[37m[ 94.763629 0:2 axvisor::config:139] [32mCreating VM[1] "starry-ort-ivc-orangepi"[m
[m[37m[ 94.764382 0:2 axvm::vm:637] [32mVM created: id=1[m
[m[37m[ 95.261011 0:2 axvisor::config:151] [32mVM[1] created success, loading images...[m
[m[37m[ 97.288935 0:2 axdevice::device:1350] [32mAxVmDevices: registered device id=0[m
[m[37m[ 97.289626 0:2 axdevice::device:336] [32mGPPT Distributor initialized with base GPA 0x8000000 and length 0x10000[m
[m[37m[ 97.290589 0:2 axdevice::device:1350] [32mAxVmDevices: registe37m[ 97.293013 0:2 axdevice::dev] [32mGPPT Redistributor initialized for vCPU 1 with base GPA 0000 and length 0x20000[m
[m[37m[ 97.294069 0:2 axdevice::dev[32mAxVmDevices: registered device id=3[m
[m[37m[ 97.294753 0:2 axdevice::device:518] [32mvirtio-blk 'virtio-blk-starry' initialized at GPA 0xa000000 IRQ 48 with backing 0 (167772160 bytes)[m
[m[37m[ 97.295921 0:2 axdevice::device:1350] [32mAxVmDevices: registered device id=4[m
[m[37m[ 97.296606 0:2 axdevr mode Negotiated (MAC 52:54:00:00:00:01)[m
[m[37m[ 97.297968 0:2 axdevice::device:1350] [32mAxVmDevices: registered device id=5[m
[m[37m[ 97.298653 0:2 axvm::arch::aarch64::vm:134] ch64 PL011 console 'pl011-starry' initialized at GPA 0x9000000 with length 0x1000[m
[m[37m[ 97.299767 0:2 axdevice::device:1350] [32mAxVmDevices: registered device id=6[m
[m[37m[ 97.300455 0:2 axdevice::device:1350] [32mAxVmDevices: registered device id=7[m
[m[37m[ 97.301144 0:2 axdevice::device:1350] [32mAxVmDevices: registered device id=8[m
[m[37m[ 97.301863 0:[37m[ 97.368793 0:2 axvm::arch::aarch64::fdt::core::parser:386] [32mCPU node: /cpus/cpu@0, node_id: 0x0, guest_cpu_id: 0x0[m
[m[37m[ 97.369804 0:2 axvm::arch::aarch64::fdt::core::parser:386] [32mCPU node: /cpus/cpu@100, node_id: 0x100, guest_cpu_id: 0x100[m
[m[37m[ 97.370854 0:2 axvm::arch::aarch64::fdt::core::parser:386] [32mCPU node: /cpus/cpu@200, node_id: 0x200, guest_cpu_id: 0x200[m
[m[37m[ 97.371902 0:2 axvm::arch::aarch64::fdt::core::parser:386] [32mCPU node: /cpus/cpu@300, node_id: 0x300, guest_cpu_id: 0x300[m
[m[37m[ 97.372951 0:2 axvm::arch::aarch64::fdt::core::parser:386] [32mCPU node: /cpus/cpu@400, node_id: 0x400, guest_cpu_id: 0x400[m
[m[37m[ 97.374001 0:2 axvm::arch::aarch64::fdt::core::parser:386] [32mCPU node: /cpuu_id: 0x600[m
[m[37m[ 97.376104 0:2 axvm::arch::aarch64::fdt::core::parser:386] [32mCPU node: /cpus/cpu@700, node_id: 0x700, guest_cpu_id: 0x700[m
[m[37m[ 97.384842 0:2 axvm::arch::aarch64::fdt::core::parser:393] [32mFound 8 host CPU nodes[m
[m[37m[ 97.385596 0:2 axvm::afdt::core:77] [32mVM[2] DTB not found, generating from the VM configuration[m
[m[37m[ 97.492162 0:2 axvm::arch::aarch64::fdt::core::device:96] [32mFound excluded devices: [][m
[m[37m[ 97.530917 0:2 axvisor::config:139] [32mCreating VM[2] "zephyr-ivc-orangepi"[m
[m[37m[ 97.531631 0:2 axvm::vm:637] [32mVM created: id=2[m
[m[37m[ 97.780202 0:2 axvisor::config:151] [32mVM[2] created success, loading images...[m
[m[37m[ 97.782081 0:2 axdevice::device:1350] [32mAxVmDevices: registered device id=0[m
[m[37m[ 97.782769 0:2 axdevice::device:336] [32mGPPT Distributor initialized with base GPA 0x8000000 and length 0x10000[m
[m[37m[ 97.783732 0:2 axdevice::device:1350] [32mAxVmDevices: registered device id=1[m
[m[37m[ 97.784416 0:2 axdevice::device:311] [32mGPPT Redistributor initialized for vCPU 0 with base GPA 0x80a0000 and length 0x20000[m
6156 0:2 axdevice::device:576] [32mvirtio-net 'virtio-net-zephyr' initialized at GPA 0xa002000 IRQ 64 segment 1 header mode Fix[37m[ 97.787556 0:2 axdevice::device:1350] [32mAxVmDevices: registered device id=3[m
[m[37m[ 97.788240 0:2 axvm::arch::aarch64::vm:134] [32mAArch64 PL011 console 'pl011-zephyr' initialized at GPA 0x9000000 with length 0x1000[m
[m[37m[ 97.789356 0:2 axdevice::device:1350] [32mAxVmDevices: registered device id=4[m
[m[37m[ 97.790044 0:2 37m[ 97.790732 0:2 axdevice::device:1350] [32mAxVmDevices: regi[ 97.791449 0:2 axvm::vm::prepare:101] [32mVM setup: id=2[m
[m[37m[ 97.792037 0:2 axvm::runtime:35] [32mInitializing VMM..runtime:40] [32mVMM starting, booting VMs...[m
[m[37m[ 97.793167 0:2 axvm::vm:824] [32mStarting VM[1][m
[m[37m[ 97.793632 0:2 axvm::runtime::vcpus:236] [32mSpawning task for VM[1] VCpu[0][m
[m[37m[ 97.794328 0:2 axvm::runtime::vcpus:274] [32mVCpu task Task(14, "VM[1]-VCpu[0]") created cpumask: [1, ], initial CPU 1[m
[m[37m[ 97.795355 0:2 axvm::runtime:48] [32mVM[1] boot success[m
[m[37m[ 97.795875 0:2 axvm::vm:824] [32mStarting VM[2][m
[m[37m[ 97.796341 0:2 axvm::runtime::vcpusVCpu[0]") created cpumask: [0, ], initial CPU 0[m
[m[37m[ 97.798038 0:2 axvm::runtime:48] [32mVM[2] boot success[m
[m[37m[ 97.798570 0:15 axvm::runtime::vcpus:332] [32mVM[2] VCpu[0] waiting for running[m
[m[37m[ 97.799272 0:15 axvm::runtime::vcpus:335] [32mVM[2] VCpu[0] running...[m
[m[37m[ 97.799909 0:15 axvm::arch::aarch64::gic:361] [33mVirtual interrupt interface not enabled, enabling now[m
[m[37m[ 97.800792 0:15 axvm::runtime::vcpus:337] [32mVM[2] VCpu[0] first-run architecture [guest-console:pl011-starry] console=ttyAMA0,115200 earlycon=pl011,0x09000000 root=/dev/vda rw fsck.repair=yes
[guest-console:pl011-starry] VM Load @0x80200000
[guest-console:pl011-starry] VM Load Offset: 0x100200000
[guest-console:pl011-starry] Memory Map:
[guest-console:pl011-starry]   Free   0x00000080000000 - 0x00000080200000 (2 MiB)
[guest-console:pl011-starry]   KImg   0x00000080200000 - 0x00000081000000 (14 MiB)
[guest-console:pl011-starry]   Free   0x00000081000000 - 0x00000090000000 (240 MiB)
[guest-console:pl011-starry] Initialize RAM allocator: 0x81000000..0x90000000
[guest-console:pl011-starry] Initializing per-CPU data
[guest-console:pl011-starry] Per-CPU data one cpu size: 0x41000 bytes
[guest-console:pl011-starry] Total per-CPU data size for secondary CPUs: 0x82000 bytes (2 CPUs)
[guest-console:pl011-starry] Flushed RAM used range to memory map: 0x81000000..0x81001000, current: 0x81001000
[guest-console:pl011-starry] Flushed RAM used range to memory map: 0x81001000..0x81083000, current: 0x81083000
[guest-console:pl011-starry] Per-CPU data allocated at 0x81001000 - 0x81083000
[guest-console:pl011-starry] Initializing per-CPU RAM for CPU0 - hard id 0x100 @ 0x81001000
[guest-console:pl011-starry] Initializing per-CPU RAM for CPU1 - hard id 0x200 @ 0x81042000
[guest-console:pl011-starry] CPU0 - hard id 0x100, stack top @0x81042000, stack top virt @0xffffff0081042000, entry virt @0xffff[guest-console:pl011-starry] CPU1 - hard id 0x200, stack top @0x81083000, stack top virt @0xffffff0081083000, entry virt @0xffffffff80364420
[guest-console:pl011-starry] EL: 1
[guest-console:pl011-starry] Mapping early memory regions...
[guest-console:pl011-starry] Ram                 : [0xffff000080000000, 0xffff000090000000) -> [0x0000000080000000, 0x0000000090000000) (256 MiB)
[guest-console:pl011-starry] KImage              : [0xffffffff80000000, 0xffffffff80e00000) -> [0x0000000080200000, 0x0000000081000000) (14 MiB)
[guest-console:pl011-starry] PerCpu              : [0xffffff0081001000, 0xffffff0081083000) -> [0x0000000081001000, 0x0000000081083000) (520 KiB)
[guest-console:pl011-starry] Debug serial        : [0xffff000009000000, 0xffff000009001000) -> [0x0000000009000000, 0x0000000009001000) (4 KiB)
[guest-console:pl011-starry] Boot page table at physical address: 0x81083000
[guest-console:pl011-starry] Setting up table registers...
[guest-console:pl011-starry] MMU Entry point at physical address: 0x805679b0
[guest-console:pl011-starry] Trap vector at 0xffffffff80360800
[guest-console:pl011-starry] Memory Map:
[guest-console:pl011-starry]   MMIO   0x00000009000000 - 0x00000009001000 (4 KiB)
[guest-console:pl011-starry]   Free   0x00000080000000 - 0x00000080200000 (2 MiB)
[guest-console:pl011-starry]   KImg   0x00000080200000 - 0x00000081000000 (14 MiB)
[guest-console:pl011-starry]   Rsv    0x00000081000000 - 0x00000081001000 (4 KiB)
[guest-console:pl011-starry]   PerCPU 0x00000081001000 - 0x00000081083000 (520 KiB)
[guest-console:pl011-starry]   Rsv    0x00000081083000 - 0x0000008108d000 (40 KiB)
[guest-console:pl011-sta[guest-console:pl011-starry]       d88888                       [guest-console:pl011-starry]     d88P 888 888d888  .d8888b  .d88b.  888     888  "Y888b.
[guest-console:pl011-starry]    d88P  888 888P"   d88P"    d8P  Y8b 888     888     "Y88b.
[guest-cOS-NET mac=52:54:00:00:00:02 expected=52:54:00:00:00:02
[guest[guest-console:pl011-starry]  d8888888888 888     Y88b.    Y8b.     Y88b. .d88P Y88b  d88P
[guest-console:pl011-zephyr] IVC-RTOS-READY bind=10.0.0.2:5500 mac=52:54:00:00:00:02 window_bits=64 ack_loss_drop_every=0 expected_888P"   "Y8888P"
[guest-consolrry] 
[guest-console:pl011-starry] arch = aarch64
[guest-console:pl011-starry] platform = AxVisor Orange Pi 5 Plus IVC StarryOS guest
[guest-console:pl011-starry] target = aarch64-unknown-none-softfloat
[guest-console:pl011-starry] build_mode = 
[guest-console:pl011-starry] log_level = info
[guest-console:pl011-starry] backtrace = false
[guest-console:pl011-starry] smp = 2
[guest-console:pl011-starry] 
[guest-console:pl011-starry] [37m[  0.788969 ax_runtime:213] [32mLogging is enabled.[m
[guest-console:pl011-starry] [m[37m[  0.790870 ax_runtime:214] [32mPrimary CPU 0 started, arg = 0x81000000.[m
[guest-console:pl011-starry] [m[37m[  0.793334 ax_runtime:216] [32mFound physcial memory regions:[m
[guest-console:pl011-starry] [m[37m[  0.795609 ax_runtime:218] [32m  [PA:0x9000000, PA:0x9001000) mmio (READ | WRITE | DEVICE | RESERVED)[m
[guest-console:pl011-starry] [m[37m[  0.798858 ax_runtime:218] [32m  [PA:0x80000000, PA:0x80200000) free memory (READ | WRITE | FREE)[m
[guest-console:pl011-starry] [m[37m[  0.802001 ax_runtime:218] [32m  [PA:0x80200000, PA:0x81000000) reserved (READ | WRITE | EXECUTE | RESERVED)[m
[guest-console:pl011-starry] [m[37m[  0.805439 ax_runtime:218] [32m  [PA:0x81000000, PA:0x81001000) reserved (READ | WRITE | EXECUTE | RESERVED)[m
[guest-console:pl011-starry] [m[37m[  0.808868 ax_runtime:218] [32m  [PA:0x81001000, PA:0x81083000) reserved (READ | WRITE | EXECUTE | RESERVED)[m
[guest-console:pl011-starry] [m[37m[  0.812296 ax_runtime:218] [32m  [PA:0x81083000, PA:0x8108d000) reserved (READ | WRITE | EXECUTE | RESERVED)[m
[guest-console:pl011-starry] [m[37m[  0.815735 ax_runtime:218] [32m  [PA:0x8108d000, PA:0x90000000) free memory (READ | WRITE | FREE)[m
[guest-console:pl011-starry] [m[37m[  0.818875 ax_runtime:360] [32mInitialize global memory allocator...[m
[guest-console:pl011-starry] [m[37m[  0.821261 ax_runtime:361] [32m  use buddy-slab-allocator [guest-console:pl011-starry] [m[37m[  0.823652 ax_alloc::buddy_slab:150] [32mInitialize global memory allocator, start_vaddr: 0xffff00008108d000, size: 0xef73000[m
[guest-console:pl011-starry] [m[37m[  0.827750 ax_alloc::buddy_slab:399] [32mglobal allocator initialized[m
[guest-console:pl011-starry] [m[37m[  0.830164 ax_alloc::buddy_slab:160] [32mAdd memory region, start_vaddr: 0xffff000080000000, size: 0x200000[m
[guest-console:pl011-starry] [m[37m[  0.833569 buddy_slab_allocator::global:143] [32mGlobalAllocator: skip region 0xffff000080000000+0x200000, no allocator-visible memory after 2097152 alignment[m
[guest-console:pl011-starry] [m[37m[  0.838301 ax_runtime:253] [32mkernel aspace: [VA:0xffff000000000000, VA:0xffffffffffffffff)[m
[guest-console:pl011-starry] [m[37m[  0.841310 ax_mm:92] [32mInitialize virtual memory management...[m
[guest-console:pl011-starry] [m[37m[  0.860698 ax_runtime:265] [32mInitialize platform devices...[m
[guest-console:pl011-starry] [m[37m[  0.864169 someboot::arch::power:23] [32mPower management method : HVC[m
[guest-console:pl011-starry] [m[37m[  0.866633 somehal::driver:5] [32mInitializing rdrive with FDT at 0xffff000081000000[m
[guest-console:pl011-starry] [m[37m[  0.882432 ax_task::api:149] [32mInitialize scheduling...[m
[guest-console:pl011-starry] [m[37m[  0.884618 ax_task::api:154] [32m  use Round-robin scheduler.[m
[guest-console:pl011-starry] [m[37m[  0.886838 ax_runtime:291] [32mInitialize interrupt handlers...[m
[guest-console:pl011-starry] [m[37m[  0.889908 ax_runtime::devices:2] [32mProbe platform devices...[m
[guest-console:pl011-starry] [m[37m[  0.892848 ax_driver::serial::pl011:22] [32mProbing PL011 serial device: serial@9000000[m
[guest-console:pl011-starry] [m[37m[  0.895837 ax_driver::serial::pl011:39] [32mPL011 serial@0xffff000009000000 registered successfully[m
[guest-console:pl011-starry] [m[37m[  0.899397 virtio_drivers::device::blk:63] [32mfound a block device of size 163840KB[m
[guest-console:pl011-starry] [m[37m[  0.902366 ax_driver::virtio::block:91] [32mregistered virtio block device[m
[guest-console:pl011-starry] [m[37m[  0.905156 virtio_drivers::device::net::dev_raw:33] [32mnegotiated_features Features(MAC | VERSION_1)[m
[guest-console:pl011-starry] [m[37m[  0.908758 ax_driver::virtio::net:407] [32mregistered virtio network device irq=None[m
[guest-console:pl011-starry] [mBoot at 1970-01-01 00:00:00.911620500 UTC
[guest-console:pl011-starry] 
[guest-console:pl011-starry] [37m[  0.913464 ax_runtime::irq:120] [32mregistered virtio-blk/0 irq IrqId { domain: IrqDomainId(7), hwirq: HwIrq(48) }[m
[guest-console:pl011-starry] [m[37m[  0.917074 ax_fs_ng::block::runtime::device:1359] [33mrdif filesystem block device virtio-blk registered with IRQ-driven completion[m
[guest-console:pl011-starry] [m[37m[  0.921141 ax_fs_ng::block::runtime::device:1361] [32mregistered rdif filesystem block device virtio-blk[m
[guest-console:pl011-starry] [m[37m[  0.925024 ax_fs_ng::root:249] [32m    raw device fs=Some(Ext4)[m[guest-console:pl011-starry] [m[37m[  0.927303 ax_fs_ng::root:280] [32m  block device 0 (virtio-blk) has no usable partition table; treating the whole disk as a candidate[m
[guest-console:pl011-starry] [m[37m[  0.931457 ax_fs_ng::root:389] [32m  matched root by raw [guest-console:pl011-starry] [m[37m[  0.934393 ax_fs_ng:75] [32mInitialize filesystem subsystem...[m
[guest-console:pl011-starry] [m[37m[  0.936637 ax_fs_ng:76] [32m  selected root device: disk0 raw device[m
[guest-console:pl011-starry] [m[37m[  0.939294 rsext4::crc32c::arm[guest-console:pl011-starry] [m[37m[  0.941775 rsext4::crc32c::arm64:57] [33mHardware CRC32C support detected.[m
[guest-console:pl011-starry] [m[37m[  0.946855 rsext4::ext4::mount:340] [32m/lost+found exists (path resolution, repaired hint inode=11)[m
[guest-console:pl011-starry] [m[37m[  0.950772 rsext4::ext4::mount:462] [32mExt4 filesystem mounted[m
[guest-console:pl011-starry] [m[37m[  0.953048 rsext4::ext4::mount:463] [32m  - block size: 4096 bytes[m
[guesnsole:pl011-starry] [m[37m[  0.955409 rsext4::ext4::mount:464] [32m  - total blocks: 40960[m
[guest-console:pl011-starry] [m[37m[  0.957679 rsext4::ext4::mount:465] [32m  - free blocks: 26245[m
[guest-console:pl011-starry] [m[37m[  0.959935 rsext4::ext4::mount:466] [32m  - total inodes: 16384[m
[guest-console:pl011-starry] [m[37m[  0.962205 rsext4::ext4::mount:467] [32m  - free inodes: 16316[m
[guest-console:pl011-starry] [m[37m[  0.964454 rsext4::ext4::sync:13] [32mSyncing filesystem...[m
[guest-console:pl011-starry] [m[37m[  0.968706 rsext4::ext4::mount:546] [32mExt4 filesystem mounted[m
[guest-console:pl011-starry] [m[37m[  0.971031 ax_fs_ng:88] [32m  filesystem type: "ext4"[m
[guest-console:pl011-starry] [m[37m[  0.974567 ax_net:189] [32mInitialize network subsystem...[m
[guest-console:pl011-starry] [m[37m[  0.976976 ax_net:209] [32m  use NIC 0: "virtio-net"[m
[guest-console:pl011-starry] [m[37m[  0.979285 ax_runtime::irq:120] [32mregistered eth0 irq IrqId { domain: IrqDomainId(7), hwirq: HwIrq(56) }[m
[guest-console:pl011-starry] [m[37m[  0.982715 ax_net:235] [32meth0:[m
[guest-console:pl011-starry]236] [32m  id:   2[m
[guest-console:pl011-starry] [m[37m[  0.985742 ax_net:237] [32m  mac:  52-54-00-00-00-01[m
[guest-console:pl011-starry] [m[37m[  0.987730 ax_net:254] [32m  mode: dhcp[m
[guest-console:pl011-starry] [m[37m[  0.989375 ax_net:292] [32mDevice: lo[m
[guest-console:pl011-starry] [m[37m[  0.990996 ax_net:292] [32mDevice: eth0[m
[guest-console:pl011-starry] [m[37m[  0.992691 ax_net::service:606] [32meth0: DHCP enabled[m
[guest-console:pl011-starry] [m[37m[  2.998363 ax_net:937] [33mDHCP bootstrap timed out[m
[37m[100.303481 1:14 axvm::arch:274] [32mVCpu task Task(16, "VM[1]-VCpu[1]") created cpumask: [guest-console:pl011-starry] [m[37m[  3.009419 ax_runtime:336][guest-console:pl011-starry] [m[37m[  3.014396 ax_runtime::mp:107] [32mSecondary CPU 1 init OK.[m
[guest-console:pl011-starry] [m[37m[  3.016657 0:2 ktracepoint:282] [32mtracepoint_data_start: 0xffffffff804adc78, tracepoint_data_end: 0xffffffff804adcd8[m
[guest-console:pl011-starry] [m[37m[  3.020392 0:2 ktracepoint:297] [32mtracepoint_data_len: 6[m
[guest-console:pl011-starry] [m[37m[  3.022534 0:2 ktracepoint:314] [32mtracepoint registered: sched:sched_process_exit[m
[guest-console:pl011-starry] [m[37m[  3.025337 0:2 ktracepoint:314] [32mtracepoint registered: sched:sched_process_fork[m
[guest-console:pl011-starry] [m[37m[  3.028136 0:2 ktracepoint:314] [32mtracepoint registered: sched:sched_switch[m
[guest-console:pl011-starry] [m[37m[  3.030787 0:2 ktracepoint:314] [32mtracepoint registered: syscalls:sys_clone[m
[guest-console:pl011-starry] [m[37m[  3.033426 0:2 ktracepoint:314] [32mtracepoint registered: syscalls:sys_enter_openat[m
[guest-console:pl011-starry] [m[37m[  3.036261 0:2 ktracepoint:314] [32mtracepoint registered: syscalls:sys_mkdirat[m
[guest-console:pl011-starry] [mInitialized 6 tracepoints
[guest-console:pl011-starry] kmod subsystem initialized
[guest-console:pl011-starry] [37m[  3.040988 0:2 starry_kernel::pseudofs:84] [32mInitialize pseudofs...[m
[guest-console:pl011-starry] [m[37m[  3.043898 0:2 starry_kernel::pseudofs::dev::tty::serial:343] [32mttyS0 registered: path=/serial@9000000, alias=Some(0), paddr=0x9000000, mapped=0xffff000009000000, irq=IrqId { domain: IrqDomainId(7), hwirq: HwIrq(33) }, mode=interrupt[m
[guest-console:pl011-starry] [m[37m[  3.050734 0:2 starry_kernel::pseudofs::dev::tty::serial:264] [32m/dev/console bound to ttyS0[m
[guest-console:pl011-starry] [m[37m[  3.054346 0:2 starry_kernel::pseudofs:78] [32mMounted devfs at /dev[m
[guest-console:pl011-starry] [m[37m[  3.056759 0:2 starry_kernel::pseudofs::usbfs:51] [32musbfs: initializing manager[m
[guest-console:pl011-starry] [m[37m[  3.059520 0:2 starry_kernel::pseudofs::usbfs::manager:1401] [32musbfs: discovered 0 USB [guest-console:pl011-starry] [m[37m[  3.062668 0:2 starry_kernel::pseudofs::usbfs:54] [32musbfs: no USB host found, skip mounting usbfs[m
[guest-console:pl011-starry] [m[37m[  3.065949 0:2 starry_kernel::pseudofs:78] [32mMounted tmpfs at /dev/shm[guest-console:pl011-starry] [m[37m[  3.075329 0:2 starry_kernel::pseudofs:78] [32mMounted tmpfs at /tmp[m
[guest-console:pl011-starry] [m[37m[  3.077901 0:2 starry_kernel::dyn_debug:61] [32mdebug_init: initializing dynamic debug sites[m
[guest-console:pl011-starry] [m[37m[  3.081798 0:2 starry_kernel::dyn_debug:64] [32mdebug_init: found 191 dynamic debug sites[m
[guest-console:pl011-starry] [m[37m[  3.084782 0:2 starry_kernel::pseudofs::proc:73] [32mRead kallsyms, size: 1287KB[m
[guest-console:pl011-starry] [m[37m[  3.118369 0:2 starry_kernel::pseudofs:78] [32mMounted proc at /proc[m
[guest-console:pl011-starry] [m[37m[  3.121164 0:2 starry_kernel::pseudofs:78] [32mMounted sysfs at /sys[m
[guest-console:pl011-starry] [m[37m[  3.123819 0:2 starry_kernel::pseudofs:78] [32mMounted debug at /sys/kernel/debug[m
[guest-console:pl011-starry] [m[37m[  3.126642 0:2 starry_kernel::task::timer:329] [32mInitialize alarm...[m
[guest-console:pl011-starry] [mWelcome to [96m[1mStarry OS[0m!
[guest-console:pl011-starry] /bin/sh: env: not found
[guest-console:pl011-starry] 
[guest-console:pl011-starry] Use [1m[3mapk[0m to install packages.
[guest-console:pl011-starry] 
[guest-console:pl011-starry] STARRY_GROUPED_AUTORUN_INIT
[guest-console:pl011-starry] IVC-STARRY-BOOT mode=neural backend=onnxruntime fault_profile=none count=1800 period_ms=100 vcpus=2
[guest-console:pl011-starry] IVC-STARRY-BOOT mode=neural backend=onnxruntime fault_profile=none count=1800 period_ms=100 vcpus=2[guest-console:pl011-starry] IVC-STARRY-BOOT mode=neural backend=onnxruntime fault_profile=none count=1800 period_ms=100 vcpus=2
[guest-console:pl011-starry] IVC-STARRY-BOOT mode=neural backend=onnxruntime fault_profile=none count=1800 period_ms=100 vcpus=2[guest-console:pl011-starry] IVC-STARRY-BOOT mode=neural backend=onnxruntime fault_profile=none count=1800 period_ms=100 vcpus=2
[guest-console:pl011-starry] IVC-STARRY-NET iface=eth0 mac=unknown ip=10.0.0.1/24 peer=10.0.0.2 udp_port=5500 segment=1
[guest-console:pl011-starry] IVC-STARRY-PEER-WAIT seconds=2
[guest-console:pl011-starry] [0;93m1970-01-01 00:00:08.459600333 [W:onnxruntime:ivc-thermal-control, device_discovery.cc:132 Ge pci_bus_id for PCI path at "/sygpu0"" dit not match expected pattern of [0-9a-f]+:[0-9a-f]+:[0-[guest-console:pl011-starry] IVC-CONTROLLER-START peer=10.0.0.2:5500 count=1800 policy=neural period_ms=100 session_id=375762302[guest-console:pl011-zephyr] IVC-RTOS-READY bind=10.0.0.2:5500 mac=52:54:00:00:00:02 window_bits=64 ack_loss_drop_every=0 expect[guest-console:pl011-zephyr] IVC-RTOS-READY bind=10.0.0.2:5500 mac=52:54:00:00:00:02 window_bits=64 ack_loss_drop_every=0 expected_commands=1800 expected_protocol_errors=0 exit_after_expected=1
[guest-console:pl011-zephyr] IVC-RTOS-PROGRESS accepted=1 seq=1 mode=Neural actuator_permille=951 measured_milli_c=20266 duplicaes=0 protocol_errors=0
[guest-console:pl011-starry] IVC-CONTROLLER-STATUS seq=1 mode=Neural actuator_permille=951 measured_milli_c=20266 setpoint_milli[guest-console:pl011-zephyr] IVC-RTOS-PROGRESS accepted=100 seq=100 mode=Neural actuator_permille=558 measured_milli_c=36737 duplicates=0 protocol_errors=0
[guest-console:pl011-starry] IVC-CONTROLLER-STATUS seq=100 mode=Neural actuator_permille=558 measured_milli_c=36737 setpoint_milli_c=45000
[guest-console:pl011-zephyr] IVC-RTOS-PROGRESS accepted=200 seq=200 mode=Neural actuator_permille=416 measured_milli_c=42034 duplicates=0 protocol_errors=0
[guest-console:pl011-starry] IVC-CONTROLLER-STATUS seq=200 mode=Neural actuator_permille=416 measured_milli_c=42034 setpoint_milli_c=45000
[guest-console:pl011-zephyr] IVC-RTOS-PROGRESS accepted=300 seq=300 mode=Neural actuator_permille=370 measured_milli_c=43706 dup[guest-console:pl011-starry] IVC-CONTROLLER-STATUS seq=300 mode=Neural actuator_permille=370 measured_milli_c=43706 setpoint_milli_c=45000
[guest-console:pl011-zephyr] IVC-RTOS-PROGRESS accepted=400 seq=400 mode=Neural actuator_permille=356 measured_milli_c=44236 duplicates=0 protocol_errors=0
[guest-console:pl011-starry] IVC-CONTROLLER-STATUS seq=400 mode=Neural actuator_permille=356 measured_milli_c=44236 setpoint_mil[guest-console:pl011-zephyr] IVC-RTOS-PROGRESS accepted=500 seq=500 mode=Neural actuator_permille=352 measured_milli_c=44403 dup[guest-console:pl011-starry] IVC-CONTROLLER-STATUS seq=500 mode=Neural actuator_permille=352 measured_milli_c=44403 setpoint_milli_c=45000
[guest-console:pl011-zephyr] IVC-RTOS-PROGRESS accepted=600 seq=600 mode=Neural actuator_permille=350 measured_milli_c=44455 dup[guest-console:pl011-starry] IVC-CONTROLLER-STATUS seq=600 mode=Neural actuator_permille=350 measured_milli_c=44455 setpoint_mil0
[guest-console:pl011-zephyr] IVC-RTOS-PROGRESS accepted=700 seq=700 mode=Neural actuator_permille=792 measured_milli_c=57383 dup[guest-console:pl011-zephyr] IVC-RTOS-PROGRESS accepted=800 seq=800 mode=Neural actuator_permille=677 measured_milli_c=61671 duplicates=0 protocol_errors=0
[guest-console:pl011-starry] IVC-CONTROLLER-STATUS seq=800 mode=Neural actuator_permille=677 measured_milli_c=61671 setpoint_milli_c=65000
[guest-console:pl011-zephyr] IVC-RTOS-PROGRESS accepted=900 seq=900 mode=Neural actuator_permille=680 measured_milli_c=61758 dup[guest-console:pl011-starry] IVC-CONTROLLER-STATUS seq=900 mode=Neural actuator_permille=680 measured_milli_c=61758 setpoint_milli_c=65000
[guest-console:pl011-zephyr] IVC-RTOS-PROGRESS accepted=1000 seq=1000 mode=Neural actuator_permille=659 measured_milli_c=62344 duplicates=0 protocol_errors=0
[guest-console:pl011-starry] IVC-CONTROLLER-STATUS seq=1000 mode=Neural actuator_permille=659 measured_milli_c=62344 setpoint_milli_c=65000
[guest-console:pl011-zephyr] IVC-RTOS-PROGRESS accepted=1100 seq=1100 mode=Neural actuator_permille=635 measured_milli_c=63239 duplicates=0 protocol_errors=0
[guest-console:pl011-starry] IVC-CONTROLLER-STATUS seq=1100 mode=Neural actuator_permille=635 measured_milli_c=63239 setpoint_milli_c=65000
[guest-console:pl011-zephyr] IVC-RTOS-PROGRESS accepted=1200 seq=1200 mode=Neural actuator_permille=627 measured_milli_c=63522 dl_errors=0
[guest-console:pl011-starry] IVC[guest-console:pl011-zephyr] IVC-RTOS-PROGRESS accepted=1300 seq=1300 mode=Neural actuator_permille=337 measured_milli_c=56277 duplicates=0 protocol_errors=0
[guest-console:pl011-starry] IVC-CONTROLLER-STATUS seq=1300 mode=Neural actuator_permille=337 measured_milli_c=56277 setpoint_milli_c=50000
[guest-console:pl011-zephyr] IVC-RTOS-PROGRESS accepted=1400 seq=1400 mode=Neural actuator_permille=373 measured_milli_c=52588 dl_errors=0
[guest-console:pl01[guest-console:pl011-zephyr] IVC-RTOS-PROGRESS accepted=1500 seq=1500 mode=Neural actuator_permille=392 measured_milli_c=50710 duplicates=0 protocol_errors=0
[guest-console:pl011-starry] IVC-CONTROLLER-STATUS seq=1500 mode=Neural actuator_permille=392 measured_milli_c=50710 setpoint_milli_c=50000
[guest-console:pl011-zephyr] IVC-RTOS-PROGRESS accepted=1600 seq=1600 mode=Neural actuator_permille=405 measured_milli_c=49771 duplicates=0 protocol_errors=0
[guest-console:pl011-starry] IVC-CONTROLLER-STATUS seq=1600 mode=Neural actuator_permille=405 measured_milli_c=49771 setpoint_milli_c=50000
[guest-console:pl011-zephyr] IVC-RTOS-PROGRESS accepted=1700 seq=1700 mode=Neural actuator_permille=414 measured_milli_c=49432 d[guest-console:pl011-zephyr] IVC-RTOS-PROGRESS accepted=1800 seq=1800 mode=Neural actuator_permille=417 measured_milli_c=49325 duplicates=0 protocol_errors=0
[guest-console:pl011-starry] IVC-CONTROLLER-STATUS seq=1800 mode=Neural actuator_permille=417 measured_milli_c=49325 setpoint_milli_c=50000
[guest-console:pl011-zephyr] IVC-RTOS-OUTCOME profile=normal accepted=1800 applied=1800 duplicates=0 acks_dropped=0
[guest-console:pl011-zephyr] IVC-RTOS-MESSAGES status_sent=1800 acks_sent=1800 errors_sent=0 protocol_errors=0
[guest-console:pl011-zephyr] IVC-RTOS-OUTCOME profile=normal accepted=1800 applied=1800 duplicates=0 acks_dropped=0
[guest-console:pl011-zephyr] IVC-RTOS-MESSAGES status_sent=1800 acks_sent=1800 errors_sent=0 protocol_errors=0
[guest-console:pl011-zephyr] IVC-RTOS-RESULT profile=normal accepted=1800 applied=1800 duplicates=0 acks_dropped=0 status_sent=1800 acks_sent=1800 errors_sent=0 protocol_errors=0
[guest-console:pl011-starry] IVC-CONTROLLER-RAW path=/var/lib/ivc/raw.csv samples=1800
[guest-console:pl011-starry] IVC-CONTROLLER-OUTCOME policy=neural sent=1800 acknowledged=1800 errors=0 timeouts=0
[guest-console:pl011-starry] IVC-CONTROLLER-RELIABILITY retransmissions=0 recoveries=0 success_percent=100.000
[guest-console:pl011-starry] IVC-CONTROLLER-FULL-LOOP p50_us=7821 p95_us=11874 p99_us=12273 max_us=119778
[guest-console:pl011-starry] IVC-CONTROLLER-PRE-SEND p50_us=201 p95_us=225 p99_us=244 max_us=18022
[guest-console:pl011-starry] IVC-CONTROLLER-TRANSPORT p50_us=7574 p95_us=11664 p99_us=12027 max_us=101756 throughput_msg_s=9.993
[guest-console:pl011-starry] IVC-CONTROLLER-CONTROL rmse_milli_c=5932.484 iae_milli_c_s=686980.400 max_overshoot_milli_c=13428[guest-console:pl011-starry] IVC-CONTROLLER-OUTCOME policy=neural sent=1800 acknowledged=1800 errors=0 timeouts=0
[guest-console:pl011-starry] IVC-CONTROLLER-RELIABILITY retransmissions=0 recoveries=0 success_percent=100.000
[guest-console:pl011-starry] IVC-CONTROLLER-FULL-LOOP p50_us=7821 p95_us=11874 p99_us=12273 max_us=119778
[guest-console:pl011-starry] IVC-CONTROLLER-PRE-SEND p50_us=201 p95_us=225 p99_us=244 max_us=18022
[guest-console:pl011-starry] IVC-CONTROLLER-TRANSPORT p50_us=7574 p95_us=11664 p99_us=12027 max_us=101756 throughput_msg_s=9.993
[guest-console:pl011-starry] IVC-CONTROLLER-CONTROL rmse_milli_c=5932.484 iae_milli_c_s=686980.400 max_overshoot_milli_c=13428[guest-console:pl011-starry] IVC-CONTROLLER-RESULT policy=neural sent=1800 acknowledged=1800 errors=0 timeouts=0 retransmissionsccess_percent=100.000 full_loop_p50_us=7821 full_loop_p95_us=11874 full_loop_p99_us=12273 full_loop_max_us=119778 pre_send_p50_us=201 pre_send_p95_us=225 pre_send_p99_us=244 pre_send_max_us=18022 transport_p50_us=7574 transport_p95_us=11664 transport_p99_us=12027 transport_max_us=101756 throughput_msg_s=9.993 rmse_millORT-CONTROL-RUNTIME version=1.25[guest-console:pl011-starry] IVC-ORT-CONTROL-RESULT samples=1800 wall_p99_ns=175583
[guest-console:pl011-starry] IVC-ORT-CONTROL-RUNTIME version=1.25.0 provider=CPUExecutionProvider init_us=218205
[guest-console:pl011-starry] IVC-ORT-CONTROL-RESULT samples=1800 wall_p99_ns=175583
[guest-console:pl011-starry] IVC-ORT-CONTROL-RUNTIME version=1.25.0 provider=CPUExecutionProvider init_us=218205
[guest-console:pl011-starry] IVC-ORT-CONTROL-RESULT samples=1800 wall_p99_ns=175583
[guest-console:pl011-starry] IVC-ORT-CONTROL-RUNTIME version=1.25.0 provider=CPUExecutionProvider init_us=218205
[guest-console:pl011-starry] IVC-ORT-CONTROL-RESULT samples=1800 wall_p99_ns=175583
[guest-console:pl011-starry] IVC-ORT-CONTROL-RUNTIME version=1.25.0 provider=CPUExecutionProvider init_us=218205
[guest-console:pl011-starry] IVC-ORT-CONTROL-RESULT samples=1800 wall_p99_ns=175583
[guest-console:pl011-zephyr] IVC-RTOS-POWEROFF accepted=1800
[guest-console:pl011-zephyr] IVC-RTOS-POWEROFF accepted=1800
[guest-console:pl011-zephyr] IVC-RTOS-POWEROFF accepted=1800
[guest-console:pl011-zephyr] IVC-RTOS-POWEROFF accepted=1800
[guest-console:pl011-zephyr] IVC-RTOS-POWEROFF accepted=1800
[37m[288.989374 0:15 axvm::arch::aarch64:198] [33mVM[2] run VCpu[0] SystemDown[m
[m[37m[288.990034 0:15 axvm::vm:902] [32mStopping VM[2]: SystemDown[m
[m[37m[288.990605 0:15 axvm::runtime::vcpus:409] [33mVM[2] VCpu[0] stopping because of VM stopping[m
[m[37m[288.991395 0:15 axvm::runtime::vcpus:415] [32mVM[2] VCpu[0] last VCpu exiting, decreasing running VM count[m
[m[37m[288.992307 0:15 axvm::runtime::vcpus:420] [32mVM[2] state changed to Stopped[m
[m[37m[288.992987 0:15 axvm::runtime::vcpus:435] [32mVM[2] VCpu[0] exiting...[m
[m[guest-console:pl011-starry] IVC-STARRY-RAW path=/var/lib/ivc/raw.csv samples=1800 sha256=4031fc4d0253587a7b31dd6ea047a9a8335704c6d2f23110630ee0f9f9111bc8
[guest-console:pl011-starry] IVC-STARRY-ORT-MODEL sha256=3582869baf9b8cec722208d06f66acd680a64128b52875d22e7f0e43f2ed7887
[guest-console:pl011-starry] IVC-STARRY-ORT-RAW sha256=cfba95735f1602a16957c7c3abaac922951345d8188ef23228e0b643d4a1d362
[guest-console:pl011-starry] IVC-STARRY-RAW path=/var/lib/ivc/raw.csv samples=1800 sha256=4031fc4d0253587a7b31dd6ea047a9a8335704[guest-console:pl011-starry] IVC-STARRY-ORT-MODEL sha256=3582869baf9b8cec722208d06f66acd680a64128b52875d22e7f0e43f2ed7887
[guest-console:pl011-starry] IVC-STARRY-ORT-RAW sha256=cfba95735f1602a16957c7c3abaac922951345d8188ef23228e0b643d4a1d362
[guest-console:pl011-starry] IVC-STARRY-RAW path=/var/lib/ivc/raw.csv samples=1800 sha256=4031fc4d0253587a7b31dd6ea047a9a8335704c6d2f23110630ee0f9f9111bc8
[guest-console:pl011-starry] IVC-STARRY-ORT-MODEL sha256=3582869baf9b8cec722208d06f66acd680a64128b52875d22e7f0e43f2ed7887
[guest-console:pl011-starry] IVC-STARRY-ORT-RAW sha256=cfba95735f1602a16957c7c3abaac922951345d8188ef23228e0b643d4a1d362
[guest-console:pl011-starry] IVC-STARRY-RAW path=/var/lib/ivc/raw.csv samples=1800 sha256=4031fc4d0253587a7b31dd6ea047a9a8335704c6d2f23110630ee0f9f9111bc8
[guest-console:pl011-starry] IVC-STARRY-ORT-MODEL sha256=3582869baf9b8cec722208d06f66acd680a64128b52875d22e7f0e43f2ed7887
[guest-console:pl011-starry] IVC-STARRY-ORT-RAW sha256=cfba95735f1602a16957c7c3abaac922951345d8188ef23228e0b643d4a1d362
[guest-console:pl011-starry] IVC-STARRY-RAW path=/var/lib/ivc/raw.csv samples=1800 sha256=4031fc4d0253587a7b31dd6ea047a9a8335704[guest-console:pl011-starry] IVC-STARRY-ORT-MODEL sha256=3582869baf9b8cec722208d06f66acd680a64128b52875d22e7f0e43f2ed7887
[guest-console:pl011-starry] IVC-STARRY-ORT-RAW sha256=cfba95735f1602a16957c7c3abaac922951345d8188ef23228e0b643d4a1d362
[guest-console:pl011-starry] IVC-STARRY-DONE exit=0
[37m[300.185761 1:14 axvm::arch::aarch64:198] [33mVM[1] run VCpu[0] SystemDown[m
[m[37m[300.186422 1:14 axvm::vm:902] [32mStopping VM[1]: SystemDown[m
[m[37m[300.186991 1:14 axvm::runtime::vcpus:409] [33mVM[1] VCpu[0] stopping because of VM stopping[m
[m[37m[300.187501 2:16 axvm::runtime::vcpus:409] [33mVM[1] VCpu[1] stopping because of VM stopping[m
[m[37m[300.187781 1:14 axvm::runtime::vcpus:435] [32mVM[1] VCpu[0] exiting...[m
[m[37m[300.188576 2:16 axvm::runtime::vcpus:415] [32mVM[1] VCpu[1] last VCpu exiting, decreasing running VM count[m
[m[37m[300.190126 2:16 axvm::runtime::vcpus:420] [32mVM[1] state changed to Stopped[m
[m[37m[300.190805 2:16 axvm::runtime::vcpus:435] [32mVM[1] VCpu[1] exiting...[m
[m[37m[300.191450 2:2 axvisor:82] [32m[OK] Default guest initialized[m
[mWelcome to AxVisor Shell!
Type 'help' to see available commands
Use UP/DOWN arrows to navigate command history

AXVISOR_SHELL_READY
AXVISOR_SHELL_READY
AXVISOR_SHELL_READY
AXVISOR_SHELL_READY
AXVISOR_SHELL_READY
axvisor:/$ [2Kaxvisor:/$ s[2Kaxvisor:/$ ss[2Kaxvisor:/$ ss [2Kaxvisor:/$ ss 1[2Kaxvisor:/$ ss 1 [2Kaxvisor:/$ ss 1 0[2Kaxviso[2Kaxvisor:/$ ss 1 0 /ho[2Kaxvisor:/$ ss 1 0 /hom[2Kaxvisorss 1 0 /home[2Kaxvisor:/$ ss 1 0 /home/[2Kaxvisor:/$ ss 1 0 /home/o[2Kaxvisor:/$ ss 1 0 /home/or[2Kaxvisor:/$ ss 1 0 /home/ora[2Kaxvisor:/$ ss 1 0 /home/oran[2Kaxvisor:/$ ss 1 0 /home/orang[2Kaxvisor:/$ ss 1 0 /home/orange[2Kaxvisor:/$ ss 1 0 /home/orangep[2Kaxvisor:/$ ss 1 0 /home/orangepi[2Kaxvisor:/$ ss 1 0 /home/orangepi/[2Kaxvisor:/$ ss 1 0 /home/orangepi/i[2Kaxvisor:/$ ss 1 0 /home/orangepi/iv[2Kaxvisor:/$ ss 1 0 /home/orangepi/ivc[2Kaxvisor:/$ ss 1 0 /home/orangepi/ivc-[2Kaxvisor:/$ ss 1 0 /home/orangeAXVISOR_SNAPSHOT_SYNC_OK
AXVISOR_SNAPSHOT_SYNC_OK
AXVISOR_SNAP
=== SUCCESS PATTERN MATCHED: (?m)^AXVISOR_SNAPSHOT_SYNC_OK\r*$ ===
SHOT_SYNC_OK
AXVISOR_SNAPSHOT_SYNC_OK
AXVISOR_SNAPSHOT_SYNC_OKex=0 path=/home/orangepi/ivc-on bytes=167772160
AXVISOR_VM_BLOCK_SNAPSHOT vm=1 index=0 path=/home/orangepi/ivc-on bytes=167772160
AXVISOR_VM_BLOCK_SNAPSHOT vm=1 index=0 path=/home/orangepi/ivc-on bytes=167772160
AXVISOR_HOST_FILESYSTEM_SYNCED
AXVISOR_HOST_FILESYSTEM_SYNCED
AXVISOR_HOST_FILESYSTEM_SYNCED
AXVISOR_HOST_FILESYSTEM_SYNCED
AXVISOR_HOST_FILESYSTEM_SYNCED
axvisor:/$ [axbuild] board build+run package=axvisor target=scripts/targets/std/pie/aarch64-unknown-linux-musl.json config=competition/ivc/config/axvisor-orangepi-5-plus-ort-control.toml ... done (383.08s)
ssh: connect to host 192.168.31.33 port 22: Connection timed out
Axvisor filesystem sync marker was confirmed by the board test
/home/seven_wsl/.local/share/tgos-board-power-venv/lib/python3.13/site-packages/miio/miot_device.py:23: FutureWarning: functools.partial will be a method descriptor in future Python versions; wrap it in enum.member() if you want to preserve the old behavior
  Bool = partial(_str2bool)
RESULT action=status board=orangepi-5-plus-rk3588 power=on watts=2 temperature_celsius=52 fault_code=0
/home/seven_wsl/.local/share/tgos-board-power-venv/lib/python3.13/site-packages/miio/miot_device.py:23: FutureWarning: functools.partial will be a method descriptor in future Python versions; wrap it in enum.member() if you want to preserve the old behavior
  Bool = partial(_str2bool)
RESULT action=cycle board=orangepi-5-plus-rk3588 power=on watts=0 temperature_celsius=52 fault_code=0

=> setenv devtype mmc; setenv devnum 1; setenv mmc_bootdev 1; setenv distro_bootpart 1; setenv prefix /; echo UBOOT_LINUX_BOOT_BEGIN; fatload mmc 1:1 0x00c00000 boot.scr; source 0x00c00000
UBOOT_LINUX_BOOT_BEGIN
3413 bytes read in 3 ms (1.1 MiB/s)
## Executing script at 00c00000
Boot script loaded from mmc 1
178 bytes read in 3 ms (57.6 KiB/s)
15301327 bytes read in 1289 ms (11.3 MiB/s)
ssh: connect to host 192.168.31.33 port 22: No route to host
ssh: connect to host 192.168.31.33 port 22: No route to host
ssh: connect to host 192.168.31.33 port 22: No route to host
/dev/mmcblk1p2 ext4   rw,noatime,errors=remount-ro,commit=600
BOARD_LINUX_RESTORED
debugfs 1.46.5 (30-Dec-2021)
debugfs 1.46.5 (30-Dec-2021)
debugfs 1.46.5 (30-Dec-2021)
debugfs 1.46.5 (30-Dec-2021)
BOARD_RESULT_IMAGE_VALIDATED vm=1 index=0 path=/home/orangepi/ivc-on bytes=167772160 sha256=7cdbb0f30f056e8e5be40deb6847bdb6d79af4b217b0c065a94650677c75bab1 fsck=clean
BOARD_GUEST_RAW_MANIFEST path=/var/lib/ivc/raw.csv samples=1800 sha256=4031fc4d0253587a7b31dd6ea047a9a8335704c6d2f23110630ee0f9f9111bc8
BOARD_RAW_RESULT_HARVESTED path=/home/seven_wsl/Workspace/starry/tgoskits-rt-ivc-m4-formal-20260804/tmp/competition/ivc/ort-control-full-formal-20260805-v4/ort-full/run-001/raw.csv samples=1800 sha256=4031fc4d0253587a7b31dd6ea047a9a8335704c6d2f23110630ee0f9f9111bc8
BOARD_GUEST_ORT_MANIFEST path=/var/lib/ivc/ort.csv samples=1800 sha256=cfba95735f1602a16957c7c3abaac922951345d8188ef23228e0b643d4a1d362
BOARD_ORT_RESULT_HARVESTED path=/home/seven_wsl/Workspace/starry/tgoskits-rt-ivc-m4-formal-20260804/tmp/competition/ivc/ort-control-full-formal-20260805-v4/ort-full/run-001/ort.csv samples=1800 sha256=cfba95735f1602a16957c7c3abaac922951345d8188ef23228e0b643d4a1d362
BOARD_IDENTITY board_id=bf61f4d4a1d994ad hostname=orangepi5plus cpu_temp_milli_c=46230
