[task1] === Task 1 long stress baseline vs opt (20260801T104415Z, ~70min) ===
[task1] Building rt-latency-long guest (180000 samples/period)...
[task1] Building bare-metal ArceOS rt-latency guest (APP_FEATURES=rt-latency,rt-latency-guest,rt-latency-long)...
    [92;1mBuilding[0m App: rust, Arch: aarch64, App type: rust
[37mcargo -C /home/allen/codes/os/tgoskits/test-suit/arceos/rust build[0m [90m-Z unstable-options --target aarch64-unknown-none-softfloat --target-dir /home/allen/codes/os/tgoskits/os/arceos/target --release  -Z build-std=core,alloc --features "rt-latency rt-latency-guest rt-latency-long"[0m
warning: function `set_fdt_addr_phys_if_valid` is never used
  --> platforms/someboot/src/fdt/mod.rs:32:15
   |
32 | pub(crate) fn set_fdt_addr_phys_if_valid(fdt_addr: usize) -> bool {
   |               ^^^^^^^^^^^^^^^^^^^^^^^^^^
   |
   = note: `#[warn(dead_code)]` (part of `#[warn(unused)]`) on by default

warning: `someboot` (lib) generated 1 warning
   Compiling arceos-test-suit v0.3.1 (/home/allen/codes/os/tgoskits/test-suit/arceos/rust)
    Finished `release` profile [optimized] target(s) in 0.45s
warning: the following packages contain code that will be rejected by a future version of Rust: core v0.0.0 (/home/allen/.rustup/toolchains/nightly-2026-05-28-x86_64-unknown-linux-gnu/lib/rustlib/src/rust/library/core), memchr v2.8.2
note: to see what the problems were, use the option `--future-incompat-report`, or run `cargo report future-incompatibilities --id 1`
[37mrust-objcopy --binary-architecture=aarch64[0m [90m/home/allen/codes/os/tgoskits/test-suit/arceos/rust/rust_aarch64.elf --strip-all -O binary /home/allen/codes/os/tgoskits/test-suit/arceos/rust/rust_aarch64.bin[0m
[task1] Installed /home/allen/codes/os/tgoskits/os/axvisor/images/qemu_aarch64_arceos_rt/qemu-aarch64-rt-latency-bench
[task1] Also synced /home/allen/codes/os/tgoskits/os/axvisor/tmp/images/qemu_aarch64_arceos_rt/qemu-aarch64-rt-latency-bench
[task1] Use with configs/vms/qemu/aarch64/arceos-rt-smp1.toml (image_location = memory)
[task1] Long-run guest: RT_LATENCY_FEATURES=rt-latency,rt-latency-guest,rt-latency-long /home/allen/codes/os/tgoskits/os/axvisor/scripts/task1/build-arceos-rt-guest.sh
[task1] Step 1/2: baseline (GIC PT + emulated timer, no vcpu_priorities, timeout 2400s)...
    Finished `dev` profile [unoptimized + debuginfo] target(s) in 0.22s
     Running `target/debug/tg-xtask axvisor test qemu --arch aarch64 -g stress -c mixed-rt-stress-baseline-long`
[2026-08-01T10:44:16Z INFO  axbuild::context] Workspace root: /home/allen/codes/os/tgoskits
running axvisor qemu tests for arch: aarch64 (target: aarch64-unknown-none-softfloat, cases: 1)
[2026-08-01T10:44:16Z INFO  axbuild::context] Workspace member dir for axvisor: /home/allen/codes/os/tgoskits/os/axvisor
Using build config: /home/allen/codes/os/tgoskits/test-suit/axvisor/stress/mixed-rt-stress-baseline-long/build-aarch64-unknown-none-softfloat.toml
[2026-08-01T10:44:16Z INFO  ostool::run::qemu] Using QEMU config file: /home/allen/codes/os/tgoskits/test-suit/axvisor/stress/mixed-rt-stress-baseline-long/qemu-aarch64.toml
Using build config: /home/allen/codes/os/tgoskits/test-suit/axvisor/stress/mixed-rt-stress-baseline-long/build-aarch64-unknown-none-softfloat.toml
file already exists and passed checksum verification
image archive verified at /home/allen/codes/os/tgoskits/tmp/axbuild/rootfs/rootfs-aarch64-alpine.img.tar.xz
image already extracted and up to date at /home/allen/codes/os/tgoskits/tmp/axbuild/rootfs/rootfs-aarch64-alpine.img
Using build config: /home/allen/codes/os/tgoskits/test-suit/axvisor/stress/mixed-rt-stress-baseline-long/build-aarch64-unknown-none-softfloat.toml
[axbuild] cargo build package=axvisor target=scripts/targets/std/pie/aarch64-unknown-linux-musl.json config=/home/allen/codes/os/tgoskits/test-suit/axvisor/stress/mixed-rt-stress-baseline-long/build-aarch64-unknown-none-softfloat.toml ...
sh -c /home/allen/codes/os/tgoskits/tmp/axbuild/std/prebuild/prebuild-aarch64-unknown-linux-musl-25757cc8233f29c6.sh
AR_aarch64_unknown_linux_musl=aarch64-linux-musl-ar
AXVISOR_VM_CONFIGS=/home/allen/codes/os/tgoskits/os/axvisor/configs/vms/qemu/aarch64/linux-smp2.toml:/home/allen/codes/os/tgoskits/os/axvisor/configs/vms/qemu/aarch64/arceos-rt-smp1-baseline.toml
AX_ARCH=aarch64
AX_LOG=info
AX_TARGET=aarch64-unknown-none-softfloat
BINDGEN_EXTRA_CLANG_ARGS_aarch64_unknown_linux_musl=--target=aarch64-linux-musl --sysroot=/home/allen/tools/aarch64-linux-musl-cross/bin/../aarch64-linux-musl --gcc-toolchain=/home/allen/tools/aarch64-linux-musl-cross -isystem /home/allen/tools/aarch64-linux-musl-cross/bin/../aarch64-linux-musl/include -isystem /home/allen/tools/aarch64-linux-musl-cross/lib/gcc/aarch64-linux-musl/11.2.1/include -mgeneral-regs-only
CARGO_UNSTABLE_JSON_TARGET_SPEC=true
CC_aarch64_unknown_linux_musl=aarch64-linux-musl-cc
CFLAGS_aarch64_unknown_linux_musl=-mgeneral-regs-only
CXXFLAGS_aarch64_unknown_linux_musl=-mgeneral-regs-only
cargo build --config /home/allen/codes/os/tgoskits/tmp/axbuild/std/config-aarch64-unknown-linux-musl-dynamic.toml -p axvisor --target scripts/targets/std/pie/aarch64-unknown-linux-musl.json -Z unstable-options --target-dir /home/allen/codes/os/tgoskits/target --features ax-std/fs,ax-std/sched-cfs,ax-std/smp,ax-std/std-compat,ax-std/virtio-blk,fs,sched-cfs,log/release_max_level_info -Z json-target-spec --bin axvisor --release --message-format json-render-diagnostics
warning: function `set_fdt_addr_phys_if_valid` is never used
  --> platforms/someboot/src/fdt/mod.rs:32:15
   |
32 | pub(crate) fn set_fdt_addr_phys_if_valid(fdt_addr: usize) -> bool {
   |               ^^^^^^^^^^^^^^^^^^^^^^^^^^
   |
   = note: `#[warn(dead_code)]` (part of `#[warn(unused)]`) on by default

warning: `someboot` (lib) generated 1 warning
   Compiling axvisor v0.5.21 (/home/allen/codes/os/tgoskits/os/axvisor)
   Compiling axvmconfig v0.8.1 (/home/allen/codes/os/tgoskits/virtualization/axvmconfig)
   Compiling axvm v0.5.23 (/home/allen/codes/os/tgoskits/virtualization/axvm)
warning: function `set_pending_irq` is never used
  --> virtualization/axvm/src/host/gic.rs:61:15
   |
61 | pub(crate) fn set_pending_irq(intid: usize) {
   |               ^^^^^^^^^^^^^^^
   |
   = note: `#[warn(dead_code)]` (part of `#[warn(unused)]`) on by default

warning: `axvm` (lib) generated 1 warning
    Finished `release` profile [optimized] target(s) in 3.59s
warning: the following packages contain code that will be rejected by a future version of Rust: core v0.0.0 (/home/allen/.rustup/toolchains/nightly-2026-05-28-x86_64-unknown-linux-gnu/lib/rustlib/src/rust/library/core), memchr v2.8.2
note: to see what the problems were, use the option `--future-incompat-report`, or run `cargo report future-incompatibilities --id 1`
Converting ELF to BIN format...
  elf: /home/allen/codes/os/tgoskits/target/aarch64-unknown-linux-musl/release/axvisor
  bin: /home/allen/codes/os/tgoskits/target/aarch64-unknown-linux-musl/release/axvisor.bin
/home/allen/.rustup/toolchains/nightly-2026-05-28-x86_64-unknown-linux-gnu/lib/rustlib/x86_64-unknown-linux-gnu/bin/llvm-objcopy --strip-all -O binary /home/allen/codes/os/tgoskits/target/aarch64-unknown-linux-musl/release/axvisor /home/allen/codes/os/tgoskits/target/aarch64-unknown-linux-musl/release/axvisor.bin
[axbuild] cargo build package=axvisor target=scripts/targets/std/pie/aarch64-unknown-linux-musl.json config=/home/allen/codes/os/tgoskits/test-suit/axvisor/stress/mixed-rt-stress-baseline-long/build-aarch64-unknown-none-softfloat.toml ... done (3.94s)
[axbuild] cargo build elf=/home/allen/codes/os/tgoskits/target/aarch64-unknown-linux-musl/release/axvisor
[axbuild] cargo build artifact_dir=/home/allen/codes/os/tgoskits/target/aarch64-unknown-linux-musl/release
[1/1] axvisor qemu mixed-rt-stress-baseline-long
AXBUILD_TIMING: scope=qemu-asset case=mixed-rt-stress-baseline-long phase=resolve-pipeline elapsed_s=0.000
AXBUILD_TIMING: scope=qemu-asset case=mixed-rt-stress-baseline-long phase=plain-rootfs pipeline=plain elapsed_s=0.000
Using build config: /home/allen/codes/os/tgoskits/test-suit/axvisor/stress/mixed-rt-stress-baseline-long/build-aarch64-unknown-none-softfloat.toml
  prepare assets: 8.51ms (pipeline=plain, cache=miss)
  qemu config: /home/allen/codes/os/tgoskits/test-suit/axvisor/stress/mixed-rt-stress-baseline-long/qemu-aarch64.toml (timeout=2400s)
  rootfs: /home/allen/codes/os/tgoskits/tmp/axbuild/rootfs/rootfs-aarch64-alpine.img/rootfs-aarch64-alpine.img
[axbuild] qemu run package=axvisor target=scripts/targets/std/pie/aarch64-unknown-linux-musl.json ...
qemu-system-aarch64 -nographic -cpu cortex-a72 -machine virt,virtualization=on,gic-version=3 -smp 4 -device virtio-blk-device,drive=disk0 -drive id=disk0,if=none,format=raw,file=/home/allen/codes/os/tgoskits/tmp/axbuild/rootfs/rootfs-aarch64-alpine.img/rootfs-aarch64-alpine.img -append root=/dev/vda rw init=/bin/sh -m 8g -snapshot -kernel /home/allen/codes/os/tgoskits/target/aarch64-unknown-linux-musl/release/axvisor.bin
root=/dev/vda rw init=/bin/sh
VM Load @0x40200000
VM Load Offset: 0xffff0000c0200000
Memory Map:
  Free   0x00000040000000 - 0x00000040200000 (2 MiB)
  KImg   0x00000040200000 - 0x00000040600000 (4 MiB)
  Free   0x00000040600000 - 0x00000240000000 (7.99 GiB)
Initialize RAM allocator: 0x40600000..0x240000000
Initializing per-CPU data
Per-CPU data one cpu size: 0x43000 bytes
Total per-CPU data size for secondary CPUs: 0x10c000 bytes (4 CPUs)
Flushed RAM used range to memory map: 0x40600000..0x40700000, current: 0x40700000
Flushed RAM used range to memory map: 0x40700000..0x4080c000, current: 0x4080c000
Per-CPU data allocated at 0x40700000 - 0x4080c000
Initializing per-CPU RAM for CPU0 - hard id 0x0 @ 0x40700000
Initializing per-CPU RAM for CPU1 - hard id 0x1 @ 0x40743000
Initializing per-CPU RAM for CPU2 - hard id 0x2 @ 0x40786000
Initializing per-CPU RAM for CPU3 - hard id 0x3 @ 0x407c9000
CPU0 - hard id 0x0, stack top @0x40743000, stack top virt @0xff0040743000, entry virt @0xffff8017a3c8
CPU1 - hard id 0x1, stack top @0x40786000, stack top virt @0xff0040786000, entry virt @0xffff8017a3c8
CPU2 - hard id 0x2, stack top @0x407c9000, stack top virt @0xff00407c9000, entry virt @0xffff8017a3c8
CPU3 - hard id 0x3, stack top @0x4080c000, stack top virt @0xff004080c000, entry virt @0xffff8017a3c8
EL: 2
Mapping early memory regions...
Ram                 : [0x0000000040000000, 0x0000000240000000) -> [0x0000000040000000, 0x0000000240000000) (8 GiB)
KImage              : [0x0000ffff80000000, 0x0000ffff80400000) -> [0x0000000040200000, 0x0000000040600000) (4 MiB)
PerCpu              : [0x0000ff0040700000, 0x0000ff004080c000) -> [0x0000000040700000, 0x000000004080c000) (1.05 MiB)
Debug serial        : [0x0000000009000000, 0x0000000009001000) -> [0x0000000009000000, 0x0000000009001000) (4 KiB)
Boot page table at physical address: 0x4080c000
Setting up table registers...
MMU Entry point at physical address: 0x40375688
Trap vector at 0xffff80179800
Memory Map:
  MMIO   0x00000004000000 - 0x00000008010000 (64.06 MiB)
  MMIO   0x00000008080000 - 0x00000009001000 (15.5 MiB)
  MMIO   0x00000009010000 - 0x00000009011000 (4 KiB)
  MMIO   0x00000009020000 - 0x00000009021000 (4 KiB)
  MMIO   0x00000009030000 - 0x00000009031000 (4 KiB)
  MMIO   0x0000000a000000 - 0x0000000a004000 (16 KiB)
  Free   0x00000040000000 - 0x00000040200000 (2 MiB)
  KImg   0x00000040200000 - 0x00000040600000 (4 MiB)
  Rsv    0x00000040600000 - 0x00000040700000 (1 MiB)
  PerCPU 0x00000040700000 - 0x0000004080c000 (1.05 MiB)
  Rsv    0x0000004080c000 - 0x00000040816000 (40 KiB)
  Free   0x00000040816000 - 0x00000240000000 (7.99 GiB)
  MMIO   0x00004010000000 - 0x00004020000000 (256 MiB)
Jumping to main entry point at 0xffff8015f194 with SP 0x0000ff0040743000

       d8888                            .d88888b.   .d8888b.
      d88888                           d88P" "Y88b d88P  Y88b
     d88P888                           888     888 Y88b.
    d88P 888 888d888  .d8888b  .d88b.  888     888  "Y888b.
   d88P  888 888P"   d88P"    d8P  Y8b 888     888     "Y88b.
  d88P   888 888     888      88888888 888     888       "888
 d8888888888 888     Y88b.    Y8b.     Y88b. .d88P Y88b  d88P
d88P     888 888      "Y8888P  "Y8888   "Y88888P"   "Y8888P"

arch = aarch64
platform = linux,dummy-virt
target = aarch64-unknown-none-softfloat
build_mode = 
log_level = info
backtrace = false
smp = 4

[37m[  0.056218 ax_runtime:211] [32mLogging is enabled.[m
[m[37m[  0.056629 ax_runtime:212] [32mPrimary CPU 0 started, arg = 0x40600000.[m
[m[37m[  0.056720 ax_runtime:214] [32mFound physcial memory regions:[m
[m[37m[  0.057638 ax_runtime:216] [32m  [PA:0x4000000, PA:0x8010000) mmio (READ | WRITE | DEVICE | RESERVED)[m
[m[37m[  0.057851 ax_runtime:216] [32m  [PA:0x8080000, PA:0x9001000) mmio (READ | WRITE | DEVICE | RESERVED)[m
[m[37m[  0.057940 ax_runtime:216] [32m  [PA:0x9010000, PA:0x9011000) mmio (READ | WRITE | DEVICE | RESERVED)[m
[m[37m[  0.058029 ax_runtime:216] [32m  [PA:0x9020000, PA:0x9021000) mmio (READ | WRITE | DEVICE | RESERVED)[m
[m[37m[  0.058117 ax_runtime:216] [32m  [PA:0x9030000, PA:0x9031000) mmio (READ | WRITE | DEVICE | RESERVED)[m
[m[37m[  0.058205 ax_runtime:216] [32m  [PA:0xa000000, PA:0xa004000) mmio (READ | WRITE | DEVICE | RESERVED)[m
[m[37m[  0.058292 ax_runtime:216] [32m  [PA:0x40000000, PA:0x40200000) free memory (READ | WRITE | FREE)[m
[m[37m[  0.058405 ax_runtime:216] [32m  [PA:0x40200000, PA:0x40600000) reserved (READ | WRITE | EXECUTE | RESERVED)[m
[m[37m[  0.058501 ax_runtime:216] [32m  [PA:0x40600000, PA:0x40700000) reserved (READ | WRITE | EXECUTE | RESERVED)[m
[m[37m[  0.058596 ax_runtime:216] [32m  [PA:0x40700000, PA:0x4080c000) reserved (READ | WRITE | EXECUTE | RESERVED)[m
[m[37m[  0.058689 ax_runtime:216] [32m  [PA:0x4080c000, PA:0x40816000) reserved (READ | WRITE | EXECUTE | RESERVED)[m
[m[37m[  0.058780 ax_runtime:216] [32m  [PA:0x40816000, PA:0x240000000) free memory (READ | WRITE | FREE)[m
[m[37m[  0.058866 ax_runtime:216] [32m  [PA:0x4010000000, PA:0x4020000000) mmio (READ | WRITE | DEVICE | RESERVED)[m
[m[37m[  0.058977 ax_runtime:358] [32mInitialize global memory allocator...[m
[m[37m[  0.059062 ax_runtime:359] [32m  use buddy-slab-allocator allocator.[m
[m[37m[  0.059259 ax_alloc::buddy_slab:150] [32mInitialize global memory allocator, start_vaddr: 0x40816000, size: 0x1ff7ea000[m
[m[37m[  0.066632 ax_alloc::buddy_slab:399] [32mglobal allocator initialized[m
[m[37m[  0.066874 ax_alloc::buddy_slab:160] [32mAdd memory region, start_vaddr: 0x40000000, size: 0x200000[m
[m[37m[  0.067029 buddy_slab_allocator::global:143] [32mGlobalAllocator: skip region 0x40000000+0x200000, no allocator-visible memory after 2097152 alignment[m
[m[37m[  0.067377 ax_runtime:251] [32mkernel aspace: [VA:0x0, VA:0xffffffffffffffff)[m
[m[37m[  0.067528 ax_mm:112] [32mInitialize virtual memory management...[m
[m[37m[  0.673702 ax_runtime:263] [32mInitialize platform devices...[m
[m[37m[  0.681570 someboot::arch::power:23] [32mPower management method : SMC[m
[m[37m[  0.681762 somehal::driver:5] [32mInitializing rdrive with FDT at 0x40600000[m
[m[37m[  0.708758 ax_task::api:146] [32mInitialize scheduling...[m
[m[37m[  0.710061 ax_task::api:151] [32m  use Completely Fair scheduler.[m
[m[37m[  0.710169 ax_runtime:289] [32mInitialize interrupt handlers...[m
[m[37m[  0.713483 ax_runtime::devices:2] [32mProbe platform devices...[m
[m[37m[  0.718429 virtio_drivers::device::blk:63] [32mfound a block device of size 2097152KB[m
[m[37m[  0.719369 ax_driver::virtio::block:91] [32mregistered virtio block device[m
[m[37m[  0.765959 ax_runtime::irq:120] [32mregistered virtio-blk/0 irq IrqId { domain: IrqDomainId(7), hwirq: HwIrq(79) }[m
[m[37m[  0.766651 ax_fs_ng::block::runtime::device:1359] [33mrdif filesystem block device virtio-blk registered with IRQ-driven completion[m
[m[37m[  0.766840 ax_fs_ng::block::runtime::device:1361] [32mregistered rdif filesystem block device virtio-blk[m
[m[37m[  0.774869 ax_fs_ng::root:249] [32m    raw device fs=Some(Ext4)[m
[m[37m[  0.775135 ax_fs_ng::root:280] [32m  block device 0 (virtio-blk) has no usable partition table; treating the whole disk as a candidate[m
[m[37m[  0.775638 ax_fs_ng::root:389] [32m  matched root by raw device path on disk0 raw device[m
[m[37m[  0.775918 ax_fs_ng:75] [32mInitialize filesystem subsystem...[m
[m[37m[  0.776010 ax_fs_ng:76] [32m  selected root device: disk0 raw device[m
[m[37m[  0.806121 rsext4::ext4::mount:340] [32m/lost+found exists (path resolution, repaired hint inode=11)[m
[m[37m[  0.807346 rsext4::ext4::mount:462] [32mExt4 filesystem mounted[m
[m[37m[  0.807446 rsext4::ext4::mount:463] [32m  - block size: 4096 bytes[m
[m[37m[  0.807555 rsext4::ext4::mount:464] [32m  - total blocks: 524288[m
[m[37m[  0.807646 rsext4::ext4::mount:465] [32m  - free blocks: 113690[m
[m[37m[  0.807736 rsext4::ext4::mount:466] [32m  - total inodes: 131072[m
[m[37m[  0.807824 rsext4::ext4::mount:467] [32m  - free inodes: 125267[m
[m[37m[  0.807930 rsext4::ext4::sync:13] [32mSyncing filesystem...[m
[m[37m[  0.814734 rsext4::ext4::mount:546] [32mExt4 filesystem mounted[m
[m[37m[  0.815394 ax_fs_ng:88] [32m  filesystem type: "ext4"[m
[m[37m[  0.818826 ax_runtime::mp:79] [32mSecondary CPU 1 started.[m
[m[37m[  0.821040 ax_runtime::mp:79] [32mSecondary CPU 2 started.[m
[m[37m[  0.822207 ax_runtime::mp:107] [32mSecondary CPU 1 init OK.[m
[m[37m[  0.823896 ax_runtime::mp:79] [32mSecondary CPU 3 started.[m
[m[37m[  0.823949 ax_runtime:334] [32mPrimary CPU 0 init OK.[m
[m[37m[  0.824402 ax_runtime::mp:107] [32mSecondary CPU 2 init OK.[m
[m[37m[  0.827739 ax_runtime::mp:107] [32mSecondary CPU 3 init OK.[m
[m

       d8888            888     888  d8b
      d88888            888     888  Y8P
     d88P888            888     888
    d88P 888  888  888  Y88b   d88P  888  .d8888b    .d88b.   888d888
   d88P  888  `Y8bd8P'   Y88b d88P   888  88K       d88""88b  888P"
  d88P   888    X88K      Y88o88P    888  "Y8888b.  888  888  888
 d8888888888  .d8""8b.     Y888P     888       X88  Y88..88P  888
d88P     888  888  888      Y8P      888   88888P'   "Y88P"   888


by AxVisor Team

[37m[  0.830706 0:2 axvisor::task:17] [32mAxVisor management task pinned to pCPU0[m
[m[37m[  0.830865 0:2 axvisor:59] [32mStarting virtualization...[m
[m[37m[  0.831024 0:2 axvm::host::arceos:331] [32mEnabling hardware virtualization support on all cores...[m
[m[37m[  0.831175 0:2 axvm::host::arceos:337] [32mCore 0 is initializing hardware virtualization support...[m
[m[37m[  0.831339 0:2 axvm::timer:132] [32mInitializing AxVM timer wheel...[m
[m[37m[  0.831665 0:2 axvm::host::arceos:339] [32mHardware virtualization support enabled on core 0[m
[m[37m[  0.832462 1:11 axvm::host::arceos:349] [32mCore 1 is initializing hardware virtualization support...[m
[m[37m[  0.832717 1:11 axvm::timer:132] [32mInitializing AxVM timer wheel...[m
[m[37m[  0.832942 1:11 axvm::host::arceos:352] [32mHardware virtualization support enabled on core 1[m
[m[37m[  0.834469 2:12 axvm::host::arceos:349] [32mCore 2 is initializing hardware virtualization support...[m
[m[37m[  0.834686 2:12 axvm::timer:132] [32mInitializing AxVM timer wheel...[m
[m[37m[  0.834865 2:12 axvm::host::arceos:352] [32mHardware virtualization support enabled on core 2[m
[m[37m[  0.836238 0:2 axvm::host::arceos:365] [32mWaiting for all cores to enable hardware virtualization...[m
[m[37m[  0.836370 3:13 axvm::host::arceos:349] [32mCore 3 is initializing hardware virtualization support...[m
[m[37m[  0.836631 3:13 axvm::timer:132] [32mInitializing AxVM timer wheel...[m
[m[37m[  0.836843 3:13 axvm::host::arceos:352] [32mHardware virtualization support enabled on core 3[m
[m[37m[  0.837127 0:2 axvm::host::arceos:381] [32mAll cores have enabled hardware virtualization support.[m
[m[37m[  0.841621 0:2 axvisor::manager:125] [32mNOT find dir: /guest/vm_default in filesystem[m
[m[37m[  0.841891 0:2 axvisor::config:107] [32mUsing static VM configs.[m
[m[37m[  0.869564 0:2 axvm::boot::fdt::parser:390] [32mCPU node: /cpus/cpu@0, node_id: 0x0, guest_cpu_id: 0x0[m
[m[37m[  0.869807 0:2 axvm::boot::fdt::parser:390] [32mCPU node: /cpus/cpu@1, node_id: 0x1, guest_cpu_id: 0x1[m
[m[37m[  0.869985 0:2 axvm::boot::fdt::parser:390] [32mCPU node: /cpus/cpu@2, node_id: 0x2, guest_cpu_id: 0x2[m
[m[37m[  0.870128 0:2 axvm::boot::fdt::parser:390] [32mCPU node: /cpus/cpu@3, node_id: 0x3, guest_cpu_id: 0x3[m
[m[37m[  0.870373 0:2 axvm::boot::fdt::parser:397] [32mFound 4 host CPU nodes[m
[m[37m[  0.870756 0:2 axvm::boot::fdt:163] [32mVM[1] DTB not found, generating based on the configuration file.[m
[m[37m[  0.882234 0:2 axvm::boot::fdt::device:96] [32mFound excluded devices: [][m
[m[37m[  0.915903 0:2 axvisor::config:161] [32mCreating VM[1] "linux-qemu-smp2"[m
[m[37m[  0.916180 0:2 axvm::vm:407] [32mVM created: id=1[m
[m[37m[  1.254462 0:2 axvisor::config:172] [32mVM[1] created success, loading images...[m
[m[37m[  1.254805 0:2 axvm::boot::images::fs:792] [32mLoading VM images from filesystem[m
[m[37m[  5.324048 0:2 axvm::vm::prepare::devices:96] [33mFailed to assign SPIs: No VGicD found in device list[m
[m[37m[  5.331135 0:2 axvm::vm::prepare:95] [32mVM setup: id=1[m
[m[37m[  5.335872 0:2 axvm::boot::fdt::parser:390] [32mCPU node: /cpus/cpu@0, node_id: 0x0, guest_cpu_id: 0x0[m
[m[37m[  5.336001 0:2 axvm::boot::fdt::parser:390] [32mCPU node: /cpus/cpu@1, node_id: 0x1, guest_cpu_id: 0x1[m
[m[37m[  5.336118 0:2 axvm::boot::fdt::parser:390] [32mCPU node: /cpus/cpu@2, node_id: 0x2, guest_cpu_id: 0x2[m
[m[37m[  5.336233 0:2 axvm::boot::fdt::parser:390] [32mCPU node: /cpus/cpu@3, node_id: 0x3, guest_cpu_id: 0x3[m
[m[37m[  5.336382 0:2 axvm::boot::fdt::parser:397] [32mFound 4 host CPU nodes[m
[m[37m[  5.336494 0:2 axvm::boot::fdt:163] [32mVM[2] DTB not found, generating based on the configuration file.[m
[m[37m[  5.347539 0:2 axvm::boot::fdt::device:96] [32mFound excluded devices: ["/pcie@10000000"][m
[m[37m[  5.347854 0:2 axvm::boot::fdt::device:107] [32mExcluding device: /pcie@10000000[m
[m[37m[  5.370583 0:2 axvisor::config:161] [32mCreating VM[2] "arceos-rt-qemu-baseline"[m
[m[37m[  5.370684 0:2 axvm::vm:407] [32mVM created: id=2[m
[m[37m[  5.515158 0:2 axvisor::config:172] [32mVM[2] created success, loading images...[m
[m[37m[  5.522499 0:2 axvm::vm::prepare::devices:96] [33mFailed to assign SPIs: No VGicD found in device list[m
[m[37m[  5.523318 0:2 axdevice::device:1203] [32mAxVmDevices: registered device id=0[m
[m[37m[  5.523682 0:2 axdevice::device:1203] [32mAxVmDevices: registered device id=1[m
[m[37m[  5.523763 0:2 axdevice::device:1203] [32mAxVmDevices: registered device id=2[m
[m[37m[  5.526010 0:2 axvm::vm::prepare:95] [32mVM setup: id=2[m
[m[37m[  5.526364 0:2 axvm::runtime:44] [32mInitializing VMM...[m
[m[37m[  5.526461 0:2 axvm::runtime:49] [32mVMM starting, booting VMs...[m
[m[37m[  5.526717 0:2 axvm::vm:599] [32mStarting VM[1][m
[m[37m[  5.527085 0:2 axvm::runtime::vcpus:290] [32mSpawning task for VM[1] VCpu[0][m
[m[37m[  5.527454 0:2 axvm::runtime::vcpus:307] [32mVCpu task Task(14, "VM[1]-VCpu[0]") created cpumask: [1, ][m
[m[37m[  5.527710 0:2 axvm::runtime::vcpus:271] [32mVM[1] VCpu[0] host nice set to 10[m
[m[37m[  5.528181 0:2 axvm::runtime:55] [32mVM[1] boot success[m
[m[37m[  5.528256 0:2 axvm::vm:599] [32mStarting VM[2][m
[m[37m[  5.528321 0:2 axvm::runtime::vcpus:290] [32mSpawning task for VM[2] VCpu[0][m
[m[37m[  5.528589 0:2 axvm::runtime::vcpus:307] [32mVCpu task Task(15, "VM[2]-VCpu[0]") created cpumask: [3, ][m
[m[37m[  5.528729 0:2 axvm::runtime:55] [32mVM[2] boot success[m
[m[37m[  5.532496 1:14 axvm::runtime::vcpus:362] [32mVM[1] VCpu[0] waiting for running[m
[m[37m[  5.532718 1:14 axvm::runtime::vcpus:365] [32mVM[1] VCpu[0] running...[m
[m[37m[  5.537794 3:15 axvm::runtime::vcpus:362] [32mVM[2] VCpu[0] waiting for running[m
[m[37m[  5.537968 3:15 axvm::runtime::vcpus:365] [32mVM[2] VCpu[0] running...[m
[mroot=/dev/vda rw init=/bin/sh fsck.repair=yes
VM Load @0x80200000
VM Load Offset: 0x100200000
Memory Map:
  Free   0x00000080000000 - 0x00000080200000 (2 MiB)
  KImg   0x00000080200000 - 0x00000080400000 (2 MiB)
  Free   0x00000080400000 - 0x00000088000000 (124 MiB)
Initialize RAM allocator: 0x80400000..0x88000000
Initializing per-CPU data
Per-CPU data one cpu size: 0x41000 bytes
Total per-CPU data size for secondary CPUs: 0x41000 bytes (1 CPUs)
Flushed RAM used range to memory map: 0x80400000..0x80402000, current: 0x80402000
Flushed RAM used range to memory map: 0x80402000..0x80443000, current: 0x80443000
Per-CPU data allocated at 0x80402000 - 0x80443000
Initializing per-CPU RAM for CPU0 - hard id 0x3 @ 0x80402000
CPU0 - hard id 0x3, stack top @0x80443000, stack top virt @0xffffff0080443000, entry virt @0xffffffff800246bc
EL: 1
Mapping early memory regions...
Ram                 : [0xffff000080000000, 0xffff000088000000) -> [0x0000000080000000, 0x0000000088000000) (128 MiB)
KImage              : [0xffffffff80000000, 0xffffffff80200000) -> [0x0000000080200000, 0x0000000080400000) (2 MiB)
PerCpu              : [0xffffff0080402000, 0xffffff0080443000) -> [0x0000000080402000, 0x0000000080443000) (260 KiB)
Debug serial        : [0xffff000009000000, 0xffff000009001000) -> [0x0000000009000000, 0x0000000009001000) (4 KiB)
Boot page table at physical address: 0x80443000
Setting up table registers...
MMU Entry point at physical address: 0x80227114
Trap vector at 0xffffffff8002a000
Memory Map:
  MMIO   0x00000004000000 - 0x00000008010000 (64.06 MiB)
  MMIO   0x00000008080000 - 0x00000009001000 (15.5 MiB)
  MMIO   0x00000009010000 - 0x00000009011000 (4 KiB)
  MMIO   0x00000009020000 - 0x00000009021000 (4 KiB)
  MMIO   0x00000009030000 - 0x00000009031000 (4 KiB)
  MMIO   0x0000000a000000 - 0x0000000a004000 (16 KiB)
  Free   0x00000080000000 - 0x00000080200000 (2 MiB)
  KImg   0x00000080200000 - 0x00000080400000 (2 MiB)
  Rsv    0x00000080400000 - 0x00000080402000 (8 KiB)
  PerCPU 0x00000080402000 - 0x00000080443000 (260 KiB)
  Rsv    0x00000080443000 - 0x0000008044d000 (40 KiB)
  Free   0x0000008044d000 - 0x00000088000000 (123.7 MiB)
Jumping to main entry point at 0xffffffff80013b4c with SP 0xffffff0080443000

       d8888                            .d88888b.   .d8888b.
      d88888                           d88P" "Y88b d88P  Y88b
     d88P888                           888     888 Y88b.
    d88P 888 888d888  .d8888b  .d88b.  888     888  "Y888b.
   d88P  888 888P"   d88P"    d8P  Y8b 888     888     "Y88b.
  d88P   888 888     888      88888888 888     888       "888
 d8888888888 888     Y88b.    Y8b.     Y88b. .d88P Y88b  d88P
d88P     888 888      "Y8888P  "Y8888   "Y88888P"   "Y8888P"

arch = aarch64
platform = linux,dummy-virt
target = aarch64-unknown-none-softfloat
build_mode = release
log_level = info
backtrace = false
smp = 1

[37m[  0.036789 0 ax_runtime:211] [32mLogging is enabled.[m
[m[37m[  0.037186 0 ax_runtime:212] [32mPrimary CPU 0 started, arg = 0x80400000.[m
[m[37m[  0.037292 0 ax_runtime:214] [32mFound physcial memory regions:[m
[m[37m[  0.038300 0 ax_runtime:216] [32m  [PA:0x4000000, PA:0x8010000) mmio (READ | WRITE | DEVICE | RESERVED)[m
[m[37m[  0.038586 0 ax_runtime:216] [32m  [PA:0x8080000, PA:0x9001000) mmio (READ | WRITE | DEVICE | RESERVED)[m
[m[37m[  0.038718 0 ax_runtime:216] [32m  [PA:0x9010000, PA:0x9011000) mmio (READ | WRITE | DEVICE | RESERVED)[m
[m[37m[  0.038858 0 ax_runtime:216] [32m  [PA:0x9020000, PA:0x9021000) mmio (READ | WRITE | DEVICE | RESERVED)[m
[m[37m[  0.038986 0 ax_runtime:216] [32m  [PA:0x9030000, PA:0x9031000) mmio (READ | WRITE | DEVICE | RESERVED)[m
[m[37m[  0.039118 0 ax_runtime:216] [32m  [PA:0xa000000, PA:0xa004000) mmio (READ | WRITE | DEVICE | RESERVED)[m
[m[37m[  0.039255 0 ax_runtime:216] [32m  [PA:0x80000000, PA:0x80200000) free memory (READ | WRITE | FREE)[m
[m[37m[  0.039429 0 ax_runtime:216] [32m  [PA:0x80200000, PA:0x80400000) reserved (READ | WRITE | EXECUTE | RESERVED)[m
[m[37m[  0.039539 0 ax_runtime:216] [32m  [PA:0x80400000, PA:0x80402000) reserved (READ | WRITE | EXECUTE | RESERVED)[m
[m[37m[  0.039644 0 ax_runtime:216] [32m  [PA:0x80402000, PA:0x80443000) reserved (READ | WRITE | EXECUTE | RESERVED)[m
[m[37m[  0.039748 0 ax_runtime:216] [32m  [PA:0x80443000, PA:0x8044d000) reserved (READ | WRITE | EXECUTE | RESERVED)[m
[m[37m[  0.039853 0 ax_runtime:216] [32m  [PA:0x8044d000, PA:0x88000000) free memory (READ | WRITE | FREE)[m
[m[37m[  0.039973 0 ax_runtime:358] [32mInitialize global memory allocator...[m
[m[37m[  0.040071 0 ax_runtime:359] [32m  use buddy-slab-allocator allocator.[m
[m[37m[  0.040283 0 ax_alloc::buddy_slab:150] [32mInitialize global memory allocator, start_vaddr: 0xffff00008044d000, size: 0x7bb3000[m
[m[37m[  0.040872 0 ax_alloc::buddy_slab:399] [32mglobal allocator initialized[m
[m[37m[  0.041057 0 ax_alloc::buddy_slab:160] [32mAdd memory region, start_vaddr: 0xffff000080000000, size: 0x200000[m
[m[37m[  0.041214 0 buddy_slab_allocator::global:143] [32mGlobalAllocator: skip region 0xffff000080000000+0x200000, no allocator-visible memory after 2097152 alignment[m
[m[37m[  0.041527 0 ax_runtime:251] [32mkernel aspace: [VA:0xffff000000000000, VA:0xffffffffffffffff)[m
[m[37m[  0.041683 0 ax_mm:112] [32mInitialize virtual memory management...[m
[m[37m[  0.057548 0 ax_runtime:263] [32mInitialize platform devices...[m
[m[37m[  0.063786 0 someboot::arch::power:23] [32mPower management method : SMC[m
[m[37m[  0.064015 0 somehal::driver:5] [32mInitializing rdrive with FDT at 0xffff000080400000[m
[m[37m[  0.085887 0 ax_task::api:146] [32mInitialize scheduling...[m
[m[37m[  0.086836 0 ax_task::api:151] [32m  use FIFO scheduler.[m
[m[37m[  0.086944 0 ax_runtime:289] [32mInitialize interrupt handlers...[m
[m[37m[  0.088905 0 ax_runtime::devices:2] [32mProbe platform devices...[m
[m[37m[  0.090103 0 ax_runtime:334] [32mPrimary CPU 0 init OK.[m
[mArceOS test suite run begin: 1 tests
ARCEOS_TEST_BEGIN feature=rt-latency name=periodic wake-up jitter baseline
[37m[  5.689923 1:14 axvm::arch:561] [32mVM[1]'s VCpu[0] try to boot target_cpu [2] entry_point=GPA:0x22408158c arg=0x0[m
[m[37m[  5.690384 1:14 axvm::runtime::vcpus:290] [32mSpawning task for VM[1] VCpu[1][m
[m[37m[  5.690527 1:14 axvm::runtime::vcpus:307] [32mVCpu task Task(16, "VM[1]-VCpu[1]") created cpumask: [2, ][m
[m[37m[  5.690662 1:14 axvm::runtime::vcpus:271] [32mVM[1] VCpu[1] host nice set to 10[m
[m[37m[  5.694549 2:16 axvm::runtime::vcpus:362] [32mVM[1] VCpu[1] waiting for running[m
[m[37m[  5.694778 2:16 axvm::runtime::vcpus:365] [32mVM[1] VCpu[1] running...[m
[m[    0.000000] Booting Linux on physical CPU 0x0000000001 [0x410fd083]
[    0.000000] Linux version 7.1.0-rc2-g74fe02ce122a-dirty (runner@s1lqc) (aarch64-linux-gnu-gcc (Ubuntu 13.3.0-6ubuntu2~24.04) 13.3.0, GNU ld (GNU Binutils for Ubuntu) 2.42) #1 SMP PREEMPT Fri Jul 24 05:32:39 UTC 2026
[    0.000000] KASLR enabled
[    0.000000] random: crng init done
[    0.000000] Machine model: linux,dummy-virt
[    0.000000] efi: UEFI not found.
[    0.000000] OF: reserved mem: Reserved memory: No reserved-memory node in the DT
[    0.000000] NUMA: Faking a node at [mem 0x0000000222000000-0x0000000231ffffff]
[    0.000000] NODE_DATA(0) allocated [mem 0x231f7ff00-0x231f825ff]
[    0.000000] cma: Reserved 32 MiB at 0x0000000225400000
[    0.000000] psci: probing for conduit method from DT.
[    0.000000] psci: PSCIv1.1 detected in firmware.
[    0.000000] psci: Using standard PSCI v0.2 function IDs
[    0.000000] psci: Trusted OS migration not required
[    0.000000] psci: SMC Calling Convention v1.0
[    0.000000] Zone ranges:
[    0.000000]   DMA      [mem 0x0000000222000000-0x0000000231ffffff]
[    0.000000]   DMA32    empty
[    0.000000]   Normal   empty
[    0.000000] Movable zone start for each node
[    0.000000] Early memory node ranges
[    0.000000]   node   0: [mem 0x0000000222000000-0x0000000231ffffff]
[    0.000000] Initmem setup node 0 [mem 0x0000000222000000-0x0000000231ffffff]
[    0.000000] On node 0, zone DMA: 8192 pages in unavailable ranges
[    0.000000] On node 0, zone DMA: 24576 pages in unavailable ranges
[    0.000000] percpu: Embedded 26 pages/cpu s66584 r8192 d31720 u106496
[    0.000000] Detected PIPT I-cache on CPU0
[    0.000000] CPU features: detected: GICv3 CPU interface
[    0.000000] CPU features: detected: Spectre-v2
[    0.000000] CPU features: detected: Spectre-v3a
[    0.000000] CPU features: detected: Spectre-v4
[    0.000000] CPU features: detected: Spectre-BHB
[    0.000000] CPU features: kernel page table isolation forced ON by KASLR
[    0.000000] CPU features: detected: Kernel page table isolation (KPTI)
[    0.000000] CPU features: detected: ARM erratum 1742098
[    0.000000] CPU features: detected: ARM errata 1165522, 1319367, or 1530923
[    0.000000] alternatives: applying boot alternatives
[    0.000000] Kernel command line: root=/dev/vda rw init=/bin/sh fsck.repair=yes
[    0.000000] printk: log buffer data + meta data: 131072 + 458752 = 589824 bytes
[    0.000000] Dentry cache hash table entries: 32768 (order: 6, 262144 bytes, linear)
[    0.000000] Inode-cache hash table entries: 16384 (order: 5, 131072 bytes, linear)
[    0.000000] software IO TLB: SWIOTLB bounce buffer size adjusted to 0MB
[    0.000000] software IO TLB: area num 2.
[    0.000000] software IO TLB: SWIOTLB bounce buffer size roundup to 0MB
[    0.000000] software IO TLB: mapped [mem 0x0000000231e55000-0x0000000231ed5000] (0MB)
[    0.000000] Fallback order for Node 0: 0 
[    0.000000] Built 1 zonelists, mobility grouping on.  Total pages: 65536
[    0.000000] Policy zone: DMA
[    0.000000] mem auto-init: stack:all(zero), heap alloc:off, heap free:off
[    0.000000] SLUB: HWalign=64, Order=0-3, MinObjects=0, CPUs=2, Nodes=1
[    0.000000] rcu: Preemptible hierarchical RCU implementation.
[    0.000000] rcu: 	RCU event tracing is enabled.
[    0.000000] rcu: 	RCU restricting CPUs from NR_CPUS=512 to nr_cpu_ids=2.
[    0.000000] 	Trampoline variant of Tasks RCU enabled.
[    0.000000] 	Tracing variant of Tasks RCU enabled.
[    0.000000] rcu: RCU calculated value of scheduler-enlistment delay is 25 jiffies.
[    0.000000] rcu: Adjusting geometry for rcu_fanout_leaf=16, nr_cpu_ids=2
[    0.000000] RCU Tasks: Setting shift to 1 and lim to 1 rcu_task_cb_adjust=1 rcu_task_cpu_ids=2.
[    0.000000] NR_IRQS: 64, nr_irqs: 64, preallocated irqs: 0
[    0.000000] GICv3: 256 SPIs implemented
[    0.000000] GICv3: 0 Extended SPIs implemented
[    0.000000] Root IRQ handler: gic_handle_irq
[    0.000000] GICv3: GICv3 features: 16 PPIs
[    0.000000] GICv3: GICD_CTLR.DS=1, SCR_EL3.FIQ=0
[    0.000000] GICv3: CPU0: found redistributor 1 region 0:0x00000000080c0000
[    0.000000] ITS [mem 0x08080000-0x0809ffff]
[    0.000000] ITS@0x0000000008080000: allocated 8192 Devices @227460000 (indirect, esz 8, psz 64K, shr 1)
[    0.000000] ITS@0x0000000008080000: allocated 8192 Interrupt Collections @227470000 (flat, esz 8, psz 64K, shr 1)
[    0.000000] GICv3: Expected reserved range [0x0000000087eb0000:0x0000000087ebffff], not found
[    0.000000] GICv3: using LPI property table @0x0000000227480000
[    0.000000] GICv3: CPU0: Booted with LPIs enabled, memory probably corrupted
[    0.000000] GICv3: CPU0: using allocated LPI pending table @0x0000000227490000
[    0.000000] rcu: srcu_init: Setting srcu_struct sizes based on contention.
[    0.000000] arch_timer: cp15 timer running at 62.50MHz (virt).
[    0.000000] clocksource: arch_sys_counter: mask: 0x1ffffffffffffff max_cycles: 0x1cd42e208c, max_idle_ns: 881590405314 ns
[    0.000066] sched_clock: 57 bits at 63MHz, resolution 16ns, wraps every 4398046511096ns
[    0.008982] Console: colour dummy device 80x25
[    0.009430] printk: legacy console [tty0] enabled
[    0.013976] Calibrating delay loop (skipped), value calculated using timer frequency.. 125.00 BogoMIPS (lpj=250000)
[    0.014134] pid_max: default: 32768 minimum: 301
[    0.018106] Mount-cache hash table entries: 512 (order: 0, 4096 bytes, linear)
[    0.018173] Mountpoint-cache hash table entries: 512 (order: 0, 4096 bytes, linear)
[    0.025823] VFS: Finished mounting rootfs on nullfs
[    0.043562] /cpus/cpu-map/socket0/cluster0/core0: Can't get CPU for leaf core
[    0.046757] cacheinfo: Unable to detect cache hierarchy for CPU 0
[    0.055801] rcu: Hierarchical SRCU implementation.
[    0.055875] rcu: 	Max phase no-delay instances is 1000.
[    0.056765] Timer migration: 1 hierarchy levels; 8 children per group; 1 crossnode level
[    0.058939] fsl-mc MSI: its@8080000 domain created
[    0.060364] EFI services will not be available.
[    0.061120] smp: Bringing up secondary CPUs ...
[    0.069628] Detected PIPT I-cache on CPU1
[    0.070790] GICv3: CPU1: found redistributor 2 region 0:0x00000000080e0000
[    0.070902] GICv3: CPU1: Booted with LPIs enabled, memory probably corrupted
[    0.071077] GICv3: CPU1: using allocated LPI pending table @0x00000002274a0000
[    0.071861] CPU1: Booted secondary processor 0x0000000002 [0x410fd083]
[    0.076522] smp: Brought up 1 node, 2 CPUs
[    0.076657] SMP: Total of 2 processors activated.
[    0.076697] CPU: All CPU(s) started at EL1
[    0.076984] CPU features: detected: 32-bit EL0 Support
[    0.077013] CPU features: detected: 32-bit EL1 Support
[    0.077080] CPU features: detected: CRC32 instructions
[    0.077260] CPU features: detected: PMUv3
[    0.083237] alternatives: applying system-wide alternatives
[    0.107804] Memory: 167120K/262144K available (18688K kernel code, 5242K rwdata, 14480K rodata, 12672K init, 718K bss, 59956K reserved, 32768K cma-reserved)
[    0.132605] devtmpfs: initialized
[    0.151030] clocksource: jiffies: mask: 0xffffffff max_cycles: 0xffffffff, max_idle_ns: 7645041785100000 ns
[    0.151599] posixtimers hash table entries: 1024 (order: 2, 16384 bytes, linear)
[    0.151945] futex hash table entries: 512 (32768 bytes on 1 NUMA nodes, total 32 KiB, linear).
[    0.154068] 2G module region forced by RANDOMIZE_MODULE_REGION_FULL
[    0.154158] 0 pages in range for non-PLT usage
[    0.154201] 511264 pages in range for PLT usage
[    0.166077] DMI: not present or invalid.
[    0.185838] NET: Registered PF_NETLINK/PF_ROUTE protocol family
[    0.196487] DMA: preallocated 128 KiB GFP_KERNEL|GFP_DMA pool for atomic allocations
[    0.196818] audit: initializing netlink subsys (disabled)
[    0.198277] audit: type=2000 audit(0.180:1): state=initialized audit_enabled=0 res=1
[    0.203344] thermal_sys: Registered thermal governor 'step_wise'
[    0.203398] thermal_sys: Registered thermal governor 'power_allocator'
[    0.203997] cpuidle: using governor menu
[    0.205178] hw-breakpoint: found 6 breakpoint and 4 watchpoint registers.
[    0.205957] ASID allocator initialised with 32768 entries
[    0.210851] Serial: AMBA PL011 UART driver
[    0.252477] 9000000.pl011: ttyAMA0 at MMIO 0x9000000 (irq = 13, base_baud = 0) is a PL011 rev1
[    0.254433] printk: console [ttyAMA0] enabled
[    0.269463] HugeTLB: registered 1.00 GiB page size, pre-allocated 0 pages
[    0.269550] HugeTLB: 0 KiB vmemmap can be freed for a 1.00 GiB page
[    0.269625] HugeTLB: registered 32.0 MiB page size, pre-allocated 0 pages
[    0.269658] HugeTLB: 0 KiB vmemmap can be freed for a 32.0 MiB page
[    0.269679] HugeTLB: registered 2.00 MiB page size, pre-allocated 0 pages
[    0.269699] HugeTLB: 0 KiB vmemmap can be freed for a 2.00 MiB page
[    0.269718] HugeTLB: registered 64.0 KiB page size, pre-allocated 0 pages
[    0.269735] HugeTLB: 0 KiB vmemmap can be freed for a 64.0 KiB page
[    0.277008] ACPI: Interpreter disabled.
[    0.282266] iommu: Default domain type: Translated
[    0.282343] iommu: DMA domain TLB invalidation policy: strict mode
[    0.283624] SCSI subsystem initialized
[    0.285701] usbcore: registered new interface driver usbfs
[    0.286009] usbcore: registered new interface driver hub
[    0.286190] usbcore: registered new device driver usb
[    0.287526] pps_core: LinuxPPS API ver. 1 registered
[    0.287585] pps_core: Software ver. 5.3.6 - Copyright 2005-2007 Rodolfo Giometti <giometti@linux.it>
[    0.287658] PTP clock support registered
[    0.287992] EDAC MC: Ver: 3.0.0
[    0.289366] scmi_core: SCMI protocol bus registered
[    0.291598] FPGA manager framework
[    0.300619] vgaarb: loaded
[    0.302423] clocksource: Switched to clocksource arch_sys_counter
[    0.303655] VFS: Disk quotas dquot_6.6.0
[    0.303777] VFS: Dquot-cache hash table entries: 512 (order 0, 4096 bytes)
[    0.305960] pnp: PnP ACPI: disabled
[    0.324935] NET: Registered PF_INET protocol family
[    0.326021] IP idents hash table entries: 4096 (order: 3, 32768 bytes, linear)
[    0.329249] tcp_listen_portaddr_hash hash table entries: 256 (order: 0, 4096 bytes, linear)
[    0.329601] Table-perturb hash table entries: 65536 (order: 6, 262144 bytes, linear)
[    0.329688] TCP established hash table entries: 2048 (order: 2, 16384 bytes, linear)
[    0.329867] TCP bind hash table entries: 2048 (order: 4, 65536 bytes, linear)
[    0.330006] TCP: Hash tables configured (established 2048 bind 2048)
[    0.331104] UDP hash table entries: 256 (order: 2, 16384 bytes, linear)
[    0.332381] NET: Registered PF_UNIX/PF_LOCAL protocol family
[    0.335258] RPC: Registered named UNIX socket transport module.
[    0.335372] RPC: Registered udp transport module.
[    0.335407] RPC: Registered tcp transport module.
[    0.335431] RPC: Registered tcp-with-tls transport module.
[    0.335454] RPC: Registered tcp NFSv4.1 backchannel transport module.
[    0.335565] PCI: CLS 0 bytes, default 64
[    0.336465] kvm [1]: HYP mode not available
[    0.340126] Initialise system trusted keyrings
[    0.341500] workingset: timestamp_bits=42 (anon: 38) max_order=16 bucket_order=0 (anon: 0)
[    0.343596] squashfs: version 4.0 (2009/01/31) Phillip Lougher
[    0.345224] NFS: Registering the id_resolver key type
[    0.345576] Key type id_resolver registered
[    0.345637] Key type id_legacy registered
[    0.345954] nfs4filelayout_init: NFSv4 File Layout Driver Registering...
[    0.346095] nfs4flexfilelayout_init: NFSv4 Flexfile Layout Driver Registering...
[    0.347061] 9p: Installing v9fs 9p2000 file system support
[    0.348813] Key type asymmetric registered
[    0.348941] Asymmetric key parser 'x509' registered
[    0.349149] Block layer SCSI generic (bsg) driver version 0.4 loaded (major 244)
[    0.349299] io scheduler mq-deadline registered
[    0.349369] io scheduler kyber registered
[    0.349671] io scheduler bfq registered
[    0.368539] pl061_gpio 9030000.pl061: PL061 GPIO chip registered
[    0.371688] ledtrig-cpu: registered to indicate activity on CPUs
[    0.376499] pci-host-generic 4010000000.pcie: host bridge /pcie@10000000 ranges:
[    0.377398] pci-host-generic 4010000000.pcie:       IO 0x003eff0000..0x003effffff -> 0x0000000000
[    0.378101] pci-host-generic 4010000000.pcie:      MEM 0x0010000000..0x003efeffff -> 0x0010000000
[    0.378245] pci-host-generic 4010000000.pcie:      MEM 0x8000000000..0xffffffffff -> 0x8000000000
[    0.378945] pci-host-generic 4010000000.pcie: Memory resource size exceeds max for 32 bits
[    0.379518] pci-host-generic 4010000000.pcie: ECAM at [mem 0x4010000000-0x401fffffff] for [bus 00-ff]
[    0.380883] pci-host-generic 4010000000.pcie: PCI host bridge to bus 0000:00
[    0.381183] pci_bus 0000:00: root bus resource [bus 00-ff]
[    0.381272] pci_bus 0000:00: root bus resource [io  0x0000-0xffff]
[    0.381331] pci_bus 0000:00: root bus resource [mem 0x10000000-0x3efeffff]
[    0.381355] pci_bus 0000:00: root bus resource [mem 0x8000000000-0xffffffffff]
[    0.382754] pci 0000:00:00.0: [1b36:0008] type 00 class 0x060000 conventional PCI endpoint
[    0.386897] pci 0000:00:01.0: [1af4:1000] type 00 class 0x020000 conventional PCI endpoint
[    0.387929] pci 0000:00:01.0: BAR 0 [io  0x0000-0x001f]
[    0.388102] pci 0000:00:01.0: BAR 1 [mem 0x10000000-0x10000fff]
[    0.388166] pci 0000:00:01.0: BAR 4 [mem 0x8000000000-0x8000003fff 64bit pref]
[    0.388278] pci 0000:00:01.0: ROM [mem 0x00000000-0x0007ffff pref]
[    0.390781] pci 0000:00:01.0: ROM [mem 0x10000000-0x1007ffff pref]: assigned
[    0.391043] pci 0000:00:01.0: BAR 4 [mem 0x8000000000-0x8000003fff 64bit pref]: assigned
[    0.391593] pci 0000:00:01.0: BAR 1 [mem 0x10080000-0x10080fff]: assigned
[    0.391968] pci 0000:00:01.0: BAR 0 [io  0x1000-0x101f]: assigned
[    0.392513] pci_bus 0000:00: resource 4 [io  0x0000-0xffff]
[    0.392630] pci_bus 0000:00: resource 5 [mem 0x10000000-0x3efeffff]
[    0.392660] pci_bus 0000:00: resource 6 [mem 0x8000000000-0xffffffffff]
[    0.448292] Serial: 8250/16550 driver, 4 ports, IRQ sharing enabled
[    0.456038] msm_serial: driver initialized
[    0.457036] SuperH (H)SCI(F) driver initialized
[    0.457395] STM32 USART driver initialized
[    0.479174] loop: module loaded
[    0.480032] virtio_blk virtio0: 1/0/0 default/read/poll queues
[    0.485993] virtio_blk virtio0: [vda] 4194304 512-byte logical blocks (2.15 GB/2.00 GiB)
[    0.502797] megasas: 07.734.00.00-rc1
[    0.506911] physmap-flash 0.flash: physmap platform flash device: [mem 0x00000000-0x03ffffff]
[    0.508284] 0.flash: Found 2 x16 devices at 0x0 in 32-bit bank. Manufacturer ID 0x000000 Chip ID 0x000000
[    0.508804] Intel/Sharp Extended Query Table at 0x0031
[    0.509536] Using buffer write method
[    0.510115] physmap-flash 0.flash: physmap platform flash device: [mem 0x04000000-0x07ffffff]
[    0.510725] 0.flash: Found 2 x16 devices at 0x0 in 32-bit bank. Manufacturer ID 0x000000 Chip ID 0x000000
[    0.510802] Intel/Sharp Extended Query Table at 0x0031
[    0.511230] Using buffer write method
[    0.511342] Concatenating MTD devices:
[    0.511374] (0): "0.flash"
[    0.511404] (1): "0.flash"
[    0.511422] into device "0.flash"
[    0.532527] tun: Universal TUN/TAP device driver, 1.6
[    0.549182] thunder_xcv, ver 1.0
[    0.549381] thunder_bgx, ver 1.0
[    0.549482] nicpf, ver 1.0
[    0.552011] e1000: Intel(R) PRO/1000 Network Driver
[    0.552080] e1000: Copyright (c) 1999-2006 Intel Corporation.
[    0.552210] e1000e: Intel(R) PRO/1000 Network Driver
[    0.552237] e1000e: Copyright(c) 1999 - 2015 Intel Corporation.
[    0.552337] igb: Intel(R) Gigabit Ethernet Network Driver
[    0.552364] igb: Copyright (c) 2007-2014 Intel Corporation.
[    0.552473] igbvf: Intel(R) Gigabit Virtual Function Network Driver
[    0.552500] igbvf: Copyright (c) 2009 - 2012 Intel Corporation.
[    0.553026] sky2: driver version 1.30
[    0.555545] VFIO - User Level meta-driver version: 0.3
[    0.562334] usbcore: registered new interface driver usb-storage
[    0.570554] rtc-pl031 9010000.pl031: registered as rtc0
[    0.571124] rtc-pl031 9010000.pl031: setting system clock to 2026-08-01T10:44:28 UTC (1785581068)
[    0.572612] i2c_dev: i2c /dev entries driver
[    0.592227] usbcore: registered new interface driver usbhid
[    0.592309] usbhid: USB HID core driver
[    0.599821] hw perfevents: enabled with armv8_pmuv3 PMU driver, 7 (0,8000003f) counters available
[    0.607328] NET: Registered PF_INET6 protocol family
[    0.614339] Segment Routing with IPv6
[    0.614562] In-situ OAM (IOAM) with IPv6
[    0.614971] sit: IPv6, IPv4 and MPLS over IPv4 tunneling driver
[    0.617372] NET: Registered PF_PACKET protocol family
[    0.618562] 9pnet: Installing 9P2000 support
[    0.618877] Key type dns_resolver registered
[    0.640613] registered taskstats version 1
[    0.642850] Loading compiled-in X.509 certificates
[    0.662583] Demotion targets for Node 0: null
[    0.670974] input: gpio-keys as /devices/platform/gpio-keys/input/input0
[    0.675389] clk: Disabling unused clocks
[    0.675640] PM: genpd: Disabling unused power domains
[    0.704033] EXT4-fs (vda): recovery complete
[    0.705012] EXT4-fs (vda): mounted filesystem 60a4282b-9b0a-4994-9e9c-109a16c762f3 r/w with ordered data mode. Quota mode: none.
[    0.705413] VFS: Mounted root (ext4 filesystem) on device 254:0.
[    0.707019] devtmpfs: mounted
[    0.708814] VFS: Pivoted into new rootfs
[    0.780878] Freeing unused kernel memory: 12672K
[    0.782106] Run /bin/sh as init process
/bin/sh: can't access tty; job control turned off
~ # [6nfor i in 1 2 3 4; do sh -c 'while true; do :; done' & done; echo TASK1_STRES
S_STARTED
TASK1_STRESS_STARTED
~ # [6nRT_LATENCY mode=guest period_ms=1 samples=180000 mean_jitter_ns=80466 p99_jitter_ns=288544 p999_jitter_ns=428288 max_jitter_ns=10086352
RT_LATENCY mode=guest period_ms=10 samples=180000 mean_jitter_ns=131647 p99_jitter_ns=305648 p999_jitter_ns=437376 max_jitter_ns=10133840
RT_LATENCY_PASS
=== SUCCESS PATTERN MATCHED: RT_LATENCY_PASS ===

ARCEOS_TEST_END feature=rt-latency name=periodic wake-up jitter baseline status=pass elapsed_ms=2018481
ArceOS test suite run OK!
[37m[2024.098397 3:15 axvm::arch::aarch64:309] [33mVM[2] run VCpu[0] SystemDown[m
[m[37m[2024.098672 3:15 axvm::vm:664] [32mStopping VM[2]: SystemDown[m
[m[37m[2024.099009 3:15 axvm::runtime::vcpus:404] [33mVM[2] VCpu[0] stopping because of VM stopping[m
[m[37m[2024.099143 3:15 axvm::runtime::vcpus:410] [32mVM[2] VCpu[0] last VCpu exiting, decreasing running VM count[m
[m[37m[2024.099327 3:15 axvm::runtime::vcpus:415] [32mVM[2] state changed to Stopped[m
[m[37m[2024.099484 3:15 axvm::runtime::vcpus:427] [32mVM[2] VCpu[0] exiting...[m
[m[axbuild] qemu run package=axvisor target=scripts/targets/std/pie/aarch64-unknown-linux-musl.json ... done (2024.67s)
  qemu run: 2024.71s
ok: mixed-rt-stress-baseline-long (2024.72s)

axvisor qemu test summary:
  PASS mixed-rt-stress-baseline-long (2024.72s)
result: 1/1 case(s) passed
total: 2030.41s
all axvisor qemu tests passed
[task1] Step 2/2: optimized (passthrough + vcpu_priorities + task1-rt-opt, timeout 2400s)...
    Finished `dev` profile [unoptimized + debuginfo] target(s) in 0.20s
     Running `target/debug/tg-xtask axvisor test qemu --arch aarch64 -g stress -c mixed-rt-stress-round1-opt-long`
[2026-08-01T11:18:07Z INFO  axbuild::context] Workspace root: /home/allen/codes/os/tgoskits
running axvisor qemu tests for arch: aarch64 (target: aarch64-unknown-none-softfloat, cases: 1)
[2026-08-01T11:18:07Z INFO  axbuild::context] Workspace member dir for axvisor: /home/allen/codes/os/tgoskits/os/axvisor
Using build config: /home/allen/codes/os/tgoskits/test-suit/axvisor/stress/mixed-rt-stress-round1-opt-long/build-aarch64-unknown-none-softfloat.toml
[2026-08-01T11:18:07Z INFO  ostool::run::qemu] Using QEMU config file: /home/allen/codes/os/tgoskits/test-suit/axvisor/stress/mixed-rt-stress-round1-opt-long/qemu-aarch64.toml
Using build config: /home/allen/codes/os/tgoskits/test-suit/axvisor/stress/mixed-rt-stress-round1-opt-long/build-aarch64-unknown-none-softfloat.toml
file already exists and passed checksum verification
image archive verified at /home/allen/codes/os/tgoskits/tmp/axbuild/rootfs/rootfs-aarch64-alpine.img.tar.xz
image already extracted and up to date at /home/allen/codes/os/tgoskits/tmp/axbuild/rootfs/rootfs-aarch64-alpine.img
Using build config: /home/allen/codes/os/tgoskits/test-suit/axvisor/stress/mixed-rt-stress-round1-opt-long/build-aarch64-unknown-none-softfloat.toml
[axbuild] cargo build package=axvisor target=scripts/targets/std/pie/aarch64-unknown-linux-musl.json config=/home/allen/codes/os/tgoskits/test-suit/axvisor/stress/mixed-rt-stress-round1-opt-long/build-aarch64-unknown-none-softfloat.toml ...
sh -c /home/allen/codes/os/tgoskits/tmp/axbuild/std/prebuild/prebuild-aarch64-unknown-linux-musl-25757cc8233f29c6.sh
AR_aarch64_unknown_linux_musl=aarch64-linux-musl-ar
AXVISOR_VM_CONFIGS=/home/allen/codes/os/tgoskits/os/axvisor/configs/vms/qemu/aarch64/linux-smp2.toml:/home/allen/codes/os/tgoskits/os/axvisor/configs/vms/qemu/aarch64/arceos-rt-smp1.toml
AX_ARCH=aarch64
AX_LOG=info
AX_TARGET=aarch64-unknown-none-softfloat
BINDGEN_EXTRA_CLANG_ARGS_aarch64_unknown_linux_musl=--target=aarch64-linux-musl --sysroot=/home/allen/tools/aarch64-linux-musl-cross/bin/../aarch64-linux-musl --gcc-toolchain=/home/allen/tools/aarch64-linux-musl-cross -isystem /home/allen/tools/aarch64-linux-musl-cross/bin/../aarch64-linux-musl/include -isystem /home/allen/tools/aarch64-linux-musl-cross/lib/gcc/aarch64-linux-musl/11.2.1/include -mgeneral-regs-only
CARGO_UNSTABLE_JSON_TARGET_SPEC=true
CC_aarch64_unknown_linux_musl=aarch64-linux-musl-cc
CFLAGS_aarch64_unknown_linux_musl=-mgeneral-regs-only
CXXFLAGS_aarch64_unknown_linux_musl=-mgeneral-regs-only
cargo build --config /home/allen/codes/os/tgoskits/tmp/axbuild/std/config-aarch64-unknown-linux-musl-dynamic.toml -p axvisor --target scripts/targets/std/pie/aarch64-unknown-linux-musl.json -Z unstable-options --target-dir /home/allen/codes/os/tgoskits/target --features ax-std/fs,ax-std/sched-cfs,ax-std/smp,ax-std/std-compat,ax-std/virtio-blk,fs,sched-cfs,task1-rt-opt,log/release_max_level_info -Z json-target-spec --bin axvisor --release --message-format json-render-diagnostics
warning: function `set_fdt_addr_phys_if_valid` is never used
  --> platforms/someboot/src/fdt/mod.rs:32:15
   |
32 | pub(crate) fn set_fdt_addr_phys_if_valid(fdt_addr: usize) -> bool {
   |               ^^^^^^^^^^^^^^^^^^^^^^^^^^
   |
   = note: `#[warn(dead_code)]` (part of `#[warn(unused)]`) on by default

warning: `someboot` (lib) generated 1 warning
   Compiling axvm v0.5.23 (/home/allen/codes/os/tgoskits/virtualization/axvm)
warning: function `set_pending_irq` is never used
  --> virtualization/axvm/src/host/gic.rs:61:15
   |
61 | pub(crate) fn set_pending_irq(intid: usize) {
   |               ^^^^^^^^^^^^^^^
   |
   = note: `#[warn(dead_code)]` (part of `#[warn(unused)]`) on by default

warning: `axvm` (lib) generated 1 warning
   Compiling axvisor v0.5.21 (/home/allen/codes/os/tgoskits/os/axvisor)
    Finished `release` profile [optimized] target(s) in 2.80s
warning: the following packages contain code that will be rejected by a future version of Rust: core v0.0.0 (/home/allen/.rustup/toolchains/nightly-2026-05-28-x86_64-unknown-linux-gnu/lib/rustlib/src/rust/library/core), memchr v2.8.2
note: to see what the problems were, use the option `--future-incompat-report`, or run `cargo report future-incompatibilities --id 1`
Converting ELF to BIN format...
  elf: /home/allen/codes/os/tgoskits/target/aarch64-unknown-linux-musl/release/axvisor
  bin: /home/allen/codes/os/tgoskits/target/aarch64-unknown-linux-musl/release/axvisor.bin
/home/allen/.rustup/toolchains/nightly-2026-05-28-x86_64-unknown-linux-gnu/lib/rustlib/x86_64-unknown-linux-gnu/bin/llvm-objcopy --strip-all -O binary /home/allen/codes/os/tgoskits/target/aarch64-unknown-linux-musl/release/axvisor /home/allen/codes/os/tgoskits/target/aarch64-unknown-linux-musl/release/axvisor.bin
[axbuild] cargo build package=axvisor target=scripts/targets/std/pie/aarch64-unknown-linux-musl.json config=/home/allen/codes/os/tgoskits/test-suit/axvisor/stress/mixed-rt-stress-round1-opt-long/build-aarch64-unknown-none-softfloat.toml ... done (3.12s)
[axbuild] cargo build elf=/home/allen/codes/os/tgoskits/target/aarch64-unknown-linux-musl/release/axvisor
[axbuild] cargo build artifact_dir=/home/allen/codes/os/tgoskits/target/aarch64-unknown-linux-musl/release
[1/1] axvisor qemu mixed-rt-stress-round1-opt-long
AXBUILD_TIMING: scope=qemu-asset case=mixed-rt-stress-round1-opt-long phase=resolve-pipeline elapsed_s=0.000
AXBUILD_TIMING: scope=qemu-asset case=mixed-rt-stress-round1-opt-long phase=plain-rootfs pipeline=plain elapsed_s=0.000
Using build config: /home/allen/codes/os/tgoskits/test-suit/axvisor/stress/mixed-rt-stress-round1-opt-long/build-aarch64-unknown-none-softfloat.toml
  prepare assets: 8.42ms (pipeline=plain, cache=miss)
  qemu config: /home/allen/codes/os/tgoskits/test-suit/axvisor/stress/mixed-rt-stress-round1-opt-long/qemu-aarch64.toml (timeout=2400s)
  rootfs: /home/allen/codes/os/tgoskits/tmp/axbuild/rootfs/rootfs-aarch64-alpine.img/rootfs-aarch64-alpine.img
[axbuild] qemu run package=axvisor target=scripts/targets/std/pie/aarch64-unknown-linux-musl.json ...
qemu-system-aarch64 -nographic -cpu cortex-a72 -machine virt,virtualization=on,gic-version=3 -smp 4 -device virtio-blk-device,drive=disk0 -drive id=disk0,if=none,format=raw,file=/home/allen/codes/os/tgoskits/tmp/axbuild/rootfs/rootfs-aarch64-alpine.img/rootfs-aarch64-alpine.img -append root=/dev/vda rw init=/bin/sh -m 8g -snapshot -kernel /home/allen/codes/os/tgoskits/target/aarch64-unknown-linux-musl/release/axvisor.bin
root=/dev/vda rw init=/bin/sh
VM Load @0x40200000
VM Load Offset: 0xffff0000c0200000
Memory Map:
  Free   0x00000040000000 - 0x00000040200000 (2 MiB)
  KImg   0x00000040200000 - 0x00000040600000 (4 MiB)
  Free   0x00000040600000 - 0x00000240000000 (7.99 GiB)
Initialize RAM allocator: 0x40600000..0x240000000
Initializing per-CPU data
Per-CPU data one cpu size: 0x43000 bytes
Total per-CPU data size for secondary CPUs: 0x10c000 bytes (4 CPUs)
Flushed RAM used range to memory map: 0x40600000..0x40700000, current: 0x40700000
Flushed RAM used range to memory map: 0x40700000..0x4080c000, current: 0x4080c000
Per-CPU data allocated at 0x40700000 - 0x4080c000
Initializing per-CPU RAM for CPU0 - hard id 0x0 @ 0x40700000
Initializing per-CPU RAM for CPU1 - hard id 0x1 @ 0x40743000
Initializing per-CPU RAM for CPU2 - hard id 0x2 @ 0x40786000
Initializing per-CPU RAM for CPU3 - hard id 0x3 @ 0x407c9000
CPU0 - hard id 0x0, stack top @0x40743000, stack top virt @0xff0040743000, entry virt @0xffff8017a3c8
CPU1 - hard id 0x1, stack top @0x40786000, stack top virt @0xff0040786000, entry virt @0xffff8017a3c8
CPU2 - hard id 0x2, stack top @0x407c9000, stack top virt @0xff00407c9000, entry virt @0xffff8017a3c8
CPU3 - hard id 0x3, stack top @0x4080c000, stack top virt @0xff004080c000, entry virt @0xffff8017a3c8
EL: 2
Mapping early memory regions...
Ram                 : [0x0000000040000000, 0x0000000240000000) -> [0x0000000040000000, 0x0000000240000000) (8 GiB)
KImage              : [0x0000ffff80000000, 0x0000ffff80400000) -> [0x0000000040200000, 0x0000000040600000) (4 MiB)
PerCpu              : [0x0000ff0040700000, 0x0000ff004080c000) -> [0x0000000040700000, 0x000000004080c000) (1.05 MiB)
Debug serial        : [0x0000000009000000, 0x0000000009001000) -> [0x0000000009000000, 0x0000000009001000) (4 KiB)
Boot page table at physical address: 0x4080c000
Setting up table registers...
MMU Entry point at physical address: 0x40375688
Trap vector at 0xffff80179800
Memory Map:
  MMIO   0x00000004000000 - 0x00000008010000 (64.06 MiB)
  MMIO   0x00000008080000 - 0x00000009001000 (15.5 MiB)
  MMIO   0x00000009010000 - 0x00000009011000 (4 KiB)
  MMIO   0x00000009020000 - 0x00000009021000 (4 KiB)
  MMIO   0x00000009030000 - 0x00000009031000 (4 KiB)
  MMIO   0x0000000a000000 - 0x0000000a004000 (16 KiB)
  Free   0x00000040000000 - 0x00000040200000 (2 MiB)
  KImg   0x00000040200000 - 0x00000040600000 (4 MiB)
  Rsv    0x00000040600000 - 0x00000040700000 (1 MiB)
  PerCPU 0x00000040700000 - 0x0000004080c000 (1.05 MiB)
  Rsv    0x0000004080c000 - 0x00000040816000 (40 KiB)
  Free   0x00000040816000 - 0x00000240000000 (7.99 GiB)
  MMIO   0x00004010000000 - 0x00004020000000 (256 MiB)
Jumping to main entry point at 0xffff8015f194 with SP 0x0000ff0040743000

       d8888                            .d88888b.   .d8888b.
      d88888                           d88P" "Y88b d88P  Y88b
     d88P888                           888     888 Y88b.
    d88P 888 888d888  .d8888b  .d88b.  888     888  "Y888b.
   d88P  888 888P"   d88P"    d8P  Y8b 888     888     "Y88b.
  d88P   888 888     888      88888888 888     888       "888
 d8888888888 888     Y88b.    Y8b.     Y88b. .d88P Y88b  d88P
d88P     888 888      "Y8888P  "Y8888   "Y88888P"   "Y8888P"

arch = aarch64
platform = linux,dummy-virt
target = aarch64-unknown-none-softfloat
build_mode = 
log_level = info
backtrace = false
smp = 4

[37m[  0.054502 ax_runtime:211] [32mLogging is enabled.[m
[m[37m[  0.054908 ax_runtime:212] [32mPrimary CPU 0 started, arg = 0x40600000.[m
[m[37m[  0.054993 ax_runtime:214] [32mFound physcial memory regions:[m
[m[37m[  0.055897 ax_runtime:216] [32m  [PA:0x4000000, PA:0x8010000) mmio (READ | WRITE | DEVICE | RESERVED)[m
[m[37m[  0.056107 ax_runtime:216] [32m  [PA:0x8080000, PA:0x9001000) mmio (READ | WRITE | DEVICE | RESERVED)[m
[m[37m[  0.056195 ax_runtime:216] [32m  [PA:0x9010000, PA:0x9011000) mmio (READ | WRITE | DEVICE | RESERVED)[m
[m[37m[  0.056281 ax_runtime:216] [32m  [PA:0x9020000, PA:0x9021000) mmio (READ | WRITE | DEVICE | RESERVED)[m
[m[37m[  0.056366 ax_runtime:216] [32m  [PA:0x9030000, PA:0x9031000) mmio (READ | WRITE | DEVICE | RESERVED)[m
[m[37m[  0.056455 ax_runtime:216] [32m  [PA:0xa000000, PA:0xa004000) mmio (READ | WRITE | DEVICE | RESERVED)[m
[m[37m[  0.056539 ax_runtime:216] [32m  [PA:0x40000000, PA:0x40200000) free memory (READ | WRITE | FREE)[m
[m[37m[  0.056651 ax_runtime:216] [32m  [PA:0x40200000, PA:0x40600000) reserved (READ | WRITE | EXECUTE | RESERVED)[m
[m[37m[  0.056744 ax_runtime:216] [32m  [PA:0x40600000, PA:0x40700000) reserved (READ | WRITE | EXECUTE | RESERVED)[m
[m[37m[  0.056834 ax_runtime:216] [32m  [PA:0x40700000, PA:0x4080c000) reserved (READ | WRITE | EXECUTE | RESERVED)[m
[m[37m[  0.056927 ax_runtime:216] [32m  [PA:0x4080c000, PA:0x40816000) reserved (READ | WRITE | EXECUTE | RESERVED)[m
[m[37m[  0.057018 ax_runtime:216] [32m  [PA:0x40816000, PA:0x240000000) free memory (READ | WRITE | FREE)[m
[m[37m[  0.057103 ax_runtime:216] [32m  [PA:0x4010000000, PA:0x4020000000) mmio (READ | WRITE | DEVICE | RESERVED)[m
[m[37m[  0.057212 ax_runtime:358] [32mInitialize global memory allocator...[m
[m[37m[  0.057296 ax_runtime:359] [32m  use buddy-slab-allocator allocator.[m
[m[37m[  0.057486 ax_alloc::buddy_slab:150] [32mInitialize global memory allocator, start_vaddr: 0x40816000, size: 0x1ff7ea000[m
[m[37m[  0.064528 ax_alloc::buddy_slab:399] [32mglobal allocator initialized[m
[m[37m[  0.064745 ax_alloc::buddy_slab:160] [32mAdd memory region, start_vaddr: 0x40000000, size: 0x200000[m
[m[37m[  0.064901 buddy_slab_allocator::global:143] [32mGlobalAllocator: skip region 0x40000000+0x200000, no allocator-visible memory after 2097152 alignment[m
[m[37m[  0.065257 ax_runtime:251] [32mkernel aspace: [VA:0x0, VA:0xffffffffffffffff)[m
[m[37m[  0.065402 ax_mm:112] [32mInitialize virtual memory management...[m
[m[37m[  0.580456 ax_runtime:263] [32mInitialize platform devices...[m
[m[37m[  0.587215 someboot::arch::power:23] [32mPower management method : SMC[m
[m[37m[  0.587375 somehal::driver:5] [32mInitializing rdrive with FDT at 0x40600000[m
[m[37m[  0.610287 ax_task::api:146] [32mInitialize scheduling...[m
[m[37m[  0.611374 ax_task::api:151] [32m  use Completely Fair scheduler.[m
[m[37m[  0.611462 ax_runtime:289] [32mInitialize interrupt handlers...[m
[m[37m[  0.614203 ax_runtime::devices:2] [32mProbe platform devices...[m
[m[37m[  0.618219 virtio_drivers::device::blk:63] [32mfound a block device of size 2097152KB[m
[m[37m[  0.618984 ax_driver::virtio::block:91] [32mregistered virtio block device[m
[m[37m[  0.657937 ax_runtime::irq:120] [32mregistered virtio-blk/0 irq IrqId { domain: IrqDomainId(7), hwirq: HwIrq(79) }[m
[m[37m[  0.658512 ax_fs_ng::block::runtime::device:1359] [33mrdif filesystem block device virtio-blk registered with IRQ-driven completion[m
[m[37m[  0.658679 ax_fs_ng::block::runtime::device:1361] [32mregistered rdif filesystem block device virtio-blk[m
[m[37m[  0.665331 ax_fs_ng::root:249] [32m    raw device fs=Some(Ext4)[m
[m[37m[  0.665544 ax_fs_ng::root:280] [32m  block device 0 (virtio-blk) has no usable partition table; treating the whole disk as a candidate[m
[m[37m[  0.665954 ax_fs_ng::root:389] [32m  matched root by raw device path on disk0 raw device[m
[m[37m[  0.666172 ax_fs_ng:75] [32mInitialize filesystem subsystem...[m
[m[37m[  0.666247 ax_fs_ng:76] [32m  selected root device: disk0 raw device[m
[m[37m[  0.692366 rsext4::ext4::mount:340] [32m/lost+found exists (path resolution, repaired hint inode=11)[m
[m[37m[  0.693586 rsext4::ext4::mount:462] [32mExt4 filesystem mounted[m
[m[37m[  0.693680 rsext4::ext4::mount:463] [32m  - block size: 4096 bytes[m
[m[37m[  0.693778 rsext4::ext4::mount:464] [32m  - total blocks: 524288[m
[m[37m[  0.693862 rsext4::ext4::mount:465] [32m  - free blocks: 113690[m
[m[37m[  0.693947 rsext4::ext4::mount:466] [32m  - total inodes: 131072[m
[m[37m[  0.694036 rsext4::ext4::mount:467] [32m  - free inodes: 125267[m
[m[37m[  0.694147 rsext4::ext4::sync:13] [32mSyncing filesystem...[m
[m[37m[  0.699765 rsext4::ext4::mount:546] [32mExt4 filesystem mounted[m
[m[37m[  0.700280 ax_fs_ng:88] [32m  filesystem type: "ext4"[m
[m[37m[  0.703279 ax_runtime::mp:79] [32mSecondary CPU 1 started.[m
[m[37m[  0.705374 ax_runtime::mp:79] [32mSecondary CPU 2 started.[m
[m[37m[  0.706281 ax_runtime::mp:107] [32mSecondary CPU 1 init OK.[m
[m[37m[  0.707792 ax_runtime::mp:79] [32mSecondary CPU 3 started.[m
[m[37m[  0.707833 ax_runtime:334] [32mPrimary CPU 0 init OK.[m
[m[37m[  0.708098 ax_runtime::mp:107] [32mSecondary CPU 2 init OK.[m
[m[37m[  0.711347 ax_runtime::mp:107] [32mSecondary CPU 3 init OK.[m
[m

       d8888            888     888  d8b
      d88888            888     888  Y8P
     d88P888            888     888
    d88P 888  888  888  Y88b   d88P  888  .d8888b    .d88b.   888d888
   d88P  888  `Y8bd8P'   Y88b d88P   888  88K       d88""88b  888P"
  d88P   888    X88K      Y88o88P    888  "Y8888b.  888  888  888
 d8888888888  .d8""8b.     Y888P     888       X88  Y88..88P  888
d88P     888  888  888      Y8P      888   88888P'   "Y88P"   888


by AxVisor Team

[37m[  0.713652 0:2 axvisor::task:17] [32mAxVisor management task pinned to pCPU0[m
[m[37m[  0.713774 0:2 axvisor:59] [32mStarting virtualization...[m
[m[37m[  0.713896 0:2 axvm::host::arceos:331] [32mEnabling hardware virtualization support on all cores...[m
[m[37m[  0.714011 0:2 axvm::host::arceos:337] [32mCore 0 is initializing hardware virtualization support...[m
[m[37m[  0.714167 0:2 axvm::timer:132] [32mInitializing AxVM timer wheel...[m
[m[37m[  0.714415 0:2 axvm::host::arceos:339] [32mHardware virtualization support enabled on core 0[m
[m[37m[  0.715627 1:11 axvm::host::arceos:349] [32mCore 1 is initializing hardware virtualization support...[m
[m[37m[  0.715736 1:11 axvm::timer:132] [32mInitializing AxVM timer wheel...[m
[m[37m[  0.715845 1:11 axvm::host::arceos:352] [32mHardware virtualization support enabled on core 1[m
[m[37m[  0.716614 2:12 axvm::host::arceos:349] [32mCore 2 is initializing hardware virtualization support...[m
[m[37m[  0.716797 2:12 axvm::timer:132] [32mInitializing AxVM timer wheel...[m
[m[37m[  0.716942 2:12 axvm::host::arceos:352] [32mHardware virtualization support enabled on core 2[m
[m[37m[  0.717634 0:2 axvm::host::arceos:365] [32mWaiting for all cores to enable hardware virtualization...[m
[m[37m[  0.717773 3:13 axvm::host::arceos:349] [32mCore 3 is initializing hardware virtualization support...[m
[m[37m[  0.717969 3:13 axvm::timer:132] [32mInitializing AxVM timer wheel...[m
[m[37m[  0.718147 3:13 axvm::host::arceos:352] [32mHardware virtualization support enabled on core 3[m
[m[37m[  0.718483 0:2 axvm::host::arceos:381] [32mAll cores have enabled hardware virtualization support.[m
[m[37m[  0.722418 0:2 axvisor::manager:125] [32mNOT find dir: /guest/vm_default in filesystem[m
[m[37m[  0.722631 0:2 axvisor::config:107] [32mUsing static VM configs.[m
[m[37m[  0.745419 0:2 axvm::boot::fdt::parser:390] [32mCPU node: /cpus/cpu@0, node_id: 0x0, guest_cpu_id: 0x0[m
[m[37m[  0.745606 0:2 axvm::boot::fdt::parser:390] [32mCPU node: /cpus/cpu@1, node_id: 0x1, guest_cpu_id: 0x1[m
[m[37m[  0.745754 0:2 axvm::boot::fdt::parser:390] [32mCPU node: /cpus/cpu@2, node_id: 0x2, guest_cpu_id: 0x2[m
[m[37m[  0.745876 0:2 axvm::boot::fdt::parser:390] [32mCPU node: /cpus/cpu@3, node_id: 0x3, guest_cpu_id: 0x3[m
[m[37m[  0.746075 0:2 axvm::boot::fdt::parser:397] [32mFound 4 host CPU nodes[m
[m[37m[  0.746373 0:2 axvm::boot::fdt:163] [32mVM[1] DTB not found, generating based on the configuration file.[m
[m[37m[  0.755985 0:2 axvm::boot::fdt::device:96] [32mFound excluded devices: [][m
[m[37m[  0.783555 0:2 axvisor::config:161] [32mCreating VM[1] "linux-qemu-smp2"[m
[m[37m[  0.783751 0:2 axvm::vm:407] [32mVM created: id=1[m
[m[37m[  1.072865 0:2 axvisor::config:172] [32mVM[1] created success, loading images...[m
[m[37m[  1.073170 0:2 axvm::boot::images::fs:792] [32mLoading VM images from filesystem[m
[m[37m[  4.873517 0:2 axvm::vm::prepare::devices:96] [33mFailed to assign SPIs: No VGicD found in device list[m
[m[37m[  4.881054 0:2 axvm::vm::prepare:95] [32mVM setup: id=1[m
[m[37m[  4.885328 0:2 axvm::boot::fdt::parser:390] [32mCPU node: /cpus/cpu@0, node_id: 0x0, guest_cpu_id: 0x0[m
[m[37m[  4.885442 0:2 axvm::boot::fdt::parser:390] [32mCPU node: /cpus/cpu@1, node_id: 0x1, guest_cpu_id: 0x1[m
[m[37m[  4.885543 0:2 axvm::boot::fdt::parser:390] [32mCPU node: /cpus/cpu@2, node_id: 0x2, guest_cpu_id: 0x2[m
[m[37m[  4.885646 0:2 axvm::boot::fdt::parser:390] [32mCPU node: /cpus/cpu@3, node_id: 0x3, guest_cpu_id: 0x3[m
[m[37m[  4.885782 0:2 axvm::boot::fdt::parser:397] [32mFound 4 host CPU nodes[m
[m[37m[  4.885884 0:2 axvm::boot::fdt:163] [32mVM[2] DTB not found, generating based on the configuration file.[m
[m[37m[  4.896325 0:2 axvm::boot::fdt::device:96] [32mFound excluded devices: ["/pcie@10000000"][m
[m[37m[  4.896618 0:2 axvm::boot::fdt::device:107] [32mExcluding device: /pcie@10000000[m
[m[37m[  4.917712 0:2 axvisor::config:161] [32mCreating VM[2] "arceos-rt-qemu"[m
[m[37m[  4.917796 0:2 axvm::vm:407] [32mVM created: id=2[m
[m[37m[  5.053970 0:2 axvisor::config:172] [32mVM[2] created success, loading images...[m
[m[37m[  5.061621 0:2 axvm::vm::prepare::devices:96] [33mFailed to assign SPIs: No VGicD found in device list[m
[m[37m[  5.062977 0:2 axvm::vm::prepare:95] [32mVM setup: id=2[m
[m[37m[  5.063352 0:2 axvm::runtime:44] [32mInitializing VMM...[m
[m[37m[  5.063456 0:2 axvm::runtime:49] [32mVMM starting, booting VMs...[m
[m[37m[  5.063716 0:2 axvm::vm:599] [32mStarting VM[1][m
[m[37m[  5.064115 0:2 axvm::runtime::vcpus:290] [32mSpawning task for VM[1] VCpu[0][m
[m[37m[  5.064479 0:2 axvm::runtime::vcpus:307] [32mVCpu task Task(14, "VM[1]-VCpu[0]") created cpumask: [1, ][m
[m[37m[  5.064733 0:2 axvm::runtime::vcpus:271] [32mVM[1] VCpu[0] host nice set to 10[m
[m[37m[  5.065196 0:2 axvm::runtime:55] [32mVM[1] boot success[m
[m[37m[  5.065269 0:2 axvm::vm:599] [32mStarting VM[2][m
[m[37m[  5.065334 0:2 axvm::runtime::vcpus:290] [32mSpawning task for VM[2] VCpu[0][m
[m[37m[  5.065573 0:2 axvm::runtime::vcpus:307] [32mVCpu task Task(15, "VM[2]-VCpu[0]") created cpumask: [3, ][m
[m[37m[  5.065681 0:2 axvm::runtime::vcpus:271] [32mVM[2] VCpu[0] host nice set to -20[m
[m[37m[  5.065788 0:2 axvm::runtime:55] [32mVM[2] boot success[m
[m[37m[  5.066533 1:14 axvm::runtime::vcpus:362] [32mVM[1] VCpu[0] waiting for running[m
[m[37m[  5.066739 1:14 axvm::runtime::vcpus:365] [32mVM[1] VCpu[0] running...[m
[m[37m[  5.071478 3:15 axvm::runtime::vcpus:362] [32mVM[2] VCpu[0] waiting for running[m
[m[37m[  5.071644 3:15 axvm::runtime::vcpus:365] [32mVM[2] VCpu[0] running...[m
[mroot=/dev/vda rw init=/bin/sh fsck.repair=yes
VM Load @0x80200000
VM Load Offset: 0x100200000
Memory Map:
  Free   0x00000080000000 - 0x00000080200000 (2 MiB)
  KImg   0x00000080200000 - 0x00000080400000 (2 MiB)
  Free   0x00000080400000 - 0x00000088000000 (124 MiB)
Initialize RAM allocator: 0x80400000..0x88000000
Initializing per-CPU data
Per-CPU data one cpu size: 0x41000 bytes
Total per-CPU data size for secondary CPUs: 0x41000 bytes (1 CPUs)
Flushed RAM used range to memory map: 0x80400000..0x80402000, current: 0x80402000
Flushed RAM used range to memory map: 0x80402000..0x80443000, current: 0x80443000
Per-CPU data allocated at 0x80402000 - 0x80443000
Initializing per-CPU RAM for CPU0 - hard id 0x3 @ 0x80402000
CPU0 - hard id 0x3, stack top @0x80443000, stack top virt @0xffffff0080443000, entry virt @0xffffffff800246bc
EL: 1
Mapping early memory regions...
Ram                 : [0xffff000080000000, 0xffff000088000000) -> [0x0000000080000000, 0x0000000088000000) (128 MiB)
KImage              : [0xffffffff80000000, 0xffffffff80200000) -> [0x0000000080200000, 0x0000000080400000) (2 MiB)
PerCpu              : [0xffffff0080402000, 0xffffff0080443000) -> [0x0000000080402000, 0x0000000080443000) (260 KiB)
Debug serial        : [0xffff000009000000, 0xffff000009001000) -> [0x0000000009000000, 0x0000000009001000) (4 KiB)
Boot page table at physical address: 0x80443000
Setting up table registers...
MMU Entry point at physical address: 0x80227114
Trap vector at 0xffffffff8002a000
Memory Map:
  MMIO   0x00000004000000 - 0x00000008010000 (64.06 MiB)
  MMIO   0x00000008080000 - 0x00000009001000 (15.5 MiB)
  MMIO   0x00000009010000 - 0x00000009011000 (4 KiB)
  MMIO   0x00000009020000 - 0x00000009021000 (4 KiB)
  MMIO   0x00000009030000 - 0x00000009031000 (4 KiB)
  MMIO   0x0000000a000000 - 0x0000000a004000 (16 KiB)
  Free   0x00000080000000 - 0x00000080200000 (2 MiB)
  KImg   0x00000080200000 - 0x00000080400000 (2 MiB)
  Rsv    0x00000080400000 - 0x00000080402000 (8 KiB)
  PerCPU 0x00000080402000 - 0x00000080443000 (260 KiB)
  Rsv    0x00000080443000 - 0x0000008044d000 (40 KiB)
  Free   0x0000008044d000 - 0x00000088000000 (123.7 MiB)
Jumping to main entry point at 0xffffffff80013b4c with SP 0xffffff0080443000

       d8888                            .d88888b.   .d8888b.
      d88888                           d88P" "Y88b d88P  Y88b
     d88P888                           888     888 Y88b.
    d88P 888 888d888  .d8888b  .d88b.  888     888  "Y888b.
   d88P  888 888P"   d88P"    d8P  Y8b 888     888     "Y88b.
  d88P   888 888     888      88888888 888     888       "888
 d8888888888 888     Y88b.    Y8b.     Y88b. .d88P Y88b  d88P
d88P     888 888      "Y8888P  "Y8888   "Y88888P"   "Y8888P"

arch = aarch64
platform = linux,dummy-virt
target = aarch64-unknown-none-softfloat
build_mode = release
log_level = info
backtrace = false
smp = 1

[37m[  5.089948 0 ax_runtime:211] [32mLogging is enabled.[m
[m[37m[  5.090283 0 ax_runtime:212] [32mPrimary CPU 0 started, arg = 0x80400000.[m
[m[37m[  5.090367 0 ax_runtime:214] [32mFound physcial memory regions:[m
[m[37m[  5.091171 0 ax_runtime:216] [32m  [PA:0x4000000, PA:0x8010000) mmio (READ | WRITE | DEVICE | RESERVED)[m
[m[37m[  5.091381 0 ax_runtime:216] [32m  [PA:0x8080000, PA:0x9001000) mmio (READ | WRITE | DEVICE | RESERVED)[m
[m[37m[  5.091467 0 ax_runtime:216] [32m  [PA:0x9010000, PA:0x9011000) mmio (READ | WRITE | DEVICE | RESERVED)[m
[m[37m[  5.091550 0 ax_runtime:216] [32m  [PA:0x9020000, PA:0x9021000) mmio (READ | WRITE | DEVICE | RESERVED)[m
[m[37m[  5.091631 0 ax_runtime:216] [32m  [PA:0x9030000, PA:0x9031000) mmio (READ | WRITE | DEVICE | RESERVED)[m
[m[37m[  5.091714 0 ax_runtime:216] [32m  [PA:0xa000000, PA:0xa004000) mmio (READ | WRITE | DEVICE | RESERVED)[m
[m[37m[  5.091795 0 ax_runtime:216] [32m  [PA:0x80000000, PA:0x80200000) free memory (READ | WRITE | FREE)[m
[m[37m[  5.091903 0 ax_runtime:216] [32m  [PA:0x80200000, PA:0x80400000) reserved (READ | WRITE | EXECUTE | RESERVED)[m
[m[37m[  5.091995 0 ax_runtime:216] [32m  [PA:0x80400000, PA:0x80402000) reserved (READ | WRITE | EXECUTE | RESERVED)[m
[m[37m[  5.092083 0 ax_runtime:216] [32m  [PA:0x80402000, PA:0x80443000) reserved (READ | WRITE | EXECUTE | RESERVED)[m
[m[37m[  5.092168 0 ax_runtime:216] [32m  [PA:0x80443000, PA:0x8044d000) reserved (READ | WRITE | EXECUTE | RESERVED)[m
[m[37m[  5.092252 0 ax_runtime:216] [32m  [PA:0x8044d000, PA:0x88000000) free memory (READ | WRITE | FREE)[m
[m[37m[  5.092349 0 ax_runtime:358] [32mInitialize global memory allocator...[m
[m[37m[  5.092431 0 ax_runtime:359] [32m  use buddy-slab-allocator allocator.[m
[m[37m[  5.092608 0 ax_alloc::buddy_slab:150] [32mInitialize global memory allocator, start_vaddr: 0xffff00008044d000, size: 0x7bb3000[m
[m[37m[  5.093077 0 ax_alloc::buddy_slab:399] [32mglobal allocator initialized[m
[m[37m[  5.093229 0 ax_alloc::buddy_slab:160] [32mAdd memory region, start_vaddr: 0xffff000080000000, size: 0x200000[m
[m[37m[  5.093356 0 buddy_slab_allocator::global:143] [32mGlobalAllocator: skip region 0xffff000080000000+0x200000, no allocator-visible memory after 2097152 alignment[m
[m[37m[  5.093615 0 ax_runtime:251] [32mkernel aspace: [VA:0xffff000000000000, VA:0xffffffffffffffff)[m
[m[37m[  5.093748 0 ax_mm:112] [32mInitialize virtual memory management...[m
[m[37m[  5.106646 0 ax_runtime:263] [32mInitialize platform devices...[m
[m[37m[  5.112141 0 someboot::arch::power:23] [32mPower management method : SMC[m
[m[37m[  5.112325 0 somehal::driver:5] [32mInitializing rdrive with FDT at 0xffff000080400000[m
[m[37m[  5.130429 0 ax_task::api:146] [32mInitialize scheduling...[m
[m[37m[  5.131176 0 ax_task::api:151] [32m  use FIFO scheduler.[m
[m[37m[  5.131261 0 ax_runtime:289] [32mInitialize interrupt handlers...[m
[m[37m[  5.132840 0 ax_runtime::devices:2] [32mProbe platform devices...[m
[m[37m[  5.133797 0 ax_runtime:334] [32mPrimary CPU 0 init OK.[m
[mArceOS test suite run begin: 1 tests
ARCEOS_TEST_BEGIN feature=rt-latency name=periodic wake-up jitter baseline
[37m[  5.195458 1:14 axvm::arch:561] [32mVM[1]'s VCpu[0] try to boot target_cpu [2] entry_point=GPA:0x22408158c arg=0x0[m
[m[37m[  5.195831 1:14 axvm::runtime::vcpus:290] [32mSpawning task for VM[1] VCpu[1][m
[m[37m[  5.195949 1:14 axvm::runtime::vcpus:307] [32mVCpu task Task(16, "VM[1]-VCpu[1]") created cpumask: [2, ][m
[m[37m[  5.196076 1:14 axvm::runtime::vcpus:271] [32mVM[1] VCpu[1] host nice set to 10[m
[m[37m[  5.198183 2:16 axvm::runtime::vcpus:362] [32mVM[1] VCpu[1] waiting for running[m
[m[37m[  5.198484 2:16 axvm::runtime::vcpus:365] [32mVM[1] VCpu[1] running...[m
[m[    0.000000] Booting Linux on physical CPU 0x0000000001 [0x410fd083]
[    0.000000] Linux version 7.1.0-rc2-g74fe02ce122a-dirty (runner@s1lqc) (aarch64-linux-gnu-gcc (Ubuntu 13.3.0-6ubuntu2~24.04) 13.3.0, GNU ld (GNU Binutils for Ubuntu) 2.42) #1 SMP PREEMPT Fri Jul 24 05:32:39 UTC 2026
[    0.000000] KASLR enabled
[    0.000000] random: crng init done
[    0.000000] Machine model: linux,dummy-virt
[    0.000000] efi: UEFI not found.
[    0.000000] OF: reserved mem: Reserved memory: No reserved-memory node in the DT
[    0.000000] NUMA: Faking a node at [mem 0x0000000222000000-0x0000000231ffffff]
[    0.000000] NODE_DATA(0) allocated [mem 0x231f7ff00-0x231f825ff]
[    0.000000] cma: Reserved 32 MiB at 0x0000000225400000
[    0.000000] psci: probing for conduit method from DT.
[    0.000000] psci: PSCIv1.1 detected in firmware.
[    0.000000] psci: Using standard PSCI v0.2 function IDs
[    0.000000] psci: Trusted OS migration not required
[    0.000000] psci: SMC Calling Convention v1.0
[    0.000000] Zone ranges:
[    0.000000]   DMA      [mem 0x0000000222000000-0x0000000231ffffff]
[    0.000000]   DMA32    empty
[    0.000000]   Normal   empty
[    0.000000] Movable zone start for each node
[    0.000000] Early memory node ranges
[    0.000000]   node   0: [mem 0x0000000222000000-0x0000000231ffffff]
[    0.000000] Initmem setup node 0 [mem 0x0000000222000000-0x0000000231ffffff]
[    0.000000] On node 0, zone DMA: 8192 pages in unavailable ranges
[    0.000000] On node 0, zone DMA: 24576 pages in unavailable ranges
[    0.000000] percpu: Embedded 26 pages/cpu s66584 r8192 d31720 u106496
[    0.000000] Detected PIPT I-cache on CPU0
[    0.000000] CPU features: detected: GICv3 CPU interface
[    0.000000] CPU features: detected: Spectre-v2
[    0.000000] CPU features: detected: Spectre-v3a
[    0.000000] CPU features: detected: Spectre-v4
[    0.000000] CPU features: detected: Spectre-BHB
[    0.000000] CPU features: kernel page table isolation forced ON by KASLR
[    0.000000] CPU features: detected: Kernel page table isolation (KPTI)
[    0.000000] CPU features: detected: ARM erratum 1742098
[    0.000000] CPU features: detected: ARM errata 1165522, 1319367, or 1530923
[    0.000000] alternatives: applying boot alternatives
[    0.000000] Kernel command line: root=/dev/vda rw init=/bin/sh fsck.repair=yes
[    0.000000] printk: log buffer data + meta data: 131072 + 458752 = 589824 bytes
[    0.000000] Dentry cache hash table entries: 32768 (order: 6, 262144 bytes, linear)
[    0.000000] Inode-cache hash table entries: 16384 (order: 5, 131072 bytes, linear)
[    0.000000] software IO TLB: SWIOTLB bounce buffer size adjusted to 0MB
[    0.000000] software IO TLB: area num 2.
[    0.000000] software IO TLB: SWIOTLB bounce buffer size roundup to 0MB
[    0.000000] software IO TLB: mapped [mem 0x0000000231e55000-0x0000000231ed5000] (0MB)
[    0.000000] Fallback order for Node 0: 0 
[    0.000000] Built 1 zonelists, mobility grouping on.  Total pages: 65536
[    0.000000] Policy zone: DMA
[    0.000000] mem auto-init: stack:all(zero), heap alloc:off, heap free:off
[    0.000000] SLUB: HWalign=64, Order=0-3, MinObjects=0, CPUs=2, Nodes=1
[    0.000000] rcu: Preemptible hierarchical RCU implementation.
[    0.000000] rcu: 	RCU event tracing is enabled.
[    0.000000] rcu: 	RCU restricting CPUs from NR_CPUS=512 to nr_cpu_ids=2.
[    0.000000] 	Trampoline variant of Tasks RCU enabled.
[    0.000000] 	Tracing variant of Tasks RCU enabled.
[    0.000000] rcu: RCU calculated value of scheduler-enlistment delay is 25 jiffies.
[    0.000000] rcu: Adjusting geometry for rcu_fanout_leaf=16, nr_cpu_ids=2
[    0.000000] RCU Tasks: Setting shift to 1 and lim to 1 rcu_task_cb_adjust=1 rcu_task_cpu_ids=2.
[    0.000000] NR_IRQS: 64, nr_irqs: 64, preallocated irqs: 0
[    0.000000] GICv3: 256 SPIs implemented
[    0.000000] GICv3: 0 Extended SPIs implemented
[    0.000000] Root IRQ handler: gic_handle_irq
[    0.000000] GICv3: GICv3 features: 16 PPIs
[    0.000000] GICv3: GICD_CTLR.DS=1, SCR_EL3.FIQ=0
[    0.000000] GICv3: CPU0: found redistributor 1 region 0:0x00000000080c0000
[    0.000000] ITS [mem 0x08080000-0x0809ffff]
[    0.000000] ITS@0x0000000008080000: allocated 8192 Devices @227460000 (indirect, esz 8, psz 64K, shr 1)
[    0.000000] ITS@0x0000000008080000: allocated 8192 Interrupt Collections @227470000 (flat, esz 8, psz 64K, shr 1)
[    0.000000] GICv3: Expected reserved range [0x0000000087eb0000:0x0000000087ebffff], not found
[    0.000000] GICv3: using LPI property table @0x0000000227480000
[    0.000000] GICv3: CPU0: Booted with LPIs enabled, memory probably corrupted
[    0.000000] GICv3: CPU0: using allocated LPI pending table @0x0000000227490000
[    0.000000] rcu: srcu_init: Setting srcu_struct sizes based on contention.
[    0.000000] arch_timer: cp15 timer running at 62.50MHz (virt).
[    0.000000] clocksource: arch_sys_counter: mask: 0x1ffffffffffffff max_cycles: 0x1cd42e208c, max_idle_ns: 881590405314 ns
[    0.000051] sched_clock: 57 bits at 63MHz, resolution 16ns, wraps every 4398046511096ns
[    0.006796] Console: colour dummy device 80x25
[    0.007139] printk: legacy console [tty0] enabled
[    0.010689] Calibrating delay loop (skipped), value calculated using timer frequency.. 125.00 BogoMIPS (lpj=250000)
[    0.010809] pid_max: default: 32768 minimum: 301
[    0.013774] Mount-cache hash table entries: 512 (order: 0, 4096 bytes, linear)
[    0.013825] Mountpoint-cache hash table entries: 512 (order: 0, 4096 bytes, linear)
[    0.019878] VFS: Finished mounting rootfs on nullfs
[    0.035374] /cpus/cpu-map/socket0/cluster0/core0: Can't get CPU for leaf core
[    0.036256] cacheinfo: Unable to detect cache hierarchy for CPU 0
[    0.043997] rcu: Hierarchical SRCU implementation.
[    0.044057] rcu: 	Max phase no-delay instances is 1000.
[    0.044866] Timer migration: 1 hierarchy levels; 8 children per group; 1 crossnode level
[    0.046755] fsl-mc MSI: its@8080000 domain created
[    0.047992] EFI services will not be available.
[    0.048719] smp: Bringing up secondary CPUs ...
[    0.055457] Detected PIPT I-cache on CPU1
[    0.056094] GICv3: CPU1: found redistributor 2 region 0:0x00000000080e0000
[    0.056156] GICv3: CPU1: Booted with LPIs enabled, memory probably corrupted
[    0.056256] GICv3: CPU1: using allocated LPI pending table @0x00000002274a0000
[    0.056687] CPU1: Booted secondary processor 0x0000000002 [0x410fd083]
[    0.059517] smp: Brought up 1 node, 2 CPUs
[    0.059617] SMP: Total of 2 processors activated.
[    0.059650] CPU: All CPU(s) started at EL1
[    0.059859] CPU features: detected: 32-bit EL0 Support
[    0.059883] CPU features: detected: 32-bit EL1 Support
[    0.059938] CPU features: detected: CRC32 instructions
[    0.060081] CPU features: detected: PMUv3
[    0.065718] alternatives: applying system-wide alternatives
[    0.085044] Memory: 167120K/262144K available (18688K kernel code, 5242K rwdata, 14480K rodata, 12672K init, 718K bss, 59956K reserved, 32768K cma-reserved)
[    0.105081] devtmpfs: initialized
[    0.120291] clocksource: jiffies: mask: 0xffffffff max_cycles: 0xffffffff, max_idle_ns: 7645041785100000 ns
[    0.120759] posixtimers hash table entries: 1024 (order: 2, 16384 bytes, linear)
[    0.120967] futex hash table entries: 512 (32768 bytes on 1 NUMA nodes, total 32 KiB, linear).
[    0.122756] 2G module region forced by RANDOMIZE_MODULE_REGION_FULL
[    0.122820] 0 pages in range for non-PLT usage
[    0.122853] 511264 pages in range for PLT usage
[    0.132449] DMI: not present or invalid.
[    0.148948] NET: Registered PF_NETLINK/PF_ROUTE protocol family
[    0.158264] DMA: preallocated 128 KiB GFP_KERNEL|GFP_DMA pool for atomic allocations
[    0.158527] audit: initializing netlink subsys (disabled)
[    0.160000] audit: type=2000 audit(0.148:1): state=initialized audit_enabled=0 res=1
[    0.166575] thermal_sys: Registered thermal governor 'step_wise'
[    0.166631] thermal_sys: Registered thermal governor 'power_allocator'
[    0.167151] cpuidle: using governor menu
[    0.168526] hw-breakpoint: found 6 breakpoint and 4 watchpoint registers.
[    0.169276] ASID allocator initialised with 32768 entries
[    0.173400] Serial: AMBA PL011 UART driver
[    0.209313] 9000000.pl011: ttyAMA0 at MMIO 0x9000000 (irq = 13, base_baud = 0) is a PL011 rev1
[    0.211080] printk: console [ttyAMA0] enabled
[    0.227328] HugeTLB: registered 1.00 GiB page size, pre-allocated 0 pages
[    0.227409] HugeTLB: 0 KiB vmemmap can be freed for a 1.00 GiB page
[    0.227441] HugeTLB: registered 32.0 MiB page size, pre-allocated 0 pages
[    0.227457] HugeTLB: 0 KiB vmemmap can be freed for a 32.0 MiB page
[    0.227471] HugeTLB: registered 2.00 MiB page size, pre-allocated 0 pages
[    0.227483] HugeTLB: 0 KiB vmemmap can be freed for a 2.00 MiB page
[    0.227496] HugeTLB: registered 64.0 KiB page size, pre-allocated 0 pages
[    0.227509] HugeTLB: 0 KiB vmemmap can be freed for a 64.0 KiB page
[    0.232898] ACPI: Interpreter disabled.
[    0.236865] iommu: Default domain type: Translated
[    0.236921] iommu: DMA domain TLB invalidation policy: strict mode
[    0.238078] SCSI subsystem initialized
[    0.239776] usbcore: registered new interface driver usbfs
[    0.240059] usbcore: registered new interface driver hub
[    0.240228] usbcore: registered new device driver usb
[    0.241548] pps_core: LinuxPPS API ver. 1 registered
[    0.241618] pps_core: Software ver. 5.3.6 - Copyright 2005-2007 Rodolfo Giometti <giometti@linux.it>
[    0.241696] PTP clock support registered
[    0.241981] EDAC MC: Ver: 3.0.0
[    0.243106] scmi_core: SCMI protocol bus registered
[    0.244942] FPGA manager framework
[    0.252608] vgaarb: loaded
[    0.254240] clocksource: Switched to clocksource arch_sys_counter
[    0.255523] VFS: Disk quotas dquot_6.6.0
[    0.255640] VFS: Dquot-cache hash table entries: 512 (order 0, 4096 bytes)
[    0.257259] pnp: PnP ACPI: disabled
[    0.272681] NET: Registered PF_INET protocol family
[    0.273514] IP idents hash table entries: 4096 (order: 3, 32768 bytes, linear)
[    0.275984] tcp_listen_portaddr_hash hash table entries: 256 (order: 0, 4096 bytes, linear)
[    0.276249] Table-perturb hash table entries: 65536 (order: 6, 262144 bytes, linear)
[    0.276322] TCP established hash table entries: 2048 (order: 2, 16384 bytes, linear)
[    0.276464] TCP bind hash table entries: 2048 (order: 4, 65536 bytes, linear)
[    0.276569] TCP: Hash tables configured (established 2048 bind 2048)
[    0.277365] UDP hash table entries: 256 (order: 2, 16384 bytes, linear)
[    0.278298] NET: Registered PF_UNIX/PF_LOCAL protocol family
[    0.280154] RPC: Registered named UNIX socket transport module.
[    0.280237] RPC: Registered udp transport module.
[    0.280264] RPC: Registered tcp transport module.
[    0.280279] RPC: Registered tcp-with-tls transport module.
[    0.280294] RPC: Registered tcp NFSv4.1 backchannel transport module.
[    0.280372] PCI: CLS 0 bytes, default 64
[    0.282424] kvm [1]: HYP mode not available
[    0.285557] Initialise system trusted keyrings
[    0.286825] workingset: timestamp_bits=42 (anon: 38) max_order=16 bucket_order=0 (anon: 0)
[    0.288413] squashfs: version 4.0 (2009/01/31) Phillip Lougher
[    0.289961] NFS: Registering the id_resolver key type
[    0.290390] Key type id_resolver registered
[    0.290457] Key type id_legacy registered
[    0.290731] nfs4filelayout_init: NFSv4 File Layout Driver Registering...
[    0.290846] nfs4flexfilelayout_init: NFSv4 Flexfile Layout Driver Registering...
[    0.291475] 9p: Installing v9fs 9p2000 file system support
[    0.292885] Key type asymmetric registered
[    0.292978] Asymmetric key parser 'x509' registered
[    0.293195] Block layer SCSI generic (bsg) driver version 0.4 loaded (major 244)
[    0.293337] io scheduler mq-deadline registered
[    0.293424] io scheduler kyber registered
[    0.293662] io scheduler bfq registered
[    0.310821] pl061_gpio 9030000.pl061: PL061 GPIO chip registered
[    0.313655] ledtrig-cpu: registered to indicate activity on CPUs
[    0.316335] pci-host-generic 4010000000.pcie: host bridge /pcie@10000000 ranges:
[    0.316840] pci-host-generic 4010000000.pcie:       IO 0x003eff0000..0x003effffff -> 0x0000000000
[    0.317237] pci-host-generic 4010000000.pcie:      MEM 0x0010000000..0x003efeffff -> 0x0010000000
[    0.317303] pci-host-generic 4010000000.pcie:      MEM 0x8000000000..0xffffffffff -> 0x8000000000
[    0.317872] pci-host-generic 4010000000.pcie: Memory resource size exceeds max for 32 bits
[    0.318403] pci-host-generic 4010000000.pcie: ECAM at [mem 0x4010000000-0x401fffffff] for [bus 00-ff]
[    0.319580] pci-host-generic 4010000000.pcie: PCI host bridge to bus 0000:00
[    0.319833] pci_bus 0000:00: root bus resource [bus 00-ff]
[    0.319904] pci_bus 0000:00: root bus resource [io  0x0000-0xffff]
[    0.319954] pci_bus 0000:00: root bus resource [mem 0x10000000-0x3efeffff]
[    0.319984] pci_bus 0000:00: root bus resource [mem 0x8000000000-0xffffffffff]
[    0.321079] pci 0000:00:00.0: [1b36:0008] type 00 class 0x060000 conventional PCI endpoint
[    0.324341] pci 0000:00:01.0: [1af4:1000] type 00 class 0x020000 conventional PCI endpoint
[    0.325005] pci 0000:00:01.0: BAR 0 [io  0x0000-0x001f]
[    0.325092] pci 0000:00:01.0: BAR 1 [mem 0x10000000-0x10000fff]
[    0.325138] pci 0000:00:01.0: BAR 4 [mem 0x8000000000-0x8000003fff 64bit pref]
[    0.325690] pci 0000:00:01.0: ROM [mem 0x00000000-0x0007ffff pref]
[    0.327476] pci 0000:00:01.0: ROM [mem 0x10000000-0x1007ffff pref]: assigned
[    0.327685] pci 0000:00:01.0: BAR 4 [mem 0x8000000000-0x8000003fff 64bit pref]: assigned
[    0.328139] pci 0000:00:01.0: BAR 1 [mem 0x10080000-0x10080fff]: assigned
[    0.328447] pci 0000:00:01.0: BAR 0 [io  0x1000-0x101f]: assigned
[    0.328863] pci_bus 0000:00: resource 4 [io  0x0000-0xffff]
[    0.328913] pci_bus 0000:00: resource 5 [mem 0x10000000-0x3efeffff]
[    0.328934] pci_bus 0000:00: resource 6 [mem 0x8000000000-0xffffffffff]
[    0.373482] Serial: 8250/16550 driver, 4 ports, IRQ sharing enabled
[    0.378892] msm_serial: driver initialized
[    0.379627] SuperH (H)SCI(F) driver initialized
[    0.379873] STM32 USART driver initialized
[    0.395069] loop: module loaded
[    0.395696] virtio_blk virtio0: 1/0/0 default/read/poll queues
[    0.398191] virtio_blk virtio0: [vda] 4194304 512-byte logical blocks (2.15 GB/2.00 GiB)
[    0.412754] megasas: 07.734.00.00-rc1
[    0.416021] physmap-flash 0.flash: physmap platform flash device: [mem 0x00000000-0x03ffffff]
[    0.417340] 0.flash: Found 2 x16 devices at 0x0 in 32-bit bank. Manufacturer ID 0x000000 Chip ID 0x000000
[    0.417906] Intel/Sharp Extended Query Table at 0x0031
[    0.418762] Using buffer write method
[    0.419356] physmap-flash 0.flash: physmap platform flash device: [mem 0x04000000-0x07ffffff]
[    0.419762] 0.flash: Found 2 x16 devices at 0x0 in 32-bit bank. Manufacturer ID 0x000000 Chip ID 0x000000
[    0.419824] Intel/Sharp Extended Query Table at 0x0031
[    0.420206] Using buffer write method
[    0.420289] Concatenating MTD devices:
[    0.420315] (0): "0.flash"
[    0.420339] (1): "0.flash"
[    0.420352] into device "0.flash"
[    0.437263] tun: Universal TUN/TAP device driver, 1.6
[    0.450856] thunder_xcv, ver 1.0
[    0.450999] thunder_bgx, ver 1.0
[    0.451100] nicpf, ver 1.0
[    0.452997] e1000: Intel(R) PRO/1000 Network Driver
[    0.453043] e1000: Copyright (c) 1999-2006 Intel Corporation.
[    0.453147] e1000e: Intel(R) PRO/1000 Network Driver
[    0.453172] e1000e: Copyright(c) 1999 - 2015 Intel Corporation.
[    0.453257] igb: Intel(R) Gigabit Ethernet Network Driver
[    0.453279] igb: Copyright (c) 2007-2014 Intel Corporation.
[    0.453362] igbvf: Intel(R) Gigabit Virtual Function Network Driver
[    0.453384] igbvf: Copyright (c) 2009 - 2012 Intel Corporation.
[    0.453787] sky2: driver version 1.30
[    0.456138] VFIO - User Level meta-driver version: 0.3
[    0.460981] usbcore: registered new interface driver usb-storage
[    0.466635] rtc-pl031 9010000.pl031: registered as rtc0
[    0.467090] rtc-pl031 9010000.pl031: setting system clock to 2026-08-01T11:18:17 UTC (1785583097)
[    0.468226] i2c_dev: i2c /dev entries driver
[    0.483735] usbcore: registered new interface driver usbhid
[    0.483800] usbhid: USB HID core driver
[    0.489805] hw perfevents: enabled with armv8_pmuv3 PMU driver, 7 (0,8000003f) counters available
[    0.495763] NET: Registered PF_INET6 protocol family
[    0.500875] Segment Routing with IPv6
[    0.501036] In-situ OAM (IOAM) with IPv6
[    0.501333] sit: IPv6, IPv4 and MPLS over IPv4 tunneling driver
[    0.503255] NET: Registered PF_PACKET protocol family
[    0.504129] 9pnet: Installing 9P2000 support
[    0.504367] Key type dns_resolver registered
[    0.521973] registered taskstats version 1
[    0.524490] Loading compiled-in X.509 certificates
[    0.535908] Demotion targets for Node 0: null
[    0.542566] input: gpio-keys as /devices/platform/gpio-keys/input/input0
[    0.546080] clk: Disabling unused clocks
[    0.546274] PM: genpd: Disabling unused power domains
[    0.568806] EXT4-fs (vda): recovery complete
[    0.569583] EXT4-fs (vda): mounted filesystem 60a4282b-9b0a-4994-9e9c-109a16c762f3 r/w with ordered data mode. Quota mode: none.
[    0.569888] VFS: Mounted root (ext4 filesystem) on device 254:0.
[    0.571407] devtmpfs: mounted
[    0.572778] VFS: Pivoted into new rootfs
[    0.631259] Freeing unused kernel memory: 12672K
[    0.632440] Run /bin/sh as init process
/bin/sh: can't access tty; job control turned off
~ # [6nfor i in 1 2 3 4; do sh -c 'while true; do :; done' & done; echo TASK1_STRES
S_STARTED
TASK1_STRESS_STARTED
~ # [6nRT_LATENCY mode=guest period_ms=1 samples=180000 mean_jitter_ns=93534 p99_jitter_ns=224704 p999_jitter_ns=361488 max_jitter_ns=10120704
RT_LATENCY mode=guest period_ms=10 samples=180000 mean_jitter_ns=130610 p99_jitter_ns=294208 p999_jitter_ns=419280 max_jitter_ns=10078992
RT_LATENCY_PASS

=== SUCCESS PATTERN MATCHED: RT_LATENCY_PASS ===
ARCEOS_TEST_END feature=rt-latency name=periodic wake-up jitter baseline status=pass elapsed_ms=2020613
ArceOS test suite run OK!
[37m[2025.748379 3:15 axvm::arch::aarch64:309] [33mVM[2] run VCpu[0] SystemDown[m
[m[37m[2025.748647 3:15 axvm::vm:664] [32mStopping VM[2]: SystemDown[m
[m[37m[2025.748988 3:15 axvm::runtime::vcpus:404] [33mVM[2] VCpu[0] stopping because of VM stopping[m
[m[37m[2025.749124 3:15 axvm::runtime::vcpus:410] [32mVM[2] VCpu[0] last VCpu exiting, decreasing running VM count[m
[m[37m[2025.749312 3:15 axvm::runtime::vcpus:415] [32mVM[2] state changed to Stopped[m
[m[37m[2025.749466 3:15 axvm::runtime::vcpus:427] [32mVM[2] VCpu[0] exiting...[m
[m[axbuild] qemu run package=axvisor target=scripts/targets/std/pie/aarch64-unknown-linux-musl.json ... done (2026.31s)
  qemu run: 2026.36s
ok: mixed-rt-stress-round1-opt-long (2026.36s)

axvisor qemu test summary:
  PASS mixed-rt-stress-round1-opt-long (2026.36s)
result: 1/1 case(s) passed
total: 2031.21s
all axvisor qemu tests passed
[task1] Wrote /home/allen/codes/os/tgoskits/plans/task1-reports/stress-baseline-vs-opt-long-20260801T104415Z.md
[task1] === Long stress comparison complete ===
