    Finished `dev` profile [unoptimized + debuginfo] target(s) in 0.20s
     Running `target/debug/tg-xtask axvisor test qemu --arch aarch64 -g stress -c mixed-rt-stress-baseline-short`
[2026-07-31T14:26:51Z INFO  axbuild::context] Workspace root: /home/allen/codes/os/tgoskits
running axvisor qemu tests for arch: aarch64 (target: aarch64-unknown-none-softfloat, cases: 1)
[2026-07-31T14:26:51Z INFO  axbuild::context] Workspace member dir for axvisor: /home/allen/codes/os/tgoskits/os/axvisor
Using build config: /home/allen/codes/os/tgoskits/test-suit/axvisor/stress/mixed-rt-stress-baseline-short/build-aarch64-unknown-none-softfloat.toml
[2026-07-31T14:26:51Z INFO  ostool::run::qemu] Using QEMU config file: /home/allen/codes/os/tgoskits/test-suit/axvisor/stress/mixed-rt-stress-baseline-short/qemu-aarch64.toml
Using build config: /home/allen/codes/os/tgoskits/test-suit/axvisor/stress/mixed-rt-stress-baseline-short/build-aarch64-unknown-none-softfloat.toml
file already exists and passed checksum verification
image archive verified at /home/allen/codes/os/tgoskits/tmp/axbuild/rootfs/rootfs-aarch64-alpine.img.tar.xz
image already extracted and up to date at /home/allen/codes/os/tgoskits/tmp/axbuild/rootfs/rootfs-aarch64-alpine.img
Using build config: /home/allen/codes/os/tgoskits/test-suit/axvisor/stress/mixed-rt-stress-baseline-short/build-aarch64-unknown-none-softfloat.toml
[axbuild] cargo build package=axvisor target=scripts/targets/std/pie/aarch64-unknown-linux-musl.json config=/home/allen/codes/os/tgoskits/test-suit/axvisor/stress/mixed-rt-stress-baseline-short/build-aarch64-unknown-none-softfloat.toml ...
sh -c /home/allen/codes/os/tgoskits/tmp/axbuild/std/prebuild/prebuild-aarch64-unknown-linux-musl-25757cc8233f29c6.sh
AR_aarch64_unknown_linux_musl=aarch64-linux-musl-ar
AXVISOR_VM_CONFIGS=/home/allen/codes/os/tgoskits/os/axvisor/configs/vms/qemu/aarch64/linux-smp2.toml:/home/allen/codes/os/tgoskits/os/axvisor/configs/vms/qemu/aarch64/arceos-rt-smp1-baseline.toml
AX_ARCH=aarch64
AX_LOG=info
AX_TARGET=aarch64-unknown-none-softfloat
BINDGEN_EXTRA_CLANG_ARGS_aarch64_unknown_linux_musl=--target=aarch64-linux-musl --sysroot=/home/allen/tools/aarch64-linux-musl-cross/bin/../aarch64-linux-musl --gcc-toolchain=/home/allen/tools/aarch64-linux-musl-cross -isystem /home/allen/tools/aarch64-linux-musl-cross/bin/../aarch64-linux-musl/include -isystem /home/allen/tools/aarch64-linux-musl-cross/lib/gcc/aarch64-linux-musl/11.2.1/include -mgeneral-regs-only
CARGO_UNSTABLE_JSON_TARGET_SPEC=true
CC_aarch64_unknown_linux_musl=aarch64-linux-musl-cc
CFLAGS_aarch64_unknown_linux_musl=-mgeneral-regs-only
CXXFLAGS_aarch64_unknown_linux_musl=-mgeneral-regs-only
cargo build --config /home/allen/codes/os/tgoskits/tmp/axbuild/std/config-aarch64-unknown-linux-musl-dynamic.toml -p axvisor --target scripts/targets/std/pie/aarch64-unknown-linux-musl.json -Z unstable-options --target-dir /home/allen/codes/os/tgoskits/target --features ax-std/fs,ax-std/sched-cfs,ax-std/smp,ax-std/std-compat,ax-std/virtio-blk,fs,sched-cfs,log/release_max_level_info -Z json-target-spec --bin axvisor --release --message-format json-render-diagnostics
warning: function `set_fdt_addr_phys_if_valid` is never used
  --> platforms/someboot/src/fdt/mod.rs:32:15
   |
32 | pub(crate) fn set_fdt_addr_phys_if_valid(fdt_addr: usize) -> bool {
   |               ^^^^^^^^^^^^^^^^^^^^^^^^^^
   |
   = note: `#[warn(dead_code)]` (part of `#[warn(unused)]`) on by default

warning: `someboot` (lib) generated 1 warning
   Compiling axvisor v0.5.21 (/home/allen/codes/os/tgoskits/os/axvisor)
   Compiling axvm v0.5.23 (/home/allen/codes/os/tgoskits/virtualization/axvm)
warning: function `set_pending_irq` is never used
  --> virtualization/axvm/src/host/gic.rs:61:15
   |
61 | pub(crate) fn set_pending_irq(intid: usize) {
   |               ^^^^^^^^^^^^^^^
   |
   = note: `#[warn(dead_code)]` (part of `#[warn(unused)]`) on by default

warning: `axvm` (lib) generated 1 warning
    Finished `release` profile [optimized] target(s) in 2.67s
warning: the following packages contain code that will be rejected by a future version of Rust: core v0.0.0 (/home/allen/.rustup/toolchains/nightly-2026-05-28-x86_64-unknown-linux-gnu/lib/rustlib/src/rust/library/core), memchr v2.8.2
note: to see what the problems were, use the option `--future-incompat-report`, or run `cargo report future-incompatibilities --id 1`
Converting ELF to BIN format...
  elf: /home/allen/codes/os/tgoskits/target/aarch64-unknown-linux-musl/release/axvisor
  bin: /home/allen/codes/os/tgoskits/target/aarch64-unknown-linux-musl/release/axvisor.bin
/home/allen/.rustup/toolchains/nightly-2026-05-28-x86_64-unknown-linux-gnu/lib/rustlib/x86_64-unknown-linux-gnu/bin/llvm-objcopy --strip-all -O binary /home/allen/codes/os/tgoskits/target/aarch64-unknown-linux-musl/release/axvisor /home/allen/codes/os/tgoskits/target/aarch64-unknown-linux-musl/release/axvisor.bin
[axbuild] cargo build package=axvisor target=scripts/targets/std/pie/aarch64-unknown-linux-musl.json config=/home/allen/codes/os/tgoskits/test-suit/axvisor/stress/mixed-rt-stress-baseline-short/build-aarch64-unknown-none-softfloat.toml ... done (2.99s)
[axbuild] cargo build elf=/home/allen/codes/os/tgoskits/target/aarch64-unknown-linux-musl/release/axvisor
[axbuild] cargo build artifact_dir=/home/allen/codes/os/tgoskits/target/aarch64-unknown-linux-musl/release
[1/1] axvisor qemu mixed-rt-stress-baseline-short
AXBUILD_TIMING: scope=qemu-asset case=mixed-rt-stress-baseline-short phase=resolve-pipeline elapsed_s=0.000
AXBUILD_TIMING: scope=qemu-asset case=mixed-rt-stress-baseline-short phase=plain-rootfs pipeline=plain elapsed_s=0.000
Using build config: /home/allen/codes/os/tgoskits/test-suit/axvisor/stress/mixed-rt-stress-baseline-short/build-aarch64-unknown-none-softfloat.toml
  prepare assets: 9.02ms (pipeline=plain, cache=miss)
  qemu config: /home/allen/codes/os/tgoskits/test-suit/axvisor/stress/mixed-rt-stress-baseline-short/qemu-aarch64.toml (timeout=600s)
  rootfs: /home/allen/codes/os/tgoskits/tmp/axbuild/rootfs/rootfs-aarch64-alpine.img/rootfs-aarch64-alpine.img
[axbuild] qemu run package=axvisor target=scripts/targets/std/pie/aarch64-unknown-linux-musl.json ...
qemu-system-aarch64 -nographic -cpu cortex-a72 -machine virt,virtualization=on,gic-version=3 -smp 4 -device virtio-blk-device,drive=disk0 -drive id=disk0,if=none,format=raw,file=/home/allen/codes/os/tgoskits/tmp/axbuild/rootfs/rootfs-aarch64-alpine.img/rootfs-aarch64-alpine.img -append root=/dev/vda rw init=/bin/sh -m 8g -snapshot -kernel /home/allen/codes/os/tgoskits/target/aarch64-unknown-linux-musl/release/axvisor.bin
root=/dev/vda rw init=/bin/sh
VM Load @0x40200000
VM Load Offset: 0xffff0000c0200000
Memory Map:
  Free   0x00000040000000 - 0x00000040200000 (2 MiB)
  KImg   0x00000040200000 - 0x00000040600000 (4 MiB)
  Free   0x00000040600000 - 0x00000240000000 (7.99 GiB)
Initialize RAM allocator: 0x40600000..0x240000000
Initializing per-CPU data
Per-CPU data one cpu size: 0x43000 bytes
Total per-CPU data size for secondary CPUs: 0x10c000 bytes (4 CPUs)
Flushed RAM used range to memory map: 0x40600000..0x40700000, current: 0x40700000
Flushed RAM used range to memory map: 0x40700000..0x4080c000, current: 0x4080c000
Per-CPU data allocated at 0x40700000 - 0x4080c000
Initializing per-CPU RAM for CPU0 - hard id 0x0 @ 0x40700000
Initializing per-CPU RAM for CPU1 - hard id 0x1 @ 0x40743000
Initializing per-CPU RAM for CPU2 - hard id 0x2 @ 0x40786000
Initializing per-CPU RAM for CPU3 - hard id 0x3 @ 0x407c9000
CPU0 - hard id 0x0, stack top @0x40743000, stack top virt @0xff0040743000, entry virt @0xffff8017a3c8
CPU1 - hard id 0x1, stack top @0x40786000, stack top virt @0xff0040786000, entry virt @0xffff8017a3c8
CPU2 - hard id 0x2, stack top @0x407c9000, stack top virt @0xff00407c9000, entry virt @0xffff8017a3c8
CPU3 - hard id 0x3, stack top @0x4080c000, stack top virt @0xff004080c000, entry virt @0xffff8017a3c8
EL: 2
Mapping early memory regions...
Ram                 : [0x0000000040000000, 0x0000000240000000) -> [0x0000000040000000, 0x0000000240000000) (8 GiB)
KImage              : [0x0000ffff80000000, 0x0000ffff80400000) -> [0x0000000040200000, 0x0000000040600000) (4 MiB)
PerCpu              : [0x0000ff0040700000, 0x0000ff004080c000) -> [0x0000000040700000, 0x000000004080c000) (1.05 MiB)
Debug serial        : [0x0000000009000000, 0x0000000009001000) -> [0x0000000009000000, 0x0000000009001000) (4 KiB)
Boot page table at physical address: 0x4080c000
Setting up table registers...
MMU Entry point at physical address: 0x40375688
Trap vector at 0xffff80179800
Memory Map:
  MMIO   0x00000004000000 - 0x00000008010000 (64.06 MiB)
  MMIO   0x00000008080000 - 0x00000009001000 (15.5 MiB)
  MMIO   0x00000009010000 - 0x00000009011000 (4 KiB)
  MMIO   0x00000009020000 - 0x00000009021000 (4 KiB)
  MMIO   0x00000009030000 - 0x00000009031000 (4 KiB)
  MMIO   0x0000000a000000 - 0x0000000a004000 (16 KiB)
  Free   0x00000040000000 - 0x00000040200000 (2 MiB)
  KImg   0x00000040200000 - 0x00000040600000 (4 MiB)
  Rsv    0x00000040600000 - 0x00000040700000 (1 MiB)
  PerCPU 0x00000040700000 - 0x0000004080c000 (1.05 MiB)
  Rsv    0x0000004080c000 - 0x00000040816000 (40 KiB)
  Free   0x00000040816000 - 0x00000240000000 (7.99 GiB)
  MMIO   0x00004010000000 - 0x00004020000000 (256 MiB)
Jumping to main entry point at 0xffff8015f194 with SP 0x0000ff0040743000

       d8888                            .d88888b.   .d8888b.
      d88888                           d88P" "Y88b d88P  Y88b
     d88P888                           888     888 Y88b.
    d88P 888 888d888  .d8888b  .d88b.  888     888  "Y888b.
   d88P  888 888P"   d88P"    d8P  Y8b 888     888     "Y88b.
  d88P   888 888     888      88888888 888     888       "888
 d8888888888 888     Y88b.    Y8b.     Y88b. .d88P Y88b  d88P
d88P     888 888      "Y8888P  "Y8888   "Y88888P"   "Y8888P"

arch = aarch64
platform = linux,dummy-virt
target = aarch64-unknown-none-softfloat
build_mode = 
log_level = info
backtrace = false
smp = 4

[37m[  0.058744 ax_runtime:211] [32mLogging is enabled.[m
[m[37m[  0.059154 ax_runtime:212] [32mPrimary CPU 0 started, arg = 0x40600000.[m
[m[37m[  0.059239 ax_runtime:214] [32mFound physcial memory regions:[m
[m[37m[  0.060174 ax_runtime:216] [32m  [PA:0x4000000, PA:0x8010000) mmio (READ | WRITE | DEVICE | RESERVED)[m
[m[37m[  0.060387 ax_runtime:216] [32m  [PA:0x8080000, PA:0x9001000) mmio (READ | WRITE | DEVICE | RESERVED)[m
[m[37m[  0.060477 ax_runtime:216] [32m  [PA:0x9010000, PA:0x9011000) mmio (READ | WRITE | DEVICE | RESERVED)[m
[m[37m[  0.060564 ax_runtime:216] [32m  [PA:0x9020000, PA:0x9021000) mmio (READ | WRITE | DEVICE | RESERVED)[m
[m[37m[  0.060653 ax_runtime:216] [32m  [PA:0x9030000, PA:0x9031000) mmio (READ | WRITE | DEVICE | RESERVED)[m
[m[37m[  0.060741 ax_runtime:216] [32m  [PA:0xa000000, PA:0xa004000) mmio (READ | WRITE | DEVICE | RESERVED)[m
[m[37m[  0.060828 ax_runtime:216] [32m  [PA:0x40000000, PA:0x40200000) free memory (READ | WRITE | FREE)[m
[m[37m[  0.060943 ax_runtime:216] [32m  [PA:0x40200000, PA:0x40600000) reserved (READ | WRITE | EXECUTE | RESERVED)[m
[m[37m[  0.061040 ax_runtime:216] [32m  [PA:0x40600000, PA:0x40700000) reserved (READ | WRITE | EXECUTE | RESERVED)[m
[m[37m[  0.061136 ax_runtime:216] [32m  [PA:0x40700000, PA:0x4080c000) reserved (READ | WRITE | EXECUTE | RESERVED)[m
[m[37m[  0.061228 ax_runtime:216] [32m  [PA:0x4080c000, PA:0x40816000) reserved (READ | WRITE | EXECUTE | RESERVED)[m
[m[37m[  0.061320 ax_runtime:216] [32m  [PA:0x40816000, PA:0x240000000) free memory (READ | WRITE | FREE)[m
[m[37m[  0.061405 ax_runtime:216] [32m  [PA:0x4010000000, PA:0x4020000000) mmio (READ | WRITE | DEVICE | RESERVED)[m
[m[37m[  0.061517 ax_runtime:358] [32mInitialize global memory allocator...[m
[m[37m[  0.061603 ax_runtime:359] [32m  use buddy-slab-allocator allocator.[m
[m[37m[  0.061797 ax_alloc::buddy_slab:150] [32mInitialize global memory allocator, start_vaddr: 0x40816000, size: 0x1ff7ea000[m
[m[37m[  0.069013 ax_alloc::buddy_slab:399] [32mglobal allocator initialized[m
[m[37m[  0.069238 ax_alloc::buddy_slab:160] [32mAdd memory region, start_vaddr: 0x40000000, size: 0x200000[m
[m[37m[  0.069390 buddy_slab_allocator::global:143] [32mGlobalAllocator: skip region 0x40000000+0x200000, no allocator-visible memory after 2097152 alignment[m
[m[37m[  0.069743 ax_runtime:251] [32mkernel aspace: [VA:0x0, VA:0xffffffffffffffff)[m
[m[37m[  0.069891 ax_mm:112] [32mInitialize virtual memory management...[m
[m[37m[  0.600854 ax_runtime:263] [32mInitialize platform devices...[m
[m[37m[  0.607976 someboot::arch::power:23] [32mPower management method : SMC[m
[m[37m[  0.608148 somehal::driver:5] [32mInitializing rdrive with FDT at 0x40600000[m
[m[37m[  0.631966 ax_task::api:146] [32mInitialize scheduling...[m
[m[37m[  0.633088 ax_task::api:151] [32m  use Completely Fair scheduler.[m
[m[37m[  0.633186 ax_runtime:289] [32mInitialize interrupt handlers...[m
[m[37m[  0.636137 ax_runtime::devices:2] [32mProbe platform devices...[m
[m[37m[  0.640342 virtio_drivers::device::blk:63] [32mfound a block device of size 2097152KB[m
[m[37m[  0.641133 ax_driver::virtio::block:91] [32mregistered virtio block device[m
[m[37m[  0.681790 ax_runtime::irq:120] [32mregistered virtio-blk/0 irq IrqId { domain: IrqDomainId(7), hwirq: HwIrq(79) }[m
[m[37m[  0.682390 ax_fs_ng::block::runtime::device:1359] [33mrdif filesystem block device virtio-blk registered with IRQ-driven completion[m
[m[37m[  0.682551 ax_fs_ng::block::runtime::device:1361] [32mregistered rdif filesystem block device virtio-blk[m
[m[37m[  0.689308 ax_fs_ng::root:249] [32m    raw device fs=Some(Ext4)[m
[m[37m[  0.689523 ax_fs_ng::root:280] [32m  block device 0 (virtio-blk) has no usable partition table; treating the whole disk as a candidate[m
[m[37m[  0.689950 ax_fs_ng::root:389] [32m  matched root by raw device path on disk0 raw device[m
[m[37m[  0.690186 ax_fs_ng:75] [32mInitialize filesystem subsystem...[m
[m[37m[  0.690265 ax_fs_ng:76] [32m  selected root device: disk0 raw device[m
[m[37m[  0.718336 rsext4::ext4::mount:340] [32m/lost+found exists (path resolution, repaired hint inode=11)[m
[m[37m[  0.719433 rsext4::ext4::mount:462] [32mExt4 filesystem mounted[m
[m[37m[  0.719526 rsext4::ext4::mount:463] [32m  - block size: 4096 bytes[m
[m[37m[  0.719623 rsext4::ext4::mount:464] [32m  - total blocks: 524288[m
[m[37m[  0.719708 rsext4::ext4::mount:465] [32m  - free blocks: 113691[m
[m[37m[  0.719792 rsext4::ext4::mount:466] [32m  - total inodes: 131072[m
[m[37m[  0.719875 rsext4::ext4::mount:467] [32m  - free inodes: 125267[m
[m[37m[  0.719972 rsext4::ext4::sync:13] [32mSyncing filesystem...[m
[m[37m[  0.726366 rsext4::ext4::mount:546] [32mExt4 filesystem mounted[m
[m[37m[  0.726914 ax_fs_ng:88] [32m  filesystem type: "ext4"[m
[m[37m[  0.730079 ax_runtime::mp:79] [32mSecondary CPU 1 started.[m
[m[37m[  0.732150 ax_runtime::mp:79] [32mSecondary CPU 2 started.[m
[m[37m[  0.733156 ax_runtime::mp:107] [32mSecondary CPU 1 init OK.[m
[m[37m[  0.734656 ax_runtime::mp:79] [32mSecondary CPU 3 started.[m
[m[37m[  0.734701 ax_runtime:334] [32mPrimary CPU 0 init OK.[m
[m[37m[  0.734951 ax_runtime::mp:107] [32mSecondary CPU 2 init OK.[m
[m[37m[  0.738362 ax_runtime::mp:107] [32mSecondary CPU 3 init OK.[m
[m

       d8888            888     888  d8b
      d88888            888     888  Y8P
     d88P888            888     888
    d88P 888  888  888  Y88b   d88P  888  .d8888b    .d88b.   888d888
   d88P  888  `Y8bd8P'   Y88b d88P   888  88K       d88""88b  888P"
  d88P   888    X88K      Y88o88P    888  "Y8888b.  888  888  888
 d8888888888  .d8""8b.     Y888P     888       X88  Y88..88P  888
d88P     888  888  888      Y8P      888   88888P'   "Y88P"   888


by AxVisor Team

[37m[  0.740818 0:2 axvisor::task:17] [32mAxVisor management task pinned to pCPU0[m
[m[37m[  0.740945 0:2 axvisor:59] [32mStarting virtualization...[m
[m[37m[  0.741065 0:2 axvm::host::arceos:331] [32mEnabling hardware virtualization support on all cores...[m
[m[37m[  0.741190 0:2 axvm::host::arceos:337] [32mCore 0 is initializing hardware virtualization support...[m
[m[37m[  0.741322 0:2 axvm::timer:132] [32mInitializing AxVM timer wheel...[m
[m[37m[  0.741581 0:2 axvm::host::arceos:339] [32mHardware virtualization support enabled on core 0[m
[m[37m[  0.743006 1:11 axvm::host::arceos:349] [32mCore 1 is initializing hardware virtualization support...[m
[m[37m[  0.743273 1:11 axvm::timer:132] [32mInitializing AxVM timer wheel...[m
[m[37m[  0.743471 1:11 axvm::host::arceos:352] [32mHardware virtualization support enabled on core 1[m
[m[37m[  0.743904 2:12 axvm::host::arceos:349] [32mCore 2 is initializing hardware virtualization support...[m
[m[37m[  0.744093 2:12 axvm::timer:132] [32mInitializing AxVM timer wheel...[m
[m[37m[  0.744239 2:12 axvm::host::arceos:352] [32mHardware virtualization support enabled on core 2[m
[m[37m[  0.745004 0:2 axvm::host::arceos:365] [32mWaiting for all cores to enable hardware virtualization...[m
[m[37m[  0.745144 3:13 axvm::host::arceos:349] [32mCore 3 is initializing hardware virtualization support...[m
[m[37m[  0.745464 3:13 axvm::timer:132] [32mInitializing AxVM timer wheel...[m
[m[37m[  0.745645 3:13 axvm::host::arceos:352] [32mHardware virtualization support enabled on core 3[m
[m[37m[  0.745916 0:2 axvm::host::arceos:381] [32mAll cores have enabled hardware virtualization support.[m
[m[37m[  0.749678 0:2 axvisor::manager:125] [32mNOT find dir: /guest/vm_default in filesystem[m
[m[37m[  0.749880 0:2 axvisor::config:107] [32mUsing static VM configs.[m
[m[37m[  0.772870 0:2 axvm::boot::fdt::parser:390] [32mCPU node: /cpus/cpu@0, node_id: 0x0, guest_cpu_id: 0x0[m
[m[37m[  0.773070 0:2 axvm::boot::fdt::parser:390] [32mCPU node: /cpus/cpu@1, node_id: 0x1, guest_cpu_id: 0x1[m
[m[37m[  0.773259 0:2 axvm::boot::fdt::parser:390] [32mCPU node: /cpus/cpu@2, node_id: 0x2, guest_cpu_id: 0x2[m
[m[37m[  0.773388 0:2 axvm::boot::fdt::parser:390] [32mCPU node: /cpus/cpu@3, node_id: 0x3, guest_cpu_id: 0x3[m
[m[37m[  0.773596 0:2 axvm::boot::fdt::parser:397] [32mFound 4 host CPU nodes[m
[m[37m[  0.773903 0:2 axvm::boot::fdt:163] [32mVM[1] DTB not found, generating based on the configuration file.[m
[m[37m[  0.783729 0:2 axvm::boot::fdt::device:96] [32mFound excluded devices: [][m
[m[37m[  0.811760 0:2 axvisor::config:161] [32mCreating VM[1] "linux-qemu-smp2"[m
[m[37m[  0.811990 0:2 axvm::vm:407] [32mVM created: id=1[m
[m[37m[  1.111455 0:2 axvisor::config:172] [32mVM[1] created success, loading images...[m
[m[37m[  1.111771 0:2 axvm::boot::images::fs:792] [32mLoading VM images from filesystem[m
[m[37m[  5.020297 0:2 axvm::vm::prepare::devices:96] [33mFailed to assign SPIs: No VGicD found in device list[m
[m[37m[  5.027102 0:2 axvm::vm::prepare:95] [32mVM setup: id=1[m
[m[37m[  5.031329 0:2 axvm::boot::fdt::parser:390] [32mCPU node: /cpus/cpu@0, node_id: 0x0, guest_cpu_id: 0x0[m
[m[37m[  5.031443 0:2 axvm::boot::fdt::parser:390] [32mCPU node: /cpus/cpu@1, node_id: 0x1, guest_cpu_id: 0x1[m
[m[37m[  5.031546 0:2 axvm::boot::fdt::parser:390] [32mCPU node: /cpus/cpu@2, node_id: 0x2, guest_cpu_id: 0x2[m
[m[37m[  5.031647 0:2 axvm::boot::fdt::parser:390] [32mCPU node: /cpus/cpu@3, node_id: 0x3, guest_cpu_id: 0x3[m
[m[37m[  5.031779 0:2 axvm::boot::fdt::parser:397] [32mFound 4 host CPU nodes[m
[m[37m[  5.031875 0:2 axvm::boot::fdt:163] [32mVM[2] DTB not found, generating based on the configuration file.[m
[m[37m[  5.042494 0:2 axvm::boot::fdt::device:96] [32mFound excluded devices: ["/pcie@10000000"][m
[m[37m[  5.042791 0:2 axvm::boot::fdt::device:107] [32mExcluding device: /pcie@10000000[m
[m[37m[  5.064280 0:2 axvisor::config:161] [32mCreating VM[2] "arceos-rt-qemu-baseline"[m
[m[37m[  5.064376 0:2 axvm::vm:407] [32mVM created: id=2[m
[m[37m[  5.201015 0:2 axvisor::config:172] [32mVM[2] created success, loading images...[m
[m[37m[  5.208263 0:2 axvm::vm::prepare::devices:96] [33mFailed to assign SPIs: No VGicD found in device list[m
[m[37m[  5.210080 0:2 axvm::vm::prepare:95] [32mVM setup: id=2[m
[m[37m[  5.210453 0:2 axvm::runtime:44] [32mInitializing VMM...[m
[m[37m[  5.210544 0:2 axvm::runtime:49] [32mVMM starting, booting VMs...[m
[m[37m[  5.210803 0:2 axvm::vm:599] [32mStarting VM[1][m
[m[37m[  5.211167 0:2 axvm::runtime::vcpus:290] [32mSpawning task for VM[1] VCpu[0][m
[m[37m[  5.211539 0:2 axvm::runtime::vcpus:307] [32mVCpu task Task(14, "VM[1]-VCpu[0]") created cpumask: [1, ][m
[m[37m[  5.211786 0:2 axvm::runtime::vcpus:271] [32mVM[1] VCpu[0] host nice set to 10[m
[m[37m[  5.212253 0:2 axvm::runtime:55] [32mVM[1] boot success[m
[m[37m[  5.212326 0:2 axvm::vm:599] [32mStarting VM[2][m
[m[37m[  5.212389 0:2 axvm::runtime::vcpus:290] [32mSpawning task for VM[2] VCpu[0][m
[m[37m[  5.212631 0:2 axvm::runtime::vcpus:307] [32mVCpu task Task(15, "VM[2]-VCpu[0]") created cpumask: [1, ][m
[m[37m[  5.212767 0:2 axvm::runtime:55] [32mVM[2] boot success[m
[m[37m[  5.213547 1:14 axvm::runtime::vcpus:362] [32mVM[1] VCpu[0] waiting for running[m
[m[37m[  5.213875 1:14 axvm::runtime::vcpus:365] [32mVM[1] VCpu[0] running...[m
[m[37m[  5.343201 1:14 axvm::arch:560] [32mVM[1]'s VCpu[0] try to boot target_cpu [2] entry_point=GPA:0x22408158c arg=0x0[m
[m[37m[  5.343583 1:14 axvm::runtime::vcpus:290] [32mSpawning task for VM[1] VCpu[1][m
[m[37m[  5.343702 1:14 axvm::runtime::vcpus:307] [32mVCpu task Task(16, "VM[1]-VCpu[1]") created cpumask: [2, ][m
[m[37m[  5.343814 1:14 axvm::runtime::vcpus:271] [32mVM[1] VCpu[1] host nice set to 10[m
[m[37m[  5.345128 2:16 axvm::runtime::vcpus:362] [32mVM[1] VCpu[1] waiting for running[m
[m[37m[  5.345224 2:16 axvm::runtime::vcpus:365] [32mVM[1] VCpu[1] running...[m
[m[    0.000000] Booting Linux on physical CPU 0x0000000001 [0x410fd083]
[    0.000000] Linux version 7.1.0-rc2-g74fe02ce122a-dirty (runner@s1lqc) (aarch64-linux-gnu-gcc (Ubuntu 13.3.0-6ubuntu2~24.04) 13.3.0, GNU ld (GNU Binutils for Ubuntu) 2.42) #1 SMP PREEMPT Fri Jul 24 05:32:39 UTC 2026
[    0.000000] KASLR enabled
[    0.000000] random: crng init done
[    0.000000] Machine model: linux,dummy-virt
[    0.000000] efi: UEFI not found.
[    0.000000] OF: reserved mem: Reserved memory: No reserved-memory node in the DT
[    0.000000] NUMA: Faking a node at [mem 0x0000000222000000-0x0000000231ffffff]
[    0.000000] NODE_DATA(0) allocated [mem 0x231f7ff00-0x231f825ff]
[    0.000000] cma: Reserved 32 MiB at 0x0000000225400000
[    0.000000] psci: probing for conduit method from DT.
[    0.000000] psci: PSCIv1.1 detected in firmware.
[    0.000000] psci: Using standard PSCI v0.2 function IDs
[    0.000000] psci: Trusted OS migration not required
[    0.000000] psci: SMC Calling Convention v1.0
[    0.000000] Zone ranges:
[    0.000000]   DMA      [mem 0x0000000222000000-0x0000000231ffffff]
[    0.000000]   DMA32    empty
[    0.000000]   Normal   empty
[    0.000000] Movable zone start for each node
[    0.000000] Early memory node ranges
[    0.000000]   node   0: [mem 0x0000000222000000-0x0000000231ffffff]
[    0.000000] Initmem setup node 0 [mem 0x0000000222000000-0x0000000231ffffff]
[    0.000000] On node 0, zone DMA: 8192 pages in unavailable ranges
[    0.000000] On node 0, zone DMA: 24576 pages in unavailable ranges
[    0.000000] percpu: Embedded 26 pages/cpu s66584 r8192 d31720 u106496
[    0.000000] Detected PIPT I-cache on CPU0
[    0.000000] CPU features: detected: GICv3 CPU interface
[    0.000000] CPU features: detected: Spectre-v2
[    0.000000] CPU features: detected: Spectre-v3a
[    0.000000] CPU features: detected: Spectre-v4
[    0.000000] CPU features: detected: Spectre-BHB
[    0.000000] CPU features: kernel page table isolation forced ON by KASLR
[    0.000000] CPU features: detected: Kernel page table isolation (KPTI)
[    0.000000] CPU features: detected: ARM erratum 1742098
[    0.000000] CPU features: detected: ARM errata 1165522, 1319367, or 1530923
[    0.000000] alternatives: applying boot alternatives
[    0.000000] Kernel command line: root=/dev/vda rw init=/bin/sh fsck.repair=yes
[    0.000000] printk: log buffer data + meta data: 131072 + 458752 = 589824 bytes
[    0.000000] Dentry cache hash table entries: 32768 (order: 6, 262144 bytes, linear)
[    0.000000] Inode-cache hash table entries: 16384 (order: 5, 131072 bytes, linear)
[    0.000000] software IO TLB: SWIOTLB bounce buffer size adjusted to 0MB
[    0.000000] software IO TLB: area num 2.
[    0.000000] software IO TLB: SWIOTLB bounce buffer size roundup to 0MB
[    0.000000] software IO TLB: mapped [mem 0x0000000231e55000-0x0000000231ed5000] (0MB)
[    0.000000] Fallback order for Node 0: 0 
[    0.000000] Built 1 zonelists, mobility grouping on.  Total pages: 65536
[    0.000000] Policy zone: DMA
[    0.000000] mem auto-init: stack:all(zero), heap alloc:off, heap free:off
[    0.000000] SLUB: HWalign=64, Order=0-3, MinObjects=0, CPUs=2, Nodes=1
[    0.000000] rcu: Preemptible hierarchical RCU implementation.
[    0.000000] rcu: 	RCU event tracing is enabled.
[    0.000000] rcu: 	RCU restricting CPUs from NR_CPUS=512 to nr_cpu_ids=2.
[    0.000000] 	Trampoline variant of Tasks RCU enabled.
[    0.000000] 	Tracing variant of Tasks RCU enabled.
[    0.000000] rcu: RCU calculated value of scheduler-enlistment delay is 25 jiffies.
[    0.000000] rcu: Adjusting geometry for rcu_fanout_leaf=16, nr_cpu_ids=2
[    0.000000] RCU Tasks: Setting shift to 1 and lim to 1 rcu_task_cb_adjust=1 rcu_task_cpu_ids=2.
[    0.000000] NR_IRQS: 64, nr_irqs: 64, preallocated irqs: 0
[    0.000000] GICv3: 256 SPIs implemented
[    0.000000] GICv3: 0 Extended SPIs implemented
[    0.000000] Root IRQ handler: gic_handle_irq
[    0.000000] GICv3: GICv3 features: 16 PPIs
[    0.000000] GICv3: GICD_CTLR.DS=1, SCR_EL3.FIQ=0
[    0.000000] GICv3: CPU0: found redistributor 1 region 0:0x00000000080c0000
[    0.000000] ITS [mem 0x08080000-0x0809ffff]
[    0.000000] ITS@0x0000000008080000: allocated 8192 Devices @227460000 (indirect, esz 8, psz 64K, shr 1)
[    0.000000] ITS@0x0000000008080000: allocated 8192 Interrupt Collections @227470000 (flat, esz 8, psz 64K, shr 1)
[    0.000000] GICv3: Expected reserved range [0x000000023f100000:0x000000023f10ffff], not found
[    0.000000] GICv3: using LPI property table @0x0000000227480000
[    0.000000] GICv3: CPU0: Booted with LPIs enabled, memory probably corrupted
[    0.000000] GICv3: CPU0: using allocated LPI pending table @0x0000000227490000
[    0.000000] rcu: srcu_init: Setting srcu_struct sizes based on contention.
[    0.000000] arch_timer: cp15 timer running at 62.50MHz (virt).
[    0.000000] clocksource: arch_sys_counter: mask: 0x1ffffffffffffff max_cycles: 0x1cd42e208c, max_idle_ns: 881590405314 ns
[    0.000055] sched_clock: 57 bits at 63MHz, resolution 16ns, wraps every 4398046511096ns
[    0.007030] Console: colour dummy device 80x25
[    0.007380] printk: legacy console [tty0] enabled
[    0.011027] Calibrating delay loop (skipped), value calculated using timer frequency.. 125.00 BogoMIPS (lpj=250000)
[    0.011158] pid_max: default: 32768 minimum: 301
[    0.014400] Mount-cache hash table entries: 512 (order: 0, 4096 bytes, linear)
[    0.014456] Mountpoint-cache hash table entries: 512 (order: 0, 4096 bytes, linear)
[    0.020498] VFS: Finished mounting rootfs on nullfs
[    0.033748] /cpus/cpu-map/socket0/cluster0/core0: Can't get CPU for leaf core
[    0.036350] cacheinfo: Unable to detect cache hierarchy for CPU 0
[    0.044136] rcu: Hierarchical SRCU implementation.
[    0.044203] rcu: 	Max phase no-delay instances is 1000.
[    0.044930] Timer migration: 1 hierarchy levels; 8 children per group; 1 crossnode level
[    0.046915] fsl-mc MSI: its@8080000 domain created
[    0.048108] EFI services will not be available.
[    0.048783] smp: Bringing up secondary CPUs ...
[    0.053140] Detected PIPT I-cache on CPU1
[    0.053758] GICv3: CPU1: found redistributor 2 region 0:0x00000000080e0000
[    0.053819] GICv3: CPU1: Booted with LPIs enabled, memory probably corrupted
[    0.053910] GICv3: CPU1: using allocated LPI pending table @0x00000002274a0000
[    0.054303] CPU1: Booted secondary processor 0x0000000002 [0x410fd083]
[    0.057264] smp: Brought up 1 node, 2 CPUs
[    0.057438] SMP: Total of 2 processors activated.
[    0.057492] CPU: All CPU(s) started at EL1
[    0.057842] CPU features: detected: 32-bit EL0 Support
[    0.057880] CPU features: detected: 32-bit EL1 Support
[    0.057974] CPU features: detected: CRC32 instructions
[    0.058193] CPU features: detected: PMUv3
[    0.064416] alternatives: applying system-wide alternatives
[    0.086064] Memory: 167120K/262144K available (18688K kernel code, 5242K rwdata, 14480K rodata, 12672K init, 718K bss, 59956K reserved, 32768K cma-reserved)
[    0.105785] devtmpfs: initialized
[    0.120501] clocksource: jiffies: mask: 0xffffffff max_cycles: 0xffffffff, max_idle_ns: 7645041785100000 ns
[    0.121020] posixtimers hash table entries: 1024 (order: 2, 16384 bytes, linear)
[    0.121281] futex hash table entries: 512 (32768 bytes on 1 NUMA nodes, total 32 KiB, linear).
[    0.123362] 2G module region forced by RANDOMIZE_MODULE_REGION_FULL
[    0.123438] 0 pages in range for non-PLT usage
[    0.123476] 511264 pages in range for PLT usage
[    0.133295] DMI: not present or invalid.
[    0.150463] NET: Registered PF_NETLINK/PF_ROUTE protocol family
[    0.159501] DMA: preallocated 128 KiB GFP_KERNEL|GFP_DMA pool for atomic allocations
[    0.159762] audit: initializing netlink subsys (disabled)
[    0.160963] audit: type=2000 audit(0.148:1): state=initialized audit_enabled=0 res=1
[    0.164908] thermal_sys: Registered thermal governor 'step_wise'
[    0.164945] thermal_sys: Registered thermal governor 'power_allocator'
[    0.165345] cpuidle: using governor menu
[    0.166274] hw-breakpoint: found 6 breakpoint and 4 watchpoint registers.
[    0.166682] ASID allocator initialised with 32768 entries
[    0.170676] Serial: AMBA PL011 UART driver
[    0.209762] 9000000.pl011: ttyAMA0 at MMIO 0x9000000 (irq = 13, base_baud = 0) is a PL011 rev1
[    0.211654] printk: console [ttyAMA0] enabled
[    0.224003] HugeTLB: registered 1.00 GiB page size, pre-allocated 0 pages
[    0.224089] HugeTLB: 0 KiB vmemmap can be freed for a 1.00 GiB page
[    0.224176] HugeTLB: registered 32.0 MiB page size, pre-allocated 0 pages
[    0.224195] HugeTLB: 0 KiB vmemmap can be freed for a 32.0 MiB page
[    0.224212] HugeTLB: registered 2.00 MiB page size, pre-allocated 0 pages
[    0.224226] HugeTLB: 0 KiB vmemmap can be freed for a 2.00 MiB page
[    0.224241] HugeTLB: registered 64.0 KiB page size, pre-allocated 0 pages
[    0.224255] HugeTLB: 0 KiB vmemmap can be freed for a 64.0 KiB page
[    0.231040] ACPI: Interpreter disabled.
[    0.235519] iommu: Default domain type: Translated
[    0.235628] iommu: DMA domain TLB invalidation policy: strict mode
[    0.237313] SCSI subsystem initialized
[    0.239249] usbcore: registered new interface driver usbfs
[    0.239481] usbcore: registered new interface driver hub
[    0.239626] usbcore: registered new device driver usb
[    0.240806] pps_core: LinuxPPS API ver. 1 registered
[    0.240863] pps_core: Software ver. 5.3.6 - Copyright 2005-2007 Rodolfo Giometti <giometti@linux.it>
[    0.240931] PTP clock support registered
[    0.241216] EDAC MC: Ver: 3.0.0
[    0.242678] scmi_core: SCMI protocol bus registered
[    0.244646] FPGA manager framework
[    0.252043] vgaarb: loaded
[    0.254017] clocksource: Switched to clocksource arch_sys_counter
[    0.255149] VFS: Disk quotas dquot_6.6.0
[    0.255262] VFS: Dquot-cache hash table entries: 512 (order 0, 4096 bytes)
[    0.257434] pnp: PnP ACPI: disabled
[    0.273659] NET: Registered PF_INET protocol family
[    0.274656] IP idents hash table entries: 4096 (order: 3, 32768 bytes, linear)
[    0.277117] tcp_listen_portaddr_hash hash table entries: 256 (order: 0, 4096 bytes, linear)
[    0.277318] Table-perturb hash table entries: 65536 (order: 6, 262144 bytes, linear)
[    0.277406] TCP established hash table entries: 2048 (order: 2, 16384 bytes, linear)
[    0.277551] TCP bind hash table entries: 2048 (order: 4, 65536 bytes, linear)
[    0.277683] TCP: Hash tables configured (established 2048 bind 2048)
[    0.278831] UDP hash table entries: 256 (order: 2, 16384 bytes, linear)
[    0.279723] NET: Registered PF_UNIX/PF_LOCAL protocol family
[    0.281915] RPC: Registered named UNIX socket transport module.
[    0.281985] RPC: Registered udp transport module.
[    0.282012] RPC: Registered tcp transport module.
[    0.282035] RPC: Registered tcp-with-tls transport module.
[    0.282060] RPC: Registered tcp NFSv4.1 backchannel transport module.
[    0.282151] PCI: CLS 0 bytes, default 64
[    0.282862] kvm [1]: HYP mode not available
[    0.287409] Initialise system trusted keyrings
[    0.288516] workingset: timestamp_bits=42 (anon: 38) max_order=16 bucket_order=0 (anon: 0)
[    0.290353] squashfs: version 4.0 (2009/01/31) Phillip Lougher
[    0.291892] NFS: Registering the id_resolver key type
[    0.292162] Key type id_resolver registered
[    0.292226] Key type id_legacy registered
[    0.292497] nfs4filelayout_init: NFSv4 File Layout Driver Registering...
[    0.292622] nfs4flexfilelayout_init: NFSv4 Flexfile Layout Driver Registering...
[    0.293319] 9p: Installing v9fs 9p2000 file system support
[    0.294742] Key type asymmetric registered
[    0.294837] Asymmetric key parser 'x509' registered
[    0.295206] Block layer SCSI generic (bsg) driver version 0.4 loaded (major 244)
[    0.295365] io scheduler mq-deadline registered
[    0.295422] io scheduler kyber registered
[    0.295670] io scheduler bfq registered
[    0.310954] pl061_gpio 9030000.pl061: PL061 GPIO chip registered
[    0.313901] ledtrig-cpu: registered to indicate activity on CPUs
[    0.316446] pci-host-generic 4010000000.pcie: host bridge /pcie@10000000 ranges:
[    0.316940] pci-host-generic 4010000000.pcie:       IO 0x003eff0000..0x003effffff -> 0x0000000000
[    0.317328] pci-host-generic 4010000000.pcie:      MEM 0x0010000000..0x003efeffff -> 0x0010000000
[    0.317402] pci-host-generic 4010000000.pcie:      MEM 0x8000000000..0xffffffffff -> 0x8000000000
[    0.318042] pci-host-generic 4010000000.pcie: Memory resource size exceeds max for 32 bits
[    0.318531] pci-host-generic 4010000000.pcie: ECAM at [mem 0x4010000000-0x401fffffff] for [bus 00-ff]
[    0.319684] pci-host-generic 4010000000.pcie: PCI host bridge to bus 0000:00
[    0.319931] pci_bus 0000:00: root bus resource [bus 00-ff]
[    0.320002] pci_bus 0000:00: root bus resource [io  0x0000-0xffff]
[    0.320043] pci_bus 0000:00: root bus resource [mem 0x10000000-0x3efeffff]
[    0.320062] pci_bus 0000:00: root bus resource [mem 0x8000000000-0xffffffffff]
[    0.321153] pci 0000:00:00.0: [1b36:0008] type 00 class 0x060000 conventional PCI endpoint
[    0.324526] pci 0000:00:01.0: [1af4:1000] type 00 class 0x020000 conventional PCI endpoint
[    0.325332] pci 0000:00:01.0: BAR 0 [io  0x0000-0x001f]
[    0.325399] pci 0000:00:01.0: BAR 1 [mem 0x10000000-0x10000fff]
[    0.325441] pci 0000:00:01.0: BAR 4 [mem 0x8000000000-0x8000003fff 64bit pref]
[    0.325522] pci 0000:00:01.0: ROM [mem 0x00000000-0x0007ffff pref]
[    0.327465] pci 0000:00:01.0: ROM [mem 0x10000000-0x1007ffff pref]: assigned
[    0.327712] pci 0000:00:01.0: BAR 4 [mem 0x8000000000-0x8000003fff 64bit pref]: assigned
[    0.328191] pci 0000:00:01.0: BAR 1 [mem 0x10080000-0x10080fff]: assigned
[    0.328435] pci 0000:00:01.0: BAR 0 [io  0x1000-0x101f]: assigned
[    0.328964] pci_bus 0000:00: resource 4 [io  0x0000-0xffff]
[    0.329025] pci_bus 0000:00: resource 5 [mem 0x10000000-0x3efeffff]
[    0.329049] pci_bus 0000:00: resource 6 [mem 0x8000000000-0xffffffffff]
[    0.378118] Serial: 8250/16550 driver, 4 ports, IRQ sharing enabled
[    0.384375] msm_serial: driver initialized
[    0.385178] SuperH (H)SCI(F) driver initialized
[    0.385447] STM32 USART driver initialized
[    0.402849] loop: module loaded
[    0.403586] virtio_blk virtio0: 1/0/0 default/read/poll queues
[    0.406083] virtio_blk virtio0: [vda] 4194304 512-byte logical blocks (2.15 GB/2.00 GiB)
[    0.418607] megasas: 07.734.00.00-rc1
[    0.422090] physmap-flash 0.flash: physmap platform flash device: [mem 0x00000000-0x03ffffff]
[    0.423306] 0.flash: Found 2 x16 devices at 0x0 in 32-bit bank. Manufacturer ID 0x000000 Chip ID 0x000000
[    0.424023] Intel/Sharp Extended Query Table at 0x0031
[    0.424968] Using buffer write method
[    0.425696] physmap-flash 0.flash: physmap platform flash device: [mem 0x04000000-0x07ffffff]
[    0.426488] 0.flash: Found 2 x16 devices at 0x0 in 32-bit bank. Manufacturer ID 0x000000 Chip ID 0x000000
[    0.426602] Intel/Sharp Extended Query Table at 0x0031
[    0.427243] Using buffer write method
[    0.427371] Concatenating MTD devices:
[    0.427418] (0): "0.flash"
[    0.427462] (1): "0.flash"
[    0.427490] into device "0.flash"
[    0.454000] tun: Universal TUN/TAP device driver, 1.6
[    0.467812] thunder_xcv, ver 1.0
[    0.467983] thunder_bgx, ver 1.0
[    0.468087] nicpf, ver 1.0
[    0.470209] e1000: Intel(R) PRO/1000 Network Driver
[    0.470268] e1000: Copyright (c) 1999-2006 Intel Corporation.
[    0.470377] e1000e: Intel(R) PRO/1000 Network Driver
[    0.470401] e1000e: Copyright(c) 1999 - 2015 Intel Corporation.
[    0.470483] igb: Intel(R) Gigabit Ethernet Network Driver
[    0.470505] igb: Copyright (c) 2007-2014 Intel Corporation.
[    0.470586] igbvf: Intel(R) Gigabit Virtual Function Network Driver
[    0.470608] igbvf: Copyright (c) 2009 - 2012 Intel Corporation.
[    0.471063] sky2: driver version 1.30
[    0.477279] VFIO - User Level meta-driver version: 0.3
[    0.483317] usbcore: registered new interface driver usb-storage
[    0.491055] rtc-pl031 9010000.pl031: registered as rtc0
[    0.491588] rtc-pl031 9010000.pl031: setting system clock to 2026-07-31T14:27:02 UTC (1785508022)
[    0.492900] i2c_dev: i2c /dev entries driver
[    0.510341] usbcore: registered new interface driver usbhid
[    0.510420] usbhid: USB HID core driver
[    0.517244] hw perfevents: enabled with armv8_pmuv3 PMU driver, 7 (0,8000003f) counters available
[    0.524537] NET: Registered PF_INET6 protocol family
[    0.530744] Segment Routing with IPv6
[    0.530928] In-situ OAM (IOAM) with IPv6
[    0.531244] sit: IPv6, IPv4 and MPLS over IPv4 tunneling driver
[    0.533074] NET: Registered PF_PACKET protocol family
[    0.534068] 9pnet: Installing 9P2000 support
[    0.534310] Key type dns_resolver registered
[    0.549492] registered taskstats version 1
[    0.551132] Loading compiled-in X.509 certificates
[    0.563474] Demotion targets for Node 0: null
[    0.569715] input: gpio-keys as /devices/platform/gpio-keys/input/input0
[    0.573128] clk: Disabling unused clocks
[    0.573316] PM: genpd: Disabling unused power domains
[    0.597627] EXT4-fs (vda): recovery complete
[    0.598574] EXT4-fs (vda): mounted filesystem 60a4282b-9b0a-4994-9e9c-109a16c762f3 r/w with ordered data mode. Quota mode: none.
[    0.598940] VFS: Mounted root (ext4 filesystem) on device 254:0.
[    0.600221] devtmpfs: mounted
[    0.601875] VFS: Pivoted into new rootfs
[    0.664887] Freeing unused kernel memory: 12672K
[    0.666067] Run /bin/sh as init process
/bin/sh: can't access tty; job control turned off
~ # [6nfor i in 1 2 3 4; do sh -c 'while true; do :; done' & done; echo TASK1_STRES
S_STARTED
TASK1_STRESS_STARTED
~ # [6n  qemu run: 600.06s
failed: mixed-rt-stress-baseline-short: axvisor qemu test failed for case `mixed-rt-stress-baseline-short`: QEMU timed out after 600s

axvisor qemu test summary:
  FAIL mixed-rt-stress-baseline-short (600.07s)
result: 0/1 case(s) passed
total: 604.89s
Error: axvisor qemu tests failed for 1 case(s): mixed-rt-stress-baseline-short
