
axvisor:/$ 
axvisor:/$ [2Kaxvisor:/$ r[2Kaxvisor:/$ re[2Kaxvisor:/$ reb[2Kaxvisor:/$ rebo[2Kaxvisor:/$ reboo[2Kaxvisor:/$ reboot
Resetting the board...
DDR 3488111f83 cym 24/04/12-12:49:26,fwver: v1.17
LPDDR4X, 1560MHz
channel[0] BW=16 Col=10 Bk=8 CS0 Row=16 CS1 Row=16 CS=2 Die BW=16 Size=2048MB
channel[1] BW=16 Col=10 Bk=8 CS0 Row=16 CS1 Row=16 CS=2 Die BW=16 Size=2048MB
channel[2] BW=16 Col=10 Bk=8 CS0 Row=16 CS1 Row=16 CS=2 Die BW=16 Size=2048MB
channel[3] BW=16 Col=10 Bk=8 CS0 Row=16 CS1 Row=16 CS=2 Die BW=16 Size=2048MB
Manufacturer ID:0x1
CH0 RX Vref:31.8%, TX Vref:19.8%,19.8%DQ rds:
h3 l0, h3 l0, h4 l0, h1 l0, h7 l0, h5 l0, h1 l0, h3 l0, 
h5 l0, h3 l0, h7 l0, h7 l0, h3 l0, h2 l0, h1 l0, h2 l0, 

CH1 RX Vref:30.1%, TX Vref:21.8%,20.8%DQ rds:
h4 l0, h0 l0, h7 l0, h5 l0, h0 l0, h0 l0, h4 l0, h1 l0, 
h4 l0, h3 l0, h4 l0, h0 l0, h4 l0, h7 l0, h3 l0, h7 l0, 

CH2 RX Vref:30.5%, TX Vref:21.8%,20.8%DQ rds:
h0 l0, h1 l0, h0 l0, h7 l0, h3 l0, h0 l0, h6 l0, h4 l0, 
h6 l0, h2 l0, h6 l0, h7 l0, h1 l0, h2 l0, h0 l0, h5 l0, 

CH3 RX Vref:32.6%, TX Vref:20.8%,19.8%DQ rds:
h7 l0, h7 l0, h3 l0, h3 l0, h0 l0, h3 l0, h7 l0, h3 l0, 
h5 l0, h2 l0, h7 l0, h7 l0, h5 l0, h4 l0, h1 l0, h5 l0, 

stride=0x2, ddr_config=0x4
hash ch_mask0-1 0x20 0x40, bank_mask0-3 0xa00 0x1400 0x2800 0x0, rank_mask0 0x401000
change to F1: 528MHz
change to F2: 1068MHz
change to F3: 1560MHz
change to F0: 1560MHz
out
U-Boot SPL board init
U-Boot SPL 2017.09-ge4e124926e-230922 #lxh (Sep 25 2023 - 10:58:38), fwver: v1.13
unknown raw ID 0 0 0
unrecognized JEDEC id bytes: 00, 00, 00
Trying to boot from MMC2
MMC: no card present
mmc_init: -123, time 1
spl: mmc init failed with error: -123
Trying to boot from MMC1
SPL: A/B-slot: _a, successful: 0, tries-remain: 7
Trying fit image at 0x4000 sector
## Verified-boot: 0
## Checking atf-1 0x00040000 ... sha256(64122e141b...) + OK
## Checking uboot 0x00200000 ... sha256(6a44ff16cd...) + OK
## Checking fdt 0x00341b18 ... sha256(8ecccd16d2...) + OK
## Checking atf-2 0xff100000 ... sha256(ce8968e34f...) + OK
## Checking atf-3 0x000f0000 ... sha256(ce48b69fdd...) + OK
## Checking optee 0x08400000 ... sha256(b866e4e4a1...) + OK
Jumping to U-Boot(0x00200000) via ARM Trusted Firmware(0x00040000)
Total: 84.702/258.79 ms

INFO:    Preloader serial: 2
NOTICE:  BL31: v2.3():v2.3-765-g588059758:derrick.huang, fwver: v1.46
NOTICE:  BL31: Built : 18:13:16, Apr 29 2024
INFO:    spec: 0x1
INFO:    code: 0x88
INFO:    ext 32k is not valid
INFO:    ddr: stride-en 4CH
INFO:    GICv3 without legacy support detected.
INFO:    ARM GICv3 driver initialized in EL3
INFO:    valid_cpu_msk=0xff bcore0_rst = 0x0, bcore1_rst = 0x0
INFO:    l3 cache partition cfg-0
INFO:    system boots from cpu-hwid-0
INFO:    bypass memory repair
INFO:    idle_st=0x21fff, pd_st=0x11fff9, repair_st=0xfff70001
INFO:    dfs DDR fsp_params[0].freq_mhz= 1560MHz
INFO:    dfs DDR fsp_params[1].freq_mhz= 528MHz
INFO:    dfs DDR fsp_params[2].freq_mhz= 1068MHz
INFO:    dfs DDR fsp_params[3].freq_mhz= 1560MHz
INFO:    BL31: Initialising Exception Handling Framework
INFO:    BL31: Initializing runtime services
INFO:    BL31: Initializing BL32
I/TC: 
I/TC: OP-TEE version: 3.13.0-791-g185dc3c92 #hisping.lin (gcc version 10.2.1 20201103 (GNU Toolchain for the A-profile Architecture 10.2-2020.11 (arm-10.16))) #2 Tue Apr 16 11:16:18 CST 2024 aarch64, fwver: v1.16 
I/TC: OP-TEE memory: TEEOS 0x200000 TA 0xc00000 SHM 0x200000
I/TC: Primary CPU initializing
I/TC: Primary CPU switching to normal world boot
INFO:    BL31: Preparing for EL3 exit to normal world
INFO:    Entry point address = 0x200000
INFO:    SPSR = 0x3c9


U-Boot 2017.09-g0a4dd03 #dengtao (Jan 16 2025 - 11:37:55 +0800)

Model: Rockchip RK3588 Evaluation Board
MPIDR: 0x81000000
PreSerial: 2, raw, 0xfeb50000
DRAM:  8 GiB
Sysmem: init
Relocation Offset: eda1c000
Relocation fdt: eb9fa7e0 - eb9fecc8
CR: M/C/I
Using default environment

Hotkey: ctrl+c
optee api revision: 2.0
mmc@fe2c0000: 1, mmc@fe2e0000: 0
Bootdev(atags): mmc 0
MMC0: HS400 Enhanced Strobe, 200Mhz
PartType: EFI
TEEC: Waring: Could not find security partition
DM: v2
boot mode: normal
RESC: 'boot', blk@0x00019463
resource: sha256+
FIT: no signed, no conf required
   - dev=saradc, channel=7, dtb_adc=2748, read=2866, found=0
   - dev=saradc, channel=7, dtb_adc=1410, read=2866, found=0
   - dev=saradc, channel=7, dtb_adc=0, read=2866, found=0
DTB: rk-kernel.dtb
HASH(c): OK
I2c0 speed: 100000Hz
vsel-gpios- not found!
en-gpios- not found!
vdd_cpu_big0_s0 675000 uV
vsel-gpios- not found!
en-gpios- not found!
vdd_cpu_big1_s0 675000 uV
I2c1 speed: 100000Hz
vsel-gpios- not found!
en-gpios- not found!
vdd_npu_s0 800000 uV
spi2: RK806: 2
ON=0x40, OFF=0x00
vdd_gpu_s0 750000 uV
vdd_cpu_lit_s0 750000 uV
vdd_log_s0 750000 uV
vdd_vdenc_s0 init 750000 uV
vdd_ddr_s0 850000 uV
Device 'gpio@fd8a0000': seq 0 is in use by 'gpio@fd8a0000'
get vp0 plane mask:0x5, primary id:2, cursor_plane:-1, from dts
get vp1 plane mask:0xa, primary id:3, cursor_plane:-1, from dts
get vp2 plane mask:0x140, primary id:8, cursor_plane:-1, from dts
get vp3 plane mask:0x280, primary id:9, cursor_plane:-1, from dts
Could not find baseparameter partition
Model: ATK-DLRK3588 Board
MPIDR: 0x81000000
Rockchip UBOOT DRM driver version: v1.0.1
vp0 have layer nr:2[0 2 ], primary plane: 2
vp1 have layer nr:2[1 3 ], primary plane: 3
vp2 have layer nr:2[6 8 ], primary plane: 8
vp3 have layer nr:2[7 9 ], primary plane: 9
Using display timing dts
dsi@fde20000:  detailed mode clock 119000 kHz, flags[a]
    H: 1080 1090 1096 1128
    V: 1920 1940 1946 1956
bus_format: 100e
VOP update mode to: 1080x1920p54, type: MIPI0 for VP3
VP3 set crtc_clock to 119000KHz
VOP VP3 enable Esmart3[654x270->654x270@213x825] fmt[2] addr[0xedf2c000]
final DSI-Link bandwidth: 793333 Kbps x 4
hdmi@fde80000 disconnected
hdmi@fdea0000 disconnected
CLK: (sync kernel. arm: enter 1008000 KHz, init 1008000 KHz, kernel 0N/A)
  b0pll 24000 KHz
  b1pll 24000 KHz
  lpll 24000 KHz
  v0pll 714000 KHz
  aupll 786431 KHz
  cpll 1500000 KHz
  gpll 1188000 KHz
  npll 850000 KHz
  ppll 1100000 KHz
  aclk_center_root 702000 KHz
  pclk_center_root 100000 KHz
  hclk_center_root 396000 KHz
  aclk_center_low_root 500000 KHz
  aclk_top_root 750000 KHz
  pclk_top_root 100000 KHz
  aclk_low_top_root 396000 KHz
Net:   eth0: ethernet@fe1b0000, eth1: ethernet@fe1c0000
Hit key to stop autoboot('CTRL+C'):  0  0
=> <INTERRUPT>
=> <INTERRUPT>
=> <INTERRUPT>
=> <INTERRUPT>
=> <INTERRUPT>
=> <INTERRUPT>
=> <INTERRUPT>
=> <INTERRUPT>
=> <INTERRUPT>
=> <INTERRUPT>
=> <INTERRUPT>
=> <INTERRUPT>
=> <INTERRUPT>
=> <INTERRUPT>
=> <INTERRUPT>
=> <INTERRUPT>
=> fastboot usb 0
Enter fastboot...OK
request 00000000ebe5c580 was not queued to ep1in-bulk
Starting download of 52595428 bytes
request 00000000ebe5c580 was not queued to ep1in-bulk
..........................................................................
..........................................................................
..........................................................................
..........................................................................
..........................................................................
...............................request 00000000ebe5c580 was not queued to ep1in-bulk

downloading of 52595428 bytes finished
=> fdt addr 0x00c00800
=> fdt get addr fdtsrc /images/fdt-1 data
=> fdt get size fdtlen /images/fdt-1 data
=> fdt get value fdtdst /images/fdt-1 load
=> fdt get addr kernelsrc /images/kernel-1 data
=> fdt get size kernellen /images/kernel-1 data
=> fdt get value kerneldst /images/kernel-1 load
=> printenv fdtsrc fdtlen fdtdst kernelsrc kernellen kerneldst
fdtsrc=0x0000000003de2a54
fdtlen=0x00046646
fdtdst=0x08300000
kernelsrc=0x0000000000c0090c
kernellen=0x031E2040
kerneldst=0x00400000
=> cp.b ${fdtsrc} ${fdtdst} ${fdtlen}
=> cp.b ${kernelsrc} ${kerneldst} ${kernellen}
=> fdt addr ${fdtdst}
=> fdt header
magic:			0xd00dfeed
totalsize:		0x46646 (288326)
off_dt_struct:		0x48
off_dt_strings:		0x40a28
off_mem_rsvmap:		0x28
version:		17
last_comp_version:	16
boot_cpuid_phys:	0x0
size_dt_strings:	0x5c1e
size_dt_struct:		0x409e0
number mem_rsv:		0x1

=> booti ${kerneldst} - ${fdtdst}
Fdt Ramdisk skip relocation
## Flattened Device Tree blob at 0x08300000
   Booting using the fdt blob at 0x08300000
   reserving fdt memory region: addr=8300000 size=47000
