BOARD_HOST_LIBCLANG path=/usr/lib/llvm-14/lib source=environment
orangepi5plus
BOARD_SERVICE_DTB_READY path=/home/seven_wsl/.local/share/ostool-server/dtbs/orangepi-5-plus-starry.dtb root=PARTUUID=5874edd8-1582-a144-a298-b139acd7b0e6
     Locking 1 package to latest compatible version
      Adding uboot-shell v0.2.6 (/home/seven_wsl/Workspace/starry/ostool/uboot-shell)
    Finished `dev` profile [unoptimized + debuginfo] target(s) in 0.27s
     Running `target/debug/tg-xtask axvisor board -c competition/ivc/config/axvisor-orangepi-5-plus-error.toml --board-config competition/ivc/config/board-orangepi-5-plus-error.toml -b OrangePi-5-Plus`
[2026-08-03T17:59:39Z INFO  axbuild::context] Workspace root: /home/seven_wsl/Workspace/starry/tgoskits-rt-ivc-m3-formal-20260803
[2026-08-03T17:59:40Z INFO  axbuild::context] Workspace member dir for axvisor: /home/seven_wsl/Workspace/starry/tgoskits-rt-ivc-m3-formal-20260803/os/axvisor
Using build config: competition/ivc/config/axvisor-orangepi-5-plus-error.toml
[axbuild] board build+run package=axvisor target=scripts/targets/std/pie/aarch64-unknown-linux-musl.json config=competition/ivc/config/axvisor-orangepi-5-plus-error.toml ...
sh -c /home/seven_wsl/Workspace/starry/tgoskits-rt-ivc-m3-formal-20260803/tmp/axbuild/std/prebuild/prebuild-aarch64-unknown-linux-musl-7a800488dd025842.sh
AR_aarch64_unknown_linux_musl=aarch64-linux-musl-ar
AXVISOR_VM_CONFIGS=/home/seven_wsl/Workspace/starry/tgoskits-rt-ivc-m3-formal-20260803/competition/ivc/config/orangepi-5-plus-starry-smp2-error.toml:/home/seven_wsl/Workspace/starry/tgoskits-rt-ivc-m3-formal-20260803/competition/ivc/config/orangepi-5-plus-zephyr-error.toml
AX_ARCH=aarch64
AX_LOG=info
AX_TARGET=aarch64-unknown-none-softfloat
BINDGEN_EXTRA_CLANG_ARGS_aarch64_unknown_linux_musl=--target=aarch64-linux-musl --sysroot=/ -mgeneral-regs-only
CARGO_UNSTABLE_JSON_TARGET_SPEC=true
CC_aarch64_unknown_linux_musl=aarch64-linux-musl-cc
CFLAGS_aarch64_unknown_linux_musl=-mgeneral-regs-only -fno-stack-protector
CXXFLAGS_aarch64_unknown_linux_musl=-mgeneral-regs-only -fno-stack-protector
SMP=4
cargo build --config /home/seven_wsl/Workspace/starry/tgoskits-rt-ivc-m3-formal-20260803/tmp/axbuild/std/config-aarch64-unknown-linux-musl-dynamic.toml -p axvisor --target scripts/targets/std/pie/aarch64-unknown-linux-musl.json -Z unstable-options --target-dir /home/seven_wsl/Workspace/starry/tgoskits-rt-ivc-m3-formal-20260803/target --features ax-std/fs,ax-std/smp,fs,rockchip-dwmmc,rockchip-soc,sdmmc,log/release_max_level_info -Z json-target-spec --bin axvisor --release --message-format json-render-diagnostics
     Locking 1 package to latest compatible version
      Adding uboot-shell v0.2.6
warning: function `set_fdt_addr_phys_if_valid` is never used
  --> platforms/someboot/src/fdt/mod.rs:32:15
   |
32 | pub(crate) fn set_fdt_addr_phys_if_valid(fdt_addr: usize) -> bool {
   |               ^^^^^^^^^^^^^^^^^^^^^^^^^^
   |
   = note: `#[warn(dead_code)]` (part of `#[warn(unused)]`) on by default

warning: `someboot` (lib) generated 1 warning
warning: function `with_vm` is never used
   --> virtualization/axvm/src/manager.rs:168:15
    |
168 | pub(crate) fn with_vm<F, R>(vm_id: VMId, f: F) -> Option<R>
    |               ^^^^^^^
    |
    = note: `#[warn(dead_code)]` (part of `#[warn(unused)]`) on by default

warning: function `active_vcpu_mask` is never used
   --> virtualization/axvm/src/manager.rs:198:15
    |
198 | pub(crate) fn active_vcpu_mask(vm_id: VMId) -> Option<usize> {
    |               ^^^^^^^^^^^^^^^^

warning: function `inject_interrupt` is never used
   --> virtualization/axvm/src/manager.rs:210:15
    |
210 | pub(crate) fn inject_interrupt(vm_id: VMId, vcpu_id: usize, vector: usize) -> AxVmResult {
    |               ^^^^^^^^^^^^^^^^

warning: field `token` is never read
  --> virtualization/axvm/src/timer.rs:20:5
   |
19 | struct VmTimerEvent {
   |        ------------ field in this struct
20 |     token: usize,
   |     ^^^^^

warning: function `cancel_timer` is never used
  --> virtualization/axvm/src/timer.rs:65:15
   |
65 | pub(crate) fn cancel_timer(token: usize) {
   |               ^^^^^^^^^^^^

warning: associated items `handle_nested_page_fault` and `debug_nested_page_fault` are never used
    --> virtualization/axvm/src/vm/mod.rs:1275:19
     |
 613 | impl AxVM {
     | --------- associated items in this implementation
...
1275 |     pub(crate) fn handle_nested_page_fault(
     |                   ^^^^^^^^^^^^^^^^^^^^^^^^
...
1290 |     fn debug_nested_page_fault(
     |        ^^^^^^^^^^^^^^^^^^^^^^^

warning: `axvm` (lib) generated 6 warnings
warning: function `write_persisted_evidence` is never used
   --> os/axvisor/src/host_noise.rs:121:15
    |
121 | pub(crate) fn write_persisted_evidence(output: &mut impl Write) -> io::Result<()> {
    |               ^^^^^^^^^^^^^^^^^^^^^^^^
    |
    = note: `#[warn(dead_code)]` (part of `#[warn(unused)]`) on by default

warning: `axvisor` (bin "axvisor") generated 1 warning
    Finished `release` profile [optimized] target(s) in 0.46s
warning: the following packages contain code that will be rejected by a future version of Rust: core v0.0.0 (/home/seven_wsl/.rustup/toolchains/nightly-2026-07-15-x86_64-unknown-linux-gnu/lib/rustlib/src/rust/library/core), memchr v2.8.2
note: to see what the problems were, use the option `--future-incompat-report`, or run `cargo report future-incompatibilities --id 1`
Allocated board session:
  board_type: OrangePi-5-Plus
  board_id: orangepi-5-plus-1
  session_id: 580f4bdb-ca9a-43f0-a406-47e9c755b559
  lease_expires_at: 2026-08-03 17:59:50.974271396 UTC
  boot_mode: uboot
Converting ELF to BIN format...
  elf: /home/seven_wsl/Workspace/starry/tgoskits-rt-ivc-m3-formal-20260803/target/aarch64-unknown-linux-musl/release/axvisor
  bin: /home/seven_wsl/Workspace/starry/tgoskits-rt-ivc-m3-formal-20260803/target/aarch64-unknown-linux-musl/release/axvisor.bin
/home/seven_wsl/.rustup/toolchains/nightly-2026-07-15-x86_64-unknown-linux-gnu/lib/rustlib/x86_64-unknown-linux-gnu/bin/llvm-objcopy --strip-all -O binary /home/seven_wsl/Workspace/starry/tgoskits-rt-ivc-m3-formal-20260803/target/aarch64-unknown-linux-musl/release/axvisor /home/seven_wsl/Workspace/starry/tgoskits-rt-ivc-m3-formal-20260803/target/aarch64-unknown-linux-musl/release/axvisor.bin
[2026-08-03T17:59:41Z INFO  ostool::run::uboot] Starting U-Boot runner...
[2026-08-03T17:59:41Z INFO  ostool::run::uboot] kernel from: /home/seven_wsl/Workspace/starry/tgoskits-rt-ivc-m3-formal-20260803/target/aarch64-unknown-linux-musl/release/axvisor.bin
[2026-08-03T17:59:41Z INFO  ostool::run::uboot] Using network interface hint: eth0
Waiting for remote board to power on through ostool-server...
BOARD_REBOOT_ARMED
Connection to 192.168.31.33 closed by remote host.
[2026-08-03T17:59:49Z INFO  uboot_shell] cmd: setenv autoload yes
[2026-08-03T17:59:55Z WARN  uboot_shell] cmd `setenv autoload yes` failed: Timeout, retrying...
[2026-08-03T18:00:00Z WARN  uboot_shell] cmd `setenv autoload yes` failed: Timeout, retrying...
[2026-08-03T18:00:06Z WARN  uboot_shell] cmd `setenv autoload yes` failed: Timeout, retrying...
Error: command `setenv autoload yes` failed after retries
ssh: connect to host 192.168.31.33 port 22: Connection timed out

=> help
?         - alias for 'help'
base      - print or set address offset
bdinfo    - print Board Info structure
blkcache  -col
bootstd   - Standard-boot operation
bootvx    - Boot vxWorks from an ELF image
cmp       - memory compare
coninfo   - pretwork using DHCP/TFTP protocolnv   - edit environment variableree utility commands
fstype    
fstypes   - List supported filesystem types
go        - start application at address 'addr'
gpio      - query and control gpio pins
gpt       - GUID Partiti       - MII utility commands
mkdir     - create a directory
mm        - memory modify (auto-incrementing address)
mmc       - MMC sub system
mmcinfo   - display MMC info
mv        - rename/move a file/directory
mw        - memory write (fill)
net       - NET sub-system
nm      ory modify (constant address)
nvme      - NVM Express sub-system
panic     - Panic with optional message
part      - disk partition related commands
pci       - list and access PCI Configuration Space
ping      - send ICMP ECHO_REQUEST to network host
pinmux    - show pin-controllele
run       - run commands in ironment variable
save      - save file to a filesystem
saveenv   - save environment variables to persistent storage
scsi      - SCSI sub-system
scsiboot  - boot from SCSI device
setenv    - set environment variables
sf        - SPI flash sub-system
showvar   - print local hushshell variables
size      - determine a file's size
sleep     - delay execution for some time
source    - run script from memory
test      - minimal test like /bin/sh
tftpboot  - load file v
U-Boot prompt confirmed; no host filesystem is mounted
RESULT action=status board=orangepi-5-plus-rk3588 power=on watts=1 temperature_celsius=46 fault_code=0
RESULT action=cycle board=orangepi-5-plus-rk3588 power=on watts=0 temperature_celsius=46 fault_code=0

=> setenv devtype mmc; setenv devnum 1; setenv mmc_bootdev 1; setenv distro_bootpart 1; setenv prefix /; echo UBOOT_LINUX_BOOT_BEGIN; fatload mmc 1:1 0x00c00000 boot.scr; source 0x00c00000
UBOOT_LINUX_BOOT_BEGIN
3413 bytes read in 3 ms (1.1 MiB/s)
## Executing script at 00c00000
Boot script loaded from mmc 1
178 bytes read in 3 ms (57.6 KiB/s)
15301327 bytes read in 1288 ms (11.3 MiB/s)
ssh: connect to host 192.168.31.33 port 22: Connection timed out
ssh: connect to host 192.168.31.33 port 22: No route to host
/dev/mmcblk1p2 ext4   rw,noatime,errors=remount-ro,commit=600
BOARD_LINUX_RESTORED
