*** Booting Zephyr OS build v3.7.0 ***
sequence,timestamp_ns,deadline_ns,actual_ns,jitter_ns
0,10836048,16006912,16842960,836048
1,20354112,26006912,26361024,354112
2,30506480,36006912,36513392,506480
3,40349072,46006912,46355984,349072
4,50436640,56006912,56443552,436640
5,60454592,66006912,66461504,454592
6,70310992,76006912,76317904,310992
7,80225968,86006912,86232880,225968
8,90337536,96006912,96344448,337536
9,100372256,106006912,106379168,372256
10,110458384,116006912,116465296,458384
11,120449216,126006912,126456128,449216
12,130317696,136006912,136324608,317696
13,140283840,146006912,146290752,283840
14,150409008,156006912,156415920,409008
15,160424832,166006912,166431744,424832
16,170518688,176006912,176525600,518688
17,180219216,186006912,186226128,219216
18,190084064,196006912,196090976,84064
19,200323712,206006912,206330624,323712
20,210550704,216006912,216557616,550704
21,220452784,226006912,226459696,452784
22,230496560,236006912,236503472,496560
23,240362320,246006912,246369232,362320
24,250481024,256006912,256487936,481024
25,260304384,266006912,266311296,304384
26,270171888,276006912,276178800,171888
27,280286160,286006912,286293072,286160
28,290242480,296006912,296249392,242480
29,300207200,306006912,306214112,207200
30,310462320,316006912,316469232,462320
31,320369888,326006912,326376800,369888
32,330461104,336006912,336468016,461104
33,340391488,346006912,346398400,391488
34,350326720,356006912,356333632,326720
35,360428000,366006912,366434912,428000
36,370492256,376006912,376499168,492256
37,380394336,386006912,386401248,394336
38,390325360,396006912,396332272,325360
39,400415680,406006912,406422592,415680
40,410499552,416006912,416506464,499552
41,420173200,426006912,426180112,173200
42,430451056,436006912,436457968,451056
43,440465232,446006912,446472144,465232
44,450429216,456006912,456436128,429216
45,460403440,466006912,466410352,403440
46,470436880,476006912,476443792,436880
47,480315952,486006912,486322864,315952
48,490192912,496006912,496199824,192912
49,500153264,506006912,506160176,153264
50,510380272,516006912,516387184,380272
51,520337296,526006912,526344208,337296
52,530399952,536006912,536406864,399952
53,540343040,546006912,546349952,343040
54,550183792,556006912,556190704,183792
55,560483024,566006912,566489936,483024
56,570445408,576006912,576452320,445408
57,580367360,586006912,586374272,367360
58,590400384,596006912,596407296,400384
59,600426768,606006912,606433680,426768
60,610305392,616006912,616312304,305392
61,620437792,626006912,626444704,437792
62,630428560,636006912,636435472,428560
63,640533440,646006912,646540352,533440
64,650242336,656006912,656249248,242336
65,660279072,666006912,666285984,279072
66,670383792,676006912,676390704,383792
67,680486992,686006912,686493904,486992
68,690443472,696006912,696450384,443472
69,700561120,706006912,706568032,561120
70,710452112,716006912,716459024,452112
71,720413536,726006912,726420448,413536
72,730453120,736006912,736460032,453120
73,740226160,746006912,746233072,226160
74,750367088,756006912,756374000,367088
75,760522496,766006912,766529408,522496
76,770558672,776006912,776565584,558672
77,780327664,786006912,786334576,327664
78,790261360,796006912,796268272,261360
79,800475024,806006912,806481936,475024
80,810541792,816006912,816548704,541792
81,820375872,826006912,826382784,375872
82,830391760,836006912,836398672,391760
83,840203056,846006912,846209968,203056
84,850370512,856006912,856377424,370512
85,860355616,866006912,866362528,355616
86,870303968,876006912,876310880,303968
87,880419360,886006912,886426272,419360
88,890471648,896006912,896478560,471648
89,900502992,906006912,906509904,502992
90,910496800,916006912,916503712,496800
91,920341408,926006912,926348320,341408
92,930372848,936006912,936379760,372848
93,940392512,946006912,946399424,392512
94,950440560,956006912,956447472,440560
95,960422368,966006912,966429280,422368
96,970481472,976006912,976488384,481472
97,980210736,986006912,986217648,210736
98,990383872,996006912,996390784,383872
99,1000440016,1006006912,1006446928,440016
100,1010512848,1016006912,1016519760,512848
101,1020237648,1026006912,1026244560,237648
102,1030424352,1036006912,1036431264,424352
103,1040400544,1046006912,1046407456,400544
104,1050517072,1056006912,1056523984,517072
105,1060460256,1066006912,1066467168,460256
106,1070399408,1076006912,1076406320,399408
107,1080407120,1086006912,1086414032,407120
108,1090247248,1096006912,1096254160,247248
109,1100144416,1106006912,1106151328,144416
110,1110174720,1116006912,1116181632,174720
111,1120212080,1126006912,1126218992,212080
112,1130202256,1136006912,1136209168,202256
113,1140105200,1146006912,1146112112,105200
114,1150107056,1156006912,1156113968,107056
115,1160325792,1166006912,1166332704,325792
116,1170362688,1176006912,1176369600,362688
117,1180331088,1186006912,1186338000,331088
118,1190390560,1196006912,1196397472,390560
119,1200482160,1206006912,1206489072,482160
120,1210419952,1216006912,1216426864,419952
121,1220568688,1226006912,1226575600,568688
122,1230405008,1236006912,1236411920,405008
123,1240386992,1246006912,1246393904,386992
124,1250471936,1256006912,1256478848,471936
125,1260430352,1266006912,1266437264,430352
126,1270244304,1276006912,1276251216,244304
127,1280123344,1286006912,1286130256,123344
128,1290260640,1296006912,1296267552,260640
129,1300321984,1306006912,1306328896,321984
130,1310482832,1316006912,1316489744,482832
131,1320541392,1326006912,1326548304,541392
132,1330337024,1336006912,1336343936,337024
133,1340237552,1346006912,1346244464,237552
134,1350395296,1356006912,1356402208,395296
135,1360444656,1366006912,1366451568,444656
136,1370398144,1376006912,1376405056,398144
137,1380590992,1386006912,1386597904,590992
138,1390303744,1396006912,1396310656,303744
139,1400327504,1406006912,1406334416,327504
140,1410554992,1416006912,1416561904,554992
141,1420637440,1426006912,1426644352,637440
142,1430327344,1436006912,1436334256,327344
143,1440488416,1446006912,1446495328,488416
144,1450506016,1456006912,1456512928,506016
145,1460549456,1466006912,1466556368,549456
146,1470398192,1476006912,1476405104,398192
147,1480317328,1486006912,1486324240,317328
148,1490341680,1496006912,1496348592,341680
149,1500399040,1506006912,1506405952,399040
150,1510356800,1516006912,1516363712,356800
151,1520455328,1526006912,1526462240,455328
152,1530290816,1536006912,1536297728,290816
153,1540444224,1546006912,1546451136,444224
154,1550394272,1556006912,1556401184,394272
155,1560439664,1566006912,1566446576,439664
156,1570416608,1576006912,1576423520,416608
157,1580524608,1586006912,1586531520,524608
158,1590281616,1596006912,1596288528,281616
159,1600242448,1606006912,1606249360,242448
160,1610516256,1616006912,1616523168,516256
161,1620588800,1626006912,1626595712,588800
162,1630354912,1636006912,1636361824,354912
163,1640452704,1646006912,1646459616,452704
164,1650382832,1656006912,1656389744,382832
165,1660548048,1666006912,1666554960,548048
166,1670338688,1676006912,1676345600,338688
167,1680393008,1686006912,1686399920,393008
168,1690534992,1696006912,1696541904,534992
169,1700581680,1706006912,1706588592,581680
170,1710528160,1716006912,1716535072,528160
171,1720512992,1726006912,1726519904,512992
172,1730268704,1736006912,1736275616,268704
173,1740387360,1746006912,1746394272,387360
174,1750391584,1756006912,1756398496,391584
175,1760379952,1766006912,1766386864,379952
176,1770505216,1776006912,1776512128,505216
177,1780502320,1786006912,1786509232,502320
178,1790369040,1796006912,1796375952,369040
179,1800483568,1806006912,1806490480,483568
180,1810430192,1816006912,1816437104,430192
181,1820330960,1826006912,1826337872,330960
182,1830373088,1836006912,1836380000,373088
183,1840224416,1846006912,1846231328,224416
184,1850389440,1856006912,1856396352,389440
185,1860361808,1866006912,1866368720,361808
186,1870446304,1876006912,1876453216,446304
187,1880260784,1886006912,1886267696,260784
188,1890371312,1896006912,1896378224,371312
189,1900587488,1906006912,1906594400,587488
190,1910514816,1916006912,1916521728,514816
191,1920599056,1926006912,1926605968,599056
192,1930433536,1936006912,1936440448,433536
193,1940285536,1946006912,1946292448,285536
194,1950375584,1956006912,1956382496,375584
195,1960424592,1966006912,1966431504,424592
196,1970360784,1976006912,1976367696,360784
197,1980495360,1986006912,1986502272,495360
198,1990410080,1996006912,1996416992,410080
199,2000529744,2006006912,2006536656,529744
200,2010551888,2016006912,2016558800,551888
201,2020591152,2026006912,2026598064,591152
202,2030184864,2036006912,2036191776,184864
203,2040432000,2046006912,2046438912,432000
204,2050431040,2056006912,2056437952,431040
205,2060475312,2066006912,2066482224,475312
206,2070340096,2076006912,2076347008,340096
207,2080465152,2086006912,2086472064,465152
208,2090513296,2096006912,2096520208,513296
209,2100352384,2106006912,2106359296,352384
210,2110357760,2116006912,2116364672,357760
211,2120381952,2126006912,2126388864,381952
212,2130528144,2136006912,2136535056,528144
213,2140532112,2146006912,2146539024,532112
214,2150553456,2156006912,2156560368,553456
215,2160376064,2166006912,2166382976,376064
216,2170384176,2176006912,2176391088,384176
217,2180508160,2186006912,2186515072,508160
218,2190255680,2196006912,2196262592,255680
219,2200170688,2206006912,2206177600,170688
220,2210422048,2216006912,2216428960,422048
221,2220539040,2226006912,2226545952,539040
222,2230579488,2236006912,2236586400,579488
223,2240457552,2246006912,2246464464,457552
224,2250483472,2256006912,2256490384,483472
225,2260552048,2266006912,2266558960,552048
226,2270174016,2276006912,2276180928,174016
227,2280136800,2286006912,2286143712,136800
228,2290211744,2296006912,2296218656,211744
229,2300402032,2306006912,2306408944,402032
230,2310545888,2316006912,2316552800,545888
231,2320591536,2326006912,2326598448,591536
232,2330496528,2336006912,2336503440,496528
233,2340477936,2346006912,2346484848,477936
234,2350272240,2356006912,2356279152,272240
235,2360410800,2366006912,2366417712,410800
236,2370563152,2376006912,2376570064,563152
237,2380541712,2386006912,2386548624,541712
238,2390457776,2396006912,2396464688,457776
239,2400500928,2406006912,2406507840,500928
240,2410483296,2416006912,2416490208,483296
241,2420563280,2426006912,2426570192,563280
242,2430453808,2436006912,2436460720,453808
243,2440399392,2446006912,2446406304,399392
244,2450542256,2456006912,2456549168,542256
245,2460374384,2466006912,2466381296,374384
246,2470463840,2476006912,2476470752,463840
247,2480363616,2486006912,2486370528,363616
248,2490423632,2496006912,2496430544,423632
249,2500535920,2506006912,2506542832,535920
250,2510267072,2516006912,2516273984,267072
251,2520265424,2526006912,2526272336,265424
252,2530464320,2536006912,2536471232,464320
253,2540372448,2546006912,2546379360,372448
254,2550443728,2556006912,2556450640,443728
255,2560504032,2566006912,2566510944,504032
256,2570449120,2576006912,2576456032,449120
257,2580544736,2586006912,2586551648,544736
258,2590362704,2596006912,2596369616,362704
259,2600420864,2606006912,2606427776,420864
260,2610525008,2616006912,2616531920,525008
261,2620373632,2626006912,2626380544,373632
262,2630552864,2636006912,2636559776,552864
263,2640226240,2646006912,2646233152,226240
264,2650429136,2656006912,2656436048,429136
265,2660520256,2666006912,2666527168,520256
266,2670486672,2676006912,2676493584,486672
267,2680187328,2686006912,2686194240,187328
268,2690407248,2696006912,2696414160,407248
269,2700390384,2706006912,2706397296,390384
270,2710598768,2716006912,2716605680,598768
271,2720232224,2726006912,2726239136,232224
272,2730404080,2736006912,2736410992,404080
273,2740398656,2746006912,2746405568,398656
274,2750469056,2756006912,2756475968,469056
275,2760407984,2766006912,2766414896,407984
276,2770201536,2776006912,2776208448,201536
277,2780443136,2786006912,2786450048,443136
278,2790220464,2796006912,2796227376,220464
279,2800366448,2806006912,2806373360,366448
280,2810378256,2816006912,2816385168,378256
281,2820450288,2826006912,2826457200,450288
282,2830579024,2836006912,2836585936,579024
283,2840355056,2846006912,2846361968,355056
284,2850419376,2856006912,2856426288,419376
285,2860461856,2866006912,2866468768,461856
286,2870403232,2876006912,2876410144,403232
287,2880448160,2886006912,2886455072,448160
288,2890517536,2896006912,2896524448,517536
289,2900496528,2906006912,2906503440,496528
290,2910518992,2916006912,2916525904,518992
291,2920625968,2926006912,2926632880,625968
292,2930566384,2936006912,2936573296,566384
293,2940436672,2946006912,2946443584,436672
294,2950416352,2956006912,2956423264,416352
295,2960485296,2966006912,2966492208,485296
296,2970550224,2976006912,2976557136,550224
297,2980457920,2986006912,2986464832,457920
298,2990553824,2996006912,2996560736,553824
299,3000482768,3006006912,3006489680,482768
PERIODIC LATENCY COMPLETE samples=300
qemu-system-aarch64: terminating on signal 2 from pid 181353 (timeout)
