BOARD_HOST_LIBCLANG path=/usr/lib/llvm-14/lib source=environment
orangepi5plus
BOARD_SERVICE_DTB_READY path=/home/seven_wsl/.local/share/ostool-server/dtbs/orangepi-5-plus-starry.dtb root=PARTUUID=5874edd8-1582-a144-a298-b139acd7b0e6
     Locking 1 package to latest compatible version
      Adding uboot-shell v0.2.6 (/home/seven_wsl/Workspace/starry/ostool/uboot-shell)
   Compiling uboot-shell v0.2.6 (/home/seven_wsl/Workspace/starry/ostool/uboot-shell)
   Compiling ostool v0.24.1
   Compiling axbuild v0.4.20 (/home/seven_wsl/Workspace/starry/tgoskits-rt-ivc-m3-control-f4ced37/scripts/axbuild)
   Compiling tg-xtask v0.5.11 (/home/seven_wsl/Workspace/starry/tgoskits-rt-ivc-m3-control-f4ced37/xtask)
    Finished `dev` profile [unoptimized + debuginfo] target(s) in 14.06s
     Running `target/debug/tg-xtask axvisor board -c competition/ivc/config/axvisor-orangepi-5-plus-manual.toml --board-config competition/ivc/config/board-orangepi-5-plus-manual.toml -b OrangePi-5-Plus`
[2026-08-04T05:01:48Z INFO  axbuild::context] Workspace root: /home/seven_wsl/Workspace/starry/tgoskits-rt-ivc-m3-control-f4ced37
[2026-08-04T05:01:48Z INFO  axbuild::context] Workspace member dir for axvisor: /home/seven_wsl/Workspace/starry/tgoskits-rt-ivc-m3-control-f4ced37/os/axvisor
Using build config: competition/ivc/config/axvisor-orangepi-5-plus-manual.toml
[axbuild] board build+run package=axvisor target=scripts/targets/std/pie/aarch64-unknown-linux-musl.json config=competition/ivc/config/axvisor-orangepi-5-plus-manual.toml ...
sh -c /home/seven_wsl/Workspace/starry/tgoskits-rt-ivc-m3-control-f4ced37/tmp/axbuild/std/prebuild/prebuild-aarch64-unknown-linux-musl-aab669dbec573fb9.sh
AR_aarch64_unknown_linux_musl=aarch64-linux-musl-ar
AXVISOR_VM_CONFIGS=/home/seven_wsl/Workspace/starry/tgoskits-rt-ivc-m3-control-f4ced37/competition/ivc/config/orangepi-5-plus-starry-smp2-manual.toml:/home/seven_wsl/Workspace/starry/tgoskits-rt-ivc-m3-control-f4ced37/competition/ivc/config/orangepi-5-plus-zephyr-smp1.toml
AX_ARCH=aarch64
AX_LOG=info
AX_TARGET=aarch64-unknown-none-softfloat
BINDGEN_EXTRA_CLANG_ARGS_aarch64_unknown_linux_musl=--target=aarch64-linux-musl --sysroot=/ -mgeneral-regs-only
CARGO_UNSTABLE_JSON_TARGET_SPEC=true
CC_aarch64_unknown_linux_musl=aarch64-linux-musl-cc
CFLAGS_aarch64_unknown_linux_musl=-mgeneral-regs-only -fno-stack-protector
CXXFLAGS_aarch64_unknown_linux_musl=-mgeneral-regs-only -fno-stack-protector
SMP=4
cargo build --config /home/seven_wsl/Workspace/starry/tgoskits-rt-ivc-m3-control-f4ced37/tmp/axbuild/std/config-aarch64-unknown-linux-musl-dynamic.toml -p axvisor --target scripts/targets/std/pie/aarch64-unknown-linux-musl.json -Z unstable-options --target-dir /home/seven_wsl/Workspace/starry/tgoskits-rt-ivc-m3-control-f4ced37/target --features ax-std/fs,ax-std/smp,fs,rockchip-dwmmc,rockchip-soc,sdmmc,log/release_max_level_info -Z json-target-spec --bin axvisor --release --message-format json-render-diagnostics
     Locking 1 package to latest compatible version
      Adding uboot-shell v0.2.6
   Compiling compiler_builtins v0.1.160 (/home/seven_wsl/.rustup/toolchains/nightly-2026-07-15-x86_64-unknown-linux-gnu/lib/rustlib/src/rust/library/compiler-builtins/compiler-builtins)
   Compiling core v0.0.0 (/home/seven_wsl/.rustup/toolchains/nightly-2026-07-15-x86_64-unknown-linux-gnu/lib/rustlib/src/rust/library/core)
   Compiling libc v0.2.185
   Compiling std v0.0.0 (/home/seven_wsl/.rustup/toolchains/nightly-2026-07-15-x86_64-unknown-linux-gnu/lib/rustlib/src/rust/library/std)
   Compiling proc-macro2 v1.0.106
   Compiling unicode-ident v1.0.24
   Compiling quote v1.0.46
   Compiling thiserror v2.0.18
   Compiling paste v1.0.15
   Compiling unicode-segmentation v1.13.3
   Compiling heapless v0.9.3
   Compiling unicode-xid v0.2.6
   Compiling autocfg v1.5.1
   Compiling once_cell v1.21.4
   Compiling prettyplease v0.2.37
   Compiling ident_case v1.0.1
   Compiling syn v1.0.109
   Compiling cfg-if v1.0.4
   Compiling heck v0.5.0
   Compiling zerocopy v0.8.52
   Compiling ax-percpu v0.4.14 (/home/seven_wsl/Workspace/starry/tgoskits-rt-ivc-m3-control-f4ced37/components/percpu/percpu)
   Compiling strsim v0.11.1
   Compiling rustversion v1.0.22
   Compiling radium v0.7.0
   Compiling libc v0.2.186
   Compiling semver v1.0.28
   Compiling convert_case v0.10.0
   Compiling num-traits v0.2.19
   Compiling anyhow v1.0.103
   Compiling base64 v0.13.1
   Compiling lenient_semver_version_builder v0.4.2
   Compiling rust_decimal v1.42.1
   Compiling unicode-width v0.1.14
   Compiling ax-alloc v0.8.12 (/home/seven_wsl/Workspace/starry/tgoskits-rt-ivc-m3-control-f4ced37/os/arceos/modules/axalloc)
   Compiling lenient_semver_parser v0.4.2
   Compiling convert_case v0.8.0
   Compiling rockchip-soc v0.4.1 (/home/seven_wsl/Workspace/starry/tgoskits-rt-ivc-m3-control-f4ced37/drivers/soc/rockchip/rockchip-soc)
   Compiling rockchip-pm v0.4.6 (/home/seven_wsl/Workspace/starry/tgoskits-rt-ivc-m3-control-f4ced37/drivers/soc/rockchip/rockchip-pm)
   Compiling arm-scmi-rs v0.1.7 (/home/seven_wsl/Workspace/starry/tgoskits-rt-ivc-m3-control-f4ced37/drivers/firmware/arm-scmi-rs)
   Compiling somehal v0.8.0 (/home/seven_wsl/Workspace/starry/tgoskits-rt-ivc-m3-control-f4ced37/platforms/somehal)
   Compiling ax-driver v0.12.0 (/home/seven_wsl/Workspace/starry/tgoskits-rt-ivc-m3-control-f4ced37/drivers/ax-driver)
   Compiling lenient_semver v0.4.2
   Compiling axplat-dyn v0.7.12 (/home/seven_wsl/Workspace/starry/tgoskits-rt-ivc-m3-control-f4ced37/platforms/axplat-dyn)
   Compiling strsim v0.10.0
   Compiling serde_core v1.0.228
   Compiling fnv v1.0.7
   Compiling typeid v1.0.3
   Compiling glob v0.3.3
   Compiling memoffset v0.9.1
   Compiling minimal-lexical v0.2.1
   Compiling scope-local v0.4.2 (/home/seven_wsl/Workspace/starry/tgoskits-rt-ivc-m3-control-f4ced37/components/scope-local)
   Compiling memchr v2.8.2
   Compiling regex-syntax v0.8.11
   Compiling libloading v0.8.9
   Compiling either v1.16.0
   Compiling serde v1.0.228
   Compiling bindgen v0.72.1
   Compiling clang-sys v1.8.1
   Compiling rustc-hash v2.1.2
   Compiling itertools v0.13.0
   Compiling bitflags v2.13.0
   Compiling log v0.4.33
   Compiling shlex v1.3.0
   Compiling version_check v0.9.5
   Compiling indoc v2.0.7
   Compiling winnow v1.0.3
   Compiling syn v2.0.118
   Compiling winnow v0.7.15
   Compiling toml_writer v1.1.1+spec-1.1.0
   Compiling ax-errno v0.6.1 (/home/seven_wsl/Workspace/starry/tgoskits-rt-ivc-m3-control-f4ced37/components/axerrno)
   Compiling ax-hal v0.5.28 (/home/seven_wsl/Workspace/starry/tgoskits-rt-ivc-m3-control-f4ced37/os/arceos/modules/axhal)
   Compiling ax-task v0.6.4 (/home/seven_wsl/Workspace/starry/tgoskits-rt-ivc-m3-control-f4ced37/os/arceos/modules/axtask)
   Compiling nom v7.1.3
   Compiling ax-runtime v0.10.4 (/home/seven_wsl/Workspace/starry/tgoskits-rt-ivc-m3-control-f4ced37/os/arceos/modules/axruntime)
   Compiling ahash v0.8.12
   Compiling toml_parser v1.1.2+spec-1.1.0
   Compiling regex-automata v0.4.14
   Compiling cexpr v0.6.0
   Compiling regex v1.12.4
   Compiling serde_spanned v1.1.1
   Compiling toml_datetime v0.7.5+spec-1.1.0
   Compiling toml v0.9.12+spec-1.1.0
   Compiling darling_core v0.13.4
   Compiling svgbobdoc v0.3.0
   Compiling darling_core v0.23.0
   Compiling thiserror-impl v2.0.18
   Compiling async-trait v0.1.89
   Compiling ax-crate-interface v0.5.7 (/home/seven_wsl/Workspace/starry/tgoskits-rt-ivc-m3-control-f4ced37/components/crate_interface)
   Compiling derive_more-impl v2.1.1
   Compiling enum_dispatch v0.3.13
   Compiling strum_macros v0.27.2
   Compiling zerocopy-derive v0.8.52
   Compiling ax-percpu-macros v0.4.10 (/home/seven_wsl/Workspace/starry/tgoskits-rt-ivc-m3-control-f4ced37/components/percpu/percpu_macros)
   Compiling futures-macro v0.3.32
   Compiling rdrive-macros v0.4.2 (/home/seven_wsl/Workspace/starry/tgoskits-rt-ivc-m3-control-f4ced37/drivers/rdrive-macros)
   Compiling ptr_meta_derive v0.3.1
   Compiling volatile-macro v0.6.0
   Compiling ax-plat-macros v0.3.9 (/home/seven_wsl/Workspace/starry/tgoskits-rt-ivc-m3-control-f4ced37/platforms/ax-plat-macros)
   Compiling uefi-macros v0.19.0
   Compiling bitfield-struct v0.11.0
   Compiling trait-ffi v0.2.11
   Compiling enumn v0.1.14
   Compiling extern-trait-impl v0.4.3
   Compiling ax-ctor-bare-macros v0.4.8 (/home/seven_wsl/Workspace/starry/tgoskits-rt-ivc-m3-control-f4ced37/components/ctor_bare/ctor_bare_macros)
   Compiling serde_derive v1.0.228
   Compiling serde_repr v0.1.20
   Compiling someboot v0.3.5 (/home/seven_wsl/Workspace/starry/tgoskits-rt-ivc-m3-control-f4ced37/platforms/someboot)
   Compiling axvisor v0.5.21 (/home/seven_wsl/Workspace/starry/tgoskits-rt-ivc-m3-control-f4ced37/os/axvisor)
   Compiling darling_macro v0.13.4
   Compiling darling v0.13.4
   Compiling inherit-methods-macro v0.1.0
   Compiling darling_macro v0.23.0
   Compiling darling v0.23.0
   Compiling somehal-macros v0.1.5 (/home/seven_wsl/Workspace/starry/tgoskits-rt-ivc-m3-control-f4ced37/platforms/somehal-macros)
   Compiling kasm-aarch64 v0.2.1 (/home/seven_wsl/Workspace/starry/tgoskits-rt-ivc-m3-control-f4ced37/components/kasm-aarch64)
   Compiling ax-posix-api v0.5.29 (/home/seven_wsl/Workspace/starry/tgoskits-rt-ivc-m3-control-f4ced37/os/arceos/api/arceos_posix_api)
   Compiling rustc-std-workspace-core v1.99.0 (/home/seven_wsl/.rustup/toolchains/nightly-2026-07-15-x86_64-unknown-linux-gnu/lib/rustlib/src/rust/library/rustc-std-workspace-core)
   Compiling alloc v0.0.0 (/home/seven_wsl/.rustup/toolchains/nightly-2026-07-15-x86_64-unknown-linux-gnu/lib/rustlib/src/rust/library/alloc)
   Compiling panic_abort v0.0.0 (/home/seven_wsl/.rustup/toolchains/nightly-2026-07-15-x86_64-unknown-linux-gnu/lib/rustlib/src/rust/library/panic_abort)
   Compiling rustc-demangle v0.1.28
   Compiling rustc-literal-escaper v0.0.8
   Compiling unwind v0.0.0 (/home/seven_wsl/.rustup/toolchains/nightly-2026-07-15-x86_64-unknown-linux-gnu/lib/rustlib/src/rust/library/unwind)
   Compiling rustc-std-workspace-alloc v1.99.0 (/home/seven_wsl/.rustup/toolchains/nightly-2026-07-15-x86_64-unknown-linux-gnu/lib/rustlib/src/rust/library/rustc-std-workspace-alloc)
   Compiling panic_unwind v0.0.0 (/home/seven_wsl/.rustup/toolchains/nightly-2026-07-15-x86_64-unknown-linux-gnu/lib/rustlib/src/rust/library/panic_unwind)
   Compiling std_detect v0.1.5 (/home/seven_wsl/.rustup/toolchains/nightly-2026-07-15-x86_64-unknown-linux-gnu/lib/rustlib/src/rust/library/std_detect)
   Compiling hashbrown v0.17.1
   Compiling proc_macro v0.0.0 (/home/seven_wsl/.rustup/toolchains/nightly-2026-07-15-x86_64-unknown-linux-gnu/lib/rustlib/src/rust/library/proc_macro)
   Compiling tock-registers v0.10.1
   Compiling as-any v0.3.2
   Compiling byteorder v1.5.0
   Compiling scopeguard v1.2.0
   Compiling stable_deref_trait v1.2.1
   Compiling derive_more v2.1.1
   Compiling tock-registers v0.9.0
   Compiling ax-memory-addr v0.6.9 (/home/seven_wsl/Workspace/starry/tgoskits-rt-ivc-m3-control-f4ced37/memory/memory_addr)
   Compiling bit_field v0.10.3
   Compiling mbarrier v0.1.3
   Compiling irq-framework v0.3.0 (/home/seven_wsl/Workspace/starry/tgoskits-rt-ivc-m3-control-f4ced37/components/irq-framework)
   Compiling strum v0.27.2
   Compiling futures-sink v0.3.32
   Compiling futures-core v0.3.32
   Compiling rdif-def v0.3.0 (/home/seven_wsl/Workspace/starry/tgoskits-rt-ivc-m3-control-f4ced37/drivers/interface/rdif-def)
   Compiling ax-kernel-guard v0.3.11 (/home/seven_wsl/Workspace/starry/tgoskits-rt-ivc-m3-control-f4ced37/components/kernel_guard)
   Compiling lock_api v0.4.14
   Compiling pin-project-lite v0.2.17
   Compiling futures-task v0.3.32
   Compiling slab v0.4.12
   Compiling aarch64-cpu v11.2.0
   Compiling ax-kspin v0.3.15 (/home/seven_wsl/Workspace/starry/tgoskits-rt-ivc-m3-control-f4ced37/components/kspin)
   Compiling pci_types v0.10.1
   Compiling rdif-base v0.8.3 (/home/seven_wsl/Workspace/starry/tgoskits-rt-ivc-m3-control-f4ced37/drivers/interface/rdif-base)
   Compiling hash32 v0.3.1
   Compiling aarch64-cpu v10.0.0
   Compiling mmio-api v0.2.2 (/home/seven_wsl/Workspace/starry/tgoskits-rt-ivc-m3-control-f4ced37/memory/mmio-api)
   Compiling futures-channel v0.3.32
   Compiling embedded-hal v1.0.0
   Compiling tap v1.0.1
   Compiling rdif-power v0.8.0 (/home/seven_wsl/Workspace/starry/tgoskits-rt-ivc-m3-control-f4ced37/drivers/interface/rdif-power)
   Compiling rdif-clk v0.5.4 (/home/seven_wsl/Workspace/starry/tgoskits-rt-ivc-m3-control-f4ced37/drivers/interface/rdif-clk)
   Compiling rdif-reset v0.1.0 (/home/seven_wsl/Workspace/starry/tgoskits-rt-ivc-m3-control-f4ced37/drivers/interface/rdif-reset)
   Compiling futures-util v0.3.32
   Compiling rdif-msi v0.2.0 (/home/seven_wsl/Workspace/starry/tgoskits-rt-ivc-m3-control-f4ced37/drivers/interface/rdif-msi)
   Compiling rdif-intc v0.15.0 (/home/seven_wsl/Workspace/starry/tgoskits-rt-ivc-m3-control-f4ced37/drivers/interface/rdif-intc)
   Compiling arrayvec v0.7.7
   Compiling futures-io v0.3.32
   Compiling spin v0.12.2
   Compiling spinning_top v0.3.0
   Compiling bitmaps v3.2.1
   Compiling wyz v0.5.1
   Compiling smccc v0.2.3
   Compiling const-default v1.0.0
   Compiling uguid v2.2.1
   Compiling rdif-pcie v0.2.5 (/home/seven_wsl/Workspace/starry/tgoskits-rt-ivc-m3-control-f4ced37/drivers/interface/rdif-pcie)
   Compiling num-align v0.1.0
   Compiling acpi v6.1.1
   Compiling bytemuck v1.25.0
   Compiling funty v2.0.0
   Compiling const-str v1.1.0
   Compiling uefi-raw v0.14.0
   Compiling spinning_top v0.2.5
   Compiling buddy-slab-allocator v0.4.6 (/home/seven_wsl/Workspace/starry/tgoskits-rt-ivc-m3-control-f4ced37/memory/buddy-slab-allocator)
   Compiling ucs2 v0.3.3
   Compiling numeric-enum-macro v0.2.0
   Compiling pcie v0.6.7 (/home/seven_wsl/Workspace/starry/tgoskits-rt-ivc-m3-control-f4ced37/drivers/pci/pcie)
   Compiling rgb v0.8.53
   Compiling volatile v0.6.1
   Compiling utf8-width v0.1.8
   Compiling ptr_meta v0.3.1
   Compiling bitvec v1.1.1
   Compiling ax-cpumask v0.3.5 (/home/seven_wsl/Workspace/starry/tgoskits-rt-ivc-m3-control-f4ced37/components/cpumask)
   Compiling axpanic v0.1.1 (/home/seven_wsl/Workspace/starry/tgoskits-rt-ivc-m3-control-f4ced37/components/axpanic)
   Compiling chrono v0.4.45
   Compiling nb v1.1.0
   Compiling axbacktrace v0.4.5 (/home/seven_wsl/Workspace/starry/tgoskits-rt-ivc-m3-control-f4ced37/components/axbacktrace)
   Compiling ansi_rgb v0.2.0
   Compiling ax-lazyinit v0.4.8 (/home/seven_wsl/Workspace/starry/tgoskits-rt-ivc-m3-control-f4ced37/components/ax-lazyinit)
   Compiling allocator-api2 v0.2.21
   Compiling fdt-parser v0.4.19
   Compiling fdt-raw v0.3.0
   Compiling ranges-ext v0.6.4 (/home/seven_wsl/Workspace/starry/tgoskits-rt-ivc-m3-control-f4ced37/memory/ranges-ext)
   Compiling page-table-generic v0.7.4 (/home/seven_wsl/Workspace/starry/tgoskits-rt-ivc-m3-control-f4ced37/memory/page-table-generic)
   Compiling equivalent v1.0.2
   Compiling rlsf v0.2.2
   Compiling kernutil v0.2.2 (/home/seven_wsl/Workspace/starry/tgoskits-rt-ivc-m3-control-f4ced37/components/kernutil)
   Compiling byte-unit v5.2.5
   Compiling linux-raw-sys v0.12.1
   Compiling foldhash v0.2.0
   Compiling ax-linked-list-r4l v0.5.6 (/home/seven_wsl/Workspace/starry/tgoskits-rt-ivc-m3-control-f4ced37/components/linked_list_r4l)
   Compiling fdt-edit v0.2.3
   Compiling hashbrown v0.16.1
   Compiling extern-trait v0.4.3
   Compiling ax-sched v0.5.8 (/home/seven_wsl/Workspace/starry/tgoskits-rt-ivc-m3-control-f4ced37/components/axsched)
   Compiling ax-arm-pl031 v0.4.7 (/home/seven_wsl/Workspace/starry/tgoskits-rt-ivc-m3-control-f4ced37/drivers/rtc/arm_pl031)
   Compiling ax-timer-list v0.3.5 (/home/seven_wsl/Workspace/starry/tgoskits-rt-ivc-m3-control-f4ced37/components/timer_list)
   Compiling axpoll v0.5.1 (/home/seven_wsl/Workspace/starry/tgoskits-rt-ivc-m3-control-f4ced37/components/axpoll)
   Compiling ax-memory-set v0.6.12 (/home/seven_wsl/Workspace/starry/tgoskits-rt-ivc-m3-control-f4ced37/memory/memory_set)
   Compiling smallvec v1.15.2
   Compiling intrusive-collections v0.9.7
   Compiling rdif-pinctrl v0.1.2 (/home/seven_wsl/Workspace/starry/tgoskits-rt-ivc-m3-control-f4ced37/drivers/interface/rdif-pinctrl)
   Compiling axvm-types v0.7.0 (/home/seven_wsl/Workspace/starry/tgoskits-rt-ivc-m3-control-f4ced37/virtualization/axvm-types)
   Compiling rsext4 v0.7.5 (/home/seven_wsl/Workspace/starry/tgoskits-rt-ivc-m3-control-f4ced37/components/rsext4)
   Compiling ax-io v0.6.1 (/home/seven_wsl/Workspace/starry/tgoskits-rt-ivc-m3-control-f4ced37/components/axio)
   Compiling rdrive v0.23.6 (/home/seven_wsl/Workspace/starry/tgoskits-rt-ivc-m3-control-f4ced37/drivers/rdrive)
   Compiling lru v0.16.4
   Compiling axfs-ng-vfs v0.5.5 (/home/seven_wsl/Workspace/starry/tgoskits-rt-ivc-m3-control-f4ced37/components/axfs-ng-vfs)
   Compiling starry-fatfs v0.4.1-preview.2
   Compiling ax-log v0.5.18 (/home/seven_wsl/Workspace/starry/tgoskits-rt-ivc-m3-control-f4ced37/os/arceos/modules/axlog)
   Compiling ax-ctor-bare v0.4.8 (/home/seven_wsl/Workspace/starry/tgoskits-rt-ivc-m3-control-f4ced37/components/ctor_bare/ctor_bare)
   Compiling flatten_objects v0.2.4
   Compiling aarch64-cpu-ext v0.1.4
   Compiling futures v0.3.32
   Compiling rdif-serial v0.9.0 (/home/seven_wsl/Workspace/starry/tgoskits-rt-ivc-m3-control-f4ced37/drivers/interface/rdif-serial)
   Compiling aarch64_sysreg v0.3.8 (/home/seven_wsl/Workspace/starry/tgoskits-rt-ivc-m3-control-f4ced37/virtualization/aarch64_sysreg)
   Compiling axaddrspace v0.5.16 (/home/seven_wsl/Workspace/starry/tgoskits-rt-ivc-m3-control-f4ced37/virtualization/axaddrspace)
   Compiling dma-api v0.9.3 (/home/seven_wsl/Workspace/starry/tgoskits-rt-ivc-m3-control-f4ced37/memory/dma-api)
   Compiling axhvc v0.4.10 (/home/seven_wsl/Workspace/starry/tgoskits-rt-ivc-m3-control-f4ced37/virtualization/axhvc)
   Compiling axvm-net v0.1.0 (/home/seven_wsl/Workspace/starry/tgoskits-rt-ivc-m3-control-f4ced37/virtualization/axvm-net)
   Compiling rdif-block v0.11.2 (/home/seven_wsl/Workspace/starry/tgoskits-rt-ivc-m3-control-f4ced37/drivers/interface/rdif-block)
   Compiling sdio-host2 v0.1.4 (/home/seven_wsl/Workspace/starry/tgoskits-rt-ivc-m3-control-f4ced37/components/sdio-host2)
   Compiling some-serial v0.7.0 (/home/seven_wsl/Workspace/starry/tgoskits-rt-ivc-m3-control-f4ced37/drivers/serial/some-serial)
   Compiling sdmmc-protocol v0.4.1 (/home/seven_wsl/Workspace/starry/tgoskits-rt-ivc-m3-control-f4ced37/drivers/blk/sdmmc-protocol)
   Compiling ax-plat v0.12.0 (/home/seven_wsl/Workspace/starry/tgoskits-rt-ivc-m3-control-f4ced37/platforms/ax-plat)
   Compiling uefi v0.37.0
   Compiling aml v0.16.4
   Compiling ax-page-table-entry v0.8.10 (/home/seven_wsl/Workspace/starry/tgoskits-rt-ivc-m3-control-f4ced37/memory/page_table_entry)
   Compiling axklib v0.7.5 (/home/seven_wsl/Workspace/starry/tgoskits-rt-ivc-m3-control-f4ced37/components/axklib)
   Compiling sdhci-host v0.4.1 (/home/seven_wsl/Workspace/starry/tgoskits-rt-ivc-m3-control-f4ced37/drivers/blk/sdhci-host)
   Compiling phytium-mci-host v0.3.2 (/home/seven_wsl/Workspace/starry/tgoskits-rt-ivc-m3-control-f4ced37/drivers/blk/phytium-mci-host)
   Compiling dwmmc-host v0.3.2 (/home/seven_wsl/Workspace/starry/tgoskits-rt-ivc-m3-control-f4ced37/drivers/blk/dwmmc-host)
   Compiling arm-gic-driver v0.17.9 (/home/seven_wsl/Workspace/starry/tgoskits-rt-ivc-m3-control-f4ced37/drivers/intc/arm-gic-driver)
   Compiling ax-cpu v0.8.3 (/home/seven_wsl/Workspace/starry/tgoskits-rt-ivc-m3-control-f4ced37/components/axcpu)
   Compiling ax-page-table-multiarch v0.8.13 (/home/seven_wsl/Workspace/starry/tgoskits-rt-ivc-m3-control-f4ced37/memory/page_table_multiarch)
   Compiling axdevice_base v0.6.1 (/home/seven_wsl/Workspace/starry/tgoskits-rt-ivc-m3-control-f4ced37/virtualization/axdevice_base)
   Compiling toml_datetime v1.1.1+spec-1.1.0
   Compiling safe-mmio v0.3.0
   Compiling arm_vcpu v0.5.16 (/home/seven_wsl/Workspace/starry/tgoskits-rt-ivc-m3-control-f4ced37/virtualization/arm_vcpu)
   Compiling hashbrown v0.14.5
   Compiling toml v1.1.2+spec-1.1.0
   Compiling virtio-drivers v0.13.0
   Compiling arm_vgic v0.5.3 (/home/seven_wsl/Workspace/starry/tgoskits-rt-ivc-m3-control-f4ced37/virtualization/arm_vgic)
   Compiling axdevice v0.5.4 (/home/seven_wsl/Workspace/starry/tgoskits-rt-ivc-m3-control-f4ced37/virtualization/axdevice)
   Compiling axvmconfig v0.8.1 (/home/seven_wsl/Workspace/starry/tgoskits-rt-ivc-m3-control-f4ced37/virtualization/axvmconfig)
warning: function `set_fdt_addr_phys_if_valid` is never used
  --> platforms/someboot/src/fdt/mod.rs:32:15
   |
32 | pub(crate) fn set_fdt_addr_phys_if_valid(fdt_addr: usize) -> bool {
   |               ^^^^^^^^^^^^^^^^^^^^^^^^^^
   |
   = note: `#[warn(dead_code)]` (part of `#[warn(unused)]`) on by default

warning: `someboot` (lib) generated 1 warning
   Compiling ax-mm v0.5.28 (/home/seven_wsl/Workspace/starry/tgoskits-rt-ivc-m3-control-f4ced37/os/arceos/modules/axmm)
   Compiling ax-sync v0.5.28 (/home/seven_wsl/Workspace/starry/tgoskits-rt-ivc-m3-control-f4ced37/os/arceos/modules/axsync)
   Compiling ax-fs-ng v0.8.4 (/home/seven_wsl/Workspace/starry/tgoskits-rt-ivc-m3-control-f4ced37/os/arceos/modules/axfs-ng)
   Compiling ax-api v0.7.4 (/home/seven_wsl/Workspace/starry/tgoskits-rt-ivc-m3-control-f4ced37/os/arceos/api/arceos_api)
   Compiling ax-std v0.5.28 (/home/seven_wsl/Workspace/starry/tgoskits-rt-ivc-m3-control-f4ced37/os/arceos/ulib/axstd)
   Compiling axvm v0.5.23 (/home/seven_wsl/Workspace/starry/tgoskits-rt-ivc-m3-control-f4ced37/virtualization/axvm)
warning: function `with_vm` is never used
   --> virtualization/axvm/src/manager.rs:168:15
    |
168 | pub(crate) fn with_vm<F, R>(vm_id: VMId, f: F) -> Option<R>
    |               ^^^^^^^
    |
    = note: `#[warn(dead_code)]` (part of `#[warn(unused)]`) on by default

warning: function `active_vcpu_mask` is never used
   --> virtualization/axvm/src/manager.rs:198:15
    |
198 | pub(crate) fn active_vcpu_mask(vm_id: VMId) -> Option<usize> {
    |               ^^^^^^^^^^^^^^^^

warning: function `inject_interrupt` is never used
   --> virtualization/axvm/src/manager.rs:210:15
    |
210 | pub(crate) fn inject_interrupt(vm_id: VMId, vcpu_id: usize, vector: usize) -> AxVmResult {
    |               ^^^^^^^^^^^^^^^^

warning: field `token` is never read
  --> virtualization/axvm/src/timer.rs:20:5
   |
19 | struct VmTimerEvent {
   |        ------------ field in this struct
20 |     token: usize,
   |     ^^^^^

warning: function `cancel_timer` is never used
  --> virtualization/axvm/src/timer.rs:65:15
   |
65 | pub(crate) fn cancel_timer(token: usize) {
   |               ^^^^^^^^^^^^

warning: associated items `handle_nested_page_fault` and `debug_nested_page_fault` are never used
    --> virtualization/axvm/src/vm/mod.rs:1303:19
     |
 616 | impl AxVM {
     | --------- associated items in this implementation
...
1303 |     pub(crate) fn handle_nested_page_fault(
     |                   ^^^^^^^^^^^^^^^^^^^^^^^^
...
1318 |     fn debug_nested_page_fault(
     |        ^^^^^^^^^^^^^^^^^^^^^^^

warning: `axvm` (lib) generated 6 warnings
warning: function `write_persisted_evidence` is never used
   --> os/axvisor/src/host_noise.rs:121:15
    |
121 | pub(crate) fn write_persisted_evidence(output: &mut impl Write) -> io::Result<()> {
    |               ^^^^^^^^^^^^^^^^^^^^^^^^
    |
    = note: `#[warn(dead_code)]` (part of `#[warn(unused)]`) on by default

warning: `axvisor` (bin "axvisor") generated 1 warning
    Finished `release` profile [optimized] target(s) in 28.97s
warning: the following packages contain code that will be rejected by a future version of Rust: core v0.0.0 (/home/seven_wsl/.rustup/toolchains/nightly-2026-07-15-x86_64-unknown-linux-gnu/lib/rustlib/src/rust/library/core), memchr v2.8.2
note: to see what the problems were, use the option `--future-incompat-report`, or run `cargo report future-incompatibilities --id 1`
Allocated board session:
  board_type: OrangePi-5-Plus
  board_id: orangepi-5-plus-1
  session_id: 0aeab502-8c7e-4098-a75b-da06d5900b23
  lease_expires_at: 2026-08-04 05:02:27.571241934 UTC
  boot_mode: uboot
Converting ELF to BIN format...
  elf: /home/seven_wsl/Workspace/starry/tgoskits-rt-ivc-m3-control-f4ced37/target/aarch64-unknown-linux-musl/release/axvisor
  bin: /home/seven_wsl/Workspace/starry/tgoskits-rt-ivc-m3-control-f4ced37/target/aarch64-unknown-linux-musl/release/axvisor.bin
/home/seven_wsl/.rustup/toolchains/nightly-2026-07-15-x86_64-unknown-linux-gnu/lib/rustlib/x86_64-unknown-linux-gnu/bin/llvm-objcopy --strip-all -O binary /home/seven_wsl/Workspace/starry/tgoskits-rt-ivc-m3-control-f4ced37/target/aarch64-unknown-linux-musl/release/axvisor /home/seven_wsl/Workspace/starry/tgoskits-rt-ivc-m3-control-f4ced37/target/aarch64-unknown-linux-musl/release/axvisor.bin
[2026-08-04T05:02:17Z INFO  ostool::run::uboot] Starting U-Boot runner...
[2026-08-04T05:02:17Z INFO  ostool::run::uboot] kernel from: /home/seven_wsl/Workspace/starry/tgoskits-rt-ivc-m3-control-f4ced37/target/aarch64-unknown-linux-musl/release/axvisor.bin
[2026-08-04T05:02:17Z INFO  ostool::run::uboot] Using network interface hint: eth0
Waiting for remote board to power on through ostool-server...
BOARD_REBOOT_ARMED
Connection to 192.168.31.33 closed by remote host.
[2026-08-04T05:02:27Z INFO  uboot_shell] cmd: setenv autoload yes
[2026-08-04T05:02:27Z INFO  uboot_shell] cmd: setenv netmask 255.255.255.0
[2026-08-04T05:02:28Z INFO  uboot_shell] cmd: net list
[2026-08-04T05:02:28Z INFO  uboot_shell] cmd: bootdev hunt ethernet
[2026-08-04T05:02:31Z INFO  ostool::run::uboot] Board network ok
[2026-08-04T05:02:31Z INFO  uboot_shell] cmd: setenv serverip 192.168.31.132
[2026-08-04T05:02:32Z INFO  uboot_shell] cmd: echo $fdt_addr_r
[2026-08-04T05:02:32Z INFO  uboot_shell] cmd: echo $ramdisk_addr_r
[2026-08-04T05:02:33Z INFO  uboot_shell] cmd: echo $kernel_addr_r
[2026-08-04T05:02:33Z INFO  ostool::run::uboot] Using $kernel_addr_r as kernel entry: 0x2000000
[2026-08-04T05:02:33Z INFO  uboot_shell] cmd: echo $kernel_comp_addr_r
[2026-08-04T05:02:33Z INFO  ostool::run::uboot] image load to kernel_comp_addr_r: 0xa000000
[2026-08-04T05:02:33Z INFO  uboot_shell] cmd: setenv loadaddr 0xa000000
[2026-08-04T05:02:34Z INFO  ostool::run::uboot] fitimage loadaddr: 0xa000000
[2026-08-04T05:02:34Z INFO  ostool::run::uboot] kernel entry: 0x2000000
[2026-08-04T05:02:34Z INFO  ostool::run::uboot] Using DTB from: /home/seven_wsl/Workspace/starry/tgoskits-rt-ivc-m3-control-f4ced37/target/aarch64-unknown-linux-musl/release/ostool-0aeab502-8c7e-4098-a75b-da06d5900b23-orangepi-5-plus-starry.dtb
[2026-08-04T05:02:34Z INFO  ostool::boot::fit] Making FIT image...
[2026-08-04T05:02:34Z INFO  ostool::boot::fit] kernel: /home/seven_wsl/Workspace/starry/tgoskits-rt-ivc-m3-control-f4ced37/target/aarch64-unknown-linux-musl/release/axvisor.bin (size: 3342384)
[2026-08-04T05:02:34Z INFO  ostool::boot::fit] 已读取 DTB 文件: /home/seven_wsl/Workspace/starry/tgoskits-rt-ivc-m3-control-f4ced37/target/aarch64-unknown-linux-musl/release/ostool-0aeab502-8c7e-4098-a75b-da06d5900b23-orangepi-5-plus-starry.dtb (大小: 280066)
[2026-08-04T05:02:34Z INFO  ostool::boot::fit] FIT image ok: /home/seven_wsl/Workspace/starry/tgoskits-rt-ivc-m3-control-f4ced37/target/aarch64-unknown-linux-musl/release/image.fit
[2026-08-04T05:02:34Z INFO  ostool::run::uboot] No TFTP config, using loady to upload FIT image...

send file
loady 0xa000000
## Ready for binary (ymodem) download to 0x0A000000 at 1500000 bps...
[2026-08-04T05:02:34Z INFO  uboot_shell::ymodem] Sending file: image.fit
C## Total Size      = 0x00374940 = 3623232 Bytes
## Start Addr      = 0x0A000000
=>
send ok
[2026-08-04T05:03:24Z INFO  ostool::run::uboot] Booting kernel with command: bootm
Interacting with U-Boot shell...
bootm
## Loading kernel (any) from FIT Image at 0a000000 ...
   Using 'config-ostool' configuration
   Verifying Hash Integrity ... OK
   Trying 'kernel' kernel subimage
     Description:  This kernel
     Type:         Kernel Image
     Compression:  uncompressed
     Data Start:   0x0a000168
     Data Size:    3342384 Bytes = 3.2 MiB
     Architecture: AArch64
     OS:           Linux
     Load Address: 0x02000000
     Entry Point:  0x02000000
   Verifying Hash Integrity ... OK
## Loading fdt (any) from FIT Image at 0a000000 ...
   Using 'config-ostool' configuration
   Verifying Hash Integrity ... OK
   Trying 'fdt' fdt subimage
     Description:  This fdt
     Type:         Flat Device Tree
     Compression:  uncompressed
     Data Start:   0x0a330218
     Data Size:    280066 Bytes = 273.5 KiB4
     Load Address: 0x12000000
   Verifying Hash Integrity ... OK
   Loading fdt from 0x0a330218 to 0x12000000
   Booting using the fdt blob at 0x12000000
Working FDT set to 12000000
   Loading Kernel Image to 2000000
   Loading Device Tree to 00000000ecb72000, end 00000000ecbb9601 ... OK
Working FDT set to ecb72000

Starting kernel ...

root=PARTUUID=5874edd8-1582-a144-a298-b139acd7b0e6 earlycon=uart8250,mmio32,0xfeb50000 rootwait rootfstype=ext4 splash=verbose console=ttyS2,1500000 console=tty1 consoleblank=0 loglevel=1 uboooup_enable=cpuset cgroup_memory=1 cgroup_enable=memory swapaccou00082000000
Memory Map:
  Rsv    0x00000000110000 - 0x00000000200000 (960 KiB)
  Free   0x00000000200000 - 0x00000002000000 (30 MiB)
  KImg   0x00000002000000 - 0x00000002400000 (4 MiB)
  Free   0x00000002400000 - 0x0000000a100000 (125 MiB)
  Rsv    0x0000000a100000 - 0x0000000a145000 (276 KiB)
  Free   0x0000000a145000 - 0x0000000a200000 (748 KiB)
  Rsv    0x0000000a200000 - 0x0000000b65f000 (20.37 MiB)
  Free   0x0000000b65f000 - 0x00000010000000 (73.63 MiB)
  Rsv    0x00000010000000 - 0x00000020000000 (256 MiB)
  Free   0x00000020000000 - 0x000000f0000000 (3.25 GiB)
 Initializing per-CPU data
Per-CPU data one cpu size: 0x43000 bytes
Total per-CPU data size for secondary CPUs: 0x218000 bytes (8 CPUs)
Flushed RAM used range to memory map: 0x200000..0Per-CPU data allocated at 0x245000 - 0x45d000
Initializing per-CPU RAM for CPU0 - hard id 0x0 @ 0x245000
Initializing per-CPU RAM for CPU1 - hard id 0x100 @ 0x288000
Initializing per-CPU RAM for CPU2 - hard id 0x200 @ 0x2cb000
Initializing per-CPU RAM for CPU3 - hard id 0x300 @ 0x30e000
Initializing per-CPU RAM for CPU4 - hard id 0x400 @ 0x351000
Initializing per-CPU RAM for CPU5 - hard id 0x500 @ 0x394000
Initializing per-CPU RAM for CPU6 - hard id 0x600 @ 0x3d7000
Initializing per-CPU RAM for CPU7 - hard id 0x700 @ 0x41a000
CPU0 - hard id 0x0, stack top @0x288000, stack top virt @0xff0000288000, entry virt @0xffff8019b928
CPU1 - hard id 0x100, stack top @0x2cb000, stack top virt @0xff00002cb000, entry virt @0xffff8019b928
CPU2 - hard id 0x200, stack top @0x30e000, stack top virt @0xff000030e000, entry virt @0xffff8019b928
CPU3 - hard id 0x300, stack top @0x351000, stack top virt @0xff0000351000, entry virt @0xffff8019b928
CPU4 - hard id 0x400, stack top @0x394000, stack top virt @0xff0000394000, entry virt @0xffff8019b928
CPU5 - hard id 0x500, stack top @0x3d7000, stack top virt @0xff00003d7000, entry virt @0xffff8019b928
CPU6 - hard id 0x600, stack top @0x41a000, stack top virt @0xff000041a000, entry virt @0xffff8019b928
CPU7 - hard id 0x700, stack top @0x45d000, stack top virt @0xff000045d000, entry virt @0xffff8019b928
EL: 2
Mapping early memory regions...
Ram                 : [0x0000000000200000, 0x00000000f0000000) -> [0x0000000000200000, 0x00000000f0000000) (3.75 GiB)
Ram                 : [0x0000000100000000, 0x00000003fc000000) -> [0x0000000100000000, 0x00000003fc000000KImage              : [0x0000fffTrap vector at 0xffff80197800
Memory Map:
  Rsv    0x00000000110000 - 0x00000000245000 (1.21 MiB)
  PerCPU 0x00000000245000 -000002400000 (4 MiB)
  Free   0x00000002400000 - 0x0000000a100000 (125 MiB)
  Rsv    0x0000000a100000 - 0x0000000a145000 (276 KiB)
  Free   0x0000000a145000 - 0x0000000a200000 (748 KiB)
  Rsv    0x0000000a200000 - 0x0000000b65f000 (20.37 MiB)
  Free   0x0000000b65f000 - 0x00000010000000 (73.63 MiB)
  Rsv    0x00000010000000 - 0x00000020000000 (256 MiB)
  Free   0x00000020000000 - 0x000000f0000000 (3.25 GiB)
  MMIO   0x000000feb50000 - 0x000000feb51000 (4 KiB)
  Free   0x00000100000000 - 0x000003fc000000 (11.94 GiB)
  Free   0x000003fc500000 - 0x000003fff00000 (58 MiB)
  Free   0x000004f0000000 - 0x00000500000000 (256 MiB)
Jumping to main entry point at 0xffff8017ea2c with SP 0x0000ff0000288000

       d8888                            .d88888b.   .d8888b.
      d88888                           d88P" "Y88b d88P  Y88b
     d88P888                           888     888 Y88b.
    d88P 888 888d888  .d8888b  .d88b.  888     888  "Y888b.
   d88P  888 888P"   d88P"    d8P  Y8b 888     888     "Y88b.8888 888     888       "888
 d8888888888 888     Y88b.    Y8b.     Y88b. .d88P Y88b  d88P
d88P     888 888      "Y8888P  "Y8888   "Y88888P"   "Y8888P"

arch = aarch64
platform = RK3588 OPi 5 Plus
target = aarch64-unknown-none-softfloat
build_mode = 
log_level = info
backtrace = false
smp = 4

[37m[ 62.062275 ax_runtime:213] [32mLogging is enabled.[m
[m[37m[ 62.062761 ax_runtime:214] [32mPrimary CPU 0 started, arg = 0x200000.[m
[m[37m[ 62.063390 ax_runtime:216] [32mFound physcial memory regions:[m
[m[37m[ 62.064015 ax_runtime:218] [32m  [PA:0x110000, PA:0x245000) reserved (READ | WRITE | EXECUTE | RESERVED)[m
[m[37m[ 62.064905 ax_runtime:218] [32m  [PA:0x245000, RITE | EXECUTE | RESERVED)[m
[m[37m[ 62.065798 ax_runtime:2132m  [PA:0x45d000, PA:0x46c000) reserved (READ | WRITE | EXECUTE | RESERVED)[m
[m[37m[ 62.066690 ax_runtime:218] [32m  [PA:0x46c000, PA:0x2000000) free memory (READ | WRITE | FREE)[m
[m[37m[ 62.067508 ax_runtime:218] [32m  [PA:0x2000000, PA:0x2400000) reserved (READ | WRITE | EXECUTE | RESERVED)[m
[m[37m[ 62.068415 ax_runtime:218] [32m  [PA:0x2400000, PA:0xa100000) free memory (READ | WRITE | FREE)[m
[m[37m[ 62.069240 ax_runtime:218] [32m  [PA:0xa100000, PA:0xa145000) reserved (READ | WRITE | EXECUTE | RESERVED)[m
[m[37m[ 62.070148 ax_runtime:218] [32m  [PA:0xa145000, PA:0xa200000) free memory (READ | WRITE | FREE)[m
[m[37m[ 62.070973 ax_runtime:218] [32m  [PA:0xa200000, PA:0xb65f000) reserved (READ | WRITE | EXECUTE | RESERVED)[m
[m[37m[ 62.071880 ax_runtime:218] [32m  [PA:0xb65f000, PA:0x10000000) free memory (READ | WRITE | FREE)[m
[m[37m[ 62.072712 ax_runtime:218] [32m  [PA:0x10000000, PA:0x20000000) reserved (READ | WRITE | EXECUTE | RESERVED)[m
[m[37m[ 62.073635 ax_runtime:218] [32m  [PA:0x20000000, PA:0xf0000000) free memory (READ | WRITE | FREE)[m
[m[37m[ 62.074475 ax_runtime:218] [32m  [PA:0xfeb50000, PA:0xfeb51000) mmio (READ | WRITE | DEVICE | RESERVED)[m
[m[37m[ 62.075360 ax_runtime:218] [32m  [PA:0x100000000, PA:0x3fc000000) free memory (READ | WRITE | FREE)[m
[m[37m[ 62.076215 ax_runtime:218] [32m  [PA:0x3fc500000, PA:0x3fff00000) free memory (READ | WRITE | FREE)[m
[m[37m[ 62.077070 ax_runtime:218] [32m  [PA:0x4f0000000, PA:0x500000000) free memory (READ | WRITE | FREE)[m
[m[37m[ 62.077925 ax_runtime:360] [32mInitialize global memory allocator...[m
[m[37m[ 62.078548 ax_runtime:361] [32m  use buddy-slab-allocator allocator.[m
[m[37m[ 62.079172 ax_alloc::buddy_slab:150] [32mInitialize global memory allocator, start_vaddr: 0x100000000, size: 0x2fc000000[m
[m[37m[ 62.091696 ax_alloc::buddy_slab:399] [32mglobal allocator initialized[m
[m[37m[ 62.092320 ax_alloc::buddy_slab:160] [32mAdd memory region, start_vaddr: 0x46c000, size: 0x1b94000[m
[m[37m[ 62.093194 ax_alloc::buddy_slab:160] [32mAdd memory region, start_vaddr: 0x2400000, size: 0x7d00000[m
[m[37m[ 62.094161 ax_alloc::buddy_slab:160] [32mAdd memory region, start_vaddr: 0xa145000, size: 0xbb000[m
[m[37m[ 62.094995 buddy_slab_allocator::global:143] [32mGlobalAllocator: skip region 0xa145000+0xbb000, no allocator-visible memory after 2097152 alignment[m
[m[37m[ 62.096217 ax_alloc::buddy_slab:160] [32mAdd memory region, start_vaddr: 0xb65f000, size: 0x49a1000[m
[m[37m[ 62.097142 ax_alloc::buddy_slab:160] [32mAdd memory region, start_vaddr: 0x20000000, size: 0xd0000000[m
[m[37m[ 62.101142 ax_alloc::buddy_slab:160] [32mAdd memory region, start_vaddr: 0x3fc500000, size: 0x3a00000[m
[m[37m[ 62.102064 ax_alloc::buddy_slab:160] [32mAdd memory region, start_vaddr: 0x4f0000000, size: 0x10000000[m
[m[37m[ 62.103179 ax_runtime:253] [32mkernel aspace: [VA:0x0, VA:0xffffffffffffffff)[m
[m[37m[ 62.103864 ax_mm:92] [32mInitialize virtual memory management...[m
[m[37m[ 63.122416 ax_runtime:265] [32mInitialize platform devices...[m
[m[37m[ 63.176276 someboot::arch::power:23] [32mPower management method : SMC[m
[m[37m[ 63.176918 somehal::driver:5] [32mIn[37m[ 63.491360 ax_task::api:149] [32mInitialize scheduling...[m
[m[37m[ 63.491927 ax_task::api:154] [32m  use FIFO scheduler.[m
[m[37m[ 63.492439 ax_runtime:291] [32mInitialize interrupt handlers...[m
[m[37m[ 63.494345 ax_runtime::devices:2] [32mProbe platform devices...[m
[m[37m[ 63.591570 ax_driver::soc::scmi:55] [33m[scmi] SCMI shmem phandle 71 cannot be resolved by rdrive; using RK3588 shmem fallback 0x10f000+0x100[m
[m[37m[ 63.592760 ax_driver::soc::scmi:76] [32mSCMI SMC registered: smc_id=0x82000010, shmem_phandle=71, shmem=0x10f000+0x100[m
[m[37m[ 63.594414 ax_driver::soc::rockchip::cru::rk3588:60] [32mRK3588 CRU reg: addr=0xfd7c0000, size=0x5c000, rockchip,grf=<0x77>[m
[m[37m[ 63.595504 rockchip_soc::variants::rk3588::cru:122] [32mCRU@fd7c0000: Initializing and verifying clock configuration...[m
[m[37m[ 63.596504 rockchip_soc::variants::rk3588::cru:173] [33m⚠ CRU@fd7c0000: ACLK_BUS_ROOT div mismatch! u-boot: 3, current: 4[m
[m[37m[ 63.597547 rockchip_soc::variants::rk3588::cru:247] [32m✓ CRriver::soc::rockchip::cru::rk3588:79] [32mRK3588 CRU clock/reset registered successfully[m
[m[37m[ 63.600480 ax_driver::soc::rockchip::pm:61] [32mRockchip power-domain provider registered successfully[m
[m[37m[ 63.638017 ax_driver::soc::rockchip::pinctrl:239] [32mRockchip RK3588 pinctrl registered successfully[m
[m[37m[ 64.074628 ax_driver::soc::fixed_regulator:70] [32mFixed regulator vcc5v0_host enabled via pinctrl[m
[m[37m[ 64.168843 ax_driver::soc::fixed_regulator:70] [32mFixed regulator vcc3v3_pcie_eth enabled via pinctrl[m
[m[37m[ 64.214243 ax_driver::soc::fixed_regulator:70] [32mFixed regulator wifi_disable enabled via pinctrl[m
[m[37m[ 64.276859 ax_driver::block::rockchip::sd:218] [32m[mmc@fe2c0000] vqmmc-supply phandle Phandle(283) is not a fixed GPIO regulator; skip pinctrl enable[m
[m[37m[ 64.278155 ax_driver::soc::scmi:124] [32mSCMI clock enabled: clock_id=0x17[m
[m[37m[ 64.278821 ax_driver::block::rockchip::clock:53] [32m[mmc@fe2c0000] enabled SDMMC SCMI clock Some("biu") (0x17)[m
[m[37m[ 64.279775 ax_driver::soc::scmi:124] [32mSCMI clock enabled: clock_id=0x9[m
[m[37m[ 64.280428 ax_driver::block::rockchip::clock:53] [32m[mmc@fe2c0000] enabled SDMMC SCMI clock Some("ciu") (0x9)[m
[m[37m[ 64.28137::scmi:95] [32mSCMI clock rate get: clock_id=0x9, rate=49500000 Hz[m
[m[37m[ 64.286038 ax_driver::block::rockchip::sd:142] [32mrockchip-dwmmc: using ciu reference clock 49500000 Hz[m
[m[37m[ 64.287024 ax_driver::blmmc: RK3588 SDMMC phase configured: drive=90deg sample=0deg parent=49500000Hz[m
[m[37m[ 64.288221 ax_driver::block::rockchip::sd:160] [32mrockchip-dwmmc: initialize card through native host2 bus ops[m
[m[37m[ 64.289169 sdmmc_protocol::sdio::init:487] [32msdio: submit bus op ResetAll[m
[m[37m[ 64.289860 sdmmc_protocol::sdio::init:487] [32msdio: submit bus op PowerOn[m
[m[37m[ 64.300532 sdmmc_protocol::sdio::init:487] [32msdio: submit bus op SwitchVoltage(V330)[m
[m[37m[ 64.301290 sdmmc_protocol::sdio::init:449] [32msdio: submit bus op SetBusWidth(Bit1)[m
[m[37m[ 64.302031 sdmmc_protocol::sdio::init:449] [32msdio: submit bus op SetClock(Identification)[m
[m[37m[ 64.302835 ax_driver::soc::scmi:149] [32mSCMI clock rate set: clock_id=0x9, rate=800000 Hz[m
[m[37m[ 64.303622 ax_driver::soc::scmi:95] [32mSCMI clock rate get: clock_id=0x9, rate=800000 Hz[m
[m[37m[ 64.304400 ax_driver::block::rockchip::sd:91] [32mrockchip-dwmmc: ciu clock set target=400000 Hz cclkin=800000 Hz bus=400000 Hz[m
[m[37m[ 64.337439 sdmmc_protocol::sdio::init:695] [32msdio: detected Sd ocr=0xc0ff8000[m
[m[37m[ 64.339501 sdmmc_protocol::sdio::init:849] [32msdio: CSD capacity_blocks=Some(62333952)[m
[m[37m[ 64.340585 sdmmc_protocol::sdio::init:863] [32msdio: switch SD bus width to 4-bit[m
[m[37m[ 64.341924 sdmmc_protock rate set: clock_id=0x9, rate=chip-dwmmc: ciu clock set target000 Hz cclkin=49500000 Hz bus=24750000 Hz[m
[m[37m[ 64.348753 ax_driver::soc::scmi:149] [32mSCMI clock rate set: clock_id=0x9, rate=10000000i:95] [32mSCMI clock rate get: clock_id=0x9, rate=99000000 Hz[m
[m[37m[ 64.350352 ax_driver::block::rockchip::sd:91] [32mrockchip-dwmmc: ciu clock set tar000 host_bus_width=Bit4 ext_csd_bus_width=None ext_csd_timing=None[m
[m[37m[ 64.353754 ax_drock0_head=[00, 00, 00, 00, 00, 0[37m[ 64.360741 ax_driver::block::rockchip::clock:100] [32m[mmbled SDHCI clock Some("core") (0x13a)[m
[m[37m[ 64.361677 ax_driver::block::rockchip::clock:100] [32m[mmc@fe2e0000] enabled SDHCI clock Some("bus") (0x138)[m
[m[37m[ 64.362600 ax_driver::block::rockchip::clock:100] [32m[mmc@fe2e0000] enabled SDHCI clock Some("axi") (0x139)[m
[m[37m[ 64.363523 ax_driver::block::rockchip::clock:100] [32m[mmc@fe2e0000] enabled SDHCI clock Some("block") (0x13b)[m
[m[37m[ 64.364467 ax_driver::block::rockchip::clock:100] [32m[mmockchip-sdhci: using external CRU clock[m
[m[37m[ 64.367424 ax_driver::block::rockchip::sdhci_rk3588:185] [32mrockchip-sdhci: initialize card through native host2 bus ops[m
[m[37m[ 64.368446 sdmmc_protocol::sdio::init:487] [32msdio: submit bus op ResetAll[m
[m[37m[ 64.369137 ax_driver::block::rockchip::sdhci_rk3588:252] [32mrockchip-sdhci: RK3588 DWCMSHC vendor reset area1=0x500[m
[m[37m[ 64.370119 sdmmc_protocol::sdio::init:487] [32msdio: submit bus op PowerOn[m
[m[37m[ 64.380787 sdmmc_protocol::sdio::init:487] [32msdio: submit bus op SwitchVoltage(V330)[m
[m[37m[ 64.381560 sdmmc_protset to 375000 Hz[m
[m[37m[ 64.434878 sdmmc_protocol::sdio::init:780] [32msdio: detected Mmc ocr=0xc0ff8080[m
[m[37m[ 64.437023 sdmmc_protocol::s=None[m
[m[37m[ 64.449426 sdmmc_protocol::sdio::init:950] [32msdio: EXT_CSD sector_count=122224640[m
[m[37m[ 64.450832 ax_driver::block::rockchip::sdhci_rk3588:118] [32mrockchip-sdhci: core clock set to 25000000 Hz[m
[m[37max_driver::block::rockchip::sdhci_rk3588:191] [32mSDHCI card: kind=Mmc high_capacity=true rca=1 ocr=0xc0ff8080 capacity_blocks=Some(122224640) cid=true ext_csd=true[m
[m[37m[ 64.456715 ax_driver::block::rockchip::sdhci_rk3588:208] [32mrockchip-sdhci block device registered irq=None[m
[m[37m[ 64.457751 ax_runtime::irq:120] [32mregistered rockchip-sd/0 irq IrqId { domain: IrqDomainId(7), hwirq: HwIrq(235) }[m
[m[37m[ 64.458752 ax_fs_ng::block::runtime::device:1359] [33mrdif filesystem block de803 ax_fs_ng::block::runtime::deice:1359] [33mrdif filesystem block device rockchip-sdhci registered with IRQ-driven completion[m
[m[37m[ 64.462925 ax_fs_ng::block::runtime::device:1361] [32mregistered rdif filesystem block device rockchip-sdhci[m
[m[37m[ 64.498981 ax_fs_ng::root:256] [32m    partition 1 name=Some("bootfs") fs=Some(Fat) lba 61440..2158592[m
[m[37m[ 64.500112 ax_fs_ng::root:256] [32m    partition 2 name=None fs=Some(Ext4) lba 2158592..61702144[m
[m[37m[ 64.500944 ax_fs_ng::root:272] [32m  block device 0 (rockchip-sd) has Gpt partition table with 2 partitions[m
[m[37m[ 64.517336 ax_fs_ng::root:256] [32m    partition 1 name=Some("uboot") fs=None lba 8192..16384[m
[m[37m[ 64.518405 ax_fs_ng::root:256] [32m    partition 2 name=Some("misc") fs=None lba 16384..24576[m
[m[37m[ 64.519439 ax_fs_ng::root:256] [32m    partition 3 name=Some("bootctrl") fs=None lba 24576..28672[m
[m[37m[ 64.520510 ax_fs_n7m[ 64.522636 ax_fs_ng::root:256m    partition 6 name=Some("ramdisk") fs=None lba 237568..245760[m
[m[37m[ 64.523645 ax_fs_ng::root:256] [32m    partition 7 name=Some("system") fs=Some(Ext4) lba 245760..4440064[m
[m[37m[ 64.524701 ax_fs_ng::root:256] [32m    partition 8 name=Some("vendor") fs=Some(Ext4) lba 4440064..6537216[m
[m[37m[ 64.525720 ax_fs_ng::root:256] [32m    partition 9 name=Some("sys-prod") fs=Some(Ext4) lba 6537216..6639616[m
[m[37m[ 64.526757 ax_fs_ng::root:256] [32m    partition 10 name=Some("chip-prod") fs=Some(Ext4) lba 6639616..6742016[m
[m[37m[ 64.527903 ax_fs_ng::root:256] [32m    partition 11 name=Some("updater") fs=None lba 6742016..6807552[m
[m[37m[ 64.528943 ax_fs_ng::root:256] [32m    partition 12 name=Some("eng_system") fs=None lba 6807552..6840320[m
[m[37m[ 64.530004 ax_fs_ng::root:256] [32m    partition 13 name=Some("eng_chipset") fs=None lba 6840320..6873088[m
[m[37m[ 64.531080 ax_fs_ng::root:256] [32m    partition 14 name=Some("chip_ckm") fs=None lba 6938624..7069696[m
[m[37m[ 64.532253 ax_fs_ng::root:256] [32m    partition 15 name=Some("userdata") fs=None lba 19955712..122224576[m
[m[37m[ 64.533152 ax_fs_ng::root:272] [32m  block device 1 (rockchip-sdhci) has Gpt partition table with 15 partitions[m
[m[37m[ 64.534131 ax_fs_ng::root:363] [32m  matched root by PARTUUID on disk0 partition 2 (<unnamed>, fs=ext4, lba 2158592..61702144)[m
[m[37m[ 64.535190 ax_fs_ng:75] [32mInitialize filesystem subsystem...[m
[m[37m[ 64.535761 ax_fs_ng:76] [32m  selected root device: disk0 partition 2 (<unnamed>, fs=ext4, lba 2158592..61702144)[m
[m[37m[ 64.561724 rsext4::ext4::mount:327] [32m/lost+found exists (superblock hint inode=11)[m
[m[37m[ 64.563413 rsext4::ext4::mount:462] [32mExt4 filesystem mounted[m
[m[37m[ 64.563993 rsext4::ext4::mount:463] [32m  - block size: 4096 bytes[m
[m[37m[ 64.564605 rsext4::ext4::mount:464] [32m  - total blocks: 7442944[m
[m[37m[ 64.565201 rsext4::ext4::mount:465] [32m  - free blocks: 6386523[m
[m[37m[ 64.565793 rsext4::ext4::mount:466] [32m  - total inodes: 1845888[m
[m[37m[ 64.566393 rsext4::ext4::mount:467] [32m  - free inodes: 1796912[m
[m[37m[ 64.566986 rsext4::ext4::sync:13] [32mSyncing filesystem...[m
[m[37m[ 64.578305 rsext4::ext4::mount:546] [32mExt4 filesystem mounted[m
[m[37m[ 64.578911 ax_fs_ng:88] [32m  filesystem type: "ext4"[m
[m[37m[ 64.589769 ax_fs_ng::root:518] [32m  mounting partition disk0 partition 1 (bootfs, fs=fat, lba 61440..2158592) at /boot[m
[m[37m[ 64.591928 ax_runtime::mp:79] [32mSecondary CPU 1 started.[m
[m[37m[ 64.593359 ax_runtime::mp:79] [32mSecondary CPU 2 started.[m
[m[37m[ 64.593824 ax_runtime::mp:107] [3[37m[ 64.595165 ax_runtime:336] [32mPrimary CPU 0 init OK.[m
[m[37m[ 64.595164 ax_runtime::mp:79] [32mSecondary CPU 3 started.[m
[m[37m[ 64.595962 ax_runtime::mp:107] [32mSecondary CPU 2 init OK.[m
[m[37m[ 64.599032 ax_runtime::mp:107] [32mSecondary CPU 3 init OK.[m
[m

       d8888            888     888  d8b
      d88888            888     888  Y8P
     d88P888            888     888
    d88P 888  888  888  Y88b   d88P  888  .d8888b    .d88b.   888d888
   d88P  888  `Y8bd8P'   Y88b d88P   888  88K       d88""88b  888P"
  d88P   888    X88K      Y88o88P    888  "Y8888b.  888  888  888
 d8888888888  .d8""8b.     Y888P     888       X88  Y88..88P  888
d88P     888  888  888      Y8P      888   88888P'   "Y88P"   888


by AxVisor Team

[37m[ 64.603269 0:2 axvisor:52] [32mStarting virtualization...[m
[m[37m[ 64.603809 0:2 axvm::host::arce 0:2 axvm::timer:101] [32mInitin core 0[m
[m[37m[ 64.607958 1:11 axvm::host::arceos:248] [32mCore 1 is initializing hardware virtualization support...[mhost::arceos:264] [32mWaiting for all cores to enable hardware virtualization...[m
[m[37m[ 64.613265 3:13 axvm::host::arceos:251] [32mHardware virtualization support enabled on core 3[m
[m[37m[ 64.612635 2:12 axvm::host::arceos:251] [32mHardware virtualization support enabled on core 2[m
[m[37m[ 64.615764 0:2 axvm::arch::aarch64::gic:59] [32mUsing per-CPU GICv3 system registers for virtual IRQs[m
[m[37m[ 64.699229 0:2 axvm::arch::aarch64::gic:175] [32mAArch64 host virtual-timer PPI 27 is available for guest forwarding[m
[m[37m[ 64.700211 0:2 axvm::ho[37m[ 64.777174 0:2 axvm::arch::aarch64::fdt::core::parser:386] [32mCPU node: /cpus/cpu@0, node_id: 0x0, guest_cpu_id: 0x0[m
[m[37m[ 64.778184 0:2 axvm::arch::aarch64::fdt::core::parser: guest_cpu_id: 0x100[m
[m[37m[ 64.779233 0:2 axvm::arch::aarch64::fdt::core::parser:386] [32mCPU node: /cpus/cpu@200, node_id: 0x200, guest_cpu_id: 0x200[m
[m[37m[ 64.780281 0:2 axvm::arch::aarch64::fdt::core::parser:386] [32mCPU node: /cpus/cpu@300, node_id: 0x300, guest_cpu_id: 0x300[m
[m[37m[ 64.781329 0:2 axvm::arch::aarch64::fdt::cus/cpu@400, node_id: 0x400, guest_cpu_id: 0x400[m
[m[37m[ 64.782378 0:2 axvm::arch::aarch64::fdt::core::parser:386] [32mCPU node: /cpus/cpu@500, node_id: 0x500, guest_cpu_id: 0x500[m
[m[37m[ 64.783426 0:2 axvm::arch::aarch64::fdt::core::parser:386] [32mCPU node: /cpus/cpu@600, node_id: 0x600, guest_cpu_id: 0x600[m
[m[37m[ 64.784479 0:2 axvm::arch::aarch64::fdt::core::parser:386] [32mCPU node: /cpus/cpu@700, node_id: 0x700, guest_cpu_id: 0x700[m
[m[37m[ 64.797474 0:2 axvm::arch::aarch64::fdt::core::parser:393] [32mFound 8 host CPU nodes[m
[m[37m[ 64.798230 0:2 axvm::arch::aarch64::fdt::core:68] [32mVM[1] found DTB, parsing...[m
[m[37m[ 76.147392 0:2 axvisor::config:139] [32mCreating VM[1] "starry-ivc-orangepi-manual"[m
[m[37m[ 76.148167 0:2 axvm::vm:637] [32mVM created: id=1[m
[37m[ 76.644796 0:2 axvisor::config:151] [32mVM[1] created success, loading images...[m
[m[37m[ 79.395342 0:2 axdevice::device:1350] [32mAxVmDevices: registered device id=0[m
[m[37m[ 79.396033 0:2 axdevice::devicvice::device:1350] [32mAxVmDevices: registered device id=6[m
VmDevices: registered device id=7[m
[m[37m[ 79.407544 0:2 axdevice::device:1350] [32mAxVmDevices: registered device id=8[m
[m[37m[ 79.408263 0:2 axvm::vm::prepare:101] [32mVM setup: id=1[m
[m[37m[ 79.475083 0:2 axvm::arch::aarch64::fdt::core::parser:386] [32mCPU node: /cpus/cpu@0, node_id: 0x0, guest_cpu_id: 0x0[m
[m[37m[ 79.476092 0:2 axvm::arch::aarch64::fdt::core::parser:386] [32mCPU node: /cpus/cpu@100, node_id: 0x100, guest_cpu_id: 0x100[m
[m[37m[ 79.477143 0:2 axvm::arch::aarch64::fdt::core::parser:386] [32mCPU node: /cpus/cpu@200, node_id: 0x200, guest_cpu_id: 0x200[m
[m[37m[ 79.478191 0:2 axvm::arch::aarch64::fdt::core::parser:386] [32mCPU node: /cpus/cpu@300, node_id: 0x300, guest_cpu_id: 0x300[m
[m[37m[ 79.479239 0:2 axvm::arch::aarch64::fdt::core::parser:386] [32mCPU node: /cpus/cpu@400, node_id: 0x400, guest_cpu_id: 0x400[m
[m[37m[ 79.480289 0:2 axvm::arch::aarch64::fdt::core::parser:386] [32mCPU node: /cpus/cpu@500, node_id: 0x500, guest_cpu_id: 0x500[m
[m[37m[ 79.481338 0:2 axvm::arch::aarch64::fdt::core::parser:386] [32mCPU node: /cpus/cpu@600, node_id: 0x600, guest_cpu_id: 0x600[m
[m[37m[ 79.482387 0:2 axvm::arch::aarch64::fdt::core::parser:386] [32mCPU node: /cpus/cpu@700, node_id: 0x700, guest_cpu_id: 0x700[m
[m[37m[ 79.491150 0:2 axvm::arch::aarch64::fdt::core::parser:393] [32mFound 8 host CPU nodes[m
[m[37m[ 79.491901 0:2 axvm::arch::aarch64::fdt::core:77] [32mVM[2] DTB not found, generating from the VM configuration[m
[m[37m[ 79.598163 0:2 axvm::arch::aarch64::fdt::core::device:96] [32mFound excluded devices: [][m
[m[37m[ 79.636909 0:2 axvisor::config:139] [32mCreating VM[2] "zephyr-ivc-orangepi"[m
[m[37m[ 79.637623 0:2 axvm::vm:637] [32mVM created: id=2[m
[m[37m[ 79.886192 0:2 axvisor::config:151] [32mVM[2] created success, loading images...[m
[m[37m[ 79.888076 0:2 axdevice::device:1350] [32mAxVmDevices: registered device id=0[m
[m[37mr mode FixedTwelveByte (MAC 52:5ength 0x1000[m
[m[37m[ 79.89tered device id=4[m
[m[37m[ 79.896038 0:2 axdevice::device:1350] [32mAxVmDevices: registere device id=5[m
[m[37m[ 79.896726 0:2 axdevice::device:1350] [32mAxVmDevices: registered device id=6[m
[m[37m[ 79.897443 0:2 axvm::vm::prepare:101] [32mVM setup: id=2[m
[m[37m[ 79.898032 0:2 axvm::runtime:35] [32mInitializing VMM...[m
[m[37m[ 79.898559 0:2 axvm::runtime:runtime::vcpus:274] [32mVCpu tl CPU 1[m
[m[37m[ 79.901347 0:2 axvm::runtime:48] [32mVM[1] boot success[m
[m[37m[ 79.901866 0:2 axvm::vm:824] [32mStarting VM[2][m
[m[37m[ 79.902333 0:2 axvm::runtime::vcpus:236] [32mSpawning task for VM[2] VCpu[0][m
[m[37m[ 79.903023 0:2 axvm::runtime::vcpus:274] [32mVCpu task Task(15, "VM[2]-VCpu[0]") created cpumask: [0, ], initial CPU 0[m
[m[37m[ 79.903829 1:14 axvm::runtime::vcpus:332] [32mVM[1] VCpu[0] waiting for running[m
[m[37m[ 79.904030 0:2 axvm::runtime:48] [32mVM[rupt interface not enabled, enabling now[m
[m[37m[ 79.90658915 axvm::runtime::vcpus:335] [32mVM[2] VCpu[0] running...[m
[m[37m[ 79.907473 1:14 axvm::runtime::vcpus:337] [32mVM[1] VCpu[0] first-run architecture setup complete[m
[m[37m[ 79.908112 0:15 axvm::arch::aarch64::gic:361] [33mVirtual interrupt interface not enabled, enabling now[m
[m[37m[ 79.909836 0:15 axvm::runtime::vcpus:337] [32mVM[2] VCpu[0] first-run architectur[guest-console:pl011-zephyr] *** Booting Zephyr OS build v4.3.0 ***
[guest-console:pl011-zephyr] IVC-RTOS-SELFTEST PASS vector=rust-wire-v1
[guest-console:pl011-starry] console=ttyAMA0,115200 earlycon=pl011,0x09000000 root=/dev/vda rw fsck.repair=yes
[guest-console:pl011-starry] VM Load @0x80200000
[guest-console:pl011-starry] VM Load Offset: 0x100200000
[guest-console:pl011-starry] Memory Map:
[guest-console:pl011-starry]   Free   0x00000080000000 - 0x00000080200000 (2 MiB)
[guest-console:pl011-starry]   KImg   0x00000080200000 - 0x00000081000000 (14 MiB)
[guest-console:pl011-starry]   Free   0x00000081000000 - 0x00000090000000 (240 MiB)
[guest-console:pl011-starry] Initialize RAM allocator: 0x81000000..0x90000000
[guest-console:pl011-starry] Initializing per-CPU data
[guest-console:pl011-starry] Per-CPU data one cpu size: 0x41000 bytes
[guest-console:pl011-starry] Total per-CPU data size for secondary CPUs: 0x82000 bytes (2 CPUs)
[guest-console:pl011-starry] Flushed RAM used range to memory map: 0x81000000..0x81001000, current: 0x81001000
[guest-console:pl011-starry] Flushed RAM used range to memory map: 0x81001000..0x81083000, current: 0x81083000
[guest-console:pl011-starry] Per-CPU data allocated at 0x81001000 - 0x81083000
[guest-console:pl011-starry] Initializing per-CPU RAM for CPU0 - hard id 0x100 @ 0x81001000
[guest-console:pl011-starry] Initializing per-CPU RAM for CPU1 - hard id 0x200 @ 0x81042000
[guest-console:pl011-starry] CPU0 - hard id 0x100, stack top @0x81042000, stack top virt @0xffffff0081042000, entry virt @0xffffffff80364420
[guest-console:pl011-starry] CPU1 - hard id 0x200, stack top @0x81083000, stack top virt @0xffffff0081083000, entry virt @0xffffffff80364420
[guest-console:pl011-starry] EL: 1
[guest-console:pl011-starry] Mapping early memory regions...
[guest-console:pl011-starry] Ram                 : [0xffff000080000000, 0xffff000090000000) -> [0x0000000080000000, 0x0000000090000000) (256 MiB)
[guest-console:pl011-starry] KImage              : [0xffffffff80000000, 0xffffffff80e00000) -> [0x0000000080200000, 0x0000000081000000) (14 MiB)
[guest-console:pl011-starry] PerCpu              : [0xffffff0081001000, 0xffffff0081083000) -> [0x0000000081001000, 0x0000000081083000) (520 KiB)
[guest-console:pl011-starry] Debug serial        : [0xffff000009000000, 0xffff000009001000) -> [0x0000000009000000, 0x0000000009001000) (4 KiB)
[guest-console:pl011-starry] Boot page table at physical address: 0x81083000
[guest-console:pl011-starry] Setting up table registers...
[guest-console:pl011-starry] MMU Entry point at physical address: 0x805679b0
[guest-console:pl011-starry] Trap vector at 0xffffffff80360800
[guest-console:pl011-starry] Memory Map:
[guest-console:pl011-starry]   MMIO   0x00000009000000 - 0x00000009001000 (4 KiB)
[guest-console:pl011-starry]   Free   0x00000080000000 - 0x00000080200000 (2 MiB)
[guest-console:pl011-starry]   KImg   0x00000080200000 - 0x00000081000000 (14 MiB)
[guest-console:pl011-starry]   Rsv    0x00000081000000 - 0x00000081001000 (4 KiB)
[guest-console:pl011-starry]   PerCPU 0x00000081001000 - 0x00000081083000 (520 KiB)
[guest-console:pl011-starry]   Rsv    0x00000081083000 - 0x0000008108d000 (40 KiB)
[guest-console:pl011-starry]   Free   0x0000008108d000 - 0x00000090000000 (239.45 MiB)
[guest-console:pl011-starry] Jumping to main entry point at 0xffffffff8034f05c with SP 0xffffff0081042000
[guest-console:pl011-starry] 
[guest-console:pl011-starry]        d8888                            .d88888b.   .d8888b.
[guest-console:pl011-starry]       d88888                           d88P" "Y88b d88P  Y88b
[guest-console:pl011-starry]      d88P888                           888     888 Y88b.
[guest-console:pl011-starry]     d88P 888 888d888  .d8888b  .d88b.  888     888  "Y888b.
[guest-console:pl011-starry]    d88P  888 888P"   d88P"    d8P  Y8b 888     888     "Y88b.
[guest-con[guest-console:pl011-starry] 
[guest-console:pl011-starry] arc[guest-console:pl011-zephyr] IVC-RTOS-NET mac=52:54:00:00:00:02 expected=52:54:00:00:00:02
[guest-console:pl011-starry] platform = AxVisor Orange Pi 5 Plus IVC StarryOS guest
[guest-console:pl011-starry] target = aarch64-unknown-none-softfloat
[guest-console:pl011-zephyr] IVC-RTOS-READY bind=10.0.0.2:5500 mac=52:54:00:00:00:02 window_bits=64 acled.[m
[guest-console:pl011-s[guest-console:pl011-starry] [m[37m[  0.789851 ax_runtime:218] [32m  [PA:0x9000000, PA:0x9001000) mmio (READ | WRITE | DEVICE | RESERVED)[m
[guest-console:pl011-starry] [m[37m[  0.793092 ax_runtime:218] [32m  [PA:0x80000000, PA:0x80200000) free memory (READ | WRITE | FREE)[m
[guest-console:pl011-starry] [m[37m[  0.796230 ax_runtime:218] [32m  [PA:0x80200000, PA:0x81000000) reserved (READ | WRITE | EXECUTE | RESERVED)[m
[guest-console:pl011-starry] [m[37m[  0.799649 ax_runtime:218] [32m  [PA:0x81000000, PA:0x810[guest-console:pl011-starry] [m[37m[  0.815420 ax_runtime:361][guest-console:pl011-starry] [m[37m[  0.817812 ax_alloc::buddyab:150] [32mInitialize global m start_vaddr: 0xffff00008108d000, size: 0xef73000[m
[guest-console:pl011-starry] [m[37m[  0.821901 ax_alloc::buddy_slab:399] [32mglobal allocator initialized[m
[guest-console:pl011-starry] [m[37m[  0.824307 ax_alloc::buddy_slab:160] [32mAdd memory region, start_vaddr: 0xffff000080000000, size: 0x200000[m
[guest-console:pl011-starry] [m[37m[  0.827703 buddy_slab_allocator::global:143] [32mGlobalAl 0.832421 ax_runtime:253] [32mkernel aspace: [VA:0xffff000000000000, VA:0xffffffffffffffff)[m
[guest-console:pl011-starry] [m[37m[  0.835424 ax_mm:92] [32mInitialize virtual memory management...[m
[guest-console:pl011-starry] [m[37m[  0.854796 ax_runtime:265] [32mInitialize platform devices...[m
[guest-console:pl011-starry] [m[37m[  0.858244 someboot::arch::power:23] [32mPower management method : HVC[m
[guest-console:pl011-starry] [m[37m[  0.860702 somehal::driver:5] [32mInitializing rdrive with FDT at 0xffff000081000000[m
[guest-console:pl011-starry] [m[37m[  0.876457 ax_task::api:149] [32mInitialize scheduling...[m
[guest-console:pl011-starry] [m[37m[  0.878624 ax_task::api:154] [32m  use Round-robin scheduler.[m
[guest-console:pl011-starry] [m[37m[  0.880841 ax_runtime:291] [32mInitialize interrupt handlers...[m
[guest-console:pl011-starry] [m[37m[  0.883906 ax_runtime::devices:2] [32mProbe platform devices...[m
[guest-console:pl011-starry] [m[37m[  0.886846 ax_driver::serial::pl011:22] [32mProbing PL011 serial device: serial@9000000[m
[guest-console:pl011-starry] [m[37m[  0.889822 ax_driver::serial::pl011:39] [32mPL011 serial@0xffff000009000000 registered successfully[m
[guest-console:pl011-starry] [m[37m[  0.893369 virtio_drivers::device::blk:63] [32mfound a block device of size 65536KB[m
[guest-console:pl011-starry] [m[37m[  0.896308 ax_driver::virtio::block:91] [32mregistered virtio block device[m
[guest-console:pl011-starry] [m[37m[  0.899085 virtio_drivers::device::net::dev_raw:33] [32mnegotiated_features Features(MAC | VERSION_1)[m
[guest-console:pl011-starry] [m[37m[  0.902675 ax_driver::virtio::net:407] [32mregistered virtio network device irq=None[m
[guest-console:pl011-starry] [mBoot at 1970-01-01 00:00:00.905531958 UTC
[guest-console:pl011-starry] 
[guest-console:pl011-starry] [37m[  0.907377 ax_runtime::irq:120] [32mregistered virtio-blk/0 [guest-console:pl011-starry] [m[37m[  0.910963 ax_fs_ng::block::runtime::device:1359] [33mrdif filesystem block device virtio[guest-console:pl011-starry] [m[37m[  0.918892 ax_fs_ng::root:249] [32m    raw device fs=Some(Ext4)[m
[guest-console:pl011e[m
[guest-console:pl011-starry] [m[37m[  0.925309 ax_fs_ng::root:389] [32m  matched root by raw device path on disk0 raw [guest-console:pl011-starry] [m[37m[  0.933130 rsext4::crc32c:[guest-console:pl011-starry] [m[37m[  0.940680 rsext4::ext4::mount:340] [32m/lost+found exists (path resolution, repaired hin[guest-console:pl011-starry] [m[37m[  0.944639 rsext4::ext4::mount:462] [32mExt4 filesystem mounted[m
[guest-console:pl011-starry] [m[37m[  0.946921 rsext4::ext4::mount:463] [32m  - block size: 4096 bytes[m
[guest-console:pl011-starry] [m[37m[  0.949266 rsext4::ext4::mount:464] [32m  - total blocks: 16384[m
[guest-console:pl011-starry] [m[37m[  0.951531 rsext4::ext4::mount:465] [32m  - free blocks: 7986[m
[guest-console:pl011-starry] [m[37m[  0.953744 rsext4::ext4::mount:466] [32m  - total inodes: 8192[m
[guest-console:pl011-starry] [m[37m[  0.955999 rsext4::ext4::mount:467] [32m  - free inodes: 8140[m
[guest-console:pl011-starry] [m[37m[  0.958213 rsext4::ext4::sync:13] [32mSyncing filesystem...[m
[guest-console:pl011-starry] [m[37m[  0.962454 rsext4::ext4::mount:546] [32mExt4 filesystem mounted[m
[guest-console:pl011-starry] [m[37m[  0.964772 ax_fs_ng:88] [32m  filesystem type: "ext4"[m
[guest-console:pl011-starry] [m[37m[  0.968288 ax_net:189] [32mInitialize network subsystem...[m
[guest-console:pl011-starry] [m[37m[  0.970690 ax_net:209] [32m  use NIC 0: "virtio-net"[m
[guest-console:pl011-starry] [m[37m[  0.972992 ax_runtime::irq:120] [32mregistered eth0 irq IrqId { domain: IrqDomainId(7), hwirq: HwIrq(56) }[m
[guest-console:pl011-starry] [m[37m[  0.976421 ax_net:235] [32meth0:[m
[guest-console:pl011-starry] [m[37m[  0.977877 ax_net:236] [32m  id:   2[m
[guest-console:pl011-starry] [m[37m[  0.979436 ax_net:237] [32m  mac:  52-54-00-00-00-01[m
[guest-console:pl011-starry] [m[37m[  0.981419 ax_net:254] [32m  mode: dhcp[m
[guest-console:pl011-starry] [m[37m[  0.983061 ax_net:292] [32mDevice: lo[m
[guest-console:pl011-starry] [m[37m[  0.984678 ax_net:292] [32mDevice: eth0[m
[guest-console:pl011-starry] [m[37m[  0.986372 ax_net::service:606] [32meth0: DHCP enabled[m
[guest-console:pl011-starry] [m[37m[  2.992044 ax_net:937] [33mDHCP bootstrap timed out[m
[37m[ 82.403533 1:14 axvm::arch target_cpu [512] entry_point=GPA:0x8056621c arg=0x81042bc0[m
[m[37m[ 82.404697 1:14 axvm::runtime::vcpus:236] [32mSpawning task for VM[1] VCpu[1][m
[m[37m[ 82.405401 1:14 axvm::runtime::vcpus:274] [32mVCpu task Task(16, "VM[1]-VCpu[1]") created cpumask: [2, ], initial CPU 2[m
[m[37m[ 82.415968 2:16 axvm::runtime::vcpus:332] [32mVM[1] VCpu[1] waiting for running[m
[m[37m[ 82.416673 2:16 axvm::runtime::vcpus:335] [32mVM[1] VCpu[1] running...[m
[m[37m[ 82.417307 2:16 axvm::arch::aarch64::gic:361] [33mVirtual interrupt interface not enabled, enabling now[m
[m[37m[ 82.418191 2:16 axvm::runtime::vcpus:337] [32mVM[1] VCpu[1] first-run architecture setup complete[m
[m[guest-console:pl011-starry] [m[37m[  3.011481 ax_runtime:336] [32mPrimary CPU 0 init OK.[m
[guest-console:pl011-starry] [m[37m[  3.011489 ax_runtime::mp:79] [32mSecondary CPU 1 started.[m
[guest-console:pl011-starry] [m[37m[  3.016452 ax_runtime::mp:107] [32mSecondary CPU 1 init OK.[m
[guest-console:pl011-starry] [m[37m[  3.018709 0:2 ktracepoint:282] [32mtracepoint_data_start: 0xffffffff804adc78, tracepoint_data_end: 0xffffffff804adcd8[m
[guest-console:pl011-starry] [m[37m[  3.022435 0:2 ktracepoint:297] [32mtracepoint_data_len: 6[m
[guest-console:pl011-starry] [m[37m[  3.024585 0:2 ktracepoint:314] [32mtracepoint registered: sched:sched_process_exit[m
[guest-console:pl011-starry] [m[37m[  3.027380 0:2 ktracepoint:314] [32mtracepoint registered: sched:sched_process_fork[m
[guest-console:pl011-starry] [m[37m[  3.030171 0:2 ktracepoint:314] [32mtracepoint registered: sched:sched_switch[m
[guest-console:pl011-starry] [m[37m[  3.032816 0:2 ktracepoint:314] [32mtracepoint registered: syscalls:sys_clone[m
[guest-console:pl011-starry] [m[37m[  3.035477 0:2 ktracepoint:314] [32mtracepoint registered: syscalls:sys_enter_openat[m
[guest-console:pl011-starry] [m[37m[  3.038313 0:2 ktracepoint:314] [32mtracepoint registered: syscalls:sys_mkdirat[m
[guest-console:pl011-starry] [mInitialized 6 tracepoints
[guest-console:pl011-starry] kmod subsystem initialized
[guest-console:pl011-starry] [37m[  3.042990 0:2 starry_kernel::pseudofs:84] [32mInitialize pseudofs...[m
[guest-console:pl011-starry] [m[37m[  3.045900 0:2 starry_kernel::pseudofs::dev::tty::serial:343] [32mttyS0 registered: path=/serial@9000000, alias=Some(0), paddr=0x9000000, mapped=0xffff000009000000, irq=IrqId { domain: IrqDomainId(7), hwirq: HwIrq(33) }, mode=interrupt[m
[guest-console:pl011-starry] [m[37m[  3.052716 0:2 starry_kernel::pseudofs::dev::tty::serial:264] [32m/dev/console bound to ttyS0[m
[guest-console:pl011-starry] [m[37m[  3.056332 0:2 starry_kernel::pseudofs:78] [32mMounted de[guest-console:pl011-starry] [m[37m[  3.061481 0:2 starry_kernel::pseudofs::usbfs::manager:1401] [32musbfs: discovered 0 USB host(s)[m
[guest-console:pl011-starry] [m[37m[  3.064625 0:2 starry_kernel::pseudofs::usbfs:54] [32musbfs: no USB host found, skip mounting usbfs[m
[guest-console:pl011-starry] [m[37m[  3.067895 0:2 starry_kernel::pseudofs:78] [32mMounted tmpfs at /dev/shm[m
[guest-console:pl011-starry] [m[37m[  3.077167 0:2 starry_kernel::pseudofs:78] [32mMounted tmpfs at /tmp[m
[guest-console:pl011-starry] [m[37m[  3.079734 0:2 starry_kernel::dyn_debug:61] [32mdebug_init: initializing dynamic debug sites[m
[guest-console:pl011-starry] [m[37m[  3.083619 0:2 starry_kernel::dyn_debug:64] [32mdebug_init: found 191 dynamic debug sites[m
[guest-console:pl011-starry] [m[37m[  3.086732 0:2 starry_kernel::pseudofs::proc:73] [32mRead kallsyms, size: 1289KB[m
[guest-console:pl011-starry] [m[37m[  3.120219 0:2 starry_kernel::pseudofs:78] [32mMounted proc at /proc[m
[guest-console:pl011-starry] [m[37m[  3.122989 0:2 starry_kernel::pseudofs:78] [32mMounted sysfs at /sys[m[guest-console:pl011-starry] [m[37m[  3.125666 0:2 starry_kernel::pseudofs:78] [32mMounted debug at /sys/kernel/debug[m
[guest-console:pl011-starry] [m[37m[  3.128481 0:2 starry_kernel::task::timer:329] [32mInitialize alarm...[m
[guest-console:pl011-starry] [mWelcome to [96m[1mStarry OS[0m!
[guest-console:pl011-starry] /bin/sh: env: not found
[guest-console:pl011-starry] 
[guest-console:pl011-starry] Use [1m[3mapk[0m to install packages.
[guest-console:pl011-starry] 
[guest-console:pl011-starry] STARRY_GROUPED_AUTORUN_INIT
[guest-console:pl011-starry] IVC-STARRY-BOOT mode=manual backend=native fault_profile=none count=1800 period_ms=100 vcpus=2
[guest-console:pl011-starry] IVC-STARRY-NET iface=eth0 mac=unknown ip=10.0.0.1/24 peer=10.0.0.2 udp_port=5500 segment=1
[guest[guest-console:pl011-starry] IVC-CONTROLLER-START peer=10.0.0.2:5500 count=1800 policy=manual-fixed period_ms=100 session_id=104ck_timeout_ms=1000
[guest-console:pl011-zephyr] IVC-RTOS-READY bind=10.0.0.2:5500 mac=52:54:00:00:00:02 window_bits=64 ack_loss_drop_every=0 expect[guest-console:pl011-zephyr] IVC-RTOS-READY bind=10.0.0.2:5500 mac=52:54:00:00:00:02 window_bits=64 ack_loss_drop_every=0 expected_commands=1800 expected_protocol_errors=0 exit_after_expected=1
[guest-console:pl011-zephyr] IVC-RTOS-PROGRESS accepted=1 seq=1 mode=ManualFixed actuator_permille=500 measured_milli_c=20140 du[guest-console:pl011-starry] IVC-CONTROLLER-STATUS seq=1 mode=ManualFixed actuator_permille=500 measured_milli_c=20140 setpoint_milli_c=45000
[guest-console:pl011-zephyr] IVC-RTOS-PROGRESS accepted=100 seq=100 mode=ManualFixed actuator_permille=500 measured_milli_c=31558 duplicates=0 protocol_errors=0
[guest-console:pl011-starry] IVC-CONTROLLER-STATUS seq=100 mode=ManualFixed actuator_permille=500 measured_milli_c=31558 setpoint_milli_c=45000
[guest-console:pl011-zephyr] IVC-RTOS-PROGRESS accepted=200 seq=200 mode=ManualFixed actuator_permille=500 measured_milli_c=39299 duplicates=0 protocol_errors=0
[guest-console:pl011-starry] IVC-CONTROLLER-STATUS seq=200 mode=ManualFixed actuator_permille=500 measured_milli_c=39299 setpoin[guest-console:pl011-zephyr] IVC-RTOS-PROGRESS accepted=300 seq=300 mode=ManualFixed actuator_permille=500 measured_milli_c=44480
[guest-console:pl011-starry] IVC-CONTROLLER-STATUS seq=300 mode=ManualFixed actuator_permille=500 measured_milli_c=44484 setpoint_milli_c=45000
[guest-console:pl011-zephyr] IVC-RTOS-PROGRESS accepted=400 seq=400 mode=ManualFixed actuator_permille=500 measured_milli_c=47956 duplicates=0 protocol_errors=0
[guest-console:pl011-starry] IVC-CONTROLLER-STATUS seq=400 mode=ManualFixed actuator_permille=500 measured_milli_c=47956 setpoint_milli_c=45000
[guest-console:pl011-zephyr] IVC-RTOS-PROGRESS accepted=500 seq=500 mode=ManualFixed actuator_permille=500 measured_milli_c=50282 duplicates=0 protocol_errors=0
[guest-console:pl011-starry] IVC-CONTROLLER-STATUS seq=500 mode=ManualFixed actuator_permille=50[guest-console:pl011-zephyr] IVC-RTOS-PROGRESS accepted=600 seq=600 mode=ManualFixed actuator_permille=500 measured_milli_c=5184[guest-console:pl011-zephyr] IVC-RTOS-PROGRESS accepted=700 seq=700 mode=ManualFixed actuator_permille=500 measured_milli_c=52884 duplicates=0 protocol_errors=0
[guest-console:pl011-starry] IVC-CONTROLLER-STATUS seq=700 mode=ManualFixed actuator_permille=500 measured_milli_c=52884 setpoint_milli_c=65000
[guest-console:pl011-zephyr] IVC-RTOS-PROGRESS accepted=800 seq=800 mode=ManualFixed actuator_permille=500 measured_milli_c=53582 duplicates=0 protocol_errors=0
[guest-console:pl011-starry] IVC-CONTROLLER-STATUS seq=800 mode=ManualFixed actuator_permille=50[guest-console:pl011-zephyr] IVC-RTOS-PROGRESS accepted=900 seq=900 mode=ManualFixed actuator_permille=500 measured_milli_c=52462 duplicates=0 protocol_errors=0
[guest-console:pl011-starry] IVC-CONTROLLER-STATUS seq=900 mode=ManualFixed actuator_permille=500 measured_milli_c=52462 setpoint_milli_c=65000
[guest-console:pl011-zephyr] IVC-RTOS-PROGRESS accepted=1000 seq=1000 mode=ManualFixed actuator_permille=500 measured_milli_c=51[guest-console:pl011-zephyr] IVC-RTOS-PROGRESS accepted=1100 seq=1100 mode=ManualFixed actuator_permille=500 measured_milli_c=52990 duplicates=0 protocol_errors=0
[guest-console:pl011-starry] IVC-CONTROLLER-STATUS seq=1100 mode=ManualFixed actuator_permille=5[guest-console:pl011-zephyr] IVC-RTOS-PROGRESS accepted=1200 seq=1200 mode=ManualFixed actuator_permille=500 measured_milli_c=53654 duplicates=0 protocol_errors[guest-console:pl011-starry] IVC-CONTROLLER-STATUS seq=1200 mode=ManualFixed actuator_permille=500 measured_milli_c=53654 setpoint_milli_c=65000
[guest-console:pl011-zephyr] IVC-RTOS-PROGRESS accepted=1300 seq=1300 mode=ManualFixed actuator_permille=500 measured_milli_c=54098 duplicates=0 protocol_errors=0
[guest-console:pl011-starry] IVC-CONTROLLER-STATUS seq=1300 mode=ManualFixed actuator_permille=500 measured_milli_c=54098 setpoint_milli_c=50000
[guest-console:pl011-zephyr] IVC-RTOS-PROGRESS accepted=1400 seq=1400 mode=ManualFixed actuator_permille=500 measured_milli_c=54396 duplicates=0 protocol_errors=0
[guest-console:pl011-starry] IVC-CONTROLLER-STATUS seq=1400 mode=ManualFixed actuator_permille=500 measured_milli_c=54396 setpoint_milli_c=50000
[guest-console:pl011-zephyr] IVC-RTOS-PROGRESS accepted=1500 seq=1500 mode=ManualFixed actuator_permille=500 measured_milli_c=54[guest-console:pl011-starry] IVC-CONTROLLER-STATUS seq=1500 mode=ManualFixed actuator_permille=500 measured_milli_c=54596 setpoint_milli_c=50000
[guest-console:pl011-zephyr] IVC-RTOS-PROGRESS accepted=1600 seq=1600 mode=ManualFixed actuator_permille=500 measured_milli_c=54tarry] IVC-CONTROLLER-STATUS seq=1600 mode=ManualFixed actuator_permille=500 measured_milli_c=54729 setpoint_milli_c=50000
[guest-console:pl011-zephyr] IVC-RTOS-PROGRESS accepted=1700 seq=1700 mode=ManualFixed actuator_permille=500 measured_milli_c=54819 duplicates=0 protocol_errors=0
[guest-console:pl011-starry] IVC-CONTROLLER-STATUS seq=1700 mode=ManualFixed actuator_permille=500 measured_milli_c=54819 setpoint_milli_c=50000
[guest-console:pl011-zephyr] IVC-RTOS-PROGRESS accepted=1800 seq=1800 mode=ManualFixed actuator_permille=500 measured_milli_c=54878 duplicates=0 protocol_errors=0
[guest-console:pl011-starry] IVC-CONTROLLER-STATUS seq=1800 mode=ManualFixed actuator_permille=5int_milli_c=50000
[guest-consozephyr] IVC-RTOS-OUTCOME profile=normal accepted=1800 applied=1800 duplicates=0 acks_dropped=0[guest-console:pl011-zephyr] IVC-RTOS-MESSAGES status_sent=1800 acks_sent=1800 errors_sent=0 protocol_errors=0
[guest-console:pl011-zephyr] IVC-RTOS-OUTCOME profile=normal accepted=1800 applied=1800 duplicates=0 acks_dropped=0
[guest-console:pl011-zephyr] IVC-RTOS-MESSAGES status_sent=1800 acks_sent=1800 errors_sent=0 protocol_errors=0
[guest-console:pl011-starry] IVC-CONTROLLER-RAW path=/var/lib/ivc/raw.csv samples=1800
[guest-console:pl011-zephyr] IVC-RTOS-RESULT profile=normal accepted=1800 applied=1800 duplicates=0 acks_dropped=0 status_sent=1800 acks_sent=1800 errors_sent=0 protocol_errors=0
[guest-console:pl011-zephyr] IVC-RTOS-POWEROFF accepted=1800
[guest-console:pl011-zephyr] IVC-RTOS-POWEROFF accepted=1800
[guest-console:pl011-starry] IVC-CONTROLLER-OUTCOME policy=manual-fixed sent=1800 acknowledged=1800 errors=0 timeouts=0
[guest-console:pl011-starry] IVC-CONTROLLER-RELIABILITY retransmissions=0 recoveries=0 success_p[guest-console:pl011-starry] IVC-CONTROLLER-FULL-LOOP p50_us=6794 p95_us=11350 p99_us=11703 max_us=126733
[guest-console:pl011-starry] IVC-CONTROLLER-PRE-SEND p50_us=16 p95_us=17 p99_us=17 max_us=37
[guest-console:pl011-starry] IVC-CONTROLLER-TRANSPORT p50_us=6778 p95_us=11334 p99_us=11687 max_us=126717 throughput_msg_s=9.993
[guest-console:pl011-starry] IVC-CONTROLLER-CONTROL rmse_milli_c=9258.906 iae_milli_c_s=1429224.700 max_overshoot_milli_c=6840
[guest-console:pl011-starry] IVC-CONTROLLER-OUTCOME policy=manual-fixed sent=1800 acknowledged=1800 errors=0 timeouts=0
[guest-console:pl011-starry] IVC-CONTROLLER-RELIABILITY retransmissions=0 recoveries=0 success_percent=100.000
[guest-console:pl011-starry] IVC-CONTROLLER-FULL-LOOP p50_us=6794 p95_us=11350 p99_us=11703 max_us=126733
[guest-console:pl011-starry] IVC-CONTROLLER-PRE-SEND p50_us=16 p95_us=17 p99_us=17 max_us=37
[guest-console:pl011-starry] IVC-CONTROLLER-TRANSPORT p50_us=6778 p95_us=11334 p99_us=11687 max_us=126717 throughput_msg_s=9.993
[guest-console:pl011-starry] IVC-CONTROLLER-CONTROL rmse_milli_c=9258.906 iae_milli_c_s=1429224.700 max_overshoot_milli_c=6840
[guest-console:pl011-starry] IVC-CONTROLLER-RESULT policy=manual-fixed sent=1800 acknowledged=1800 errors=0 timeouts=0 retransmi full_loop_p50_us=6794 full_loop_p95_us=11350 full_loop_p99_us=11703 full_loop_max_us=126733 pre_send_p50_us=16 pre_send_p95_us=17 pre_send_p99_us=17 pre_send_max_us=37 transport_p50_us=6778 t[37m[265.366202 0:15 axvm::arch::aarch64:198] [33mVM[2] run VCpu[0] SystemDown[m
[m[37m[265.366862 0:15 axvm::vm:902] [32pping[m
[m[37m[265.368222 0:15 axvm::runtime::vcpus:415] [32mVM[2] VCpu[0] last VCpu exiting, decreasing running VM count[m
[m[37m[265.369134 0:15 axvm::runtime::vcpus:420] [32mVM[2]e::vcpus:435] [32mVM[2] VCpu[0] exiting...[m
[m[guest-console:pl011-starry] IVC-STARRY-RAW path=/var/lib/ivc/raw.csv samples=1800 sha256=c28c4f452e564393ac7d3293f55dcdeac3a9d1[guest-console:pl011-starry] IVC-STARRY-RAW path=/var/lib/ivc/raw.csv samples=1800 sha256=c28c4f452e564393ac7d3293f55dcdeac3a9d1[guest-console:pl011-starry] IVC-STARRY-RAW path=/var/lib/ivc/raw.csv samples=1800 sha256=c28c4f452e564393ac7d3293f55dcdeac3a9d1[guest-console:pl011-starry] IVC-STARRY-RAW path=/var/lib/ivc/raw.csv samples=1800 sha256=c28c4f452e564393ac7d3293f55dcdeac3a9d1274c25ed3ae1980edeb2339de0
[guest-console:pl011-starry] IVC-STARRY-RAW path=/var/lib/ivc/raw.csv samples=1800 sha256=c28c4f452e564393ac7d3293f55dcdeac3a9d1274c25ed3ae1980edeb2339de0
[guest-console:pl011-starry] IVC-STARRY-DONE exit=0
[37m[274.553416 1:14 axvm::arch::aarch64:198] [33mVM[1] run VCpu[0] SystemDown[m
[m[37m[274.554082 1:14 axvm::vm:902] [32g[m
[m[37m[274.555437 1:14 axvm::runtime::vcpus:435] [32mVM[1] VCpu[0] exiting...[m
[m[37m[274.556235 2:16 axvm::runtime::vcpus:415] [32mVM[1] VCpu[1] last VCpu exiting, decreasing running VM count[m
[m[37m[274.557782 2:16 axvm::runtime::vcpus:420] [32mVM[1] state changed to Stopped[m
[m[37m[274.558461 2:16 axvm::runtime::vcpus:435] [32mVM[1] VCpu[1] exiting...[m
[m[37m[274.559107 2:2 axvisor:73] [32m[OK] Default guest initialized[m
[mWelcome to AxVisor Shell!
Type 'help' to see available commands
Use UP/DOWN arrows to navigate command history

AXVISOR_SHELL_READY
AXVISOR_SHELL_READY
AXVISOR_SHELL_READY
AXVISOR_SHELL_READY
AXVISOR_SHELL_READY
axvisor:/$ [2Kaxvisor:/$ s[2Kaxvisor:/$ ss[2Kaxvisor:/$ ss [2Kaxvisor:/$ ss 1[2Kaxvisor:/$ ss 1 ivc-m
AXVISOR_VM_BLOCK_SNAPSHOT_STARTED vm=1 index=0 path=/home/orangepi/ivc-m
AXVISOR_SNAPSHOT_SYNC_OK
AXVISOR_SNAPSHOT_SYNC_OK
AXVISOR_SNAPSHOT_SYNC_OK
AXVISOR_SNAPSHOT_S
=== SUCCESS PATTERN MATCHED: (?m)^AXVISOR_SNAPSHOT_SYNC_OK\r*$ ===
YNC_OK
AXVISOR_SNAPSHOT_SYNC_OK
AXVISOR_VM_BLOCK_SNAPSHOT vm=1 index=0 path=/home/orangepi/ivc-m bytes=67108864
AXVISOR_VM_BLOCK_SNAPSHOT vm=1 index=0 path=/home/orangepi/ivc-m bytes=67108864
AXVISOR_VM_BLOCK_SNAPSHOT vm=1 index=0 path=/home/orangepi/ivc-m bytes=67108864
AXVISOR_HOST_FILESYSTEM_SYNCED
AXVISOR_HOS[axbuild] board build+run package=axvisor target=scripts/targets/std/pie/aarch64-unknown-linux-musl.json config=competition/ivc/config/axvisor-orangepi-5-plus-manual.toml ... done (340.16s)
ssh: connect to host 192.168.31.33 port 22: Connection timed out
Axvisor filesystem sync marker was confirmed by the board test
RESULT action=status board=orangepi-5-plus-rk3588 power=on watts=2 temperature_celsius=51 fault_code=0
RESULT action=cycle board=orangepi-5-plus-rk3588 power=on watts=0 temperature_celsius=51 fault_code=0
 D DDR ff1a08bde6 typ 25/03/13-1
=> setenv devtype mmc; setenv devnum 1; setenv mmc_bootdev 1; setenv distro_bootpart 1; setenv prefix /; echo UBOOT_LINUX_BOOT_BEGIN; fatload mmc 1:1 0x00c00000 boot.scr; source 0x00c00000
UBOOT_LINUX_BOOT_BEGIN
3413 bytes read in 3 ms (1.1 MiB/s)
## Executing script at 00c00000
Boot script loaded from mmc 1
178 bytes read in 2 ms (86.9 KiB/s)
15301327 bytes read in 1289 ms (11.3 MiB/s)
ssh: connect to host 192.168.31.33 port 22: No route to host
ssh: connect to host 192.168.31.33 port 22: No route to host
ssh: connect to host 192.168.31.33 port 22: No route to host
/dev/mmcblk1p2 ext4   rw,noatime,errors=remount-ro,commit=600
BOARD_LINUX_RESTORED
debugfs 1.46.5 (30-Dec-2021)
debugfs 1.46.5 (30-Dec-2021)
BOARD_RESULT_IMAGE_VALIDATED vm=1 index=0 path=/home/orangepi/ivc-m bytes=67108864 sha256=ff7e0c9dde13c880d5cbe75f3d69e2595bcb254ec3e307c9d347d9115b7758d6 fsck=clean
BOARD_GUEST_RAW_MANIFEST path=/var/lib/ivc/raw.csv samples=1800 sha256=c28c4f452e564393ac7d3293f55dcdeac3a9d1274c25ed3ae1980edeb2339de0
BOARD_RAW_RESULT_HARVESTED path=/tmp/starry-ivc-control-formal-f4ced37-20260804-v5/capture-001/pair-001/manual-full/run-001/raw.csv samples=1800 sha256=c28c4f452e564393ac7d3293f55dcdeac3a9d1274c25ed3ae1980edeb2339de0
BOARD_IDENTITY board_id=bf61f4d4a1d994ad hostname=orangepi5plus cpu_temp_milli_c=45307
