WAKEUP_LATENCY_METADATA {"clock":"CLOCK_MONOTONIC","clock_read":"raw_syscall","clock_resolution_ns":1,"clock_pair_min_ns":291,"sender_cpu":0,"receiver_cpu":1,"warmup":1000,"handoff_samples":20000,"timer_samples":10000,"timer_period_ns":1000000,"park_settle_ns":50000,"fifo_priority":80}
WAKEUP_LATENCY_PROFILE_START
WAKEUP_LATENCY_CASE_START case=thread_futex_same_cpu policy=other
WAKEUP_LATENCY_CASE_DONE case=thread_futex_same_cpu policy=other
WAKEUP_LATENCY_RESULT {"case":"thread_futex_same_cpu","policy":"other","samples":20000,"attempted":20000,"not_parked":0,"missed_deadlines":0,"min_ns":17791,"mean_ns":18468,"stddev_ns":713,"p50_ns":18375,"p95_ns":18958,"p99_ns":21583,"p999_ns":27417,"max_ns":39667,"histogram_bounds_ns":[1000,2000,5000,10000,20000,50000,100000,200000,500000,1000000,2000000,5000000,10000000],"histogram_counts":[0,0,0,0,19468,532,0,0,0,0,0,0,0,0]}
WAKEUP_LATENCY_CASE_START case=thread_futex_cross_cpu policy=other
WAKEUP_LATENCY_CASE_DONE case=thread_futex_cross_cpu policy=other
WAKEUP_LATENCY_RESULT {"case":"thread_futex_cross_cpu","policy":"other","samples":20000,"attempted":20000,"not_parked":0,"missed_deadlines":0,"min_ns":20709,"mean_ns":22508,"stddev_ns":2070,"p50_ns":22458,"p95_ns":22750,"p99_ns":23917,"p999_ns":64750,"max_ns":94208,"histogram_bounds_ns":[1000,2000,5000,10000,20000,50000,100000,200000,500000,1000000,2000000,5000000,10000000],"histogram_counts":[0,0,0,0,0,19963,37,0,0,0,0,0,0,0]}
WAKEUP_LATENCY_CASE_START case=process_futex_cross_cpu policy=other
WAKEUP_LATENCY_CASE_DONE case=process_futex_cross_cpu policy=other
WAKEUP_LATENCY_RESULT {"case":"process_futex_cross_cpu","policy":"other","samples":20000,"attempted":20000,"not_parked":0,"missed_deadlines":0,"min_ns":22459,"mean_ns":24438,"stddev_ns":2026,"p50_ns":24209,"p95_ns":24792,"p99_ns":25958,"p999_ns":68833,"max_ns":73209,"histogram_bounds_ns":[1000,2000,5000,10000,20000,50000,100000,200000,500000,1000000,2000000,5000000,10000000],"histogram_counts":[0,0,0,0,0,19960,40,0,0,0,0,0,0,0]}
WAKEUP_LATENCY_CASE_START case=absolute_timer_same_cpu policy=other
WAKEUP_LATENCY_CASE_DONE case=absolute_timer_same_cpu policy=other
WAKEUP_LATENCY_RESULT {"case":"absolute_timer_same_cpu","policy":"other","samples":10000,"attempted":10000,"not_parked":0,"missed_deadlines":0,"min_ns":26875,"mean_ns":38205,"stddev_ns":2993,"p50_ns":37833,"p95_ns":41708,"p99_ns":42708,"p999_ns":80167,"max_ns":88833,"histogram_bounds_ns":[1000,2000,5000,10000,20000,50000,100000,200000,500000,1000000,2000000,5000000,10000000],"histogram_counts":[0,0,0,0,0,9952,48,0,0,0,0,0,0,0]}
WAKEUP_LATENCY_CASE_START case=clock_pair policy=other
WAKEUP_LATENCY_CASE_DONE case=clock_pair policy=other
WAKEUP_LATENCY_RESULT {"case":"clock_pair","policy":"other","samples":20000,"attempted":20000,"not_parked":0,"missed_deadlines":0,"min_ns":583,"mean_ns":635,"stddev_ns":413,"p50_ns":583,"p95_ns":875,"p99_ns":875,"p999_ns":875,"max_ns":56292,"histogram_bounds_ns":[1000,2000,5000,10000,20000,50000,100000,200000,500000,1000000,2000000,5000000,10000000],"histogram_counts":[19998,0,0,1,0,0,1,0,0,0,0,0,0,0]}
WAKEUP_LATENCY_CASE_START case=getpid policy=other
WAKEUP_LATENCY_CASE_DONE case=getpid policy=other
WAKEUP_LATENCY_RESULT {"case":"getpid","policy":"other","samples":20000,"attempted":20000,"not_parked":0,"missed_deadlines":0,"min_ns":875,"mean_ns":1058,"stddev_ns":176,"p50_ns":1166,"p95_ns":1167,"p99_ns":1167,"p999_ns":1167,"max_ns":12541,"histogram_bounds_ns":[1000,2000,5000,10000,20000,50000,100000,200000,500000,1000000,2000000,5000000,10000000],"histogram_counts":[7535,12462,0,2,1,0,0,0,0,0,0,0,0,0]}
WAKEUP_LATENCY_CASE_START case=futex_wait_mismatch policy=other
WAKEUP_LATENCY_CASE_DONE case=futex_wait_mismatch policy=other
WAKEUP_LATENCY_RESULT {"case":"futex_wait_mismatch","policy":"other","samples":20000,"attempted":20000,"not_parked":0,"missed_deadlines":0,"min_ns":1166,"mean_ns":1224,"stddev_ns":146,"p50_ns":1167,"p95_ns":1459,"p99_ns":1459,"p999_ns":1459,"max_ns":12542,"histogram_bounds_ns":[1000,2000,5000,10000,20000,50000,100000,200000,500000,1000000,2000000,5000000,10000000],"histogram_counts":[0,19998,0,1,1,0,0,0,0,0,0,0,0,0]}
WAKEUP_LATENCY_CASE_START case=futex_wake_empty policy=other
WAKEUP_LATENCY_CASE_DONE case=futex_wake_empty policy=other
WAKEUP_LATENCY_RESULT {"case":"futex_wake_empty","policy":"other","samples":20000,"attempted":20000,"not_parked":0,"missed_deadlines":0,"min_ns":1166,"mean_ns":1238,"stddev_ns":166,"p50_ns":1167,"p95_ns":1459,"p99_ns":1459,"p999_ns":1459,"max_ns":12834,"histogram_bounds_ns":[1000,2000,5000,10000,20000,50000,100000,200000,500000,1000000,2000000,5000000,10000000],"histogram_counts":[0,19996,0,3,1,0,0,0,0,0,0,0,0,0]}
WAKEUP_LATENCY_CASE_START case=sched_yield_no_peer policy=other
WAKEUP_LATENCY_CASE_DONE case=sched_yield_no_peer policy=other
WAKEUP_LATENCY_RESULT {"case":"sched_yield_no_peer","policy":"other","samples":20000,"attempted":20000,"not_parked":0,"missed_deadlines":0,"min_ns":1750,"mean_ns":1931,"stddev_ns":173,"p50_ns":2041,"p95_ns":2042,"p99_ns":2042,"p999_ns":2042,"max_ns":11959,"histogram_bounds_ns":[1000,2000,5000,10000,20000,50000,100000,200000,500000,1000000,2000000,5000000,10000000],"histogram_counts":[0,7687,12309,3,1,0,0,0,0,0,0,0,0,0]}
WAKEUP_LATENCY_CASE_START case=sched_yield_handoff policy=other
WAKEUP_LATENCY_CASE_DONE case=sched_yield_handoff policy=other
WAKEUP_LATENCY_RESULT {"case":"sched_yield_handoff","policy":"other","samples":20000,"attempted":20000,"not_parked":0,"missed_deadlines":0,"min_ns":7291,"mean_ns":7522,"stddev_ns":336,"p50_ns":7583,"p95_ns":7584,"p99_ns":7875,"p999_ns":10500,"max_ns":27708,"histogram_bounds_ns":[1000,2000,5000,10000,20000,50000,100000,200000,500000,1000000,2000000,5000000,10000000],"histogram_counts":[0,0,0,19978,19,3,0,0,0,0,0,0,0,0]}
WAKEUP_LATENCY_CASE_START case=thread_futex_same_cpu policy=fifo
WAKEUP_LATENCY_CASE_DONE case=thread_futex_same_cpu policy=fifo
WAKEUP_LATENCY_RESULT {"case":"thread_futex_same_cpu","policy":"fifo","samples":20000,"attempted":20000,"not_parked":0,"missed_deadlines":0,"min_ns":13708,"mean_ns":14252,"stddev_ns":386,"p50_ns":14292,"p95_ns":14583,"p99_ns":14584,"p999_ns":22458,"max_ns":24500,"histogram_bounds_ns":[1000,2000,5000,10000,20000,50000,100000,200000,500000,1000000,2000000,5000000,10000000],"histogram_counts":[0,0,0,0,19971,29,0,0,0,0,0,0,0,0]}
WAKEUP_LATENCY_CASE_START case=thread_futex_cross_cpu policy=fifo
WAKEUP_LATENCY_CASE_DONE case=thread_futex_cross_cpu policy=fifo
WAKEUP_LATENCY_RESULT {"case":"thread_futex_cross_cpu","policy":"fifo","samples":20000,"attempted":20000,"not_parked":0,"missed_deadlines":0,"min_ns":19250,"mean_ns":20229,"stddev_ns":2248,"p50_ns":20125,"p95_ns":20417,"p99_ns":21292,"p999_ns":58334,"max_ns":96250,"histogram_bounds_ns":[1000,2000,5000,10000,20000,50000,100000,200000,500000,1000000,2000000,5000000,10000000],"histogram_counts":[0,0,0,0,6126,13821,53,0,0,0,0,0,0,0]}
WAKEUP_LATENCY_CASE_START case=process_futex_cross_cpu policy=fifo
WAKEUP_LATENCY_CASE_DONE case=process_futex_cross_cpu policy=fifo
WAKEUP_LATENCY_RESULT {"case":"process_futex_cross_cpu","policy":"fifo","samples":20000,"attempted":20000,"not_parked":0,"missed_deadlines":0,"min_ns":20709,"mean_ns":22189,"stddev_ns":2808,"p50_ns":21875,"p95_ns":22458,"p99_ns":23334,"p999_ns":60083,"max_ns":88667,"histogram_bounds_ns":[1000,2000,5000,10000,20000,50000,100000,200000,500000,1000000,2000000,5000000,10000000],"histogram_counts":[0,0,0,0,0,19909,91,0,0,0,0,0,0,0]}
WAKEUP_LATENCY_CASE_START case=absolute_timer_same_cpu policy=fifo
WAKEUP_LATENCY_CASE_DONE case=absolute_timer_same_cpu policy=fifo
WAKEUP_LATENCY_RESULT {"case":"absolute_timer_same_cpu","policy":"fifo","samples":10000,"attempted":10000,"not_parked":0,"missed_deadlines":0,"min_ns":18000,"mean_ns":19929,"stddev_ns":1328,"p50_ns":19583,"p95_ns":23000,"p99_ns":23750,"p999_ns":32500,"max_ns":55541,"histogram_bounds_ns":[1000,2000,5000,10000,20000,50000,100000,200000,500000,1000000,2000000,5000000,10000000],"histogram_counts":[0,0,0,0,7957,2041,2,0,0,0,0,0,0,0]}
WAKEUP_LATENCY_CASE_START case=clock_pair policy=fifo
WAKEUP_LATENCY_CASE_DONE case=clock_pair policy=fifo
WAKEUP_LATENCY_RESULT {"case":"clock_pair","policy":"fifo","samples":20000,"attempted":20000,"not_parked":0,"missed_deadlines":0,"min_ns":583,"mean_ns":626,"stddev_ns":154,"p50_ns":583,"p95_ns":875,"p99_ns":875,"p999_ns":875,"max_ns":16917,"histogram_bounds_ns":[1000,2000,5000,10000,20000,50000,100000,200000,500000,1000000,2000000,5000000,10000000],"histogram_counts":[19999,0,0,0,1,0,0,0,0,0,0,0,0,0]}
WAKEUP_LATENCY_CASE_START case=getpid policy=fifo
WAKEUP_LATENCY_CASE_DONE case=getpid policy=fifo
WAKEUP_LATENCY_RESULT {"case":"getpid","policy":"fifo","samples":20000,"attempted":20000,"not_parked":0,"missed_deadlines":0,"min_ns":875,"mean_ns":1062,"stddev_ns":197,"p50_ns":1166,"p95_ns":1167,"p99_ns":1167,"p999_ns":1167,"max_ns":14583,"histogram_bounds_ns":[1000,2000,5000,10000,20000,50000,100000,200000,500000,1000000,2000000,5000000,10000000],"histogram_counts":[7309,12687,0,2,2,0,0,0,0,0,0,0,0,0]}
WAKEUP_LATENCY_CASE_START case=futex_wait_mismatch policy=fifo
WAKEUP_LATENCY_CASE_DONE case=futex_wait_mismatch policy=fifo
WAKEUP_LATENCY_RESULT {"case":"futex_wait_mismatch","policy":"fifo","samples":20000,"attempted":20000,"not_parked":0,"missed_deadlines":0,"min_ns":1166,"mean_ns":1224,"stddev_ns":122,"p50_ns":1167,"p95_ns":1459,"p99_ns":1459,"p999_ns":1459,"max_ns":6708,"histogram_bounds_ns":[1000,2000,5000,10000,20000,50000,100000,200000,500000,1000000,2000000,5000000,10000000],"histogram_counts":[0,19999,0,1,0,0,0,0,0,0,0,0,0,0]}
WAKEUP_LATENCY_CASE_START case=futex_wake_empty policy=fifo
WAKEUP_LATENCY_CASE_DONE case=futex_wake_empty policy=fifo
WAKEUP_LATENCY_RESULT {"case":"futex_wake_empty","policy":"fifo","samples":20000,"attempted":20000,"not_parked":0,"missed_deadlines":0,"min_ns":1166,"mean_ns":1234,"stddev_ns":123,"p50_ns":1167,"p95_ns":1459,"p99_ns":1459,"p999_ns":1459,"max_ns":1750,"histogram_bounds_ns":[1000,2000,5000,10000,20000,50000,100000,200000,500000,1000000,2000000,5000000,10000000],"histogram_counts":[0,20000,0,0,0,0,0,0,0,0,0,0,0,0]}
WAKEUP_LATENCY_CASE_START case=sched_yield_no_peer policy=fifo
WAKEUP_LATENCY_CASE_DONE case=sched_yield_no_peer policy=fifo
WAKEUP_LATENCY_RESULT {"case":"sched_yield_no_peer","policy":"fifo","samples":20000,"attempted":20000,"not_parked":0,"missed_deadlines":0,"min_ns":1458,"mean_ns":1656,"stddev_ns":188,"p50_ns":1750,"p95_ns":1750,"p99_ns":1750,"p999_ns":1750,"max_ns":15750,"histogram_bounds_ns":[1000,2000,5000,10000,20000,50000,100000,200000,500000,1000000,2000000,5000000,10000000],"histogram_counts":[0,19990,6,3,1,0,0,0,0,0,0,0,0,0]}
WAKEUP_LATENCY_CASE_START case=sched_yield_handoff policy=fifo
WAKEUP_LATENCY_CASE_DONE case=sched_yield_handoff policy=fifo
WAKEUP_LATENCY_RESULT {"case":"sched_yield_handoff","policy":"fifo","samples":20000,"attempted":20000,"not_parked":0,"missed_deadlines":0,"min_ns":3208,"mean_ns":3503,"stddev_ns":221,"p50_ns":3500,"p95_ns":3500,"p99_ns":3792,"p999_ns":3792,"max_ns":24791,"histogram_bounds_ns":[1000,2000,5000,10000,20000,50000,100000,200000,500000,1000000,2000000,5000000,10000000],"histogram_counts":[0,0,19993,3,3,1,0,0,0,0,0,0,0,0]}
WAKEUP_LATENCY_PROFILE_DONE
WAKEUP_LATENCY_PASSED
