WAKEUP_LATENCY_METADATA {"clock":"CLOCK_MONOTONIC","clock_read":"raw_syscall","clock_resolution_ns":1,"clock_pair_min_ns":291,"sender_cpu":0,"receiver_cpu":1,"warmup":1000,"handoff_samples":20000,"timer_samples":10000,"timer_period_ns":1000000,"park_settle_ns":50000,"fifo_priority":80}
WAKEUP_LATENCY_PROFILE_START
WAKEUP_LATENCY_CASE_START case=thread_futex_same_cpu policy=other
WAKEUP_LATENCY_CASE_DONE case=thread_futex_same_cpu policy=other
WAKEUP_LATENCY_RESULT {"case":"thread_futex_same_cpu","policy":"other","samples":20000,"attempted":20000,"not_parked":0,"missed_deadlines":0,"min_ns":10500,"mean_ns":10878,"stddev_ns":439,"p50_ns":10792,"p95_ns":11084,"p99_ns":13125,"p999_ns":14875,"max_ns":29458,"histogram_bounds_ns":[1000,2000,5000,10000,20000,50000,100000,200000,500000,1000000,2000000,5000000,10000000],"histogram_counts":[0,0,0,0,19998,2,0,0,0,0,0,0,0,0]}
WAKEUP_LATENCY_CASE_START case=thread_futex_cross_cpu policy=other
WAKEUP_LATENCY_CASE_DONE case=thread_futex_cross_cpu policy=other
WAKEUP_LATENCY_RESULT {"case":"thread_futex_cross_cpu","policy":"other","samples":20000,"attempted":20000,"not_parked":0,"missed_deadlines":0,"min_ns":13125,"mean_ns":15044,"stddev_ns":1337,"p50_ns":14875,"p95_ns":15167,"p99_ns":16333,"p999_ns":45791,"max_ns":60666,"histogram_bounds_ns":[1000,2000,5000,10000,20000,50000,100000,200000,500000,1000000,2000000,5000000,10000000],"histogram_counts":[0,0,0,0,19921,73,6,0,0,0,0,0,0,0]}
WAKEUP_LATENCY_CASE_START case=process_futex_cross_cpu policy=other
WAKEUP_LATENCY_CASE_DONE case=process_futex_cross_cpu policy=other
WAKEUP_LATENCY_RESULT {"case":"process_futex_cross_cpu","policy":"other","samples":20000,"attempted":20000,"not_parked":0,"missed_deadlines":0,"min_ns":14292,"mean_ns":16290,"stddev_ns":938,"p50_ns":16333,"p95_ns":16625,"p99_ns":17792,"p999_ns":29458,"max_ns":60958,"histogram_bounds_ns":[1000,2000,5000,10000,20000,50000,100000,200000,500000,1000000,2000000,5000000,10000000],"histogram_counts":[0,0,0,0,19880,118,2,0,0,0,0,0,0,0]}
WAKEUP_LATENCY_CASE_START case=absolute_timer_same_cpu policy=other
WAKEUP_LATENCY_CASE_DONE case=absolute_timer_same_cpu policy=other
WAKEUP_LATENCY_RESULT {"case":"absolute_timer_same_cpu","policy":"other","samples":10000,"attempted":10000,"not_parked":0,"missed_deadlines":0,"min_ns":21125,"mean_ns":23757,"stddev_ns":1862,"p50_ns":23459,"p95_ns":26917,"p99_ns":27709,"p999_ns":55959,"max_ns":64917,"histogram_bounds_ns":[1000,2000,5000,10000,20000,50000,100000,200000,500000,1000000,2000000,5000000,10000000],"histogram_counts":[0,0,0,0,0,9978,22,0,0,0,0,0,0,0]}
WAKEUP_LATENCY_CASE_START case=clock_pair policy=other
WAKEUP_LATENCY_CASE_DONE case=clock_pair policy=other
WAKEUP_LATENCY_RESULT {"case":"clock_pair","policy":"other","samples":20000,"attempted":20000,"not_parked":0,"missed_deadlines":0,"min_ns":291,"mean_ns":532,"stddev_ns":111,"p50_ns":583,"p95_ns":584,"p99_ns":584,"p999_ns":584,"max_ns":584,"histogram_bounds_ns":[1000,2000,5000,10000,20000,50000,100000,200000,500000,1000000,2000000,5000000,10000000],"histogram_counts":[20000,0,0,0,0,0,0,0,0,0,0,0,0,0]}
WAKEUP_LATENCY_CASE_START case=getpid policy=other
WAKEUP_LATENCY_CASE_DONE case=getpid policy=other
WAKEUP_LATENCY_RESULT {"case":"getpid","policy":"other","samples":20000,"attempted":20000,"not_parked":0,"missed_deadlines":0,"min_ns":875,"mean_ns":946,"stddev_ns":130,"p50_ns":875,"p95_ns":1167,"p99_ns":1167,"p999_ns":1167,"max_ns":6125,"histogram_bounds_ns":[1000,2000,5000,10000,20000,50000,100000,200000,500000,1000000,2000000,5000000,10000000],"histogram_counts":[15155,4844,0,1,0,0,0,0,0,0,0,0,0,0]}
WAKEUP_LATENCY_CASE_START case=futex_wait_mismatch policy=other
WAKEUP_LATENCY_CASE_DONE case=futex_wait_mismatch policy=other
WAKEUP_LATENCY_RESULT {"case":"futex_wait_mismatch","policy":"other","samples":20000,"attempted":20000,"not_parked":0,"missed_deadlines":0,"min_ns":875,"mean_ns":1035,"stddev_ns":155,"p50_ns":1166,"p95_ns":1167,"p99_ns":1167,"p999_ns":1167,"max_ns":7000,"histogram_bounds_ns":[1000,2000,5000,10000,20000,50000,100000,200000,500000,1000000,2000000,5000000,10000000],"histogram_counts":[9061,10937,0,2,0,0,0,0,0,0,0,0,0,0]}
WAKEUP_LATENCY_CASE_START case=futex_wake_empty policy=other
WAKEUP_LATENCY_CASE_DONE case=futex_wake_empty policy=other
WAKEUP_LATENCY_RESULT {"case":"futex_wake_empty","policy":"other","samples":20000,"attempted":20000,"not_parked":0,"missed_deadlines":0,"min_ns":875,"mean_ns":986,"stddev_ns":157,"p50_ns":875,"p95_ns":1167,"p99_ns":1167,"p999_ns":1167,"max_ns":10500,"histogram_bounds_ns":[1000,2000,5000,10000,20000,50000,100000,200000,500000,1000000,2000000,5000000,10000000],"histogram_counts":[12412,7587,0,0,1,0,0,0,0,0,0,0,0,0]}
WAKEUP_LATENCY_CASE_START case=sched_yield_no_peer policy=other
WAKEUP_LATENCY_CASE_DONE case=sched_yield_no_peer policy=other
WAKEUP_LATENCY_RESULT {"case":"sched_yield_no_peer","policy":"other","samples":20000,"attempted":20000,"not_parked":0,"missed_deadlines":0,"min_ns":1458,"mean_ns":1578,"stddev_ns":162,"p50_ns":1459,"p95_ns":1750,"p99_ns":1750,"p999_ns":1750,"max_ns":10208,"histogram_bounds_ns":[1000,2000,5000,10000,20000,50000,100000,200000,500000,1000000,2000000,5000000,10000000],"histogram_counts":[0,19997,0,2,1,0,0,0,0,0,0,0,0,0]}
WAKEUP_LATENCY_CASE_START case=sched_yield_handoff policy=other
WAKEUP_LATENCY_CASE_DONE case=sched_yield_handoff policy=other
WAKEUP_LATENCY_RESULT {"case":"sched_yield_handoff","policy":"other","samples":20000,"attempted":20000,"not_parked":0,"missed_deadlines":0,"min_ns":4958,"mean_ns":5322,"stddev_ns":179,"p50_ns":5250,"p95_ns":5542,"p99_ns":5542,"p999_ns":7000,"max_ns":10791,"histogram_bounds_ns":[1000,2000,5000,10000,20000,50000,100000,200000,500000,1000000,2000000,5000000,10000000],"histogram_counts":[0,0,12,19981,7,0,0,0,0,0,0,0,0,0]}
WAKEUP_LATENCY_CASE_START case=thread_futex_same_cpu policy=fifo
WAKEUP_LATENCY_CASE_DONE case=thread_futex_same_cpu policy=fifo
WAKEUP_LATENCY_RESULT {"case":"thread_futex_same_cpu","policy":"fifo","samples":20000,"attempted":20000,"not_parked":0,"missed_deadlines":0,"min_ns":7583,"mean_ns":7935,"stddev_ns":260,"p50_ns":7875,"p95_ns":8167,"p99_ns":8167,"p999_ns":9042,"max_ns":25375,"histogram_bounds_ns":[1000,2000,5000,10000,20000,50000,100000,200000,500000,1000000,2000000,5000000,10000000],"histogram_counts":[0,0,0,19982,17,1,0,0,0,0,0,0,0,0]}
WAKEUP_LATENCY_CASE_START case=thread_futex_cross_cpu policy=fifo
WAKEUP_LATENCY_CASE_DONE case=thread_futex_cross_cpu policy=fifo
WAKEUP_LATENCY_RESULT {"case":"thread_futex_cross_cpu","policy":"fifo","samples":20000,"attempted":20000,"not_parked":0,"missed_deadlines":0,"min_ns":13708,"mean_ns":14427,"stddev_ns":1438,"p50_ns":14292,"p95_ns":14584,"p99_ns":15458,"p999_ns":44333,"max_ns":78167,"histogram_bounds_ns":[1000,2000,5000,10000,20000,50000,100000,200000,500000,1000000,2000000,5000000,10000000],"histogram_counts":[0,0,0,0,19946,49,5,0,0,0,0,0,0,0]}
WAKEUP_LATENCY_CASE_START case=process_futex_cross_cpu policy=fifo
WAKEUP_LATENCY_CASE_DONE case=process_futex_cross_cpu policy=fifo
WAKEUP_LATENCY_RESULT {"case":"process_futex_cross_cpu","policy":"fifo","samples":20000,"attempted":20000,"not_parked":0,"missed_deadlines":0,"min_ns":14875,"mean_ns":15747,"stddev_ns":1398,"p50_ns":15750,"p95_ns":16042,"p99_ns":16625,"p999_ns":43750,"max_ns":70583,"histogram_bounds_ns":[1000,2000,5000,10000,20000,50000,100000,200000,500000,1000000,2000000,5000000,10000000],"histogram_counts":[0,0,0,0,19927,63,10,0,0,0,0,0,0,0]}
WAKEUP_LATENCY_CASE_START case=absolute_timer_same_cpu policy=fifo
WAKEUP_LATENCY_CASE_DONE case=absolute_timer_same_cpu policy=fifo
WAKEUP_LATENCY_RESULT {"case":"absolute_timer_same_cpu","policy":"fifo","samples":10000,"attempted":10000,"not_parked":0,"missed_deadlines":0,"min_ns":11917,"mean_ns":12926,"stddev_ns":1229,"p50_ns":12542,"p95_ns":15750,"p99_ns":16209,"p999_ns":20042,"max_ns":46875,"histogram_bounds_ns":[1000,2000,5000,10000,20000,50000,100000,200000,500000,1000000,2000000,5000000,10000000],"histogram_counts":[0,0,0,0,9989,11,0,0,0,0,0,0,0,0]}
WAKEUP_LATENCY_CASE_START case=clock_pair policy=fifo
WAKEUP_LATENCY_CASE_DONE case=clock_pair policy=fifo
WAKEUP_LATENCY_RESULT {"case":"clock_pair","policy":"fifo","samples":20000,"attempted":20000,"not_parked":0,"missed_deadlines":0,"min_ns":291,"mean_ns":534,"stddev_ns":143,"p50_ns":583,"p95_ns":584,"p99_ns":584,"p999_ns":584,"max_ns":12542,"histogram_bounds_ns":[1000,2000,5000,10000,20000,50000,100000,200000,500000,1000000,2000000,5000000,10000000],"histogram_counts":[19998,0,0,1,1,0,0,0,0,0,0,0,0,0]}
WAKEUP_LATENCY_CASE_START case=getpid policy=fifo
WAKEUP_LATENCY_CASE_DONE case=getpid policy=fifo
WAKEUP_LATENCY_RESULT {"case":"getpid","policy":"fifo","samples":20000,"attempted":20000,"not_parked":0,"missed_deadlines":0,"min_ns":875,"mean_ns":948,"stddev_ns":203,"p50_ns":875,"p95_ns":1167,"p99_ns":1167,"p999_ns":1167,"max_ns":18958,"histogram_bounds_ns":[1000,2000,5000,10000,20000,50000,100000,200000,500000,1000000,2000000,5000000,10000000],"histogram_counts":[15088,4909,0,1,2,0,0,0,0,0,0,0,0,0]}
WAKEUP_LATENCY_CASE_START case=futex_wait_mismatch policy=fifo
WAKEUP_LATENCY_CASE_DONE case=futex_wait_mismatch policy=fifo
WAKEUP_LATENCY_RESULT {"case":"futex_wait_mismatch","policy":"fifo","samples":20000,"attempted":20000,"not_parked":0,"missed_deadlines":0,"min_ns":875,"mean_ns":1039,"stddev_ns":156,"p50_ns":1166,"p95_ns":1167,"p99_ns":1167,"p999_ns":1167,"max_ns":7292,"histogram_bounds_ns":[1000,2000,5000,10000,20000,50000,100000,200000,500000,1000000,2000000,5000000,10000000],"histogram_counts":[8772,11226,0,2,0,0,0,0,0,0,0,0,0,0]}
WAKEUP_LATENCY_CASE_START case=futex_wake_empty policy=fifo
WAKEUP_LATENCY_CASE_DONE case=futex_wake_empty policy=fifo
WAKEUP_LATENCY_RESULT {"case":"futex_wake_empty","policy":"fifo","samples":20000,"attempted":20000,"not_parked":0,"missed_deadlines":0,"min_ns":875,"mean_ns":987,"stddev_ns":207,"p50_ns":875,"p95_ns":1167,"p99_ns":1167,"p999_ns":1167,"max_ns":18083,"histogram_bounds_ns":[1000,2000,5000,10000,20000,50000,100000,200000,500000,1000000,2000000,5000000,10000000],"histogram_counts":[12419,7579,0,0,2,0,0,0,0,0,0,0,0,0]}
WAKEUP_LATENCY_CASE_START case=sched_yield_no_peer policy=fifo
WAKEUP_LATENCY_CASE_DONE case=sched_yield_no_peer policy=fifo
WAKEUP_LATENCY_RESULT {"case":"sched_yield_no_peer","policy":"fifo","samples":20000,"attempted":20000,"not_parked":0,"missed_deadlines":0,"min_ns":1166,"mean_ns":1357,"stddev_ns":165,"p50_ns":1458,"p95_ns":1459,"p99_ns":1459,"p999_ns":1459,"max_ns":9917,"histogram_bounds_ns":[1000,2000,5000,10000,20000,50000,100000,200000,500000,1000000,2000000,5000000,10000000],"histogram_counts":[0,19996,0,4,0,0,0,0,0,0,0,0,0,0]}
WAKEUP_LATENCY_CASE_START case=sched_yield_handoff policy=fifo
WAKEUP_LATENCY_CASE_DONE case=sched_yield_handoff policy=fifo
WAKEUP_LATENCY_RESULT {"case":"sched_yield_handoff","policy":"fifo","samples":20000,"attempted":20000,"not_parked":0,"missed_deadlines":0,"min_ns":2625,"mean_ns":2880,"stddev_ns":156,"p50_ns":2917,"p95_ns":2917,"p99_ns":2917,"p999_ns":3208,"max_ns":16042,"histogram_bounds_ns":[1000,2000,5000,10000,20000,50000,100000,200000,500000,1000000,2000000,5000000,10000000],"histogram_counts":[0,0,19994,5,1,0,0,0,0,0,0,0,0,0]}
WAKEUP_LATENCY_PROFILE_DONE
WAKEUP_LATENCY_PASSED
