WAKEUP_LATENCY_METADATA {"clock":"CLOCK_MONOTONIC","clock_read":"raw_syscall","clock_resolution_ns":1,"clock_pair_min_ns":291,"sender_cpu":0,"receiver_cpu":1,"warmup":1000,"handoff_samples":20000,"timer_samples":10000,"timer_period_ns":1000000,"park_settle_ns":50000,"fifo_priority":80}
WAKEUP_LATENCY_PROFILE_START
WAKEUP_LATENCY_CASE_START case=thread_futex_same_cpu policy=other
WAKEUP_LATENCY_CASE_DONE case=thread_futex_same_cpu policy=other
WAKEUP_LATENCY_RESULT {"case":"thread_futex_same_cpu","policy":"other","samples":20000,"attempted":20000,"not_parked":0,"missed_deadlines":0,"min_ns":10208,"mean_ns":10833,"stddev_ns":468,"p50_ns":10792,"p95_ns":11084,"p99_ns":13125,"p999_ns":17792,"max_ns":30916,"histogram_bounds_ns":[1000,2000,5000,10000,20000,50000,100000,200000,500000,1000000,2000000,5000000,10000000],"histogram_counts":[0,0,0,0,19997,3,0,0,0,0,0,0,0,0]}
WAKEUP_LATENCY_CASE_START case=thread_futex_cross_cpu policy=other
WAKEUP_LATENCY_CASE_DONE case=thread_futex_cross_cpu policy=other
WAKEUP_LATENCY_RESULT {"case":"thread_futex_cross_cpu","policy":"other","samples":20000,"attempted":20000,"not_parked":0,"missed_deadlines":0,"min_ns":13417,"mean_ns":14942,"stddev_ns":1425,"p50_ns":14875,"p95_ns":15167,"p99_ns":16334,"p999_ns":38792,"max_ns":61250,"histogram_bounds_ns":[1000,2000,5000,10000,20000,50000,100000,200000,500000,1000000,2000000,5000000,10000000],"histogram_counts":[0,0,0,0,19859,140,1,0,0,0,0,0,0,0]}
WAKEUP_LATENCY_CASE_START case=process_futex_cross_cpu policy=other
WAKEUP_LATENCY_CASE_DONE case=process_futex_cross_cpu policy=other
WAKEUP_LATENCY_RESULT {"case":"process_futex_cross_cpu","policy":"other","samples":20000,"attempted":20000,"not_parked":0,"missed_deadlines":0,"min_ns":14291,"mean_ns":16301,"stddev_ns":1257,"p50_ns":16333,"p95_ns":16625,"p99_ns":17792,"p999_ns":34125,"max_ns":63584,"histogram_bounds_ns":[1000,2000,5000,10000,20000,50000,100000,200000,500000,1000000,2000000,5000000,10000000],"histogram_counts":[0,0,0,0,19868,127,5,0,0,0,0,0,0,0]}
WAKEUP_LATENCY_CASE_START case=absolute_timer_same_cpu policy=other
WAKEUP_LATENCY_CASE_DONE case=absolute_timer_same_cpu policy=other
WAKEUP_LATENCY_RESULT {"case":"absolute_timer_same_cpu","policy":"other","samples":10000,"attempted":10000,"not_parked":0,"missed_deadlines":0,"min_ns":17542,"mean_ns":23627,"stddev_ns":1840,"p50_ns":23334,"p95_ns":26750,"p99_ns":28209,"p999_ns":57667,"max_ns":63959,"histogram_bounds_ns":[1000,2000,5000,10000,20000,50000,100000,200000,500000,1000000,2000000,5000000,10000000],"histogram_counts":[0,0,0,0,1,9981,18,0,0,0,0,0,0,0]}
WAKEUP_LATENCY_CASE_START case=clock_pair policy=other
WAKEUP_LATENCY_CASE_DONE case=clock_pair policy=other
WAKEUP_LATENCY_RESULT {"case":"clock_pair","policy":"other","samples":20000,"attempted":20000,"not_parked":0,"missed_deadlines":0,"min_ns":291,"mean_ns":527,"stddev_ns":134,"p50_ns":583,"p95_ns":584,"p99_ns":584,"p999_ns":584,"max_ns":10209,"histogram_bounds_ns":[1000,2000,5000,10000,20000,50000,100000,200000,500000,1000000,2000000,5000000,10000000],"histogram_counts":[19999,0,0,0,1,0,0,0,0,0,0,0,0,0]}
WAKEUP_LATENCY_CASE_START case=getpid policy=other
WAKEUP_LATENCY_CASE_DONE case=getpid policy=other
WAKEUP_LATENCY_RESULT {"case":"getpid","policy":"other","samples":20000,"attempted":20000,"not_parked":0,"missed_deadlines":0,"min_ns":875,"mean_ns":927,"stddev_ns":123,"p50_ns":875,"p95_ns":1167,"p99_ns":1167,"p999_ns":1167,"max_ns":6416,"histogram_bounds_ns":[1000,2000,5000,10000,20000,50000,100000,200000,500000,1000000,2000000,5000000,10000000],"histogram_counts":[16444,3554,0,2,0,0,0,0,0,0,0,0,0,0]}
WAKEUP_LATENCY_CASE_START case=futex_wait_mismatch policy=other
WAKEUP_LATENCY_CASE_DONE case=futex_wait_mismatch policy=other
WAKEUP_LATENCY_RESULT {"case":"futex_wait_mismatch","policy":"other","samples":20000,"attempted":20000,"not_parked":0,"missed_deadlines":0,"min_ns":875,"mean_ns":1029,"stddev_ns":168,"p50_ns":1166,"p95_ns":1167,"p99_ns":1167,"p999_ns":1167,"max_ns":10209,"histogram_bounds_ns":[1000,2000,5000,10000,20000,50000,100000,200000,500000,1000000,2000000,5000000,10000000],"histogram_counts":[9534,10463,0,2,1,0,0,0,0,0,0,0,0,0]}
WAKEUP_LATENCY_CASE_START case=futex_wake_empty policy=other
WAKEUP_LATENCY_CASE_DONE case=futex_wake_empty policy=other
WAKEUP_LATENCY_RESULT {"case":"futex_wake_empty","policy":"other","samples":20000,"attempted":20000,"not_parked":0,"missed_deadlines":0,"min_ns":875,"mean_ns":968,"stddev_ns":146,"p50_ns":875,"p95_ns":1167,"p99_ns":1167,"p999_ns":1167,"max_ns":6708,"histogram_bounds_ns":[1000,2000,5000,10000,20000,50000,100000,200000,500000,1000000,2000000,5000000,10000000],"histogram_counts":[13651,6347,0,2,0,0,0,0,0,0,0,0,0,0]}
WAKEUP_LATENCY_CASE_START case=sched_yield_no_peer policy=other
WAKEUP_LATENCY_CASE_DONE case=sched_yield_no_peer policy=other
WAKEUP_LATENCY_RESULT {"case":"sched_yield_no_peer","policy":"other","samples":20000,"attempted":20000,"not_parked":0,"missed_deadlines":0,"min_ns":1458,"mean_ns":1574,"stddev_ns":162,"p50_ns":1459,"p95_ns":1750,"p99_ns":1750,"p999_ns":1750,"max_ns":9916,"histogram_bounds_ns":[1000,2000,5000,10000,20000,50000,100000,200000,500000,1000000,2000000,5000000,10000000],"histogram_counts":[0,19997,0,3,0,0,0,0,0,0,0,0,0,0]}
WAKEUP_LATENCY_CASE_START case=sched_yield_handoff policy=other
WAKEUP_LATENCY_CASE_DONE case=sched_yield_handoff policy=other
WAKEUP_LATENCY_RESULT {"case":"sched_yield_handoff","policy":"other","samples":20000,"attempted":20000,"not_parked":0,"missed_deadlines":0,"min_ns":4958,"mean_ns":5306,"stddev_ns":201,"p50_ns":5250,"p95_ns":5542,"p99_ns":5542,"p999_ns":7000,"max_ns":15459,"histogram_bounds_ns":[1000,2000,5000,10000,20000,50000,100000,200000,500000,1000000,2000000,5000000,10000000],"histogram_counts":[0,0,63,19925,12,0,0,0,0,0,0,0,0,0]}
WAKEUP_LATENCY_CASE_START case=thread_futex_same_cpu policy=fifo
WAKEUP_LATENCY_CASE_DONE case=thread_futex_same_cpu policy=fifo
WAKEUP_LATENCY_RESULT {"case":"thread_futex_same_cpu","policy":"fifo","samples":20000,"attempted":20000,"not_parked":0,"missed_deadlines":0,"min_ns":7583,"mean_ns":7975,"stddev_ns":254,"p50_ns":7875,"p95_ns":8167,"p99_ns":8167,"p999_ns":9042,"max_ns":20125,"histogram_bounds_ns":[1000,2000,5000,10000,20000,50000,100000,200000,500000,1000000,2000000,5000000,10000000],"histogram_counts":[0,0,0,19981,18,1,0,0,0,0,0,0,0,0]}
WAKEUP_LATENCY_CASE_START case=thread_futex_cross_cpu policy=fifo
WAKEUP_LATENCY_CASE_DONE case=thread_futex_cross_cpu policy=fifo
WAKEUP_LATENCY_RESULT {"case":"thread_futex_cross_cpu","policy":"fifo","samples":20000,"attempted":20000,"not_parked":0,"missed_deadlines":0,"min_ns":13708,"mean_ns":14386,"stddev_ns":1516,"p50_ns":14292,"p95_ns":14584,"p99_ns":15167,"p999_ns":42291,"max_ns":74958,"histogram_bounds_ns":[1000,2000,5000,10000,20000,50000,100000,200000,500000,1000000,2000000,5000000,10000000],"histogram_counts":[0,0,0,0,19933,58,9,0,0,0,0,0,0,0]}
WAKEUP_LATENCY_CASE_START case=process_futex_cross_cpu policy=fifo
WAKEUP_LATENCY_CASE_DONE case=process_futex_cross_cpu policy=fifo
WAKEUP_LATENCY_RESULT {"case":"process_futex_cross_cpu","policy":"fifo","samples":20000,"attempted":20000,"not_parked":0,"missed_deadlines":0,"min_ns":15166,"mean_ns":15848,"stddev_ns":1661,"p50_ns":15750,"p95_ns":16042,"p99_ns":16917,"p999_ns":48708,"max_ns":79333,"histogram_bounds_ns":[1000,2000,5000,10000,20000,50000,100000,200000,500000,1000000,2000000,5000000,10000000],"histogram_counts":[0,0,0,0,19924,59,17,0,0,0,0,0,0,0]}
WAKEUP_LATENCY_CASE_START case=absolute_timer_same_cpu policy=fifo
WAKEUP_LATENCY_CASE_DONE case=absolute_timer_same_cpu policy=fifo
WAKEUP_LATENCY_RESULT {"case":"absolute_timer_same_cpu","policy":"fifo","samples":10000,"attempted":10000,"not_parked":0,"missed_deadlines":0,"min_ns":11667,"mean_ns":12869,"stddev_ns":1703,"p50_ns":12459,"p95_ns":15834,"p99_ns":16500,"p999_ns":42375,"max_ns":47375,"histogram_bounds_ns":[1000,2000,5000,10000,20000,50000,100000,200000,500000,1000000,2000000,5000000,10000000],"histogram_counts":[0,0,0,0,9974,26,0,0,0,0,0,0,0,0]}
WAKEUP_LATENCY_CASE_START case=clock_pair policy=fifo
WAKEUP_LATENCY_CASE_DONE case=clock_pair policy=fifo
WAKEUP_LATENCY_RESULT {"case":"clock_pair","policy":"fifo","samples":20000,"attempted":20000,"not_parked":0,"missed_deadlines":0,"min_ns":291,"mean_ns":527,"stddev_ns":143,"p50_ns":583,"p95_ns":584,"p99_ns":584,"p999_ns":584,"max_ns":11375,"histogram_bounds_ns":[1000,2000,5000,10000,20000,50000,100000,200000,500000,1000000,2000000,5000000,10000000],"histogram_counts":[19998,0,0,1,1,0,0,0,0,0,0,0,0,0]}
WAKEUP_LATENCY_CASE_START case=getpid policy=fifo
WAKEUP_LATENCY_CASE_DONE case=getpid policy=fifo
WAKEUP_LATENCY_RESULT {"case":"getpid","policy":"fifo","samples":20000,"attempted":20000,"not_parked":0,"missed_deadlines":0,"min_ns":875,"mean_ns":928,"stddev_ns":141,"p50_ns":875,"p95_ns":1167,"p99_ns":1167,"p999_ns":1167,"max_ns":10209,"histogram_bounds_ns":[1000,2000,5000,10000,20000,50000,100000,200000,500000,1000000,2000000,5000000,10000000],"histogram_counts":[16438,3559,0,2,1,0,0,0,0,0,0,0,0,0]}
WAKEUP_LATENCY_CASE_START case=futex_wait_mismatch policy=fifo
WAKEUP_LATENCY_CASE_DONE case=futex_wait_mismatch policy=fifo
WAKEUP_LATENCY_RESULT {"case":"futex_wait_mismatch","policy":"fifo","samples":20000,"attempted":20000,"not_parked":0,"missed_deadlines":0,"min_ns":875,"mean_ns":1028,"stddev_ns":156,"p50_ns":1166,"p95_ns":1167,"p99_ns":1167,"p999_ns":1167,"max_ns":7292,"histogram_bounds_ns":[1000,2000,5000,10000,20000,50000,100000,200000,500000,1000000,2000000,5000000,10000000],"histogram_counts":[9562,10436,0,2,0,0,0,0,0,0,0,0,0,0]}
WAKEUP_LATENCY_CASE_START case=futex_wake_empty policy=fifo
WAKEUP_LATENCY_CASE_DONE case=futex_wake_empty policy=fifo
WAKEUP_LATENCY_RESULT {"case":"futex_wake_empty","policy":"fifo","samples":20000,"attempted":20000,"not_parked":0,"missed_deadlines":0,"min_ns":875,"mean_ns":973,"stddev_ns":162,"p50_ns":875,"p95_ns":1167,"p99_ns":1167,"p999_ns":1167,"max_ns":10209,"histogram_bounds_ns":[1000,2000,5000,10000,20000,50000,100000,200000,500000,1000000,2000000,5000000,10000000],"histogram_counts":[13346,6651,0,2,1,0,0,0,0,0,0,0,0,0]}
WAKEUP_LATENCY_CASE_START case=sched_yield_no_peer policy=fifo
WAKEUP_LATENCY_CASE_DONE case=sched_yield_no_peer policy=fifo
WAKEUP_LATENCY_RESULT {"case":"sched_yield_no_peer","policy":"fifo","samples":20000,"attempted":20000,"not_parked":0,"missed_deadlines":0,"min_ns":1166,"mean_ns":1344,"stddev_ns":147,"p50_ns":1458,"p95_ns":1459,"p99_ns":1459,"p999_ns":1459,"max_ns":6416,"histogram_bounds_ns":[1000,2000,5000,10000,20000,50000,100000,200000,500000,1000000,2000000,5000000,10000000],"histogram_counts":[0,19999,0,1,0,0,0,0,0,0,0,0,0,0]}
WAKEUP_LATENCY_CASE_START case=sched_yield_handoff policy=fifo
WAKEUP_LATENCY_CASE_DONE case=sched_yield_handoff policy=fifo
WAKEUP_LATENCY_RESULT {"case":"sched_yield_handoff","policy":"fifo","samples":20000,"attempted":20000,"not_parked":0,"missed_deadlines":0,"min_ns":2625,"mean_ns":2881,"stddev_ns":139,"p50_ns":2917,"p95_ns":2917,"p99_ns":2917,"p999_ns":3208,"max_ns":13125,"histogram_bounds_ns":[1000,2000,5000,10000,20000,50000,100000,200000,500000,1000000,2000000,5000000,10000000],"histogram_counts":[0,0,19995,4,1,0,0,0,0,0,0,0,0,0]}
WAKEUP_LATENCY_PROFILE_DONE
WAKEUP_LATENCY_PASSED
