BOARD_HOST_LIBCLANG path=/usr/lib/llvm-14/lib source=environment
orangepi5plus
BOARD_SERVICE_DTB_READY path=/home/seven_wsl/.local/share/ostool-server/dtbs/orangepi-5-plus-starry.dtb root=PARTUUID=5874edd8-1582-a144-a298-b139acd7b0e6
     Locking 1 package to latest compatible version
      Adding uboot-shell v0.2.6 (/home/seven_wsl/Workspace/starry/ostool/uboot-shell)
    Finished `dev` profile [unoptimized + debuginfo] target(s) in 0.24s
     Running `target/debug/tg-xtask axvisor board -c competition/ivc/config/axvisor-orangepi-5-plus-manual.toml --board-config competition/ivc/config/board-orangepi-5-plus-manual.toml -b OrangePi-5-Plus`
[2026-08-04T05:47:35Z INFO  axbuild::context] Workspace root: /home/seven_wsl/Workspace/starry/tgoskits-rt-ivc-m3-control-f4ced37
[2026-08-04T05:47:35Z INFO  axbuild::context] Workspace member dir for axvisor: /home/seven_wsl/Workspace/starry/tgoskits-rt-ivc-m3-control-f4ced37/os/axvisor
Using build config: competition/ivc/config/axvisor-orangepi-5-plus-manual.toml
[axbuild] board build+run package=axvisor target=scripts/targets/std/pie/aarch64-unknown-linux-musl.json config=competition/ivc/config/axvisor-orangepi-5-plus-manual.toml ...
sh -c /home/seven_wsl/Workspace/starry/tgoskits-rt-ivc-m3-control-f4ced37/tmp/axbuild/std/prebuild/prebuild-aarch64-unknown-linux-musl-aab669dbec573fb9.sh
AR_aarch64_unknown_linux_musl=aarch64-linux-musl-ar
AXVISOR_VM_CONFIGS=/home/seven_wsl/Workspace/starry/tgoskits-rt-ivc-m3-control-f4ced37/competition/ivc/config/orangepi-5-plus-starry-smp2-manual.toml:/home/seven_wsl/Workspace/starry/tgoskits-rt-ivc-m3-control-f4ced37/competition/ivc/config/orangepi-5-plus-zephyr-smp1.toml
AX_ARCH=aarch64
AX_LOG=info
AX_TARGET=aarch64-unknown-none-softfloat
BINDGEN_EXTRA_CLANG_ARGS_aarch64_unknown_linux_musl=--target=aarch64-linux-musl --sysroot=/ -mgeneral-regs-only
CARGO_UNSTABLE_JSON_TARGET_SPEC=true
CC_aarch64_unknown_linux_musl=aarch64-linux-musl-cc
CFLAGS_aarch64_unknown_linux_musl=-mgeneral-regs-only -fno-stack-protector
CXXFLAGS_aarch64_unknown_linux_musl=-mgeneral-regs-only -fno-stack-protector
SMP=4
cargo build --config /home/seven_wsl/Workspace/starry/tgoskits-rt-ivc-m3-control-f4ced37/tmp/axbuild/std/config-aarch64-unknown-linux-musl-dynamic.toml -p axvisor --target scripts/targets/std/pie/aarch64-unknown-linux-musl.json -Z unstable-options --target-dir /home/seven_wsl/Workspace/starry/tgoskits-rt-ivc-m3-control-f4ced37/target --features ax-std/fs,ax-std/smp,fs,rockchip-dwmmc,rockchip-soc,sdmmc,log/release_max_level_info -Z json-target-spec --bin axvisor --release --message-format json-render-diagnostics
     Locking 1 package to latest compatible version
      Adding uboot-shell v0.2.6
warning: function `set_fdt_addr_phys_if_valid` is never used
  --> platforms/someboot/src/fdt/mod.rs:32:15
   |
32 | pub(crate) fn set_fdt_addr_phys_if_valid(fdt_addr: usize) -> bool {
   |               ^^^^^^^^^^^^^^^^^^^^^^^^^^
   |
   = note: `#[warn(dead_code)]` (part of `#[warn(unused)]`) on by default

warning: `someboot` (lib) generated 1 warning
   Compiling axvisor v0.5.21 (/home/seven_wsl/Workspace/starry/tgoskits-rt-ivc-m3-control-f4ced37/os/axvisor)
warning: function `with_vm` is never used
   --> virtualization/axvm/src/manager.rs:168:15
    |
168 | pub(crate) fn with_vm<F, R>(vm_id: VMId, f: F) -> Option<R>
    |               ^^^^^^^
    |
    = note: `#[warn(dead_code)]` (part of `#[warn(unused)]`) on by default

warning: function `active_vcpu_mask` is never used
   --> virtualization/axvm/src/manager.rs:198:15
    |
198 | pub(crate) fn active_vcpu_mask(vm_id: VMId) -> Option<usize> {
    |               ^^^^^^^^^^^^^^^^

warning: function `inject_interrupt` is never used
   --> virtualization/axvm/src/manager.rs:210:15
    |
210 | pub(crate) fn inject_interrupt(vm_id: VMId, vcpu_id: usize, vector: usize) -> AxVmResult {
    |               ^^^^^^^^^^^^^^^^

warning: field `token` is never read
  --> virtualization/axvm/src/timer.rs:20:5
   |
19 | struct VmTimerEvent {
   |        ------------ field in this struct
20 |     token: usize,
   |     ^^^^^

warning: function `cancel_timer` is never used
  --> virtualization/axvm/src/timer.rs:65:15
   |
65 | pub(crate) fn cancel_timer(token: usize) {
   |               ^^^^^^^^^^^^

warning: associated items `handle_nested_page_fault` and `debug_nested_page_fault` are never used
    --> virtualization/axvm/src/vm/mod.rs:1303:19
     |
 616 | impl AxVM {
     | --------- associated items in this implementation
...
1303 |     pub(crate) fn handle_nested_page_fault(
     |                   ^^^^^^^^^^^^^^^^^^^^^^^^
...
1318 |     fn debug_nested_page_fault(
     |        ^^^^^^^^^^^^^^^^^^^^^^^

warning: `axvm` (lib) generated 6 warnings
warning: function `write_persisted_evidence` is never used
   --> os/axvisor/src/host_noise.rs:121:15
    |
121 | pub(crate) fn write_persisted_evidence(output: &mut impl Write) -> io::Result<()> {
    |               ^^^^^^^^^^^^^^^^^^^^^^^^
    |
    = note: `#[warn(dead_code)]` (part of `#[warn(unused)]`) on by default

warning: `axvisor` (bin "axvisor") generated 1 warning
    Finished `release` profile [optimized] target(s) in 1.42s
warning: the following packages contain code that will be rejected by a future version of Rust: core v0.0.0 (/home/seven_wsl/.rustup/toolchains/nightly-2026-07-15-x86_64-unknown-linux-gnu/lib/rustlib/src/rust/library/core), memchr v2.8.2
note: to see what the problems were, use the option `--future-incompat-report`, or run `cargo report future-incompatibilities --id 1`
Allocated board session:
  board_type: OrangePi-5-Plus
  board_id: orangepi-5-plus-1
  session_id: 2103502f-2437-495d-95eb-f4912033e4b8
  lease_expires_at: 2026-08-04 05:47:47.366888603 UTC
  boot_mode: uboot
Converting ELF to BIN format...
  elf: /home/seven_wsl/Workspace/starry/tgoskits-rt-ivc-m3-control-f4ced37/target/aarch64-unknown-linux-musl/release/axvisor
  bin: /home/seven_wsl/Workspace/starry/tgoskits-rt-ivc-m3-control-f4ced37/target/aarch64-unknown-linux-musl/release/axvisor.bin
/home/seven_wsl/.rustup/toolchains/nightly-2026-07-15-x86_64-unknown-linux-gnu/lib/rustlib/x86_64-unknown-linux-gnu/bin/llvm-objcopy --strip-all -O binary /home/seven_wsl/Workspace/starry/tgoskits-rt-ivc-m3-control-f4ced37/target/aarch64-unknown-linux-musl/release/axvisor /home/seven_wsl/Workspace/starry/tgoskits-rt-ivc-m3-control-f4ced37/target/aarch64-unknown-linux-musl/release/axvisor.bin
[2026-08-04T05:47:37Z INFO  ostool::run::uboot] Starting U-Boot runner...
[2026-08-04T05:47:37Z INFO  ostool::run::uboot] kernel from: /home/seven_wsl/Workspace/starry/tgoskits-rt-ivc-m3-control-f4ced37/target/aarch64-unknown-linux-musl/release/axvisor.bin
[2026-08-04T05:47:37Z INFO  ostool::run::uboot] Using network interface hint: eth0
Waiting for remote board to power on through ostool-server...
BOARD_REBOOT_ARMED
Connection to 192.168.31.33 closed by remote host.
[2026-08-04T05:47:47Z INFO  uboot_shell] cmd: setenv autoload yes
[2026-08-04T05:47:47Z INFO  uboot_shell] cmd: setenv netmask 255.255.255.0
[2026-08-04T05:47:48Z INFO  uboot_shell] cmd: net list
[2026-08-04T05:47:48Z INFO  uboot_shell] cmd: bootdev hunt ethernet
[2026-08-04T05:47:56Z WARN  uboot_shell] cmd `bootdev hunt ethernet` failed: Timeout, retrying...
[2026-08-04T05:47:57Z INFO  ostool::run::uboot] Board network ok
[2026-08-04T05:47:57Z INFO  uboot_shell] cmd: setenv serverip 192.168.31.132
[2026-08-04T05:47:57Z INFO  uboot_shell] cmd: echo $fdt_addr_r
[2026-08-04T05:47:57Z INFO  uboot_shell] cmd: echo $ramdisk_addr_r
[2026-08-04T05:47:58Z INFO  uboot_shell] cmd: echo $kernel_addr_r
[2026-08-04T05:47:58Z INFO  ostool::run::uboot] Using $kernel_addr_r as kernel entry: 0x2000000
[2026-08-04T05:47:58Z INFO  uboot_shell] cmd: echo $kernel_comp_addr_r
[2026-08-04T05:47:59Z INFO  ostool::run::uboot] image load to kernel_comp_addr_r: 0xa000000
[2026-08-04T05:47:59Z INFO  uboot_shell] cmd: setenv loadaddr 0xa000000
[2026-08-04T05:47:59Z INFO  ostool::run::uboot] fitimage loadaddr: 0xa000000
[2026-08-04T05:47:59Z INFO  ostool::run::uboot] kernel entry: 0x2000000
[2026-08-04T05:47:59Z INFO  ostool::run::uboot] Using DTB from: /home/seven_wsl/Workspace/starry/tgoskits-rt-ivc-m3-control-f4ced37/target/aarch64-unknown-linux-musl/release/ostool-2103502f-2437-495d-95eb-f4912033e4b8-orangepi-5-plus-starry.dtb
[2026-08-04T05:47:59Z INFO  ostool::boot::fit] Making FIT image...
[2026-08-04T05:47:59Z INFO  ostool::boot::fit] kernel: /home/seven_wsl/Workspace/starry/tgoskits-rt-ivc-m3-control-f4ced37/target/aarch64-unknown-linux-musl/release/axvisor.bin (size: 3342384)
[2026-08-04T05:47:59Z INFO  ostool::boot::fit] 已读取 DTB 文件: /home/seven_wsl/Workspace/starry/tgoskits-rt-ivc-m3-control-f4ced37/target/aarch64-unknown-linux-musl/release/ostool-2103502f-2437-495d-95eb-f4912033e4b8-orangepi-5-plus-starry.dtb (大小: 280066)
[2026-08-04T05:47:59Z INFO  ostool::boot::fit] FIT image ok: /home/seven_wsl/Workspace/starry/tgoskits-rt-ivc-m3-control-f4ced37/target/aarch64-unknown-linux-musl/release/image.fit
[2026-08-04T05:47:59Z INFO  ostool::run::uboot] No TFTP config, using loady to upload FIT image...

send file
loady 0xa000000
## Ready for binary (ymodem) download to 0x0A000000 at 1500000 bps...
[2026-08-04T05:47:59Z INFO  uboot_shell::ymodem] Sending file: image.fit
C## Total Size      = 0x00374940 = 3623232 Bytes
## Start Addr      = 0x0A000000
=>
send ok
[2026-08-04T05:48:48Z INFO  ostool::run::uboot] Booting kernel with command: bootm
Interacting with U-Boot shell...
bootm
## Loading kernel (any) from FIT Image at 0a000000 ...
   Using 'config-ostool' configuration
   Verifying Hash IntegriOK
## Loading fdt (any) from FIing Hash Integrity ... OK
   Trying 'fdt' fdt subimage
     De     Flat Device Tree
     Compression:  uncompressed
     Dats: 0x12000000
   Verifying Hash Integrity ... OK
   Loading fdt from 0x0a330218 to 0x12000000
   Booting using the fdt blob at 0x12000000
Working FDT set to 12000000
   Loading Kernel Image to 2000000
   Loading Device Tree to 00000000ecb72000, end 00000000ecbb9601 ... OK
Working FDT set to ecb72000

Starting kernel ...

root=PARTUUID=5874edd8-1582-a144-a298-b139acd7b0e6 earlycon=uart8250,mmio32,0xfeb50000 rootwait rootfstype=ext4 splash=verbose cnsole=tty1 consoleblank=0 loglevel=1 ubootpart=1af5d396-7e1f-7e40-bb91-af7c495a0115 usb-storage.irks= cma=128M cgroup_enable=cpu cgroup_enable=memory swapaccount=1
VM Load @0x2000000
VM Load
Memory Map:
  Rsv    0x00000000110000 - 0x00000000200000 (960 KiB)
  Free   0x00000000200000 - 0x00000002000000 (30 MiB)
  KImg   0x00000002000000 - 0x00000002400000 (4 MiB)
  Free   0x00000002400000 - 0x0000000a100000 (125 MiB)
  Rsv    0x0000000a1000a200000 - 0x0000000b65f000 (20.b65f000 - 0x00000010000000 (73.63 MiB)
  Rsv    0x0000001000000e   0x00000020000000 - 0x000000f0000000 (3.25 GiB)
  Free   0x00000100000000 - 0x000003fc000000 (11.94 GiB)
  Free   0x000003fc500000 - 0x000003fff00000 (58 MiB)
  Free   0x000004f0000000 - 0x00000500000000 (256 MiB)
Initialize RAM allocator: 0x200000..0x2000000
Initializing per-CPU data
Per-CPU data one cpu size: 0x43000 bytes
Total per-CPU data size for secondary CPUs: 0x218000 bytes (8 CPUs)
Flushed RAM used range to memory map: 0x200000..0x245000, current: 0x245000
Flushed RAM used range to memory map: 0x245000..0x45d000, current: 0x45d000
Per-CPU data allocated at 0x245000 - 0x45d000
Initializing per-CPU RAM for CPU0 - hard id 0x0 @ 0x245000
Initializing per-CPU RAM for CPU1 - hard id 0x100 @ 0x288000
Initializing per-CPU RAM for CPU2 - hard id 0x200 @ 0x2cb000
Initializing per-CPU RAM for CPU3 - hard id 0x300 @ 0x30e000
Initializing per-CPU RAM for CPU4 - hard id 0x400 @ 0x351000
Initializing per-CPU RAM for CPU5 - hard id 0x500 @ 0x394000
Initializing per-CPU RAM for CPU6 - hard id 0x600 @ 0x3d7000
Initializing per-CPU RAM for CPU7 - hard id 0x700 @ 0x41a000
CPU0 - hard id 0x0, stack top @0x288000, stack top virt @0xff0000288000, entry virt @0xffff8019b928
CPU1 - hard id 0x100, stack top @0x2cb000, stack top virt @0xff00002cb000, entry virt @0xffff8019b928
CPU2 - hard id 0x200, stack top @0x30e000, stack top virt @0xff000030e000, entry virt @0xffff8019b928
CPU3 - hard id 0x300, stack top @0x351000, stack top virt @0xff0000351000, en@0xffff8019b928
CPU4 - hard id p @0x394000, stack top virt @0xff0000394000, entry virt @0xffff8019b928
CPU5 - hard id 0x500, stack top @0x3d7000, stack top virt @0xff00003d7000, entry virt @0xffff8019b928
CPU6 - hard id 0x600, stack top @0x41a000, stack top virt @0xff000041a000, entry virt @0xffff8019b928
CPU7 - hard id 0x700, stack top @0x45d000, stack top virt @0xff000045d000, entry virt @0xffff8019b928
EL: 2
Mapping early memory regions...
Ram                 : [0x0000000000200000, 0x00000000f0000000) -> [0x0000000000200000, 0x00000000f0000000) (3.75 GiB)
Ram                 : [0x0000000100000000, 0x00000003fc000000) -> [0x0000000100000000, 0x00000003fc000000) (11.94 GiB)
Ram                 : [0x00000003fc500000, 0x00000003fff00000) -> [0x00000003fc500000, 0x00000003fff00000) (58 MiB)
Ram                 : [0x00000004f0000000, 0x0000000500000000) -> [0x00000004f0000000, 0x0000000500000000) (256 MiB)
KImage    : [0x0000ffff80000000, 0x0000ffff80400000) -> [0x0000000002000000, 0x0000000002400000) (4 MiB)
PerCpu              : [0x0000ff0000245000, 0x0000ff000045d000) -> [0x0000000000245000, 0x000000000045d000) (2.09 MiB)
Debug serial        : [0x00000000feb50000, 0x00000000feb51000) -> [0x00000000feb50000, 0x00000000feb51000) (4 KiB)
Boot page table at physical address: 0x45d000
Setting up table registers...
MMU Entry point at physical address96fb4
Trap vector at 0xffff80197800
Memory Map:
  Rsv    0x00000000110000 - 0x00000000245000 (1.21 MiB)
  PerCPU 0x00000000245000 - 0x0000000045d000 (2.09 MiB)
  Rsv    0x0000000045d000 - 0x0000000046c000 (60 KiB)
  Free   0x0000000046c000 - 0x0000000200000 (4 MiB)
  Free   0x00000002400000 - 0x0000000a100000 (125 MiB)  Rsv    0x0000000a100000 - 0x0000000a145000 (276 KiB)
  Free   0x0000000a145000 - 0x0000000a200000 (748 KiB)
  Rsv    0x0000000a200000 - 0x0000000b65f000 (20.37 MiB)
  Free   0x0000000b65f000 - 0x00000010000000 (73.63 MiB)
  Rsv    0x00000010000000 - 0x00000020000000 (256 MiB)
  Free   0x00000020000000 - 0x000000f0000000 (3.25 GiB)
  MMIO   0x000000feb50000 - 0x000000feb51000 (4 KiB)
  Free   0x00000100000000 - 0x000003fc000000 (11.94 GiB)
  Free   0x000003fc500000 - 0x000003fff00000 (58 MiB)
  Free   0x000004f0000000 - 0x00000500000000 (256 MiB)
Jumping to main entry point at 0xffff8017ea2c with SP 0x0000ff0000288000

       d8888                            .d88888b.   .d8888b.
      d88888                           d88P" "Y88b d88P  Y88b
     d88P888                           888     888 Y88b.
    d88P 888 888d888  .d8888b  .d88b.  888     888  "Y888b.
   d88P  888 888P"   d88P"    d8P  Y8b 888     888     "Y88b.
  d88P   888 888     888      88888888 888     888       "888
 d8888888888 888     Y88b.    Y8b.     Y88b. .d88P Y88b  d88P
d88P     888 888      "Y8888P  "Y8888   "Y88888P"   "Y8888P"

arch = aarch64
platform = RK3588 OPi 5 Plus
target = aarch64-unknown-none-softfloat
build_mode = 
log_level = info
backtrace = false
smp  0x200000.[m
[m[37m[ 67.088124 ax_runtime:216] [32mFound physcial memory regions:[m
[m[37m[ 67.088749 ax_runtime:218] [32m  [PA:0x110000, PA:0x245000) reserved (READ | WRITE | EXECUTE | RESERVED)[m
[m[37m[ 67.089639 ax_runtime:218] [32m  [PA:0x245000, PA:0x45d000) reserved (READ | WRITE | EXECUTE | RESERVED)[m
[m[37m[ 67.090532 ax_runtime:218] [32m  [PA:0x45d000, PA:0x46c000) reserved (READ | WRITE | EXECUTE | RESERVED)[m
[m[37m[ 67.091424 ax_runtime:218] [32m  [PA:0x46c000, PA:0x2000000) free memory (READ | WRITE | FREE)[m
[m[37m[ 67.092242 ax_runtime:218] [32m  [PA:0x2000000, PA:0x2400000) reserved (R45000, PA:0xa200000) free memoryax_runtime:218] [32m  [PA:0xa200000, PA:0xb65f000) reserved (READ | WRITE | EXECUTE | RESERVED)[m
[m[37m[ 67.096614 ax_runtime:218] [32m  [PA:0xb65f000, PA:0x10000000) free memory (READ | WRITE | FREE)[m
[m[37m[ 67.097446 ax_runtime:218] [32m  [PA:0x10000000, PA:0x20000000) reserved (READ | WRITE | EXECUTE |369 ax_runtime:218] [32m  [PA:0x20000000, PA:0xf0000000) free memory (READ | WRITE | FREE)[m
[m[37m[ 67.099209 ax_runtime:218] [32m  [PA:0xfeb50000, PA:0xfeb51000) mmio (READ | WRITE | DEVICE | RESERVED)[m
[m[37m[ 67.100094 ax_runtime:218] [32m  [PA:0x100000000, PA:0x3fc000000) free memory (READ | WRITE | FREE)[m
[m[37m[ 67.100949 ax_runtime:218] [32m  [PA:0x3fc500000, PA:0x3fff00000) free memory (READ | WRITE | FREE)[m
[m[37m[ 67.101804 ax_runtime:218] [32m  [PA:0x4f0000000, PA:0x500000000) free memory (READ | WRITE | FREE)[m
[m[37m[ 67.102660 ax_runtime:360] [32mInitialize global memory allocator...[m
[m[37m[ 67.103282 ax_runtime:361] [32m  use buddy-slab-allocat150] [32mInitialize global memory allocator, start_vaddr: 0x100000000, size: 0x2fc000000[m
[m[37m[ 67.116430 ax_alloc::buddy_slab:399] [32mglobal allocator initialized[m
[m[37m[ 67.117055 ax_alloc::buddy_slab:160] [32mAdd memory region, start_vaddr: 0x46c000, size: 0x1b94000[m
[m[37m[ 67.117928 ax_alloc::buddy_slab:160] [32mAdd memory region, start_vaddr: 0x2400000, size: 0x7d00000[m
[m[37m[ 67.118895 ax_alloc::buddy_slab:160] [32mAdd memory region, start_vaddr: 0xa145000, size: 0xbb000[m
[m[37m[ 67.119729 buddy_slab_allocator::global:143] [32mGlobalAllocator: skip region 0xa1gnment[m
[m[37m[ 67.120951 ax_alloc::buddy_slab:160] [32mAdd memory region, start_vaddr: 0xb65f000, size: 0x49a1000[m
[m[37m[ 67.121877 ax_alloc::buddy_slab:160] [32mAdd memory region, start_vaddr: 0x20000000, size: 0xd0000000[m
[m[37m[ 67.125876 ax_alloc::buddy_slab:160] [32mAdd memory region, start_vaddr: 0x3fc500000, size: 0x3a00000[m
[m[37m[ 67.126798 ax_alloc::buddy_slab:160] [32mAdd memory region, start_vaddr: 0x4f0000000, size: 0x10000000[m
[m[37m[ 67.127914 ax_runtime:253] [32mkernel aspace: [VA:0x0, VA:0xffffffffffffffff)[m
[m[37m[ 67.128598 ax_mm:92] [37m[ 68.147157 ax_runtime:265] [32mInitialize platform devices...[m
[m[37m[ 68.201061 someboot::arch::power:23] [32mPower management method : SMC[m
[m[37m[ 68.201703 somehal::driver:5] [32mInitializing rdrive with FDT at 0x200000[m
[m[37m[ 68.515808 ax_task::api:149] [32mInitialize scheduling...[m
[m[37m[ 68.516376 ax_task::api:154] [32m  use FIFO scheduler.[m
[m[37m[ 68.516888 ax_runtime:291] [32mInitialize interrupt handlers...[m
[m[37m[ 68.518797 ax_runtime::devices:2] [32mProbe platform devices...[m
[m[37m[ 68.615912 ax_driver::soc::scmi:55] [33m[scmi] SCMI shmem phandle 71 cannot be resolved by rdrive; using RK3588 shmem fallback 0x10f000+0x100[m
[m[37m[ 68.617102 ax_driver::soc::scmi:76] [32mSCMI SMC registered: smc_id=0x82000010, shmem_phandle=71, shmem=0x10f000+0x100[m
[m[37m[ 68.618746 ax_driver::soc::rockchip::cru::rk3588:60] [32mRK3588 CRU reg: addr=0xfd7c0000, size=0x5c000, rockchip,grf=<0x77>[m
[m[37m[ 68.619842 rockchip_soc::variants::rk3588::cru:and verifying clock configuration...[m
[m[37m[ 68.620843 rocru:173] [33m⚠ CRU@fd7c0000: ACLK_BUS_ROOT div mismatch! u-boot: 3, current: 4[m
[m[37m[ 68.621886 rockchip_soc::variants::rk3588::cru:247] [32m✓ CRU@fd7c0000: Clock configuration verified[m
[m[37m[ 68.622766 ax_driver::soc::rockchip::cru::rk3588:79] [32mRK3588 CRU clock/reset registered successfully[m
[m[37m[ 68.624822 ax_driver::soc::rockchip::pm:61] [32mRockchip power-domain provider registered successfully[m
[m[37m[ 68.662253 ax_driver::soc::rockchip::pinctrl:239] [32mRockchip RK3588 pinctrl registered successfully[m
[m[37m[ 69.099427 ax_driver::soc::fixed_regulator:70] [32mFixed regulator vcc5v0_host enabled via pinctrl[m
[m[37m[ 69.193682 ax_driver::soc::fixed_regulator:70] [32mFixed regulator vcc3v3_pcie_eth enabled via pinctrl[m
[m[37m[ 69.239045 ax_driver::soc::fixed_regulator:70] [32mFixed regulator wifi_disable enabled via pinctrl[m
[m[37m[ 69.301569 ax_driver::block::rockchip::sd:218] [32m[mmc@fe2c0000] vqmmc-supply phandle Phandle(283) is not a fixed GPIO regulator; skip pinctrl enable[m
[m[37m[ 69.302864 ax_driver::soc::scmi:124] [32mSCMI clock enabled: clock_id=0x17[m
[m[37m[ 69.303529 ax_driver::block::rockchip::clock:53] [32m[mmc@fe2c0000] enabled SDMMC SCMI clock Some("biu") (0x17)[m
[m[37m[ 69.304484 ax_driver::soc::scmi:124] [32mSCMI clock enabled: clock_id=0x9[m
[m[37m[ 69.305138 ax_driver::block::rockchip::clock:53] [32m[mmc@fe2c0000] enabled SDMMC SCMI clock Some("ciu") (0x9)[m
[m[37m[ 69.306088 ax_driver::block::rockchip::clock:100] [32m[mmc@fe2c0000] enabled SDMMC clock Some("ciu-drive") (0x2c2)[m
[m[37m[ 69.307056 ax_driver::block::rockchip::clock:100] [32m[mmc@fe2c0000] enabled SDMMC clock Some("ciu-sample") (0x2c3)[m
[m[37m[ 69.308049 ax_driver::block::rockchip::sd:129] [32mrockchip-dwmmc probe: node=mmc@fe2c0000, addr=0xfe2c0000, size=0x4000[m
[m[37m[ 69.309154 ax_driver::soc::scmi:149] [32mSCMI clock rate set: clock_id=0x9, rate=50000000 Hz[m
[m[37m[ 69.309959 ax_driver::soc::scmi:95] [32mSCMI clock rate get: clock_id=0x9, rate=49500000 Hz[m
[m[37m[ 69.310749 ax_driver::block::rockchip::sd:142] [32mrockchip-dwmmc: using ciu reference clock 49500000 Hz[m
[m[37m[ 69.311736 ax_driver::block::rockchip::sd::phase:43] [32mrockchip-dwmmc: RK3588 SDMMC phase configured: drive=90deg sample=0deg parent=49500000Hz[m
[m[37m[ 69.312933 ax_driver::block::rockchip::sd:160] [32mrockchip-dwmmc: initialize card through native host2 bus ops[m
[m[37m[ 69.313881 sdmmc_protocol::sdio::init:487] [32msdio: submit bus op ResetAll[m
[m[37m[ 69.314571 sdmmc_protocol::sdio::init:487] [32msdio: submit bus op PowerOn[m
[m[37m[ 69.325244 sdmmc_protocol::sdio::init:487] [32msdio: submit bus op SwitchVoltage(V330)[m
[m[37m[ 69.326002 sdmmc_protocol::sdio::init:449] [32msdio: submit bus op SetBusWidth(Bit1)[m
[m[37m[ 69.326743 sdmmc_protocol::sdio::init:449] [32msdio: submit bus op SetClock(Identification)[m
[m[37m[ 69.327547 ax_driver::soc::scmi:149] [32mSCMI clock rate set: clock_id=37m[ 69.328334 ax_driver::soc::s95] [32mSCMI clock rate get: clock_id=0x9, rate=800000 Hz[m
[m[37m[ 69.329111 ax_driver::block::rockchip::sd:91] [32mrockchip-dwmmc: ciu clock set target=400000 Hz cclkin=800000 Hz bus=400000 Hz[m
[m[37m[ 69.362145 sdmmc_protocol::sdio::init:695] [32msdio: detected Sd ocr=0xc0ff8000[m
[m[37m[ 69.364215 sdmmc_protocol::sdio::init:849] [32msdio: CSD capacity_blocks=Some(62333952)[m
[m[37m[ 69.365290 sdmmc_protocol::sdio::init:863] [32msdio: switch SD bus width to 4-bit[m
[m[37m[ 69.366635 sdmmc_protocol::sdio::init:449] [32msdio: submit bus op SetBusWidth(Bit4)[m
[m[37m[ 69.367378 sdmmc_protocol::sdio::init:449] [32msdio: submit bus op SetClock(Default)[m
[m[37m[ 69.368127 ax_driver::soc::scmi:149] [32mSCMI clock rate set: clock_id=0x9, rate=50000000 Hz[m
[m[37m[ 69.368930 ax_driver::soc::scmi:95] [32mSCMI clock rate get: clock_id=0x9, rate=49500000 Hz[m
[m[37m[ 69.369719 ax_driver::block::rockchip::sd:91] [32mrockchip-dwmmc: ciu clock set target=25000000 Hz cclkin=49500000 Hz bus=24750000 Hz[m
[m[37m[ 69.373465 ax_driver::soc::scmi:149] [32mSCMI clock rate set: clock_id=0x9, rate=100000000 Hz[m
[m[37m[ 69.374274 ax_driver::soc::scmi:95] [32mSCMI clock rate get: clock_id=0x9, rate=99000000 Hz[m
[m[37m[ 69.375065 ax_driver::block::rockchip::sd:91] [32mrockchip-dwmmc: ciu clock set target=50000000 Hz n=99000000 Hz bus=49500000 Hz[m
[m[37m[ 69.376204 sdmmc_protocol::sdio::init:1442] [32msdio: SD speed selected HighSpeed[m
[m[37m[ 69.376922 sdmmc_protocol::sdio::init:1463] [32msdio: init done kind=Sd sd_v2=true high_capacity=true rca=0xaaaa ocr=0xc0ff8000 host_bus_width=Bit4 ext_csd_bus_width=None ext_csd_timing=None[m
[m[37m[ 69.378467 ax_driver::block::rockchip::sd:169] [32mrockchip-dwmmc card: kind=Sd high_capacity=true rca=43690 ocr=0xc0ff8000 capacity_blocks=Some(62333952) cid=true ext_csd=false[m
[m[37m[ 69.380966 ax_driver::block::rockchip::sd::phase:67] [32mrockchip-dwmmc: sample phase probe 0deg: block0_ok=true mbr_sig=aa55 block0_head=[00, 00, 00, 00, 00, 00, 00, 00, 00, 00, 00, 00, 00, 00, 00, 00] block1_ok=true gpt_head=[45, 46, 49, 20, 50, 41, 52, 54][m
[m[37m[ 69.383027 ax_driver::block::rockchip::sd::phase:81] [32mrockchip-dwmmc: selected RK3588 SDMMC sample phase 0deg[m
[m[37m[ 69.384108 ax_driver::block::rockchip::sd:199] [32mrockchip-sd block device registered irq=None[m
[m[37m[ 69.385678 ax_driver::block::rockchip::clock:100] [32m[mmc@fe2e0000] enabled SDHCI clock Some("core") (0x13a)[m
[m[37m[ 69.386613 ax_driver::block::rockchip::clock:100] [32m[mmc@fe2e0000] enabled") (0x138)[m
[m[37m[ 69.3875r::block::rockchip::clock:100] [32m[mmc@fe2e0000] enabled SDHCI clock Some("axi") (0x139)[m
[m[37m[ 69.388460 ax_driver::block::rockchip::clock:100] [32m[mmc@fe2e0000] enabled SDHCI clock Some("block") (0x13b)[m
[m[37m[ 69.389404 ax_driver::block::rockchip::clock:100] [32m[mmc@fe2e0000] enabled SDHCI clock Some("timer") (0x13c)[m
[m[37m[ 69.390354 ax_driver::block::rockchip::sdhci_rk3588:166] [32mrockchip-sdhci probe: node=mmc@fe2e0000, addr=0xfe2e0000, size=0x10000[m
[m[37m[ 69.391495 ax_driver::block::rockchip::sdhci_rk3588:176] [32mrockchip-sdhci: using external CRU clock[m
[m[37m[ 69.392361 ax_driver::block::rockchip::sdhci_rk3588:185] [32mrockchip-sdhci: initialize card through native host2 bus ops[m
[m[37m[ 69.393383 sdmmc_protocol::sdio::init:487] [32msdio: submit bus op ResetAll[m
[m[37m[ 69.394075 ax_driver::block::rockchip::sdhci_rk3588:252] [32mrockchip-sdhci: RK3588 DWCMSHC vendor reset area1=0x500[m
[m[37m[ 69.395055 sdmmc_protocol::sdio::init:487] [32msdio: submit bus op PowerOn[m
[m[37m[ 69.405725 sdmmc_protocol::sdio::init:487] [32msdio: submit bus op SwitchVoltage(V330)[m
[m[37m[ 69.406497 sdmmc_protocol::sdio::init:449] [32msdio: submit bus op SetBusWidth(Bit1)[m
[m[37m[ 69.407238 sdmmc_protocol::sdio::init:449] [32msdio: submit bus op SetClock(Identification)[m
[m[37m[ 69.408045 ax_driver::block::rockchip::sdhci_rk3588:118] [32mrockchip-sdhci: core clock set to 375000 Hz[m
[m[37m[ 69.459819 sdmmc_protocol::sdio::init:780] [32msdio: detected Mmc ocr=0xc0ff8080[m
[m[37m[ 69.461966 sdmmc_protocol::sdio::init:849] [32msdio: CSD capacity_blocks=None[m
[m[37m[ 69.474367 sdmmc_protocol::sdio::init:950] [32msdio: EXT_CSD sector_count=122224640[m
[m[37m[ 69.475759 ax_driver::block::rockchip::sdhci_rk3588:118] [32mrockchip-sdhci: core clock set to 25000000 Hz[m
[m[37m[ 69.476715 ax_driver::block::rockchip::sdhci_rk3588:118] [32mrockchip-sdhci: core clock set to 50000000 Hz[m
[m[37m[ 69.477629 sdmmc_protocol::sdio::init:1210] [32msdio: MMC speed selected HighSpeed bus_width=Bit8[m
[m[37m[ 69.478466 sdmmc_protocol::sdio::init:1463] [32msdio: init done kind=Mmc sd_v2=false high_capacity=true rca=0x1 ocr=0xc0ff8080 host_bus_width=Bit8 ext_csd_bus_width=Some(Sdr1) ext_csd_timing=Some(Compat)[m
[m[37m[ 69.480110 ax_driver::block::rockchip::sdhci_rk3588:191] [32mSDHCI card: kind=Mmc high_capacity=true rca=1 ocr=0xc0ff8080 capacity_blocks=Some(122224640) cid=true ext_csd=true[m
[m[37m[ 69.481640 ax_driver::block::rqId { domain: IrqDomainId(7), hwirq: HwIrq(237) }[m
[m[37m[ :block::runtime::device:1359] [33mrdif filesystem block device etion[m
[m[37m[ 69.487849 axlock::runtime::device:1361] [32mregistered rdif filesystem block device rockchip-sdhci[m
[m[37m[ 69.523961 ax_fs_ng::root:256] [32m    partition 1 name=Some("bootfs") fs=Some(Fat) lba 61440..2158592[m
[m[37m[ 69.525099 ax_fs_ng::root:256] [32m    partition 2 name=None fs=Some(Ext4) lba 2158592..61702144[m525930 ax_fs_ng::root:272] [32m  block device 0 (rockchip-sd) has Gpt partition table with 2 partitions[m
[m[37m[ 69.542380 ax_fs_ng::root:256] [32m    partition 1 name=Some("uboot") fs=None lba 8192..16384[m
[m[37m[ 69.543444 ax_fs_ng::root:256] [32m    partition 2 name=Some("misc") fs=None lba 16384..24576[m
[m[37m[ 69.544472 ax_fs_ng::root:256] [32m    partition 3 name=Some("bootctrl") fs=None lba 24576..28672[m
[m[37m[ 69.545543 ax_fs_ng::root:256] [32m    partition 4 name=Some("resource") fs=None lba 28672..40960[m
[m[37m[ 69.546502 ax_fs_ng::root:256] [32m    partition 5 name=Some("boot_linux") fs=Some(Ext4) lba 40960..237568[m
[m[37m[ 69.547669 ax_fs_ng::root:256] [32m    partition 6 name=Some("ramdisk") fs=None lba 237568..245760[m
[m[37m[ 69.548678 ax_fs_ng::root:256] [32m    partition 7 name=Some("system") fs=Some(Ext4) lba 245760..4440064[m
[m[37m[ 69.549734 ax_fs_ng::root:256] [32m    partition 8 name=Some("vendor") fs=Some(Ext4) lba 4440064..6537216[m
[m[37m[ 69.550753 ax_fs_ng::root:256] [32m    partition 9 name=Some("sys-prod") fs=Some(Ext4) lba 6537216..6639616[m
[m[37m[ 69.551790 ax_fs_ng::root:256] [32m    partition 10 name=Some("chip-prod") fs=Some(Ext4) lba 6639616..6742016[m
[m[37m[ 69.552935 ax_fs_ng::root:256] [32m    partition 11 name=Some("updater") fs=None lba 6742016..6807552[m
[m[37m[ 69.553975 ax_fs_ng::root:256] [32m    partition 12 name=Some("eng_system") fs=None lba 6807552..6840320[m
[m[37m[ 69.555044 ax_fs_ng::root:256] [32m    partition 13 name=Some("eng_chipset") fs=None lba 6840320..6873088[m
[m[37m[ 69.556113 ax_fs_ng::root:256] [32m    partition 14 name=Some("chip_ckm") fs=None lba 6938624..7069696[m
[m[37m[ 69.557289 ax_fs_ng::root:256] [32m    partition 15 name=Some("userdata") fs=None lba 19955712..122224576[m
[m[37m[ 69.558188 ax_fs_ng::root:272] [32m  block device 1 (rockchip-sdhci) has Gpt partition table with 15 partitions[m
[m[37m[ 69.559170 ax_fs_ng::root:363] [32m n disk0 partition 2 (<unnamed>, fs=ext4, lba 2158592..61702144)[m
[m[37m[ 69.560226 ax_fs_ng:75] [32mInitialize filesystem subsystem...[m
[m[37m[ 69.560799 ax_fs_ng:76] [32m  selected root device: disk0 partition 2 (<unnamed>, fs=ext4, lba 2158592..61702144)[m
[m[37m[ 69.586834 rsext4::ext4::mount:327] [32m/lost+found exists (superblock hint inode=11)[m
[m[37m[ 69.588520 rsext4::ext4::mount:462] [32mExt4 filesystem mounted[m
[m[37m[ 69.589104 rsext4::ext4::mount:463] [32m  - block size: 4096 bytes[m
[m[37m[ 69.589708 rsext4::ext4::mount:464] [32m  - total blocks: 7442944[m
[m[37m[ 69.590308 rsext4::ext4::mount:465] [32m  - free blocks: 6385851[m
[m[37m[ 69.590900 rsext4::ext4::mount:466] [32m  - total inodes: 1845888[m
[m[37m[ 69.591500 rsext4::ext4::mount:467] [32m  - free inodes: 1796912[m
[m[37m[ 69.592093 rsext4::ext4::sync:13] [32mSyncing filesystem...[m
[m[37m[ 69.603176 rsext4::ext4::mount:546] [32mExt4 filesystem mounted[m
[m[37m[ 69.603781 ax_fs_ng:88] [32m  filesystem type: "ext4"[m
[m[37m[ 69.614739 ax_fs_ng::root:518] [32m  mounting partition disk0 partition 1 (bootfs, fs=fat, lba 61440..2158592) at /boot[[37m[ 69.616898 ax_runtime::mp:79] [32mSecondary CPU 1 started.[m
[m[37m[ 69.618329 ax_runtime::mp:79] [32mSecondary CPU 2 started.[m
[m[37m[ 69.6187[37m[ 69.620134 ax_runtime:336] [32mPrimary CPU 0 init OK.[m
[m[37m[ 69.620134 ax_runtime::mp:79] [32mSecondary CPU 3 started.[m
[m[37m[ 69.620934 ax_runtime::mp:107] [32mSecondary CPU 2 init OK.[m
[m[37m[ 69.624002 ax_runtime::mp:107] [32mSecondary CPU 3 init OK.[m
[m

       d8888            888     888  d8b
      d8            888     888  Y8P
     d88P888            888     888
    d88P 888  888  888  Y88b   d88P  888  .d8888b    .d88b.   888d888
   d88P  888  `Y8bd8P'   Y88b d88P   888  88K       d88""88b  888P"
  d88P   888    X88K      Y88o88P    888  "Y8888b.  888  888  888
 d8888888888  .d8""8b.     Y888P     888       X88  Y88..88P  888
d88P     888  888  888      Y8P      888   88888P'   "Y88P"   888


by AxVisor Team

[37m[ 69.628238 0:2 axvisor:52] [32mStarting virtualization...[m
[m[37m[ 69.628778 0:2 axvm::host::arceos:230] [32mEnabling hardware virtualization support on all cores...[m
[m[37m[ 69.629636 0:2 axvm::host::arceos:236] [32mCore 0 is initializing hardware virtualization support...[m
[m[37m[ 69.630496 0:2 axvm::timer:101] [32mInitializing AxVM timer wheel...[m
[m[37m[ 69.631120 0:2 axvm::host::arceos:238] [32mHardware virtualization support enabled on core 0[m
[m[37m[ 69.632927 1:11 axvm::host::arceos:248] [32mCore 1 is initializing hardware virtualization support...[m
[m[37m[ 69.633793 1:11 axvm::timer:101] [32mInitializing AxVM timer wheel...[m
[m[37m[ 69.634270 2:12 axvm::host::arceos:248] [32mCore 2 is initializing hardware virtualization support...[m
[m[37m[ 69.634425 1:11 axvm::host::arceos:251] [32mHardware virtualization support enabled on core 1[m
[m[37m[ 69.635986 0:2 axvm::host::arceos:264] [32mWaiting for all cores to enable hardware virtualization...[m
[m[37m[ 69.tializing AxVM timer wheel...[m
[m[37m[ 69.635990 3:13 axvm::host::arceos:248] [32mCore 3 is initializing hardware virtualization support...[m
[m[37m[ 69.637606 2:12 axvm::host::arceos:251] [32mHardware virtualization support enabled on core 2[m
[m[37m[ 69.638474 3:13 axvm::timer:101] [32mInitializing AxVM timer wheel...[m
[m[37m[ 69.639916 3:13 axvm::host::arceos:251] [32mHardware virtualization support enabled on core 3[m
[m[37m[ 69.640916 0:2 axvm::rch::aarch64::gic:59] [32mUsing per-CPU GICv3 system registers for virtual IRQs[m
[m[37m[ 69.724328 0:2 axvm::arch::aarch64::gic:175] [32mAArch64 host virtual-timer PPI 27 is available for guest forwarding[m
[m[37m[ 69.725311 0:2 axvm::host::arceos:280] [32mAll cores have enabled hardware virtualization support.[m
[m[37m[ 69.727716 0:2 axvisor::manager:133] [32mNOT find dir: /guest/vm_default in filesystem[m
[m[37m[ 69.728477 0:2 axvisor::config:94] [32mUsing static VM configs.[m
[m[37m[ 69.802152 0:2 axvm::arch::aarch64::fdt::core::parser:386] [32mCPU node: /cpus/cpu@0, node_id: 0x0, guest_cpu_id: 0x0[m
[m[37m[ 69.803162 0:2 axvm::arch::aarch64::fdt::core::parser:386] [32mCPU node: /cpus/cpu@100, node_id: 0x100, guest_cpu_id: 0x100[m
[m[37m[ 69.804210 0:2 axvm::arch::aarch64::fdt::core::parser:386] [32mCPU node: /cpus/cpu@200, node_id: 0x200, guest_cpu_id: 0x200[m
[m[37m[ 69.805258 0:2 axvm::arch::aarch64::fdt::core::parser:386] [32mCPU node: /cpus/cpu@300, node_id: 0x300, guest_cpu_id: 0x300[m
[m[37m[ 69.806305 0:2 axvm::arch::aarch64::fdt::core::parser:386] [32mCPU node: /cpus/cpu@400, node_id: 0x400, guest_cpu_id: 0x400[m
[m[37m[ 69.807355 0:2 axvm::arch::aarch64::fdt::core::parser:386] [32mCPU node: /cpus/cpu@500, node_id: 0x500, guest_cpu_id: 0x500[m
[m[37m[ 69.808403 0:2 axvm::arch::aarch64::fdt::core::parser:386] [32mCPU node: /cpus/cpu@600, node_id: 0x600, guest_cpu_id: 0x600[m
[m[37m[ 69.809455 0:2 axvm::arch:00, node_id: 0x700, guest_cpu_id: 0x700[m
[m[37m[ 69.822456 0:2 axvm::arch::aarch64::fdt::core::parser:393] [32mFound 8 host CPU nodes[m
[m[37m[ 69.823212 0:2 axvm::a[m[37m[ 81.158146 0:2 axvisor::config:139] [32mCreating VM[1] "starry-ivc-orangepi-manual"[m
[m[37m[ 81.158921 0:2 axvm::vm:[37m[ 81.655569 0:2 axvisor::config:151] [32mVM[1] created success, loading images...[m
[m[37m[ 84.404097 0:2 axdevice::device:1350] [32mAxVmDevices: registered device id=0[m
[m[37m[ 84.404789 0:2 axdevice::device:336] [32mGPPT Distributor initialized with base GPA 0x8000000 and length 0x10000[m
[m[37m[ 84.405751 0:2 axdevice::device:1350] [32mAxVmDevices: registered device id=1[m
[m[37m[ 84.406435 0:2 axdevice::device:311] [32mGPPT Redistributor initialized for vCPU 0 with base GPA 0x80a0000 and length 0x20000[m
[m[37m[ 84.407489 0:2 axdevice::device:1350] [32mAxVmDevices: registered device id=2[m
[m[37m[ 84.408175 0:2 axdevice::device:311] [32mGPPT Redistributor initialized for vCPU 1 with base GPA 0x80c0000 and length 0x20000[m
[m[37m[ 84.409231 0:2 axdevice::device:1350] [32mAxVmDevices: registered device id=3[m
[m[37m[ 84.409915 0:2 axdevice::device:518] [32mvirtio-blk 'virtio-blk-starry' initialized at GPA 0xa000000 IRQ 48 with backing 0 (67108864 bytes)[m
[m[37m[ 84.411076 0:2 axdevice::device:1350] [32mAxVmDevices: registered device id=4[m
[m[37m[ 84.411760 0:2 axdevice::device:576] [32mvirtio-net 'virtio-net-starry' initialized at GPA 0xa001000 IRQ 56 segment 1 header mode Negotiated (MAC 52:54:00:00:00:01)[m
[m[37m[ 84.413124 0:2 axdevice::device:1350] [32mAxVmDevices: registered device id=5[m
[m[37m[ 84.413807 0:2 axvm::arch::aarch64::vm:134] [32mAArch64 PL011 console 'pl011-starry' initialized at GPA 0x9000000 with length 0x1000[m
[m[37m[ 84.414921 0:2 axdevice::device:1350] [32mAxVmDevices: registered device id=6[m
[m[37m[ 84.415609 0:2 axdevice::device:1350] [32mAxVmDevices: registered device id=7[m
[m[37m[ 84.416298 0:2 axdevice::device:1350] [32mAxVmDevices: registered device id=8[m
[m[37m[ 84.417017 0:2 axvm::vm::prepare:101] [32mVM setup: id=1[m
[m[37m[ 84.483815 0:2 axvm::arch::aarch64::fdt::core::parser:386] [32mCPU node: /cpus/cpu@0, node_id: 0x0, guest_cpu_id: 0x0[m
[m[37m[ 84.484826 0:2 axvm::arch::aarch64::fdt::core::parser:386] [32mCPU node: /cpus/cpu@100, node_id: 0x100, guest_cpu_id: 0x100[m
[m[37m[ 84.485876 0:2 axvm::arch::aarch64::fdt::core::parser:386] [32mCPU node: /cpus/cpu@200, node_id: 0x200, guest_cpu_id: 0x200[m
[m[37m[ 84.486925 0:2 axvm::arch::aarch64::fdt::core::parser:386] [32mCPU node: /cpus/cpu@300, node_id: 0x300, guest_cpu_id: 0x300[m
[m[37m[ 84.487974 0:2 axvm::arch::aarch64::fdt::core::parser:386] [32mCPU node: /cpus/cpu@400, node_id: 0x400, guest_cpu_id: 0x400[m
[m[37m[ 84.489029 0:2 axvm::arch::aarch64::fdt::core::parser:386] [32mCPU node: /cpus/cpu@500, node_id: 0x500, guest_cpu_id: 0x500[m
[m[37m[ 84.490078 0:2 axvm::arch::aarch64::fdt::core::parser:386] [32mCPU node: /cpus/cpu@600, node_id: 0x600, guest_cpu_id: 0x600[m
[m[37m[ 84.491127 0:2 axvm::arch::aarch64::fdt::core::parser:386] [32mCPU node: /cpus/cpu@700, node_id: 0x700, guest_cpu_id: 0x700[m
[m[37m[ 84.499882 0:2 axvm::arch::aarch64::fdt::core::parser:393] [32mFound 8 host CPU nodes[m
[m[37m[ 84.500633 0:2 axvm::arch::aarch64::fdt::core:77] [32mVM[2] DTB not found, generating from the VM configuration[m
[m[37m[ 84.606835 0:2 axvm::arch::aarch64::fdt::core::device:96] [32mFound excluded devices: [][m
[m[37m[ 84.645575 0:2 axvisor::config:139] [32mCreating VM[2] "zephyr-ivc-orangepi"[m
[m[37m[ 84.646288 0:2 axvm::vm:637] [32mVM created: id=2[m
[m[37m[ 84.894869 0:2 axvisor::config:151] [32mVM[2] created success, loading images...[m
[m[37m[ 84.896744 0:2 axdevice::device:1350] [32mAxVmDevices: reg2 axdevice::device:1350] [32mAxm[37m[ 84.913933 0:15 axvm::runace not enabled, enabling now[me setup complete[m
[m[37m[ 84.918798 1:14 axvm::runtime::vcpus:332] [32mVM[1] VCpu[0] waiting for running[m
[m[37m[ 84.919500 1:14 axvm::runtime::vcpus:335] [32mVM[1] VCpu[0] running...[m
[m[37m[ 84.920138 1:14 axvm::arch::aarch64::gic:361] [33mVirtual interrupt interface not enabled, enabling now[m
[m[guest-console:pl011-zephyr] *** Booting Zephyr OS build v4.3.0 ***
[37m[ 84.921021 1:14 axvm::runtime::vcpus:337] [32mVM[1] VCpu[0] first-run architecture setup complete[m
[m[guest-console:pl011-zephyr] IVC-RTOS-SELFTEST PASS vector=rust-wire-v1
[guest-console:pl011-starry] console=ttyAMA0,115200 earlycon=pl011,0x09000000 root=/dev/vda rw fsck.repair=yes
[guest-console:pl011-starry] VM Load @0x80200000
[guest-console:pl011-starry] VM Load Offset: 0x100200000
[guest-console:pl011-starry] Memory Map:
[guest-console:pl011-starry]   Free   0x00000080000000 - 0x00000080200000 (2 MiB)
[guest-console:pl011-starry]   KImg   0x00000080200000 - 0x00000081000000 (14 MiB)
[guest-console:pl011-starry]   Free   0x00000081000000 - 0x00000090000000 (240 MiB)
[guest-console:pl011-starry] Initialize RAM allocator: 0x81000000..0x90000000
[guest-console:pl011-starry] Initializing per-CPU data
[guest-console:pl011-starry] Per-CPU data one cpu size: 0x41000 bytes
[guest-console:pl011-starry] Total per-CPU data size for secondary CPUs: 0x82000 bytes (2 CPUs)
[guest-console:pl011-starry] Flushed RAM used range to memory map: 0x81000000..0x81001000, current: 0x81001000
[guest-console:pl011-starry] Flushed RAM used range to memory map: 0x81001000..0x81083000, current: 0
[guest-console:pl011-starry] Per-CPU data allocated at 0x81001000 - 0x81083000
[guest-console:pl011-starry] Initializing per-CPU RAM for CPU0 - hard id 0x100 @ 0x81001000
[guest-console:pl011-starry] Initializing per-CPU RAM for CPU1 - hard id 0x200 @ 0x81042000
[guest-console:pl011-starry] CPU0 - hard id 0x100, stack top @0x81042000, stack top virt @0xffffff0081042000, entry virt @0xffff[guest-console:pl011-starry] CPU1 - hard id 0x200, stack top @0x81083000, stack top virt @0xffffff0081083000, entry virt @0xffffffff80364420
[guest-console:pl011-starry] EL: 1
[guest-console:pl011-starry] Mapping early memory regions...
[guest-console:pl011-starry] Ram                 : [0xffff000080000000, 0xffff000090000000) -> [0x0000000080000000, 0x0000000090000000) (256 MiB)
[guest-console:pl011-starry] KImage              : [0xffffffff80000000, 0xffffffff80e00000) -> [0x0000000080200000, 0x0000000081000000) (14 MiB)
[guest-console:pl011-starry] PerCpu              : [0xffffff0081001000, 0xffffff0081083000) -> [0x0000000081001000, 0x0000000081083000) (520 KiB)
[guest-console:pl011-starry] Debug serial        : [0xffff000009000000, 0xffff000009001000) -> [0x0000000009000000, 0x0000000009001000) (4 KiB)
[guest-console:pl011-starry] Boot page table at physical address: 0x81083000
[guest-console:pl011-starry] Setting up table registers...
[guest-console:pl011-starry] MMU Entry point at physical address: 0x805679b0
[guest-console:pl011-starry] Trap vector at 0xffffffff80360800
[guest-console:pl011-starry] Memory Map:
[guest-console:pl011-starry]   MMIO   0x00000009000000 - 0x00000009001000 (4 KiB)
[guest-console:pl011-starry]   Free   0x00000080000000 - 0x00000080200000 (2 MiB)
[guest-console:pl011-starry]   KImg   0x00000080200000 - 0x00000081000000 (14 MiB)
[guest-console:pl011-starry]   Rsv    0x00000081000000 - 0x00000081001000 (4 KiB)
[guest-console:pl011-starry]   PerCPU 0x00000081001000 - 0x00000081[guest-console:pl011-starry]   Rsv    0x00000081083000 - 0x0000008108d000 (40 KiB)
[guest-console:pl011-starry]   Free   0x0000008108d000 - 0x00000090000000 (239.45 MiB)
[guest-console:pl011-starry] Jumping to main entry[guest-console:pl011-starry] 
[guest-console:pl011-starry]        d8888                            .d88888b.   .d8888b.
[guest-console:pl011-starry]       d88888                           d88P 888 888d888  .d8888b  .d88b     888  "Y888b.
[guest-console:pl011-starry]    d88P  888 888P"   d88P"    d8P  Y8b 888     888     "Y88b.
[guest-console:tarry]   d88P   888 888     888      88888888 888     888       e:pl011-zephyr] IVC-RTOS-READY bind=10.0.0.2:5500 mac=52:54:00:02 window_bits=64 ack_loss_drop_every=0 expected_commands=1800 expected_protocol_errors=0 exit_after_expected=1
[guest-console:pl011-starry] 
[guest-console:pl011-starry] arch = aarch64
[guest-console:pl011-starry] platform = AxVisor Orange Pi 5 Plus IVC StarryOS guest
[guest-console:pl011-starry] target = aarch64-unknown-none-softfloat
[guest-console:pl011-starry] build_m[guest-console:pl011-starry] log_level = info
[guest-console:pl011-starry] backtrace = false
[guest-console:pl011-starry] sm[guest-console:pl011-starry] [m[37m[  0.789603 ax_runtime:214] [32mPrimary CPU 0 started, arg = 0x81000000.[m
[guest-console:pl011-starry] [m[37m[  0.792063 ax_runtime:216] [32mFound physcial memory regions:[m
[g[guest-console:pl011-starry] [m[37m[  0.797570 ax_runtime:218] [32m  [PA:0x80000000, PA:0x80200000) free memory (READ | WRITE | FREE)[m
[guest-console:pl011-starry] [m[37m[  0.800703 ax_runtime:218] [32m  [PA:0x80200000, PA:0x81000000) reserved (READ | WRITE | EXECUTE | RESERVED)[m
[guest-console:pl011-starry] [m[37m[  0.804126 ax_runtime:218] [32m  [PA:0x81000000, PA:0x81001000) reserved (READ | WRITE | EXECUTE | RESERVED)[m
[guest-console:pl011-starry] [m[37m[  0.807545 ax_runtime:218] [32m  [PA:0x81001000, PA:0x810[guest-console:pl011-starry] [m[37m[  0.810964 ax_runtime:218] [32m  [PA:0x81083000, PA:0x8108d000) reserved (READ | WRITE | EXECUTE | RESERVED)[m
[guest-console:pl011-starry] [m[37m[  0.814393 ax_runtime:218] [32m  [PA:0x8108d000, PA:0x90000000) free memory (READ | WRITE | FREE)[m
[guest-console:pl011-starry] [m[37m[  0.817525 ax_runtime:360] [32mInitialize global memory allocator...[m
[[guest-console:pl011-starry] [m[37m[  0.832179 buddy_slab_allo::global:143] [32mGlobalAllocator: skip region 0xffff000080000000+0x200000, no allocator-visible memory after 2097152 alignment[m
[guest-console:pl011-starry] [m[37m[  0.836894 ax_runtime:253][guest-console:pl011-starry] [m[37m[  0.859274 ax_runtime:265] [32mInitialize platform devices...[m
[guest-console:pl011-starry] [m[37m[  0.862727 someboot::arch::power:23] [32mPower management method : HVC[m
[guest-console:pl011-starry] [m[37m[  0.865188 somehal::driver:5] [32mInitializing rdrive with FDT at 0xffff000081000000[m
[guest-console:pl011-starry] [m[37m[  0.880926 ax_task::api:149] [32mInitialize scheduling...[m
[guest-console:pl011-starry] [m[37m[  0.883099 ax_task::api:154] [32m  use Round-robin scheduler.[m
[guest-console:pl011-starry] [m[37m[  0.885315 ax_runtime:291] [32mInitialize interrupt handlers...[m
[guest-console:pl011-starry] [m[37m[  0.888378 ax_runtime::devices:2] [32mProbe platform devices...[m
[guest-console:pl011-starry] [m[37m[  0.891312 ax_driver::serial::pl011:22] [32mProbing PL011 serial device: serial@9000000[m
[guest-console:pl011-starry] [m[37m[  0.894293 ax_driver::serial::pl011:39] [32mPL011 serial@0xffff000009000000 registered successfully[m
[guest-console:pl011-starry] [m[37m[  0.897842 virtio_drivers::device::blk:63] [32mfound a block device of size 65536KB[m
[guest-console:pl011-starry] [m[37m[  0.900776 ax_driver::virtio::block:91] [32mregistered virtio block device[m
[guest-console:pl011-starry] [m[37m[  0.903559 virtio_drivers::device::net::dev_raw:33] [32mnegotiated_features Features(MAC | VERSION_1)[m
[guest-console:pl011-starry] [m[37m[  0.907149 ax_driver::virtio::net:407] [32mregistered virtio network device irq=None[m
[guest-console:pl011-starry] [mBoot at 1970-01-01 00:00:00.910[guest-console:pl011-starry] [37m[  0.911850 ax_runtime::irq:120] [32mregistered virtio-blk/0 irq IrqId { domain: IrqDomainId(7), hwirq: HwIrq(48) }[m
[guest-console:pl011-starry] [m[37m[  0.915438 ax_fs_ng::block::runtime::device:1359] [33mrdif filesystem block device virtio-blk registered with IRQ-driven completion[m
[guest-console:pl011-starry] [m[37m[  0.919492 ax_fs_ng::block::runtime::device:1361] [32mregistered rdif filesystem block device virtio-blk[m
[guest-console:pl011-starry] [m[37m[  0.923363 ax_fs_ng::root:249] [32m    raw device fs=Some(Ext4)[m
[guest-console:pl011-starry] [m[37m[  0.925637 ax_fs_ng::root:280] [32m  block device 0 (virtio-blk) has no usable partition table; treating the whole disk as a candidate[m
[guest-console:pl011-starry] [m[37m[  0.929782 ax_fs_ng::root:389] [32m  matched root by raw device path on disk0 raw device[m
[guest-console:pl011-starry] [m[37m[  0.932710 ax_fs_ng:75] [32mInitialize filesystem subsystem...[m
[guest-console:pl011-starry] [m[37m[  0.934950 ax_fs_ng:76] [32m  selected root device: disk0 raw device[m
[guest-console:pl011-starry] [m[37m[  0.937601 rsext4::crc32c::arm64:54] [33mID_AA64ISAR0_EL1[19:16]: 0x1[m
[guest-console:pl011-starry] [m[37m[  0.940075 rsext4::crc32c::arm64:57] [33mHardware CRC32C support detected.[m
[guest-console:pl011-starry] [m[37m[  0.945142 rsext4::ext4::mount:340] [32m/lost+found exists (path resolution, repaired hint inode=11)[m
[guest-console:pl011-starry] [m[37m[  0.949106 rsext4::ext4::mount:462] [32mExt4 filesystem mounted[m
[guest-console:pl011-starry] [m[37m[  0.951377 rsext4::ext4::mount:463] [32m  - block size: 4096 bytes[m
[guest-console:pl011-starry] [m[37m[  0.953726 rsext4::ext4::mount:464] [32m  - total blocks: 16384[m
[guest-console:pl011-starry] [m[37m[  0.955989 rsext4::ext4::mount:465] [32m  - free blocks: 7986[m
[guest-console:pl011-starry] [m[37m[  0.958202 rsext4::ext4::mount:466] [32m  - total inodes: 8192[m
[guest-console:pl011-starry] [m[37m[  0.960454 rsext4::ext4::mount:467] [32m  - free inodes: 8140[m
[guest-console:pl011-starry] [m[37m[  0.962671 rsext4::ext4::sync:13] [32mSyncing filesystem...[m
[guest-console:pl011-starry] [m[37m[  0.966911 rsext4::ext4::mount:546] [32mExt4 filesystem mounted[m
[guest-console:pl011-starry] [m[37m[  0.969230 ax_fs_ng:88] [32m  filesystem type: "ext4"[m
[guest-console:pl011-starry] [m[37m[  0.972752 ax_net:189] [32mInitialize network subsystem...[m
[guest-console:pl011-starry] [m[37m[  0.975154 ax_net:209] [32m  use NIC 0: "virtio-net"[m
[guest-console:pl011-starry] [m[37m[  0.977455 ax_runtime::irq:120] [32mregistered eth0 irq IrqId { domain: IrqDomainId(7), hwirq: HwIrq(56) }[m
[guest-console:pl011-starry] [m[37m[  0.980876 ax_net:235] [32meth0:[m
[guest-console:pl011-starry] [m[37m[  0.982337 ax_net:236] [32m  id:   2[m
[guest-console:pl011-starry] [m[37m[  0.983895 ax_net:237] [32m  mac:  52-54-00-00-00-01[m
[guest-console:pl011-starry] [m[37m[  0.985879 ax_net:254] [32m  mode: dhcp[m
[guest-console:pl011-starry] [m[37m[  0.987521 ax_net:292] [32mDevice: lo[m
[guest-console:pl011-starry] [m[37m[  0.989137 ax_net:292] [32mDevice: eth0[m
[guest-console:pl011-starry] [m[37m[  0.990827 ax_net::service:606] [32meth0: DHCP enabled[m
[guest-console:pl011-starry] [m[37m[  2.996521 ax_net:937] [33mDHCP bootstrap timed out[m
[37m[ 87.416760 1:14 axvm::arch::aarch64::cpu_up:44] [32mVM[1]'s VCpu[0] try to boot target_cpu [512] entry_point=GPA:0x8056621c arg=0x81042bc0[m
[m[37m[ 87.417918 1:14 axvm::runtime::vcpus:236] [32mSpawning task for VM[1] VCpu[1][m
[m[37m[ 87.418623 1:14 axvm::runtime::vcpus:274] [32mVCpu task Task(16, "VM[1]-VCpu[1]") created cpumask: [2, ], initial CPU 2[m
[m[37m[ 87.420938 2:16 axvm::runtime::vcpus:332] [32mVM[1] VCpu[1] waiting for running[m
[m[37m[ 421640 2:16 axvm::runtime::vcpus:335] [32mVM[1] VCpu[1] running...[m
[m[37m[ 87.422277 2:16 axvm::arch::aarch64::gic:361] [33mVirtual interrupt interface not enabled, enabling now[m
[m[37m[ 87.423161 2:16 axvm::runtime::vcpus:337] [32mVM[1] VCpu[1] first-run architecture setup complete[m
[m[guest-console:pl011-starry] [m[37m[  3.007696 ax_runtime:336] [32mPrimary CPU 0 init OK.[m
[guest-console:pl011-starry] [m[37m[  3.007705 ax_runtime::mp:79] [32mSecondary CPU 1 started.[m
[guest-console:pl011-starry] [m[37m[  3.012662 ax_runtime::mp:107] [32mSecondary CPU 1 init OK.[m
[guest-console:pl011-starry] [m[37m[  3.014921 0:2 ktracepoint:282] [32mtracepoint_data_starta_end: 0xffffffff804adcd8[m
[guest-console:pl011-starry] [m[37m[  3.018648 0:2 ktracepoint:297] [32mtracepoint_data_len: 6[m
[guest-console:pl011-starry] [m[37m[  3.020788 0:2 ktracepoint:314] [32mtracepoint registered: sched:sched_process_exit[m
[guest-console:pl011-starry] [m[37m[  3.023591 0:2 ktracepoint:314] [32mtracepoint registered: sched:sched_process_fork[guest-console:pl011-starry] [mktracepoint:314] [32mtracepoint registered: sched:sched_switch[m
[guest-console:pl011-starry] [m[37m[  3.029028 0:2 ktracepoint:314] [32mtracepoint registered: syscalls:sys_clone[m
[guest-console:pl011-starry] [m[37m[  3.031659 0:2 ktracepoint:314] [32mtracepoint registered: syscalls:sys_enter_openat[m
[guest-console:pl011-starry] [m[37m[  3.034486 0:2 ktracepoint:314] [32mtracepoint registered: syscalls:sys_mkdirat[m
[guest-console:pl011-starry] [mInitialized 6 tracepoints
[guest-console:pl011-starry] kmod subsystem initialized
[guest-console:pl011-starry] [37m[  3.039208 0:2 starry_kernel::pseudofs:84] [32mInitialize pseudofs...[m
[guest-console:pl011-starry] [m[37m[  3.042107 0:2 starry_kernel::pseudofs::dev::tty::serial:343] [32mttyS0 registered: path=/serial@9000000, alias=Some(0), paddr=0x9000000, mapped=0xffff000009000000, irq=IrqId { domain: IrqDomainId(7), hwirq: HwIrq(33) }, mode=interrupt[m
[guest-console:pl011-starry] [m[37m[  3.048922 0:2 starry_kernel::pseudofs::dev::tty::serial:264] [32m/dev/console bound to ttyS0[m
[guest-console:pl011-starry] [m[37m[  3.052543 0:2 starry_kernel::pseudofs:78] [32mMounted devfs at /dev[m
[guest-console:arry] [m[37m[  3.054951 0:2 starry_kernel::pseudofs::usbfs:51] [32musbfs: initializing manager[m
[guest-console:pl011-starry] [m[37m[  3.057709 0:2 starry_kernel::pseudofs::usbfs::manager:1401] [32musbfs: discovered 0 USB host(s)[m
[guest-console:pl011-starry] [m[37m[  3.060849 0:2 starry_kernel::pseudofs::usbfs:54] [32musbfs: no USB host found, skip mounting usbfs[m
[guest-console:pl011-starry] [m[37m[  3.064117 0:2 starry_kernel::pseudofs:78] [32mMounted tmpfs at /dev/shm[m
[guest-console:pl011-starry] [m[37m[  3.073387 0:2 starry_kernel::pseudofs:78] [32mMounted tmpfs at /tmp[m
[guest-console:pl011-starry] [m[37m[  3.075953 0:2 starry_kernel::dyn_debug:61] [32mdebug_init: initializing dynamic debug sites[m
[guest-console:pl011-starry] [m[37m[  3.079837 0:2 starry_kernel::dyn_debug:64] [32mdebug_init: found 191 dynamic debug sites[m
[guest-console:pl011-starry] [m[37m[  3.082807 0:2 starry_kernel::pseudofs::proc:73] [32mRead kallsyms, size: 1289KB[m
[guest-console:pl011-starry] [m[37m[  3.116453 0:2 starry_kernel::pseudofs:78] [32mMounted proc at /proc[m
[guest-console:pl011-starry] [m[37m[  3.119242 0:2 starry_kernel::pseudofs:78] [32mMounted sy[guest-console:pl011-starry] [m[37m[  3.121905 0:2 starry_kernel::pseudofs:78] [32mMounted debug at /sys/kernel/debug[m
[guest-console:pl011-starry] [m[37m[  3.124721 0:2 starry_kernel::task::timer:329] [32mInitialize alarm...[m
[guest-console:pl011-starry] [mWelcome to [96m[1mStarry OS[0m!
[guest-console:pl011-starry] /bin/sh: env: not found
[guest-console:pl011-starry] 
[guest-console:pl011-starry] Use [1m[3mapk[0m to install packages.
[guest-console:pl011-starry] 
[guest-console:pl011-starry] STARRY_GROUPED_AUTORUN_INIT
[guest-console:pl011-starry] IVC-STARRY-BOOT mode=manual backend=native fault_profile=none count=1800 period_ms=100 vcpus=2
[guest-console:pl011-starry] IVC-STARRY-NET iface=eth0 mac=unknown ip=10.0.0.1/24 peer=10.0.0.2 udp_port=5500 segment=1
[guest-console:pl011-starry] IVC-STARRY-PEER-WAIT seconds=2
[guest-console:pl011-starry] IVC-CONTROLLER-START peer=10.0.0.2:5500 count=1800 policy=manual-fixed period_ms=100 session_id=1036608362 backend=native ack_timeout_ms=1000
[guest-console:pl011-zephyr] IVC-RTOS-READY bind=10.0.0.2:5500 mac=52:54:00:00:00:02 window_bits=64 ack_loss_drop_every=0 expected_commands=1800 expected_protocol_errors=0 exit_after_expected=1
[guest-console:pl011-zephyr] IVC-RTOS-READY bind=10.0.0.2:5500 mac=52:54:00:00:00:02 window_bits=64 ack_loss_drop_every=0 expect00 expected_protocol_errors=0 exit_after_expected=1
[guest-console:pl011-zephyr] IVC-RTOS-PROGRESS accepted=1 seq=1 mode=ManualFixed actuator_permille=500 measured_milli_c=20140 duplicates=0 protocol_errors=0
[guest-console:pl011-starry] IVC-CONTROLLER-STATUS seq=1 mode=ManualFixed actuator_permille=500 measured_milli_c=20140 setpoint_milli_c=45000
[guest-console:pl011-zephyr] IVC-RTOS-PROGRESS accepted=100 seq=100 mode=ManualFixed actuator_permille=500 measured_milli_c=3155[guest-console:pl011-starry] IVC-CONTROLLER-STATUS seq=100 mode=ManualFixed actuator_permille=500 measured_milli_c=31558 setpoin[guest-console:pl011-zephyr] IVC-RTOS-PROGRESS accepted=200 seq=200 mode=ManualFixed actuator_permille=500 measured_milli_c=39299 duplicates=0 protocol_errors=0
[guest-console:pl011-starry] IVC-CONTROLLER-STATUS seq=200 mode=ManualFixed actuator_permille=500 measured_milli_c=39299 setpoint_milli_c=45000
[guest-console:pl011-zephyr] IVC-RTOS-PROGRESS accepted=300 seq=300 mode=ManualFixed actuator_permille=500 measured_milli_c=4448[guest-console:pl011-zephyr] IVC-RTOS-PROGRESS accepted=400 seq=400 mode=ManualFixed actuator_permille=500 measured_milli_c=4795[guest-console:pl011-starry] IVC-CONTROLLER-STATUS seq=400 mode=ManualFixed actuator_permille=500 measured_milli_c=47956 setpoint_milli_c=45000
[guest-console:pl011-zephyr] IVC-RTOS-PROGRESS accepted=500 seq=500 mode=ManualFixed actuator_permille=500 measured_milli_c=50282 duplicates=0 protocol_errors=0
[guest-console:pl011-starry] IVC-CONTROLLER-STATUS seq=500 mode=ManualFixed actuator_permille=500 measured_milli_c=50282 setpoin[guest-console:pl011-zephyr] IVC-RTOS-PROGRESS accepted=600 seq=600 mode=ManualFixed actuator_permille=500 measured_milli_c=51840 duplicates=0 protocol_errors=0
[guest-console:pl011-starry] IVC-CONTROLLER-STATUS seq=600 mode=ManualFixed actuator_permille=500 measured_milli_c=51840 setpoin[guest-console:pl011-zephyr] IVC-RTOS-PROGRESS accepted=700 seq=700 mode=ManualFixed actuator_permille=500 measured_milli_c=52884 duplicates=0 protocol_errors=0
[guest-console:pl011-starry] IVC-CONTROLLER-STATUS seq=700 mode=ManualFixed actuator_permille=500 measured_milli_c=52884 setpoint_milli_c=65000
[guest-console:pl011-zephyr] IVC-RTOS-PROGRESS accepted=800 seq=800 mode=ManualFixed actuator_permille=500 measured_milli_c=5358[guest-console:pl011-zephyr] IVC-RTOS-PROGRESS accepted=900 seq=900 mode=ManualFixed actuator_permille=500 measured_milli_c=5246[guest-console:pl011-starry] IVC-CONTROLLER-STATUS seq=900 mode=ManualFixed actuator_permille=500 measured_milli_c=52462 setpoint_milli_c=65000
[guest-console:pl011-zephyr] IVC-RTOS-PROGRESS accepted=1000 seq=1000 mode=ManualFixed actuator_permille=500 measured_milli_c=51999 duplicates=0 protocol_errors=0
[guest-console:pl011-starry] IVC-CONTROLLER-STATUS seq=1000 mode=ManualFixed actuator_permille=500 measured_milli_c=51999 setpoint_milli_c=65000
[guest-console:pl011-zephyr] IVC-RTOS-PROGRESS accepted=1100 seq=1100 mode=ManualFixed actuator_permille=500 measured_milli_c=52990 duplicates=0 protocol_errors=0
[guest-console:pl011-starry] IVC-CONTROLLER-STATUS seq=1100 mode=ManualFixed actuator_permille=500 measured_milli_c=52990 setpoint_milli_c=65000
[guest-console:pl011-zephyr] IVC-RTOS-PROGRESS accepted=1200 seq=1200 mode=ManualFixed actuator_permille=500 measured_milli_c=53[guest-console:pl011-zephyr] IVC-RTOS-PROGRESS accepted=1300 seq=1300 mode=ManualFixed actuator_permille=500 measured_milli_c=54098 duplicates=0 protocol_errors=0
[guest-console:pl011-starry] IVC-CONTROLLER-STATUS seq=1300 mode=ManualFixed actuator_permille=500 measured_milli_c=54098 setpoint_milli_c=50000
[guest-console:pl011-zephyr] IVC-RTOS-PROGRESS accepted=1400 seq=1400 mode=ManualFixed actuator_permille=500 measured_milli_c=54396 duplicates=0 protocol_errors=0
[guest-console:pl011-starry] IVC setpoint_milli_c=50000
[guest-console:pl011-zephyr] IVC-RTOS-PROGRESS accepted=1500 seq=1500 mode=ManualFixed actuator_permille=500 measured_milli_c=54596 duplicates=0 protocol_errors=0
[guest-console:pl011-starry] IVC-CONTROLLER-STATUS seq=1500 mode=ManualFixed actuator_permille=500 measured_milli_c=54596 setpoint_milli_c=50000
[guest-console:pl011-zephyr] IVC-RTOS-PROGRESS accepted=1600 seq=1600 mode=ManualFixed actuator_permille=500 measured_milli_c=54729 duplicates=0 protocol_errors=0
[guest-console:pl011-starry] IVC-CONTROLLER-STATUS seq=1600 mode=ManualFixed actuator_permille=500 measured_milli_c=54729 setpoint_milli_c=50000
[guest-console:pl011-zephyr] IVC-RTOS-PROGRESS accepted=1700 seq=1700 mode=ManualFixed actuator_permille=500 measured_milli_c=54ol_errors=0
[guest-console:pl011-starry] IVC[guest-console:pl011-zephyr] IVC-RTOS-PROGRESS accepted=1800 seq=1800 mode=ManualFixed actuator_permille=500 measured_milli_c=54[guest-console:pl011-zephyr] IVC-RTOS-MESSAGES status_sent=1800 acks_sent=1800 errors_sent=0 protocol_errors=0
[guest-console:pl011-zephyr] IVC-RTOS-OUTCOME profile=normal accepted=1800 applied=1800 duplicates=0 acks_dropped=0
[guest-console:pl011-zephyr] IVC-RTOS-MESSAGES status_sent=1800 acks_sent=1800 errors_sent=0 protocol_errors=0
[guest-console:pl011-starry] IVC-CONTROLLER-RAW path=/var/lib/ivc/raw.csv samples=1800
[guest-console:pl011-zephyr] IVC-RTOS-RESULT profile=normal accepted=1800 applied=1800 duplicates=0 acks_dropped=0 status_sent=1800 acks_sent=1800 errors_sent=0 protocol_errors=0
[guest-console:pl011-zephyr] IVC-RTOS-POWEROFF accepted=1800
[guest-console:pl011-zephyr] IVC-RTOS-POWEROFF accepted=1800
[guest-console:pl011-starry] IVC-CONTROLLER-OUTCOME policy=manual-fixed sent=1800 acknowledged=1800 errors=0 timeouts=0
[guest-console:pl011-starry] IVC-CONTROLLER-RELIABILITY retransmissions=0 recoveries=0 success_percent=100.000
[guest-console:pl011-starry] IVC-CONTROLLER-FULL-LOOP p50_us=6937 p95_us=11353 p99_us=11709 max_us=104349
[guest-console:pl011-starry] IVC-CONTROLLER-PRE-SEND p50_us=16 p95_us=17 p99_us=17 max_us=37
[guest-console:pl011-starry] IVC-CONTROLLER-TRANSPORT p50_us=6921 p95_us=11336 p99_us=11693 max_[guest-console:pl011-starry] IVC-CONTROLLER-CONTROL rmse_milli_c=9258.906 iae_milli_c_s=1429224.700 max_overshoot_milli_c=6840[guest-console:pl011-starry] IVC-CONTROLLER-OUTCOME policy=manual-fixed sent=1800 acknowledged=1800 errors=0 timeouts=0
[guest[guest-console:pl011-starry] IVC-CONTROLLER-FULL-LOOP p50_us=6937 p95_us=11353 p99_us=11709 max_us=104349
[guest-console:pl011-starry] IVC-CONTROLLER-PRE-SEND p50_us=16 p95_us=17 p99_us=17 max_us=37
[guest-console:pl011-starry] IVC-CONTROLLER-TRANSPORT p50_us=6921 p95_us=11336 p99_us=11693 max_[guest-console:pl011-starry] IVC-CONTROLLER-CONTROL rmse_milli_c=9258.906 iae_milli_c_s=1429224.700 max_overshoot_milli_c=6840[guest-console:pl011-starry] IVC-CONTROLLER-RESULT policy=manual-fixed sent=1800 acknowledged=1800 errors=0 timeouts=0 retransmissions=0 recoveries=0 success_percent=100.000 full_loop_p50_us=6937 full_loop_p95_us=11353 full_loop_p99_us=11709 full_loop_max_us=104349 pre_send_p50_us=16 pre_send_p95_us=17 pre_send_p99_us=17 pre_send_max_us=37 transport_p50_us=6921 transport_p95_us=11336 transport_p99_us=11693 transport_max_us=104332 throughput_msg_s=9.995 rmse_milli_c=9258.906 iae_milli_c_s=1429224.700 max_overshoot_milli_c=6840
[37m[270.348828 0:15 axvm::arch::aarch64:198] [33mVM[2] run VCpu[0] SystemDown[m
[m[37m[270.349488 0:15 axvm::vm:902] [32mStopping VM[2]: SystemDown[m
[m[37m[270.350058 0:15 axvm::runtime::vcpus:409] [33mVM[2] VCpu[0] stopping because of VM stopping[m
[m[37m[270.350848 0:15 axvm::runtime::vcpus:415] [32mVM[2] VCpu[0] last VCpu exiting, decreasing running VM count[m
[m[37m[270.351760 0:15 axvm::runtime::vcpus:420] [32mVM[2] state changed to Stopped[m
[m[37m[270.352440 0:15 axvm::runtime::vcpus:435] [32mVM[2] VCpu[0] exiting...[m
[m[guest-console:pl011-starry] IVC-STARRY-RAW path=/var/lib/ivc/raw.csv samples=1800 sha256=480f97298c40cd278454eb56f70f5226d7a894[guest-console:pl011-starry] IVC-STARRY-RAW path=/var/lib/ivc/raw.csv samples=1800 sha256=480f97298c40cd278454eb56f70f5226d7a89481b3a142bd91030918e716b10f
[guest-console:pl011-starry] IVC-STARRY-RAW path=/var/lib/ivc/raw.csv samples=1800 sha256=480f97298c40cd278454eb56f70f5226d7a894[guest-console:pl011-starry] IVC-STARRY-RAW path=/var/lib/ivc/raw.csv samples=1800 sha256=480f97298c40cd278454eb56f70f5226d7a89481b3a142bd91030918e716b10f
[guest-console:pl011-starry] IVC-STARRY-RAW path=/var/lib/ivc/raw.csv samples=1800 sha256=480f97298c40cd278454eb56f70f5226d7a89481b3a142bd91030918e716b10f
[guest-console:pl011-starry] IVC-STARRY-DONE exit=0
[37m[279.536282 1:14 axvm::arch::aarch64:198] [33mVM[1] run VCpu[0] SystemDown[m
[m[37m[279.536942 1:14 axvm::vm:902] [32mStopping VM[1]: SystemDown[m
[m[37m[279.537511 1:14 axvm::runtime::vcpus:409] [33mVM[1] VCpu[0] stopping because of VM stopping[m
[m[37m[279.538301 1:14 axvm::runtime::vcpus:435] [32mVM[1] VCpu[0] exiting...[m
[m[37m[279.539671 2:16 axvm::runtime::vcpus:409] [33mVM[1] VCpu[1] stopping because of VM stopping[m
[m[37m[279.540463 2:16 axvm::runtime::vcpus:415] [32mVM[1] VCpu[1] last VCpu exiting, decreasing running VM count[m
[m[37m[279.541378 2:16 axvm::runtime::vcpus:420] [32mVM[1] state changed to Stopped[m
[m[37m[279.542056 2:16 axvm::runtime::vcpus:435] [32mVM[1] VCpu[1] exiting...[m
[m[37m[279.542702 2:2 axvisor:73] [32m[OK] Default guest initialized[m
[mWelcome to AxVisor Shell!
Type 'help' to see available commands
Use UP/DOWN arrows to navigate command history

AXVISOR_SHELL_READY
AXVISOR_SHELL_READY
AXVISOR_SHELL_READY
AXVISOR_SHELL_READY
AXVISOR_SHELL_READY
axvisor:/$ [2Kaxvisor:/$ s[2Kaxvisor:/$ ss[2Kaxvisor:/$ ss [2Kaxvisor:/$ ss 1[2Kaxvisor:/$ ss 1 [2Kaxvisor:/$ ss 1 0[2Kaxvisor:/$ ss 1 0 [2Kaxvisor:/$ ss 1 0 /[2Kaxvisor:/$ ss 1 0 /h[s 1 0 /hom[2Kaxvisor:/$ ss 1 0e[2Kaxvisor:/$ ss 1 0 /home/orisor:/$ ss 1 0 /home/orangepi[2Kaxvisor:/$ ss 1 0 /home/orangepi/[2Kaxvisor:/$ ss 1 0 /home/orangepi/i[2Kaxvisor:/$ ss 1 0 /home/orangepi/iv[2Kaxvisor:/$ ss 1 0 /home/orangepi/ivc[2Kaxvisor:/$ ss 1 0 /home/orangepi/ivc-[2Kaxvisor:/$ ss 1 0 /home/orangepi/ivc-m
AXVISOR_VM_BLOCK_SNAPSHOT_STARTED vm=1 index=0 path=/home/orangepi/ivc-m
AXVISOR_SNAPSHOT_SYNC_OK
AXVISOR_SNAPSHOT_SYNC_OK
AXVISOR_SNAP
=== SUCCESS PATTERN MATCHED: (?m)^AXVISOR_SNAPSHOT_SYNC_OK\r*$ ===
SHOT_SYNC_OK
AXVISOR_SNAPSHOT_SYNC_OK
AXVISOR_SNAPSHOT_SYNC_OK
AXVISOR_VM_BLOCK_SNAPSHOT vm=1 index=0 path=/home/orangepi/ivc-m bytes=67108864
AXVISOR_VM_BLOCK_SNAPSHOT vm=1 index=0 path=/home/orangepi/ivc-m bytes=67108864
AXVISOR_VM_BLOCK_SNAPSHOT vm=1 index=0 path=/home/orangepi/ivc-m bytes=67108864
AXVISOR_HOSYSTEM_SYNCED
AXVISOR_HOST_FILES[axbuild] board build+run package=axvisor target=scripts/targets/std/pie/aarch64-unknown-linux-musl.json config=competition/ivc/config/axvisor-orangepi-5-plus-manual.toml ... done (317.96s)
ssh: connect to host 192.168.31.33 port 22: Connection timed out
Axvisor filesystem sync marker was confirmed by the board test
RESULT action=status board=orangepi-5-plus-rk3588 power=on watts=2 temperature_celsius=51 fault_code=0
RESULT action=cycle board=orangepi-5-plus-rk3588 power=on watts=0 temperature_celsius=51 fault_code=0
  �� DDR ff1a08bde6 typ 25/03/13-
=> setenv devtype mmc; setenv devnum 1; setenv mmc_bootdev 1; setenv distro_bootpart 1; setenv prefix /; echo UBOOT_LINUX_BOOT_BEGIN; fatload mmc 1:1 0x00c00000 boot.scr; source 0x00c00000
UBOOT_LINUX_BOOT_BEGIN
3413 bytes read in 3 ms (1.1 MiB/s)
## Executing script at 00c00000
Boot script loaded from mmc 1
178 bytes read in 3 ms (57.6 KiB/s)
15301327 bytes read in 1288 ms (11.3 MiB/s)
ssh: connect to host 192.168.31.33 port 22: No route to host
ssh: connect to host 192.168.31.33 port 22: No route to host
ssh: connect to host 192.168.31.33 port 22: No route to host
/dev/mmcblk1p2 ext4   rw,noatime,errors=remount-ro,commit=600
BOARD_LINUX_RESTORED
debugfs 1.46.5 (30-Dec-2021)
debugfs 1.46.5 (30-Dec-2021)
BOARD_RESULT_IMAGE_VALIDATED vm=1 index=0 path=/home/orangepi/ivc-m bytes=67108864 sha256=0b474361fa0ddc0ab99de4ce53b58d8d9549ee79e904d9f4dcb24fe0bcdfe739 fsck=clean
BOARD_GUEST_RAW_MANIFEST path=/var/lib/ivc/raw.csv samples=1800 sha256=480f97298c40cd278454eb56f70f5226d7a89481b3a142bd91030918e716b10f
BOARD_RAW_RESULT_HARVESTED path=/tmp/starry-ivc-control-formal-f4ced37-20260804-v5/capture-001/pair-004/manual-full/run-001/raw.csv samples=1800 sha256=480f97298c40cd278454eb56f70f5226d7a89481b3a142bd91030918e716b10f
BOARD_IDENTITY board_id=bf61f4d4a1d994ad hostname=orangepi5plus cpu_temp_milli_c=44384
