WAKEUP_LATENCY_METADATA {"clock":"CLOCK_MONOTONIC","clock_read":"raw_syscall","clock_resolution_ns":1,"clock_pair_min_ns":291,"sender_cpu":0,"receiver_cpu":1,"warmup":1000,"handoff_samples":20000,"timer_samples":10000,"timer_period_ns":1000000,"park_settle_ns":50000,"fifo_priority":80}
WAKEUP_LATENCY_PROFILE_START
WAKEUP_LATENCY_CASE_START case=thread_futex_same_cpu policy=other
WAKEUP_LATENCY_CASE_DONE case=thread_futex_same_cpu policy=other
WAKEUP_LATENCY_RESULT {"case":"thread_futex_same_cpu","policy":"other","samples":20000,"attempted":20000,"not_parked":0,"missed_deadlines":0,"min_ns":25666,"mean_ns":27019,"stddev_ns":1164,"p50_ns":26833,"p95_ns":28000,"p99_ns":31500,"p999_ns":41125,"max_ns":57750,"histogram_bounds_ns":[1000,2000,5000,10000,20000,50000,100000,200000,500000,1000000,2000000,5000000,10000000],"histogram_counts":[0,0,0,0,0,19998,2,0,0,0,0,0,0,0]}
WAKEUP_LATENCY_CASE_START case=thread_futex_cross_cpu policy=other
WAKEUP_LATENCY_CASE_DONE case=thread_futex_cross_cpu policy=other
WAKEUP_LATENCY_RESULT {"case":"thread_futex_cross_cpu","policy":"other","samples":20000,"attempted":20000,"not_parked":0,"missed_deadlines":0,"min_ns":30333,"mean_ns":33152,"stddev_ns":2090,"p50_ns":32958,"p95_ns":33542,"p99_ns":40542,"p999_ns":57458,"max_ns":102667,"histogram_bounds_ns":[1000,2000,5000,10000,20000,50000,100000,200000,500000,1000000,2000000,5000000,10000000],"histogram_counts":[0,0,0,0,0,19910,87,3,0,0,0,0,0,0]}
WAKEUP_LATENCY_CASE_START case=process_futex_cross_cpu policy=other
WAKEUP_LATENCY_CASE_DONE case=process_futex_cross_cpu policy=other
WAKEUP_LATENCY_RESULT {"case":"process_futex_cross_cpu","policy":"other","samples":20000,"attempted":20000,"not_parked":0,"missed_deadlines":0,"min_ns":32666,"mean_ns":35679,"stddev_ns":4338,"p50_ns":35292,"p95_ns":36166,"p99_ns":39375,"p999_ns":104708,"max_ns":139125,"histogram_bounds_ns":[1000,2000,5000,10000,20000,50000,100000,200000,500000,1000000,2000000,5000000,10000000],"histogram_counts":[0,0,0,0,0,19876,87,37,0,0,0,0,0,0]}
WAKEUP_LATENCY_CASE_START case=absolute_timer_same_cpu policy=other
WAKEUP_LATENCY_CASE_DONE case=absolute_timer_same_cpu policy=other
WAKEUP_LATENCY_RESULT {"case":"absolute_timer_same_cpu","policy":"other","samples":10000,"attempted":10000,"not_parked":0,"missed_deadlines":0,"min_ns":39083,"mean_ns":54102,"stddev_ns":2866,"p50_ns":53542,"p95_ns":58417,"p99_ns":62042,"p999_ns":111000,"max_ns":123167,"histogram_bounds_ns":[1000,2000,5000,10000,20000,50000,100000,200000,500000,1000000,2000000,5000000,10000000],"histogram_counts":[0,0,0,0,0,8,9980,12,0,0,0,0,0,0]}
WAKEUP_LATENCY_CASE_START case=clock_pair policy=other
WAKEUP_LATENCY_CASE_DONE case=clock_pair policy=other
WAKEUP_LATENCY_RESULT {"case":"clock_pair","policy":"other","samples":20000,"attempted":20000,"not_parked":0,"missed_deadlines":0,"min_ns":875,"mean_ns":896,"stddev_ns":95,"p50_ns":875,"p95_ns":1166,"p99_ns":1167,"p999_ns":1167,"max_ns":9334,"histogram_bounds_ns":[1000,2000,5000,10000,20000,50000,100000,200000,500000,1000000,2000000,5000000,10000000],"histogram_counts":[18601,1398,0,1,0,0,0,0,0,0,0,0,0,0]}
WAKEUP_LATENCY_CASE_START case=getpid policy=other
WAKEUP_LATENCY_CASE_DONE case=getpid policy=other
WAKEUP_LATENCY_RESULT {"case":"getpid","policy":"other","samples":20000,"attempted":20000,"not_parked":0,"missed_deadlines":0,"min_ns":1458,"mean_ns":1527,"stddev_ns":289,"p50_ns":1458,"p95_ns":1750,"p99_ns":1750,"p999_ns":1750,"max_ns":30917,"histogram_bounds_ns":[1000,2000,5000,10000,20000,50000,100000,200000,500000,1000000,2000000,5000000,10000000],"histogram_counts":[0,19994,1,1,3,1,0,0,0,0,0,0,0,0]}
WAKEUP_LATENCY_CASE_START case=futex_wait_mismatch policy=other
WAKEUP_LATENCY_CASE_DONE case=futex_wait_mismatch policy=other
WAKEUP_LATENCY_RESULT {"case":"futex_wait_mismatch","policy":"other","samples":20000,"attempted":20000,"not_parked":0,"missed_deadlines":0,"min_ns":1458,"mean_ns":1745,"stddev_ns":139,"p50_ns":1750,"p95_ns":1750,"p99_ns":1750,"p999_ns":2042,"max_ns":11958,"histogram_bounds_ns":[1000,2000,5000,10000,20000,50000,100000,200000,500000,1000000,2000000,5000000,10000000],"histogram_counts":[0,19860,136,1,3,0,0,0,0,0,0,0,0,0]}
WAKEUP_LATENCY_CASE_START case=futex_wake_empty policy=other
WAKEUP_LATENCY_CASE_DONE case=futex_wake_empty policy=other
WAKEUP_LATENCY_RESULT {"case":"futex_wake_empty","policy":"other","samples":20000,"attempted":20000,"not_parked":0,"missed_deadlines":0,"min_ns":1458,"mean_ns":1770,"stddev_ns":184,"p50_ns":1750,"p95_ns":2041,"p99_ns":2042,"p999_ns":2042,"max_ns":19542,"histogram_bounds_ns":[1000,2000,5000,10000,20000,50000,100000,200000,500000,1000000,2000000,5000000,10000000],"histogram_counts":[0,18809,1186,3,2,0,0,0,0,0,0,0,0,0]}
WAKEUP_LATENCY_CASE_START case=sched_yield_no_peer policy=other
WAKEUP_LATENCY_CASE_DONE case=sched_yield_no_peer policy=other
WAKEUP_LATENCY_RESULT {"case":"sched_yield_no_peer","policy":"other","samples":20000,"attempted":20000,"not_parked":0,"missed_deadlines":0,"min_ns":2625,"mean_ns":2747,"stddev_ns":199,"p50_ns":2625,"p95_ns":2917,"p99_ns":2917,"p999_ns":2917,"max_ns":11666,"histogram_bounds_ns":[1000,2000,5000,10000,20000,50000,100000,200000,500000,1000000,2000000,5000000,10000000],"histogram_counts":[0,0,19994,1,5,0,0,0,0,0,0,0,0,0]}
WAKEUP_LATENCY_CASE_START case=sched_yield_handoff policy=other
WAKEUP_LATENCY_CASE_DONE case=sched_yield_handoff policy=other
WAKEUP_LATENCY_RESULT {"case":"sched_yield_handoff","policy":"other","samples":20000,"attempted":20000,"not_parked":0,"missed_deadlines":0,"min_ns":10208,"mean_ns":10702,"stddev_ns":486,"p50_ns":10791,"p95_ns":10792,"p99_ns":11084,"p999_ns":20417,"max_ns":31500,"histogram_bounds_ns":[1000,2000,5000,10000,20000,50000,100000,200000,500000,1000000,2000000,5000000,10000000],"histogram_counts":[0,0,0,0,19972,28,0,0,0,0,0,0,0,0]}
WAKEUP_LATENCY_CASE_START case=thread_futex_same_cpu policy=fifo
WAKEUP_LATENCY_CASE_DONE case=thread_futex_same_cpu policy=fifo
WAKEUP_LATENCY_RESULT {"case":"thread_futex_same_cpu","policy":"fifo","samples":20000,"attempted":20000,"not_parked":0,"missed_deadlines":0,"min_ns":19541,"mean_ns":20365,"stddev_ns":625,"p50_ns":20416,"p95_ns":20709,"p99_ns":21000,"p999_ns":34125,"max_ns":35583,"histogram_bounds_ns":[1000,2000,5000,10000,20000,50000,100000,200000,500000,1000000,2000000,5000000,10000000],"histogram_counts":[0,0,0,0,744,19256,0,0,0,0,0,0,0,0]}
WAKEUP_LATENCY_CASE_START case=thread_futex_cross_cpu policy=fifo
WAKEUP_LATENCY_CASE_DONE case=thread_futex_cross_cpu policy=fifo
WAKEUP_LATENCY_RESULT {"case":"thread_futex_cross_cpu","policy":"fifo","samples":20000,"attempted":20000,"not_parked":0,"missed_deadlines":0,"min_ns":28000,"mean_ns":30287,"stddev_ns":3628,"p50_ns":30042,"p95_ns":30625,"p99_ns":32958,"p999_ns":84583,"max_ns":140875,"histogram_bounds_ns":[1000,2000,5000,10000,20000,50000,100000,200000,500000,1000000,2000000,5000000,10000000],"histogram_counts":[0,0,0,0,0,19913,81,6,0,0,0,0,0,0]}
WAKEUP_LATENCY_CASE_START case=process_futex_cross_cpu policy=fifo
WAKEUP_LATENCY_CASE_DONE case=process_futex_cross_cpu policy=fifo
WAKEUP_LATENCY_RESULT {"case":"process_futex_cross_cpu","policy":"fifo","samples":20000,"attempted":20000,"not_parked":0,"missed_deadlines":0,"min_ns":30625,"mean_ns":32416,"stddev_ns":3818,"p50_ns":32083,"p95_ns":32667,"p99_ns":36750,"p999_ns":86333,"max_ns":122208,"histogram_bounds_ns":[1000,2000,5000,10000,20000,50000,100000,200000,500000,1000000,2000000,5000000,10000000],"histogram_counts":[0,0,0,0,0,19884,112,4,0,0,0,0,0,0]}
WAKEUP_LATENCY_CASE_START case=absolute_timer_same_cpu policy=fifo
WAKEUP_LATENCY_CASE_DONE case=absolute_timer_same_cpu policy=fifo
WAKEUP_LATENCY_RESULT {"case":"absolute_timer_same_cpu","policy":"fifo","samples":10000,"attempted":10000,"not_parked":0,"missed_deadlines":0,"min_ns":24625,"mean_ns":28826,"stddev_ns":2787,"p50_ns":28208,"p95_ns":33375,"p99_ns":35000,"p999_ns":77208,"max_ns":86500,"histogram_bounds_ns":[1000,2000,5000,10000,20000,50000,100000,200000,500000,1000000,2000000,5000000,10000000],"histogram_counts":[0,0,0,0,0,9980,20,0,0,0,0,0,0,0]}
WAKEUP_LATENCY_CASE_START case=clock_pair policy=fifo
WAKEUP_LATENCY_CASE_DONE case=clock_pair policy=fifo
WAKEUP_LATENCY_RESULT {"case":"clock_pair","policy":"fifo","samples":20000,"attempted":20000,"not_parked":0,"missed_deadlines":0,"min_ns":584,"mean_ns":892,"stddev_ns":155,"p50_ns":875,"p95_ns":1166,"p99_ns":1167,"p999_ns":1167,"max_ns":18666,"histogram_bounds_ns":[1000,2000,5000,10000,20000,50000,100000,200000,500000,1000000,2000000,5000000,10000000],"histogram_counts":[18931,1067,0,1,1,0,0,0,0,0,0,0,0,0]}
WAKEUP_LATENCY_CASE_START case=getpid policy=fifo
WAKEUP_LATENCY_CASE_DONE case=getpid policy=fifo
WAKEUP_LATENCY_RESULT {"case":"getpid","policy":"fifo","samples":20000,"attempted":20000,"not_parked":0,"missed_deadlines":0,"min_ns":1458,"mean_ns":1526,"stddev_ns":156,"p50_ns":1458,"p95_ns":1750,"p99_ns":1750,"p999_ns":1750,"max_ns":11666,"histogram_bounds_ns":[1000,2000,5000,10000,20000,50000,100000,200000,500000,1000000,2000000,5000000,10000000],"histogram_counts":[0,19998,0,0,2,0,0,0,0,0,0,0,0,0]}
WAKEUP_LATENCY_CASE_START case=futex_wait_mismatch policy=fifo
WAKEUP_LATENCY_CASE_DONE case=futex_wait_mismatch policy=fifo
WAKEUP_LATENCY_RESULT {"case":"futex_wait_mismatch","policy":"fifo","samples":20000,"attempted":20000,"not_parked":0,"missed_deadlines":0,"min_ns":1458,"mean_ns":1747,"stddev_ns":167,"p50_ns":1750,"p95_ns":1750,"p99_ns":1750,"p999_ns":2042,"max_ns":19834,"histogram_bounds_ns":[1000,2000,5000,10000,20000,50000,100000,200000,500000,1000000,2000000,5000000,10000000],"histogram_counts":[0,19814,183,0,3,0,0,0,0,0,0,0,0,0]}
WAKEUP_LATENCY_CASE_START case=futex_wake_empty policy=fifo
WAKEUP_LATENCY_CASE_DONE case=futex_wake_empty policy=fifo
WAKEUP_LATENCY_RESULT {"case":"futex_wake_empty","policy":"fifo","samples":20000,"attempted":20000,"not_parked":0,"missed_deadlines":0,"min_ns":1458,"mean_ns":1768,"stddev_ns":131,"p50_ns":1750,"p95_ns":2041,"p99_ns":2042,"p999_ns":2042,"max_ns":10209,"histogram_bounds_ns":[1000,2000,5000,10000,20000,50000,100000,200000,500000,1000000,2000000,5000000,10000000],"histogram_counts":[0,18897,1099,3,1,0,0,0,0,0,0,0,0,0]}
WAKEUP_LATENCY_CASE_START case=sched_yield_no_peer policy=fifo
WAKEUP_LATENCY_CASE_DONE case=sched_yield_no_peer policy=fifo
WAKEUP_LATENCY_RESULT {"case":"sched_yield_no_peer","policy":"fifo","samples":20000,"attempted":20000,"not_parked":0,"missed_deadlines":0,"min_ns":2041,"mean_ns":2311,"stddev_ns":180,"p50_ns":2333,"p95_ns":2334,"p99_ns":2334,"p999_ns":2625,"max_ns":19542,"histogram_bounds_ns":[1000,2000,5000,10000,20000,50000,100000,200000,500000,1000000,2000000,5000000,10000000],"histogram_counts":[0,0,19996,0,4,0,0,0,0,0,0,0,0,0]}
WAKEUP_LATENCY_CASE_START case=sched_yield_handoff policy=fifo
WAKEUP_LATENCY_CASE_DONE case=sched_yield_handoff policy=fifo
WAKEUP_LATENCY_RESULT {"case":"sched_yield_handoff","policy":"fifo","samples":20000,"attempted":20000,"not_parked":0,"missed_deadlines":0,"min_ns":4666,"mean_ns":5088,"stddev_ns":255,"p50_ns":4959,"p95_ns":5250,"p99_ns":5250,"p999_ns":5542,"max_ns":22458,"histogram_bounds_ns":[1000,2000,5000,10000,20000,50000,100000,200000,500000,1000000,2000000,5000000,10000000],"histogram_counts":[0,0,11411,8581,7,1,0,0,0,0,0,0,0,0]}
WAKEUP_LATENCY_PROFILE_DONE
WAKEUP_LATENCY_PASSED
