BOARD_HOST_LIBCLANG path=/usr/lib/llvm-14/lib source=environment
orangepi5plus
BOARD_SERVICE_DTB_READY path=/home/seven_wsl/.local/share/ostool-server/dtbs/orangepi-5-plus-starry.dtb root=PARTUUID=5874edd8-1582-a144-a298-b139acd7b0e6
     Locking 1 package to latest compatible version
      Adding uboot-shell v0.2.6 (/home/seven_wsl/Workspace/starry/ostool/uboot-shell)
    Finished `dev` profile [unoptimized + debuginfo] target(s) in 0.35s
     Running `target/debug/tg-xtask axvisor board -c competition/ivc/config/axvisor-orangepi-5-plus-ack-loss.toml --board-config competition/ivc/config/board-orangepi-5-plus-ack-loss.toml -b OrangePi-5-Plus`
[2026-08-03T15:44:04Z INFO  axbuild::context] Workspace root: /home/seven_wsl/Workspace/starry/tgoskits-rt-ivc-m3-formal-20260803
[2026-08-03T15:44:04Z INFO  axbuild::context] Workspace member dir for axvisor: /home/seven_wsl/Workspace/starry/tgoskits-rt-ivc-m3-formal-20260803/os/axvisor
Using build config: competition/ivc/config/axvisor-orangepi-5-plus-ack-loss.toml
[axbuild] board build+run package=axvisor target=scripts/targets/std/pie/aarch64-unknown-linux-musl.json config=competition/ivc/config/axvisor-orangepi-5-plus-ack-loss.toml ...
sh -c /home/seven_wsl/Workspace/starry/tgoskits-rt-ivc-m3-formal-20260803/tmp/axbuild/std/prebuild/prebuild-aarch64-unknown-linux-musl-7a800488dd025842.sh
AR_aarch64_unknown_linux_musl=aarch64-linux-musl-ar
AXVISOR_VM_CONFIGS=/home/seven_wsl/Workspace/starry/tgoskits-rt-ivc-m3-formal-20260803/competition/ivc/config/orangepi-5-plus-starry-smp2-ack-loss.toml:/home/seven_wsl/Workspace/starry/tgoskits-rt-ivc-m3-formal-20260803/competition/ivc/config/orangepi-5-plus-zephyr-ack-loss.toml
AX_ARCH=aarch64
AX_LOG=info
AX_TARGET=aarch64-unknown-none-softfloat
BINDGEN_EXTRA_CLANG_ARGS_aarch64_unknown_linux_musl=--target=aarch64-linux-musl --sysroot=/ -mgeneral-regs-only
CARGO_UNSTABLE_JSON_TARGET_SPEC=true
CC_aarch64_unknown_linux_musl=aarch64-linux-musl-cc
CFLAGS_aarch64_unknown_linux_musl=-mgeneral-regs-only -fno-stack-protector
CXXFLAGS_aarch64_unknown_linux_musl=-mgeneral-regs-only -fno-stack-protector
SMP=4
cargo build --config /home/seven_wsl/Workspace/starry/tgoskits-rt-ivc-m3-formal-20260803/tmp/axbuild/std/config-aarch64-unknown-linux-musl-dynamic.toml -p axvisor --target scripts/targets/std/pie/aarch64-unknown-linux-musl.json -Z unstable-options --target-dir /home/seven_wsl/Workspace/starry/tgoskits-rt-ivc-m3-formal-20260803/target --features ax-std/fs,ax-std/smp,fs,rockchip-dwmmc,rockchip-soc,sdmmc,log/release_max_level_info -Z json-target-spec --bin axvisor --release --message-format json-render-diagnostics
     Locking 1 package to latest compatible version
      Adding uboot-shell v0.2.6
warning: function `set_fdt_addr_phys_if_valid` is never used
  --> platforms/someboot/src/fdt/mod.rs:32:15
   |
32 | pub(crate) fn set_fdt_addr_phys_if_valid(fdt_addr: usize) -> bool {
   |               ^^^^^^^^^^^^^^^^^^^^^^^^^^
   |
   = note: `#[warn(dead_code)]` (part of `#[warn(unused)]`) on by default

warning: `someboot` (lib) generated 1 warning
warning: function `with_vm` is never used
   --> virtualization/axvm/src/manager.rs:168:15
    |
168 | pub(crate) fn with_vm<F, R>(vm_id: VMId, f: F) -> Option<R>
    |               ^^^^^^^
    |
    = note: `#[warn(dead_code)]` (part of `#[warn(unused)]`) on by default

warning: function `active_vcpu_mask` is never used
   --> virtualization/axvm/src/manager.rs:198:15
    |
198 | pub(crate) fn active_vcpu_mask(vm_id: VMId) -> Option<usize> {
    |               ^^^^^^^^^^^^^^^^

warning: function `inject_interrupt` is never used
   --> virtualization/axvm/src/manager.rs:210:15
    |
210 | pub(crate) fn inject_interrupt(vm_id: VMId, vcpu_id: usize, vector: usize) -> AxVmResult {
    |               ^^^^^^^^^^^^^^^^

warning: field `token` is never read
  --> virtualization/axvm/src/timer.rs:20:5
   |
19 | struct VmTimerEvent {
   |        ------------ field in this struct
20 |     token: usize,
   |     ^^^^^

warning: function `cancel_timer` is never used
  --> virtualization/axvm/src/timer.rs:65:15
   |
65 | pub(crate) fn cancel_timer(token: usize) {
   |               ^^^^^^^^^^^^

warning: associated items `handle_nested_page_fault` and `debug_nested_page_fault` are never used
    --> virtualization/axvm/src/vm/mod.rs:1275:19
     |
 613 | impl AxVM {
     | --------- associated items in this implementation
...
1275 |     pub(crate) fn handle_nested_page_fault(
     |                   ^^^^^^^^^^^^^^^^^^^^^^^^
...
1290 |     fn debug_nested_page_fault(
     |        ^^^^^^^^^^^^^^^^^^^^^^^

warning: `axvm` (lib) generated 6 warnings
warning: function `write_persisted_evidence` is never used
   --> os/axvisor/src/host_noise.rs:121:15
    |
121 | pub(crate) fn write_persisted_evidence(output: &mut impl Write) -> io::Result<()> {
    |               ^^^^^^^^^^^^^^^^^^^^^^^^
    |
    = note: `#[warn(dead_code)]` (part of `#[warn(unused)]`) on by default

warning: `axvisor` (bin "axvisor") generated 1 warning
    Finished `release` profile [optimized] target(s) in 0.73s
warning: the following packages contain code that will be rejected by a future version of Rust: core v0.0.0 (/home/seven_wsl/.rustup/toolchains/nightly-2026-07-15-x86_64-unknown-linux-gnu/lib/rustlib/src/rust/library/core), memchr v2.8.2
note: to see what the problems were, use the option `--future-incompat-report`, or run `cargo report future-incompatibilities --id 1`
Allocated board session:
  board_type: OrangePi-5-Plus
  board_id: orangepi-5-plus-1
  session_id: 65d07035-3543-47e5-84fb-3e3fc1fe6bc1
  lease_expires_at: 2026-08-03 15:44:15.992281389 UTC
  boot_mode: uboot
Converting ELF to BIN format...
  elf: /home/seven_wsl/Workspace/starry/tgoskits-rt-ivc-m3-formal-20260803/target/aarch64-unknown-linux-musl/release/axvisor
  bin: /home/seven_wsl/Workspace/starry/tgoskits-rt-ivc-m3-formal-20260803/target/aarch64-unknown-linux-musl/release/axvisor.bin
/home/seven_wsl/.rustup/toolchains/nightly-2026-07-15-x86_64-unknown-linux-gnu/lib/rustlib/x86_64-unknown-linux-gnu/bin/llvm-objcopy --strip-all -O binary /home/seven_wsl/Workspace/starry/tgoskits-rt-ivc-m3-formal-20260803/target/aarch64-unknown-linux-musl/release/axvisor /home/seven_wsl/Workspace/starry/tgoskits-rt-ivc-m3-formal-20260803/target/aarch64-unknown-linux-musl/release/axvisor.bin
[2026-08-03T15:44:06Z INFO  ostool::run::uboot] Starting U-Boot runner...
[2026-08-03T15:44:06Z INFO  ostool::run::uboot] kernel from: /home/seven_wsl/Workspace/starry/tgoskits-rt-ivc-m3-formal-20260803/target/aarch64-unknown-linux-musl/release/axvisor.bin
[2026-08-03T15:44:06Z INFO  ostool::run::uboot] Using network interface hint: eth0
Waiting for remote board to power on through ostool-server...
BOARD_REBOOT_ARMED
Connection to 192.168.31.33 closed by remote host.
[2026-08-03T15:44:14Z INFO  uboot_shell] cmd: setenv autoload yes
[2026-08-03T15:44:15Z INFO  uboot_shell] cmd: setenv netmask 255.255.255.0
[2026-08-03T15:44:15Z INFO  uboot_shell] cmd: net list
[2026-08-03T15:44:16Z INFO  uboot_shell] cmd: bootdev hunt ethernet
[2026-08-03T15:44:19Z INFO  ostool::run::uboot] Board network ok
[2026-08-03T15:44:19Z INFO  uboot_shell] cmd: setenv serverip 192.168.31.132
[2026-08-03T15:44:19Z INFO  uboot_shell] cmd: echo $fdt_addr_r
[2026-08-03T15:44:20Z INFO  uboot_shell] cmd: echo $ramdisk_addr_r
[2026-08-03T15:44:20Z INFO  uboot_shell] cmd: echo $kernel_addr_r
[2026-08-03T15:44:20Z INFO  ostool::run::uboot] Using $kernel_addr_r as kernel entry: 0x2000000
[2026-08-03T15:44:20Z INFO  uboot_shell] cmd: echo $kernel_comp_addr_r
[2026-08-03T15:44:21Z INFO  ostool::run::uboot] image load to kernel_comp_addr_r: 0xa000000
[2026-08-03T15:44:21Z INFO  uboot_shell] cmd: setenv loadaddr 0xa000000
[2026-08-03T15:44:21Z INFO  ostool::run::uboot] fitimage loadaddr: 0xa000000
[2026-08-03T15:44:21Z INFO  ostool::run::uboot] kernel entry: 0x2000000
[2026-08-03T15:44:21Z INFO  ostool::run::uboot] Using DTB from: /home/seven_wsl/Workspace/starry/tgoskits-rt-ivc-m3-formal-20260803/target/aarch64-unknown-linux-musl/release/ostool-65d07035-3543-47e5-84fb-3e3fc1fe6bc1-orangepi-5-plus-starry.dtb
[2026-08-03T15:44:21Z INFO  ostool::boot::fit] Making FIT image...
[2026-08-03T15:44:21Z INFO  ostool::boot::fit] kernel: /home/seven_wsl/Workspace/starry/tgoskits-rt-ivc-m3-formal-20260803/target/aarch64-unknown-linux-musl/release/axvisor.bin (size: 3338288)
[2026-08-03T15:44:21Z INFO  ostool::boot::fit] 已读取 DTB 文件: /home/seven_wsl/Workspace/starry/tgoskits-rt-ivc-m3-formal-20260803/target/aarch64-unknown-linux-musl/release/ostool-65d07035-3543-47e5-84fb-3e3fc1fe6bc1-orangepi-5-plus-starry.dtb (大小: 280066)
[2026-08-03T15:44:21Z INFO  ostool::boot::fit] FIT image ok: /home/seven_wsl/Workspace/starry/tgoskits-rt-ivc-m3-formal-20260803/target/aarch64-unknown-linux-musl/release/image.fit
[2026-08-03T15:44:21Z INFO  ostool::run::uboot] No TFTP config, using loady to upload FIT image...

send file
loady 0xa000000
## Ready for binary (ymodem) download to 0x0A000000 at 1500000 bps...
[2026-08-03T15:44:22Z INFO  uboot_shell::ymodem] Sending file: image.fit
C## Total Size      = 0x00373940 = 3619136 Bytes
## Start Addr      = 0x0A000000
=>
send ok
[2026-08-03T15:45:05Z INFO  ostool::run::uboot] Booting kernel with command: bootm
Interacting with U-Boot shell...
bootm
## Loading kernel (any) from FIT Image at 0a000000 ...
   Using 'config-ostool' configuration
   Verifying Hash Integrity ... OK
   Trying 'kernel' kernel subimage
     Description:  This kernel
     Type:         Kernel Image
     Compression:  uncompressed
     Data Start:   0x0a000168
     Data Size:    3338288 Bytes = 3.2 MiB
     Architecture: AArch64
     OS:           Linux
     Load Address: 0x02000000
     Entry Point:  0x02000000
   Verifying Hash Integrity ... OK
## Loading fdt (any) from FIT Image at 0a000000 ...
   Using 'config-ostool' configuration
   Verifying Hash Integrity ... OK
   Trying 'fdt' fdt subimage
     Description:  This fdt
     Type:         Flat Device Tree
     Compression:  uncompressed
     Data Start:   0x0a32f218
     Data Size:    280066 Bytes = 273.5 KiB
     Architecture: AArch64
     Load Address: 0x12000000
   Verifying Hash Integrity ... OK
   Loading fdt from 0x0a32f218 to 0x12000000
   Booting using the fdt blob at 0x12000000
Working FDT set to 12000000
   Loading Kernel Image to 2000000
   Loading Device Tree to 00000000ecb72000, end 00000000ecbb9601 ... OK
Working FDT set to ecb72000

Starting kernel ...

root=PARTUUID=5874edd8-1582-a144-a298-b139acd7b0e6 earlycon=uart8250,mmio32,0xfeb50000 rootwait rootfstype=ext4 splash=verbose c1500000 console=tty1 consoleblank=0 loglevel=1 ubootpart=1af5d39-bb91-af7c495a0115 usb-storage.quirks= cma=128M cgroup_enable=cpet cgroup_memory=1 cgroup_enable=memory swapaccount=1
VM Load @0x2000000
VM Load Offset: 0xffff000082000000
Memory Map:
  Rsv    0x00000000110000 - 0x00000000200000 (960 KiB)
  Free   0x00000000200000 - 0x00000002000000 (30 MiB)
  KI000 - 0x00000002400000 (4 MiB)
  Free   0x00000002400000 - 0x0000000a100000 (125 MiB)
  Rsv    0x0000000a100000 - 0x0000000a14KiB)
  Free   0x0000000a145000 - 0x0000000a200000 (748 KiB)
     0x0000000a200000 - 0x0000000b65f000 (20.37 MiB)
  Free   0x0000000b65f000 - 0x00000010000000 (73.63 MiB)
  Rsv    0x00000010000000 - 0x00000020000000 (256 MiB)
  Free   0x00000020000000 - 0x000000f0000000 (3.25 GiB)
  Free   0x00000100000000 - 0x000003fc000000 (11.94 GiB)
  Free   0x000003fc500000 - 0x000003fff00000 (58 MiB)
  Free   0x000004f0000000 - 0x00000500000000 (256 MiB)
Initialize RAM allocator: 0x200000..0x2000000
Initializing per-CPU data
Per-CPU data one cpu size: 0x43000 bytes
Total per-CPU data size for secondary CPUs: 0x218000 bytes (8 CPUs)
Flushed RAM used range to memory map: 0x200000..0x245000, current: 0x245000
Flushed RAM used range to memory map: 0x245000..0x45d000, current: 0x45d000
Per-CPU data allocated at 0x245000 - 0x45d000
Initializing per-CPU RAM for CPU0 - hard id 0x0 @ 0x245000
Initializing per-CPU RAM for CPU1 - hard id 0x100 @ 0x288000
Initializing per-CPU RAM for CPU2 - hard id 0x200 @ 0x2cb000
Initializing per-CPU RAM for CPU3 - hard id 0x300 @ 0x30e000
Initializing per-CPU RAM for CPU4 - hard id 0x400 @ 0x351000
Initializing per-CPU RAM for CPU5 - hard id 0x500 @ 0x394000
Initializing per-CPU RAM for CPU6 - hard id 0x600 @ 0x3d7000
Initializing per-CPU RAM for CPU7 - hard id 0x700 @ 0x41a000
CPU0 - hard id 0x0, stack top @0x288000, stack top virt @0xff0000288000, entry virt @0xffff8019b128
CPU1 - hard id 0x100, stack top @0x2cb000, stack top virt @0xff00002cb000, entry virt @0xffff8019b128
CPU2 - hard id 0x200, stack top @0x30e000, stack top virt @0xff000030e000, entry virt @0xffff8019b128
CPU3 - hard id 0x300, stack top @0x351000, stack top virt @0xff0000351000, entry virt @0xffff8019b128
CPU4 - hard id 0x400, stack top @0x394000, stack top virt @0xff0000394000, entry virt @0xffff8019b128
CPU5 - hard id 0x500, stack top @0x3d7000, stack top virt @0xff00003d7000, entry virt @0xffff8019b128
CPU6 - hard id 0x600, stack top @0x41a000, stack top virt @0xff000041a000, entry virt @0xffff8019b128
CPU7 - hard id 0x700, stack top @0x45d000, stack top virt @0xff000045d000, entry virt @0xffff8019b128
EL: 2
Mapping early memory regions...
Ram                 : [0x0000000000200000, 0x00000000f0000000) -> [0x0000000000200000, 0x00000000f0000000) (3.75 GiB)
Ram                 : [0x0000000100000000, 0x00000003fc000000) -> [0x0000000100000000, 0x00000003fc000000) (11.94 GiB)
Ram                 : [0x00000003fc500000, 0x00000003fff00000) -> [0x00000003fc500000, 0x00000003fff00000) (58 MiB)
Ram                 : [0x00000004f0000000, 0x0000000500000000) -> [0x00000004f0000000, 0x0000000500000000) (256 MiB)
KImage              : [0x0000ffff80000000, 0x0000ffff80400000) -> [0x0000000002000000, 0x0000000002400000) (4 MiB)
PerCpu              : [0x0000ff0000245000, 0x0000ff000045d000) -> [0x0000000000245000, 0x000000000045d000) (2.09 MiB)
Debug serial        : [0x00000000feb50000, 0x00000000feb51000) -> [0x00000000feb50000, 0x00000000feb51000) (4 KiB)
Boot page table at physical address: 0x45d000
Setting up table registers...
MMU Entry point at physical address: 0x21967b4
Trap vector at 0xffff80197000
Memory Map:
  Rsv    0x00000000110000 - 0x00000000245000 (1.21 MiB)
  PerCPU 0x00000000245000 - 0x0000000045d000 (2.09 MiB)
  Rsv    0x0000000045d000 - 0x0000000046c000 (60 KiB)
  Free   0x0000000046c000 - 0x00000002000000 (27.58 MiB)
  KImg   0x00000002000000 - 0x00000002400000 (4 MiB)
  Free   0x00000002400000 - 0x0000000a100000 (125 MiB)
  Rsv    0x0000000a100000 - 0x0000000a145000 (276 KiB)
  Free   0x0000000a145000 - 0x0000000a200000 (748 KiB)
  Rsv    0x0000000a200000 - 0x0000000b65f000 (20.37 MiB)
  Free   0x0000000b65f000 - 0x00000010000000 (73.63 MiB)
  Rsv    0x00000010000000 - 0x00000020000000 (256 MiB)
  Free   0x00000020000000 - 0x000000f0000000 (3.25 GiB)
  MMIO   0x000000feb50000 - 0x000000feb51000 (4 KiB)
  Free   0x00000100000000 - 0x000003fc000000 (11.94 GiB)
  Free   0x000003fc500000 - 0x000003fff00000 (58 MiB)
  Free 4f0000000 - 0x00000500000000 (25Jumping to main entry point at 0xffff8017e22c with SP 0x0000ff0000288000

       d8888                            .d88888b.   .d8888b.
      d88888                           d88P" "Y88b d88P  Y88b
     d88P888                           888     888 Y88b.
    d88P 888 888d888  .d8888b  .d88b.  888     888  "Y888b.
   d88P  888 888P"   d88P"    d8P  Y8b 888     888     "Y88b.
  d88P   888 888     888      88888888 888     888       "888
 d8888888888 888     Y88b.    Y8b.     Y88b. .d88P Y88b  d88P
d88P     888 888      "Y8888P  "Y8888   "Y88888P"   "Y8888P"

arch = aarch64
platform = RK3588 OPi 5 Plus
target = aarch64-unknown-none-softfloat
build_mode = 
log_level = info
backtrace = false
smp = 4

[37m[ 56.244970 ax_runtime:213] [32mLogging is enabled.[m
[m[37m[ 56.245455 ax_runtime:214] [32mPrimary CPU 0 started, arg = 0x200000.[m
[m[37m[ 56.246085 ax_runtime:216] [32mFound physcial memory regions:[m
[m[37m[ 56.246708 ax_runtime:218] [32m  [PA:0x110000, PA:0x245000) reserved (READ | WRITE | EXECUTE | RESERVED)[m
[m[37m[ 56.247599 ax_runtime:218] [32m  [PA:0x245000, PA:0x45d000) reserved (READ | WRITE | EXECUTE | RESERVED)[m
[m[37m[ 56.248491 ax_runtime:21m  [PA:0x45d000, PA:0x46c000) re0x2000000) free memory (READ | WRITE | FREE)[m
[m[37m[ 56.250201 ax_runtime:218] [32m  [PA:0x2000000, PA:0x2400000) reserved (READ | WRITE | EXECUTE | RESERVED)[m
[m[37m[ 56.251109 ax_runtime:218] [32m  [PA:0x2400000, PA:0xa100000) free memory (READ | WRITE | FREE)[m
[m[37m[ 56.251933 ax_runtime:218] [32m  [PA:0xa100000, PA:0xa145000) reserved (READ | WRITE | EXECUTE | RESERVED)[m
[m[37m[ 56.252841 ax_runtime:218] [32m  [PA:0xa145000, PA:0xa200000) free memory (READ | WRITE | FREE)[m
[m[37m[ 56.253666 ax_runtime:218] [32m  [PA:0xa200000, PA:0xb65f000) reserved (READ | WRITE | EXECUTE | RESERVED)[m
[m[37m[ 56.254574 ax_runtime:218] [32m  [PA:0xb65f000, PA:0x10000000) free memory (READ | WRITE | FREE)[m
[m[37m[ 56.255406 ax_runtime:218] [32m  [PA:0x10000000, PA:0x20000000) reserved (READ | WRITE | EXECUTE | RESERVED)[m
[m[37m[ 56.256328 ax_runtime:218] [32m  [PA:0x20000000, PA:0xf0000000) free memory (READ | WRITE | FREE)[m
[m[37m[ 56.257169 ax_runtime:218] [32m  [PA:0xfeb50000, PA:0xfeb51000) mmio (READ | WRITE | DEVICE | RESERVED)[m
[m[37m[ 56.258054 ax_runtime:218] [32m  [PA:0x100000000, PA:0x3fc000000) free memory (READ | WRITE | FREE)[m
[m[37m[ 56.258909 ax_runtime:218] [32m  [PA:0x3fc500000, PA:0x3fff00000) free memory (READ | WRITE | FREE)[m
[m[37m[ 56.259764 ax_runtime:218] [32m  [PA:0x4f000) free memory (READ | WRITE | FREE)[m
[m[37m[ 56.260619 ax_runtime:360] [32mInitialize global memory allocator...[m
[m[37m[ 56.261241 ax_runtime:361] [32m  use buddy-slab-allocator allocator.[m
[m[37m[ 56.261865 ax_alloc::buddy_slab:150] [32mInitialize global memory allocator, start_vaddr: 0x100000000, size: 0x2fc000000[m
[m[37m[ 56.274389 ax_alloc::buddy_slab:399] [32mglobal allocator initialized[m
[m[37m[ 56.275014 ax_alloc::buddy_slab:160] [32mAdd memory region, start_vaddr: 0x46c000, size: 0x1b94000[m
[m[37m[ 56.275887 ax_alloc::buddy_slab:160] [32mAdd memory region, start_vaddr: 0x2400000, size: 0x7d00000[m
[m[37m[ 56.276855 ax_alloc::buddy_slab:160] [32mAdd memory region, start_vaddr: 0xa145000, size: 0xbb000[m
[m[37m[ 56.277689 buddy_slab_allocator::global:143] [32mGlobalAllocator: skip region 0xa145000+0xbb000, no allocator-visible memory after 2097152 alignment[m
[m[37m[ 56.278911 ax_alloc::buddy_slab:160] [32mAdd memory region, start_vaddr: 0xb65f000, size: 0x49a1000[m
[m[37m[ 56.279836 ax_alloc::buddy_slab:160] [32mAdd memory region, start_vaddr: 0x20000000, size: 0xd0000000[m
[m[37m[ 56.283835 ax_alloc::buddy_slab:160] [32mAdd memory region, start_vaddr: 0x3fc500000, size: 0x3a00000[m
[m[37m[ 56.284757 ax_alloc::buddy_slab:160] [32mAdd memory region, start_vaddr: 0x4f0000000, size: 0x10000000[m
[m[37m[ 56.285872 ax_runtime:253] [32mkernel aspace: [VA:0x0, VA:0xffffffffffffffff)[m
[m[37m[ 56.286557 ax_mm:92] [32mInitialize virtual memory management...[m
[m[37m[ 57.304885 ax_runtime:265] [32mInitialize platform devices...[m
[m[37m[ 57.359000 someboot::arch::power:23] [32mPower management method : SMC[m
[m[37m[ 57.359643 somehal::driver:5] [32mInializing rdrive with FDT at 0x200000[m
[m[37m[ 57.674486 ax_task::api:149] [32mInitialize scheduling...[m
[m[37m[ 57.675054 ax_task::api:154] [32m  use FIFO schedx_runtime:291] [32mInitialize interrupt handlers...[m
[m[37m[ 57.677471 ax_runtime::devices:2] [32mProbe platform devices...[m
[m[37m[ 57.774732 ax_driver::soc::scmi:55] [33m[scmi] SCMI shmem phandle 71 cannot be resolved by rdrive; using RK3588 shmem fallback 0x10f000+0x100[m
[m[37m[ 57.775924 ax_driver::soc::scmi:76] [32mSCMI SMC registered: smc_id=0x82000010, shmem_phandle=71, shmem=0x10f000+0x100[m
[m[37m[ 57.777576 ax_driver::soc::rockchip::cru::rk3588:60] [32mRK3588 CRU reg: addr=0xfd7c0000, size=0x5c000, rockchip,grf=<0x77>[m
[m[37m[ 57.778667 rockchip_soc::variants::rk3588::cru:122] [32mCRU@fd7c0000: Initializing and verifying clock configuration...[m
[m[37m[ 57.779667 rockchip_soc::variants::rk3588::cru:173] [33m⚠ CRU@fd7c0000: ACLK_BUS_ROOT div mismatch! u-boot: 3, current: 4[m
[m[37m[ 57.780710 rockchip_soc::variants::rk3588::cru:247] [32m✓ CRU@fd7c0000: Clock configuration verified[m
[m[37m[ 57.781590 ax_driver::soc::rockchip::cru::rk3588:79] [32mRK3588 CRU clock/reset registered successfully[[37m[ 57.783649 ax_driver::soc::rockchip::pm:61] [32mRockchip power-domain provider registered successfully[m
[m[37m[ 57.821316 ax_driver::soc::rockchip::pinctrl:239] [32mRockchip RK3588 pinctrl registered successfully[m
[m[37m[ 58.258790 ax_driver::soc::fixed_regulator:70] [32mFixed regulator vcc5v0_host enabled via pinctrl[m
[m[37m[ 58.353293 ax_driver::soc::fixed_regulator:70] [32mFixed regulator vcc3v3_pcie_eth enabled via pinctrl[m
[m[37m[ 58.398855 ax_driver::soc::fixed_regulator:70] [32mFixed regulator wifi_disable enabled via pinctrl[m
[m[37m[ 58.461620 ax_driver::block::rockchip::sd:218] [32m[mmc@fe2c0000] vqmmc-supply phandle Phandle(283) is not a fixed GPIO r skip pinctrl enable[m
[m[37m[ 58.462917 ax_driver::soc::scmi:124] [32mSCMI clock enabled: clock_id=0x17[m
[m[37m[ 58.463581 ax_driver::block::rockchip::clock:53] [32m[mmc@fe2c0000] enabled SDMMC SCMI clock Some("biu") (0x17)[m
[m[37m[ 58.464535 ax_driver::soc::scmi:124] [32mSCMI clock enabled: clock_id=0x9[m
[m[37m[ 58.465190 ax_driver::block::rockchip::clock:53] [32m[mmc@fe2c0000] enabled SD[m
[m[37m[ 58.466140 ax_driver::block::rockchip::clock:100] [32m[mmc@fe2c0000] enabled SDMMC clock Some("ciu-drive") (0x2c2)[m
[m[37m[ 58.467108 ax_driver::block::rockchip::clock:100] [32m[mmc@fe2c0000] enabled SDMMC clock Some("ciu-sample") (0x2c3)[m
[m[37m[ 58.468109 ax_driver::block::rockchip::sd:129] [32mrockchip-dwmmc probe: node=mmc@fe2c0000, addr=0xfe2c0000, size=0x4000[m
[m[37m[ 58.469208 ax_driver::soc::scmi:149] [32mSCMI clock rate set: clock_id=0x9, rate=50000000 Hz[m
[m[37m[ 58.470013 ax_driver::soc::scmi:95] [32mSCMI clock rate get: clock_id=0x9, rate=49500000 Hz[m
[m[37m[ 58.470804 ax_driver::block::rockchip::sd:142] [32mrockchip-dwmmc: using ciu reference clock 49500000 Hz[m
[m[37m[ 58.471790 ax_driver::block::rockchip::sd::phase:43] [32mrockchip-dwmmc: RK3588 SDMMC phase configured: drive=90deg sample=0deg parent=49500000Hz[m
[m[37m[ 58.472988 ax_driver::block::rockchip::sd:160] [32mrockchip-dwmmc: initialize card through native host2 bus ops[m
[m[37m[ 58.473936 sdmmc_protocol::sdio::init:487] [32msdio: submit bus op ResetAll[m
[m[37m[ 58.474625 sdmmc_protocol::sdio::init:487] [32msdio: submit bus op PowerOn[m
[m[37m[ 58.485297 sdmmc_protocol::sdio::init:487] [32msdio: submit bus op SwitchVoltage(V330)[m
[m[37m[ 58.486055 sdmmc_protnit:449] [32msdio: submit bus op SetBusWidth(Bit1)[m
[m[37m[ 58.486797 sdmmc_protocol::sdio::init:449] [32msdio: submit bus op SetClock(Identification)[m
[m[37m[ 58.487603 ax_driver::soc::scmi:149] [32mSCMI clock rate set: clock_id=0x9, rate=800000 Hz[m
[m[37m[ 58.488390 ax_driver::soc::scmi:95] [32mSCMI clock rate get: clock_id=0x9, rate=800000 Hz[m
[m[37m[ 58.489165 ax_driver::block::rockchip::sd:91] [32mrockchip-dwmmc: ciu clock set target=400000 Hz cclkin=800000 Hz bus=400000 Hz[m
[m[37m[ 58.522204 sdmmc_protocol::sdio::init:695] [32msdio: detected Sd ocr=0xc0ff8000[m
[m[37m[ 58.524252 sdmmc_protocol::sdio::init:849] [32msdio: CSD capacity_blocks=Some(62333952)[m
[m[37m[ 58.525329 sdmmc_protocol::sdio::init:863] [32msdio: switch SD bus width to 4-bit[m
[m[37m[ 58.526668 sdmmc_protocol::sdio::init:449] [32msdio: submit bus op SetBusWidth(Bit4)[m
[m[37m[ 58.527412 sdmmc_protocol::sdio::init:449] [32msdio: submit bus op SetClock(Default)[m
[m[37m[ 58.528164 ax_driver::soc::scmi:149] [32mSCMI clock rate set: clock_id=0x9, rate=50000000 Hz[m
[m[37m[ 58.528965 ax_driver::soc::scmi:95] [32mSCMI clock rate get: clock_id=0x9, rate=49500000 Hz[m
[m[37m[ 58.529755 ax_driver::block::rockchip::sd:91] [32mrockchip-dwmmc: ciu clock set target=25000000 Hz cclkin=49500000 Hz bus=24750000 Hz[m
[m[37m[ 58.533710 ax_driver::soc::scmi:149] [32mSCMI clock rate set: clock_id=0x9, rate=100000000 Hz[m
[m[37m[ 58.534518 ax_driver::soc::scmi:95] [32mSCMI clock rate get: clock_id=0x9, rate=99000000 Hz[m
[m[37m[ 58.535309 ax_driver::block::rockchip::sd:91] [32mrockchip-dwmmc: ciu clock set target=50000000 Hz cclkin=99000000 Hz bus=49500000 Hz[m
[m[37m[ 58.536447 sdmmc_protocol::sdio::init:1442] [32msdio: SD speed selected HighSpeed[m
[m[37m[ 58.537164 sdmmc_protocol::sdio::init:1463] [32msdio: init done kind=Sd sd_v2=true high_capacity=true rca=0xaaaa ocr=0xc0ff8000 host_bus_width=Bit4 ext_csd_bus_width=None ext_csd_timing=None[m
[m[37m[ 58.538712 ax_driver::block::rockchip::sd:169] [32mrockchip-dwmmc card: kind=Sd high_capacity=true rca=43690 ocr=0xc0ff8000 capacity_blocks=Some(62333952) cid=true ext_csd=false[m
[m[37m[ 58.541212 ax_driver::block::rockchip::sd::phase:67] [32mrockchip-dwmmc: sample phase probe 0deg: block0_ok=true mbr_sig=aa55 block0_head=[00, 00, 00, 00, 00, 00, 00, 00, 00, 00, 00, 00, 00, 00, 00, 00] block1_ok=true gpt_head=[45, 46, 49, 20, 50, 41, 52, 54][m
[m[37m[ 58.543273 ax_driver::block::rockchip::sd::phase:81] [32mrockchip-dwmmc: selected RK3588 SDMMC sample phase 0deg[m
[m[37m[ 58.544353 ax_driver::block::rockchip::sd:199] [32mrockchip-sd block device registered irq=None[m
[m[37m[ 58.545940 ax_driver::block::rockchip::clock:100] [32m[mmc@fe2e0000] enabled SDHCI clock Some("core") (0x13a)[m
[m[37m[ 58.546876 ax_driver::block::rockchip::clock:100] [32m[mmc@fe2e0000] enabled SDHCI clock Some("bus") (0x138)[m
[m[37m[ 58.547805 ax_driver::block::rockchip::clock:100] [32m[mmc@fe2e0000] enabled SDHCI clock Some("axi") (0x139)[m
[m[37m[ 58.548728 ax_driver::block::rockchip::clock:100] [32m[mmc@fe2e0000] enabled SDHCI clock Some("block") (0x13b)[m
[m[37m[ 58.549666 ax_driver::block::rockchip::clock:100] [32m[mmc@fe2e0000] enabled SDHCI clock Some("timer") (0x13c)[m
[m[37m[ 58.550616 ax_driver::block::rockchip::sdhci_rk3588:166] [32mrockchip-sdhci probe: node=mmc@fe2e0000, addr=0xfe2e0000, size=0x10000[m
[m[37m[ 58.551756 ax_driver::block::rockchip::sdhci_rk3588:176] [32mrockchip-sdhci: using external CRU clock[m
[m[37m[ 58.552622 ax_driver::block::rockchip::sdhci_rk3588:185] [32mrockchip-sdhci: initialize card through native host2 bus ops[m
[m[37m[ 58.553644 sdmmc_protocol::sdio::init:487] [32msdio: submit bus op ResetAll[m
[m[37m[ 58.554335 ax_driver::block::rockchip::sdhci_rk3588:252] [32mrockchip-sdhci: RK3588 DWCMSHC vendor reset area1=0x500[m
[m[37m[ 58.555316 sdmmc_protocol::sdio::init:487] [32msdio: submit bus op PowerOn[m
[m[37m[ 58.565985 sdmmc_protocol::sdio::init:487] [32msdio: submit bus op SwitchVoltage(V330)[m
[m[37m[ 58.566758 sdmmc_protocol::sdio::init:449] [32msdio: submit bus op SetBusWidth(Bit1)[m
[m[37m[ 58.567501 sdmmc_protocol::sdio::init:449] [32msdio: submit bus op SetClock(Identification)[m
[m[37m[ 58.568307 ax_driver::block::rockchip::sdhci_rk3588:118] [32mrockchip-sdhci: core clock set to 375000 Hz[m
[m[37m[ 58.620081 sdmmc_protocol::sdio::init:780] [32msdio: detected Mmc ocr=0xc0ff8080[m
[m[37m[ 58.622222 sdmmc_protocol::sdio::init:849] [32msdio: CSD capacity_blocks=None[m
[m[37m[ 58.634635 sdmmc_protocol::sdio::init:950] [32msdio: EXT_CSD sector_count=122224640[m
[m[37m[ 58.636031 ax_driver::block::rockchip::sdhci_rk3588:118] [32mrockchip-sdhci: core clock set to 25000000 Hz[m
[m[37m[ 58.636987 ax_driver::block::rockchip::sdhci_rk3588:118] [32mrockchip-sdhci: core clock set to 50000000 Hz[m
[m[37m[ 58.637902 sdmmc_protocol::sdio::init:1210] [32msdio: MMC speed selected HighSpeed bus_width=Bit8[m
[m[37m[ 58.638739 sdmmc_protocol::sdio::init:1463] [32msdio: init done kind=Mmc sd_v2=false high_capacity=true rca=0x1 ocr=0xc0ff8080 host_bus_width=Bit8 ext_csd_bus_width=Some(Sdr1) ext_csd_timing=Some(Compat)[m
[m[37m[ 58.640381 ax_driver::block::rockchip::sdhci_rk3588:191] [32mSDHCI card: kind=Mmc high_capacity=true rca=1 ocr=0xc0ff8080 capacity_blocks=Some(122224640) cid=true ext_csd=true[m
[m[37m[ 58.641912 ax_driver::block::rockchip::sdhci_rk3588:208] [32mrockchip-sdhci block device registered irq=None[m
[m[37m[ 58.642949 ax_runtime::irq:120] [32mregistered rockchip-sd/0 irq IrqId { domain: IrqDomainId(7), hwirq: HwIrq(235) }[m
[m[37m[ 58.643950 ax_fs_ng::block::runtime::device:1359] [33mrdif filesystem block device rockchip-sd registered with IRQ-driven completion[m
[m[37m[ 58.645048 ax_fs_ng::block::runtime::device:1361] [32mregistered rdif filesystem block device rockchip-sd[m
[m[37m[ 58.645997 ax_runtime::irq:120] [32mregistered rockchip-sdhci/0 irq IrqId { domain: IrqDomainId(7), hwirq: HwIrq(237) }[m
[m[37m[ 58.647001 ax_fs_ng::block::runtime::device:1359] [33mrdif filesystem block device rockchip-sdhci registered with IRQ-driven completion[m
[m[37m[ 58.648126 ax_fs_ng::block::runtime::device:1361] [32mregistered rdif filesystem block device rockchip-sdhci[m
[m[37m[ 58.684210 ax_fs_ng::root:256] [32m    partition 1 name=Some("bootfs") fs=Some(Fat) lba 61440..2158592[m
[m[37m[ 58.685349 ax_fs_ng::root:256] [32m    partition 2 name=None fs=Some(Ext4) lba 2158592..61702144[m
[m[37m[ 58.686182 ax_fs_ng::root:272] [32m  block device 0 (rockchip-sd) has Gpt partition table with 2 partitions[m
[m[37m[ 58.702576 ax_fs_ng::root:256] [32m    partition 1 name=Some("uboot") fs=None lba 8192..16384[m
[m[37m[ 58.703645 ax_fs_ng::root:256] [32m    partition 2 name=Some("misc") fs=None lba 16384..24576[m
[m[37m[ 58.704674 ax_fs_ng::root:256] [32m    partition 3 name=Some("bootctrl") fs=None lba 24576..28672[m
[m[37m[ 58.705745 ax_fs_ng::root:256] [32m    partition 4 name=Some("resource") fs=None lba 28672..40960[m
[m[37m[ 58.706704 ax_fs_ng::root:256] [32m    partition 5 name=Some("boot_linux") fs=Some(Ext4) lba 40960..237568[m
[m[37m[ 58.707875 ax_fs_ng::root:256] [32m    partition 6 name=Some("ramdisk") fs=None lba 237568..245760[m
[m[37m[ 58.708881 ax_fs_ng::root:256] [32m    partition 7 name=Some("system") fs=Some(Ext4) lba 245760..4440064[m
[m[37m[ 58.709935 ax_fs_ng::root:256] [32m    partition 8 name=Some("vendor") fs=Some(Ext4) lba 4440064..6537216[m
[m[37m[ 58.710955 ax_fs_ng::root:256] [32m    partition 9 name=Some("sys-prod") fs=Some(Ext4) lba 6537216..6639616[m
[m[37m[ 58.711993 ax_fs_ng::root:256] [32m    partition 10 name=Some("chip-prod") fs=Some(Ext4) lba 6639616..6742016[m
[m[37m[ 58.713139 ax_fs_ng::root:256] [32m    partition 11 name=Some("updater") fs=None lba 6742016..6807552[m
[m[37m[ 58.714186 ax_fs_ng::root:256] [32m    partition 12 name=Some("eng_system") fs=None lba 6807552..6840320[m
[m[37m[ 58.715248 ax_fs_ng::root:256] [32m    partition 13 name=Some("eng_chipset") fs=None lba 6840320..6873088[m
[m[37m[ 58.716317 ax_fs_ng::root:256] [32m    partition 14 name=Some("chip_ckm") fs=None lba 6938624..7069696[m
[m[37m[ 58.717497 ax_fs_ng::root:256] [32m    partition 15 name=Some("userdata") fs=None lba 19955712..122224576[m
[m[37m[ 58.718396 ax_fs_ng::root:272] [32m  block device 1 (rockchip-sdhci) has Gpt partition table with 15 partitions[m
[m[37m[ 58.719375 ax_fs_ng::root:363] [32m  matched root by PARTUUID on disk0 partition 2 (<unnamed>, fs=ext4, lba 2158592..61702144)[m
[m[37m[ 58.720432 ax_fs_ng:75] [32mInitialize filesystem subsystem...[m
[m[37m[ 58.721004 ax_fs_ng:76] [32m  selected root device: disk0 partition 2 (<unnamed>, fs=ext4, lba 2158592..61702144)[m
[m[37m[ 58.746992 rsext4::ext4::mount:327] [32m/lost+found exists (superblock hint inode=11)[m
[m[37m[ 58.748686 rsext4::ext4::mount:462] [32mExt4 filesystem mounted[m
[m[37m[ 58.749267 rsext4::ext4::mount:463] [32  - block size: 4096 bytes[m
[m[37m[ 58.749875 rsext4::ext4:ount:464] [32m  - total blocks:442944[m
[m[37m[ 58.750475 r:465] [32m  - free blocks: 6458631[m
[m[37m[ 58.751067 rsext4::ext4::mount:466] [32m  - total inodes: 1845888[m
[m[37m[ 58.751667 rsext4::ext4::mount:467] [32m  - free inodes: 1796917[m
[m[37m[ 58.752260 rsext4::ext4::sync:13] [32mSyncing filesystem...[m
[m[37m[ 58.763359 rsext4::ext4::mount:546] [32mExt4 filesystem mounted[m
[m[37m[ 58.763964 ax_fs_ng:88] [32m  filesystem type: "ext4"[m
[m[37m[ 58.774963 ax_fs_ng::root:518] [32m  mounting partition disk0 partition 1 (bootfs, fs=fat, lba 61440..2158592) at /boot[[m[37m[ 58.777119 ax_runtime::mp:79] [32mSecondary CPU 1 started.[m
[m[37m[ 58.778549 ax_runtime::mp:79] [32mSecondary CPU 2 started.[m
[m[37m[ 58.779018 ax_runtime::mp:107] [32mSecondary CPU 1 init OK.[m
[m[37m[ 58.780353 ax_runtime:336] [32mPrimary CPU 0 init OK.[m
[m[37m[ 58.780353 ax_runtime::mp:79] [32mSecondary CPU 3 started.[m
[m[37m[ 58.781151 ax_runtime::mp:107] [32mSecondary CPU 2 init OK.[m
[m[37m[ 58.784219 ax_runtime::mp:107] [32mSecondary CPU 3 init OK.[m
[m

       d8888            888     888  d8b
      d88888            888     888  Y8P
     d88P888            888     888
    d88P 888  888  888  Y88b   d88P  888  .d8888b    .d88b.   888d888
   d88P  888  `Y8bd8P'   Y88b d88P   888  88K       d88""88b  888P"
  d88P   888    X88K      Y88o88P    888  "Y8888b.  888  888  888
 d8888888888  .d8""8b.     Y888P     888       X88  Y88..88P  888
d88P     888  888  888      Y8P      888   88888P'   "Y88P"   888


by AxVisor Team

[37m[ 58.788455 0:2 axvisor:51] [32mStarting virtualization...[m
[m[37m[ 58.788995 0:2 axvm::host::arceos:230] [32mEnabling hardware virtualization support on all cores...[m
[m[37m[ 58.789850 0:2 axvm::host::arceos:236] [32mCore 0 is initializing hardware virtualization support...[m
[m[37m[ 58.790712 0:2 axvm::timer:101] [32mInitializing AxVM timer wheel...[m
[m[37m[ 58.791337 0:2 axvm::host::arceos:238] [32mHardware virtualization support enabled on core 0[m
[m[37m[ 58.793144 1:11 axvm::host::arceos:248] [32mCore 1 is initializing hardware virtualization support...[m
[m[37m[ 58.794010 1:11 axvm::timer:101] [32mInializing AxVM timer wheel...[m
[m[37m[ 58.794487 2:12 axvm::host::arceos:248] [32mCore 2 is initializing hardware virtualization support...[m
[m[37m[ 58.794641 1:11 axvm::host::arceos:251] [32mHardware virtualization support enabled on core 1[m
[m[37m[ 58.796203 0:2 axvm::host::arceos:264] [32mWaiting for all cores to enable hardware virtualization...[m
[m[37m[ 58.796207 3:13 axvm::host::arceos:248] [32mCore 3 is initializing hardware virtualization support...[m
[m[37m[ 58.795510 2:12 axvm::timer:101] [32mInitializing AxVM timer wheel...[m
[m[37m[ 58.798061 3:13 axvm::timer:101] [32mInitializing AxVM timer wheel...[m
[m[37m[ 58.798693 2:12 axvm::host::arceos:251] [32mHardware virtualization support enabled on core 2[m
[m[37m[ 58.799323 3:13 axvm::host::arceos:251] [32mHardware virtualization support enabled on core 3[m
[m[37m[ 58.801130 0:2 axvm::arch::aarch64::gic:55] [32mUsing per-CPU GICv3 system registers for virtual IRQs[m
[m[37m[ 58.884678 0:2 axvm::arch::aarch64::gic:132] [32mAArch64 host virtual-timer PPI 27 is available for guest forwarding[m
[m[37m[ 58.885661 0:2 axvm::host::arceos:280] [32mAll cores have enabled hardware virtualization support.[m
[m[37m[ 58.888049 0:2 axvisor::manager:127] [32mNOT find dir: /guest/vm_default in filesystem[m
[m[37m[ [37m[ 58.962396 0:2 axvm::arch::aarch64::fdt::core::parser:386] [32mCPU node: /cpus/cpu@0, node_id: 0x0, guest_cpu_id: 0x0[m6 0:2 axvm::arch::aarch64::fdt::core::parser:386] [32mCPU node:cpus/cpu@100, node_id: 0x100, guest_cpu_id: 0x100[m
[m[37m[ 58.964454 0:2 axvm::arch::aarch64::fdt::core::parser:386] [32mCPU node: /cpus/cpu@200, node_id: 0x200, guest_cpu_id: 0x200[m
ch::aarch64::fdt::core::parser:386] [32mCPU node: /cpus/cpu@300, node_id: 0x300, guest_cpu_id: 0x300[m
[m[37m[ 58.966548 0:2 axvm::arch::aarch64::fdt::core::parser:386] [32mCPU node: /cpus/cpu@400, node_id: 0x400, guest_cpu_id: 0x400[m
[m[37m[ 58.967601 0:2 axvm::arch::aarch64::fdt::core::parser:386] [32mCPU node: /cpus/cpu@500, node_id: 0x500, guest_cpu_id: 0x500[m
[m[37m[ 58.968649 0:2 axvm::arch::aarch64::fdt::core::parser:386] [32mCPU node: /cpus/cpu@600, node_id: 0x600, guest_cpu_id: 0x600[m
[m[37m[ 58.969696 0:2 axvm::arch::aarch64::fdt::core::parser:386] [32mCPU node: /cpus/cpu@700, node_id: 0x700, guest_cpu_id: 0x700[m
[m[37m[ 58.982680 0:2 axvm::arch::aarch64::fdt::core::parser:393] [32mFound 8 host CPU nodes[m
[m[37m[ 58.983436 0:2 axvm::a[37m[ 70.563887 0:2 axvisor::config:139] [32mCreating VM[1] "starry-ivc-orangepi-ack-loss"[m
[m[37m[ 70.564678 0:2 axvm::vm:633] [32mVM created: id=1[m
[m[37m[ 71.061305 0:2 axvisor::config:151] [32mVM[1] created success, loading images...[m
[m[37m[ 73.465335 0:2 axdevice::device:1350] [32mAxVmDevices: registered device id=0[m
[m[37m[ 73.466026 0:2 axdevice::devicistributor initialized with base GPA 0x8000000 and length 0x10000[m
[m[37m[ 73.466989 0:2 axdevice::device:1350] [32mAxVmDevices: registered device id=1[m
[m[37m[ 73.467674 0:2 axdevice::device:311] [32mGPPT Redistributor initialized for vCPU 0 with base GPA 0x80a0000 and length 0x20000[m
[m[37m[ 73.468727 0:2 axdevice::device:1350] [32mAxVmDevices: registered device id=2[m
[m[37m[ 73.469413 0:2 axdevice::device:311] [32mGPPT Redistributor initialized for vCPU 1 with base GPA 0x80c0000 and length 0x20000[m
[m[37m[ 73.470470 0:2 axdevice::device:1350] [32mAxVmDevices: registered device id=3[m
[m[37m[ 73.471153 0:2 axdevice::device:518] [32mvirtio-blk 'virtio-blk-starry' initialized at GPA 0xa000000 IRQ 48 with backing 0 (67108864 bytes)[m
[m[37m[ 73.472314 0:2 axdevice::device:1350] [32mAxVmDevices: registered device id=4[m
[m[37m[ 73.472998 0:2 axdevice::device:576] [32mvirtitarry' initialized at GPA 0xa001000 IRQ 56 segment 1 header mode Negotiated (MAC 52:54:00:00:00:01)[m
[m[37m[ 73.474361 0:2 axdevice::device:1350] [32mAxVmDevices: registered device id=5[m
[m[37m[ 73.475045 0:2 axvm::arch::aarch64::vm:134] [32mAArch64 PL011 console 'pl011-starry' initialized at GPA 0x9000000 with length 0x1000[m
[m[37m[ 73.476160 0:2 axdevice::device:1350] [32mAxVmDevices: registered device id=6[m
[m[37m[ 73.476848 0:2 axdevice::device:1350] [32mAxVmDevices: registered device id=7[m
[m[37m[ 73.477537 0:2 axdevice::device:1350] [32mAxVmDevices: registered device id=8[m
[m[37m[ 73.478256 0:2 axvm::vm::prepare:101] [32mVM setup: id=1[m
[m[37m[ 73.545057 0:2 axvm::arch::aarch64::fdt::core::parser:386] [32mCPU node: /cpus/cpu@0, node_id: 0x0, guest_cpu_id: 0x0[m37m[ 73.546067 0:2 axvm::arch::aarch64::fdt::core::parser:386] [32mCPU node: /cpus/cpu@100, node_id: 0x100, guest_cpu_id: 0x100[m
[m[37m[ 73.547117 0:2 axvm::arch::aarch64::fdt::core::parser:386] [32mCPU node: /cpus/cpu@200, node_id: 0x200, guest_cpu_id: 0x200[m
[m[37m[ 73.548170 0:2 axvm::arch::aarch64::fdt::core::parser:386] [32mCPU node: /cpus/cpu@300, node_id: 0x300, guest_cpu_id: 0x300[m
[m[37m[ 73.549219 0:2 axvm::arch::aarch64::fdt::core::parser:386] [32mCPU node: /cpus/cpu@400, node_id: 0x400, guest_cpu_id: 0x400[m
[m[37m[ 73.550270 0:2 axvm::arch::aarch64::fdt::core::parser:386] [32mCPU node: /cpus/cpu@500, node_id: 0x500, guest_cpu_id: 0x500[m
[m[37m[ 73.551319 0:2 axvm::arch::aarch64::fdt::core::parser:386] [32mCPU node: /cpus/cpu@600, node_id: 0x600, guest_cpu_id: 0x600[m
[m[37m[ 73.552368 0:2 axvm::arch::aarch64::fdt::core::parser:386] [32mCPU node: /cpus/cpu@700, node_id: 0x700, guest_cpu_id: 0x700[m
[m[37m[ 73.561106 0:2 axvm::arch::aarch64::fdt::core::parser:393] [32mFound 8 host CPU nodes[m
[m[37m[ 73.561858 0:2 axvm::ach::aarch64::fdt::core:77] [32mVM[2] DTB not found, generating from the VM configuration[m
[m[37m[ 73.668135 0:2 axvm::arch::aarch64::fdt::core::device:96] [32mFound excluded devices: [][m
[m[37m[ 73.706833 0:2 axvisor::config:139] [32mCreating VM[2] "zephyr-ivc-orangepi-ack-loss"[m
[m[37m[ 73.707619 0:2 axvm::vm:633] [32mVM created: id=2[m
[m[37m[ 73.956184 0:2 axvisor::config:151] [32mVM[2] created success, loading images...[m
[m[37m[ 73.958068 0:2 axdevice::device:1350] [32mAxVmDevices: registered device id=0[m
[m[37m[ 73.958756 0:2 axdevice::device:336] [32mGPPT Distributor initialized with base GPA 0x8000000 and length 0x10000[m
[m[37m[ 73.959719 0:2 axdevice::device:1350] [32mAxVmDevices: registered device id=1[m
[m[37m[ 73.960403 0:2 axdevice::device:311] [32mGPPT Redistributor initialized for vCPU 0 with base GPA 0x7m[ 73.961459 0:2 axdevice::device:1350] [32mAxVmDevices: regis' initialized at GPA 0xa002000 IRQ 64 segment 1 header mode FixelveByte (MAC 52:54:00:00:00:02)[m
[m[37m[ 73.963543 0:2 axde350] [32mAxVmDevices: registeredevice id=3[m
[m[37m[ 73.964xvm::arch::aarch64::vm:134] [32mAArch64 PL011 console 'pl011-zer' initialized at GPA 0x9000000 with length 0x1000[m
[m[37m[ 73.965341 0:2 axdevice::device:1350] [32mAxVmDevices: registered device id=4[m
[m[37m[ 73.966030 0:2 axdevice::device:1350] [32mAxVmDevices: registered device id=5[m
[m[37m[ 73.966718 0:2 axdevice::device:1350] [32mAxVmDevices: registered device id=6[m
[m[37m[ 73.967435 0:2 axvm::vm::prepare:101] [32mVM setup: id=2[m
[m[37m[ 73.968023 0:2 axvm::runtime:35] [32mInitializing VMM...[m
[m[37m[ 73.968550 0:2 axvm::runtime:40] [32mVMM starting, booting VMs...[m
[m[37m[ 73.969153 0:2 axvm::vm:820] [32mStarting VM[1][m
[m[37m[ 73.969618 0:2 axvm::runtime::vcpus:236] [32mSpawning task for VM[1] VCpu[0][m
[m[37m[ 73.970314 0:2 axvm::runtime::vcpus:274] [32mVCpu task Task(14, "VM[1]-VCpu[0]") created cpumask: [1, ], initial CPU 1[m
[m[37m[ 73.971339 0:2 axvm::runtime:48] [32mVM[1] boot success[m
[m[37m[ 73.971858 0:2 axvm::vm:820] [32mStarting VM[2][m
[m[37m[ 73.972324 0:2 axvm::runtime::vcpus:236] [32mSpawning task for VM[2] VCpu[0][m
[m[37m[ 73.973016 0:2 axvm::runtime::vcpus:274] [32mVCpu task Task(15, "VM[2]-VCpu[0]") created cpumask: [0, ], initial CPU 0[m
[m[37m[ 73.974023 0:2 axvm::runtime:48] [32mVM[2] boot success[m
[m[37m[ 73.974553 0:15 axvm::runtime::vcpus:332] [32mVM[2] VCpu[0] waiting for running[m
[m[37m[ 73.975255 0:15 axvm::runtime::vcpus:335] [32mVM[2] VCpu[0] running...[m
[m[37m[ 73.975892 0:15 axvm::arch::aarch64::gic:318] [33mVirtual interrupt interface not enabled, enabling now[m
[m[37m[ 73.976776 0:15 axvm::runtime::vcpus:337] [32mVM[2] VCpu[0] first-run architecture setup complete[m
[m[37m[ 73.979023 1:14 axvm::runtime::vcpus:332] [32mVM[1] VCpu[0] waiting for running[m
[m[37m[ 73.979724 1:14 axvm::runtime::vcpus:335] [32mVM[1] VCpu[0] running...[m
[m[37m[ 73.980361 1:14 axvm::arch::aarch64::gic:318] [33mVirtual interrupt interface not enabled, enabling now[m
[m[37m[ 73.981245 1:14 axvm::runtime::vcpus:337] [32mVM[1] VCpu[0] first-run architecture setup complete[m
[m[guest-console:pl011-zephyr] *** Booting Zephyr OS build v4.3.0 ***
[guest-console:pl011-zephyr] IVC-RTOS-SELFTEST PASS vector=rust-wire-v1
[guest-console:pl011-starry] console=ttyAMA0,115200 earlycon=pl011,0x09000000 root=/dev/vda rw fsck.repair=yes
[guest-console:pl011-starry] VM Load @0x80200000
[guest-console:pl011-starry] VM Load Offset: 0x100200000
[guest-console:pl011-starry] Memory Map:
[guest-console:pl011-starry]   Free   0x00000080000000 - 0x00000080200000 (2 MiB)
[guest-console:pl011-starry]   KImg   0x00000080200000 - 0x00000081000000 (14 MiB)
[guest-console:pl011-starry]   Free   0x00000081000000 - 0x00000090000000 (240 MiB)
[guest-console:pl011-starry] Initialize RAM allocator: 0x81000000..0x90000000
[guest-console:pl011-starry] Initializing per-CPU data
[guest-console:pl011-starry] Per-CPU data one cpu size: 0x41000 bytes
[guest-console:pl011-starry] Total per-CPU data size for secondary CPUs: 0x82000 bytes (2 CPUs)
[guest-console:pl011-starry] Flushed RAM used range to memory map: 0x81000000..0x81001000, current: 0x81001000
[guest-console:pl011-starry] Flushed RAM used range to memory map: 0x81001000..0x81083000, current: 0x81083000
[guest-console:pl011-starry] Per-CPU data allocated at 0x81001000 - 0x81083000
[guest-console:pl011-starry] Initializing per-CPU RAM for CPU0 - hard id 0x100 @ 0x81001000
[guest-console:pl011-starry] Initializing per-CPU RAM for CPU1 - hard id 0x200 @ 0x81042000
[guest-console:pl011-starry] CPU0 - hard id 0x100, stack top @0x81042000, stack top virt @0xffffff0081042000, entry virt @0xfffff80364420
[guest-console:pl011-starry] CPU1 - hard id 0x200, stack top @0x81083000, stack top virt @0xffffff0081083000, entry virt @0xffffffff80364420
[guest-console:pl011-starry] EL: 1
[guest-console:pl011-starry] Mapping early memory regions...
[guest-console:pl011-starry] Ram                 : [0xffff000080000000, 0xffff000090000000) -> [0x0000000080000000, 0x0000000090(256 MiB)
[guest-console:pl011-starry] KImage              : [0xffffffff80000000, 0xffffffff80e00000) -> [0x0000000080200000, 0x0000000081000000) (14 MiB)
[guest-console:pl011-starry] PerCpu              : [0xffffff0081001000, 0xffffff0081083000) -> [0x0000000081001000, 0x0000000081083000) (520 KiB)
[guest-console:pl011-starry] Debug serial        : [0xffff000009000000, 0xffff000009001000) -> [0x0000000009000000, 0x0000000009001000) (4 KiB)
[guest-console:pl011-starry] Boot page table at physical address: 0x81083000
[guest-console:pl011-starry] Setting up table registers...
[guest-console:pl011-starry] MMU Entry point at physical address: 0x805679b0
[guest-console:pl011-starry] Trap vector at 0xffffffff80360800
[guest-console:pl011-starry] Memory Map:
[guest-console:pl011-starry]   MMIO   0x00000009000000 - 0x00000009001000 (4 KiB)
[guest-console:pl011-starry]   Free   0x00000080000000 - 0x00000080200000 (2 MiB)
[guest-console:pl011-starry]   KImg   0x00000080200000 - 0x00000081000000 (14 MiB)
[guest-console:pl011-starry]   Rsv    0x00000081000000 - 0x00000081001000 (4 KiB)
[guest-console:pl011-starry]   PerCPU 0x00000081001000 - 0x00000081083000 (520 KiB)
[guest-console:pl011-starry]   Rsv    0x00000081083000 - 0x0000008108d000 (40 KiB)
[guest-console:pl011-starry]   Free   0x0000008108d000 - 0x00000090000000 (239.45 MiB)
[guest-console:pl011-starry] Jumping to main entry point at 0xffffffff8034f05c with SP 0xffffff0081042000
[guest-console:pl011-starry] 
[guest-console:pl011-starry]        d8888                            .d88888b.   .d8888b.
[guest-console:pl011-starry]       d88888                           d88P" "Y88b d88P  Y88b
[guest-console:pl011-starry]      d88P888                           888     888 Y88b.
[guest-console:pl011-starry]     d88P 888 888d888  .d8888b  .d88b.  888     888  "Y888b.
[guest-console:pl011-starry]    d88P  888 888P"   d88P"    d8P  Y8b 888     888     "Y88b.
[guest-console:pl011-starry]   d88P   888 888     888      88888888 888     888       "888
[guest-console:pl011-starry]  d8888888888 888     Y88b.    Y8b.     Y88b. .d88P Y88b  d88P
[guest-console:pl011-zephyr] IVC-RTOS-NET mac=52:54:00:00:00:02 expected=52:54:00:00:00:02
[guest-console:pl011-starry] d88P     888 888      "Y8888P  "Y8888   "Y88888P"   "Y8888P"
[guest-console:pl011-starry] 
[guest-console:pl011-starry] arch = aarch64
[guest-console:pl011-zephyr] IVC-RTOS-READY bind=10.0.0.2:5500 mac=52:54:00:00:00:02 window_bits=64 ack_loss_drop_every=5 expected_commands=100 exit_after_expected=1
[guest-console:pl011-starry] platform = AxVisor Orange Pi 5 Plus IVC StarryOS guest
[guest-console:pl011-starry] target = aarch64-unknown-none-softfloat
[guest-console:pl011-starry] build_mode = 
[guest-console:pl011-starry] log_level = info
[guest-console:pl011-starry] backtrace = false
[guest-console:pl011-starry] smp = 2
[guest-console:pl011-starry] 
[guest-console:pl011-starry] [37m[  0.785327 ax_runtime:213] [32mLogging is enabled.[m
[guest-console:pl011-starry] [m[37m[  0.787228 ax_runtime:214] [32mPrimary CPU 0 started, arg = 0x81000000.[m
[guest-console:pl011-starry] [m[37m[  0.789697 ax_runtime:216] [32mFound physcial memory regions:[m
[guest-console:pl011-starry] [m[37m[  0.791975 ax_runtime:218] [32m  [PA:0x9000000, PA:0x9001000) mmio (READ | WRITE | DEVICE | RESERVED)[m
[guest-console:pl011-starry] [m[37m[  0.795229 ax_runtime:218] [32m  [PA:0x80000000, PA:0x80200000) free memory (READ | WRITE | FREE)[m
[guest-console:pl011-starry] [m[37m[  0.798375 ax_runtime:218] [32m  [PA:0x80200000, PA:0x81000000) reserved (READ | WRITE | EXECUTE | RESERVED)[m
[guest-console:pl011-starry] [m[37m[  0.801812 ax_runtime:218] [32m  [PA:0x81000000, PA:0x81001000) reserved (READ | WRITE | EXECUTE | RESERVED)[m
[guest-console:pl011-starry] [m[37m[  0.805243 ax_runtime:218] [32m  [PA:0x81001000, PA:0x81083000) reserved (READ | WRITE | EXECUTE | RESERVED)[m
[guest-console:pl011-starry] [m[37m[  0.808675 ax_runtime:218] [32m  [PA:0x81083000, PA:0x8108d000) reserved (READ | WRITE | EXECUTE | RESERVED)[m
[guest-console:pl011-starry] [m[37m[  0.812112 ax_runtime:218] [32m  [PA:0x8108d000, PA:0x90000000) free memory (READ | WRITE | FREE)[m
[guest-console:pl011-starry] [m[37m[  0.815258 ax_runtime:360] [32mInitialize global memory allocator...[m
[guest-console:pl011-starry] [m[37m[  0.817646 ax_runtime:361] [32m  use buddy-slab-allocator allocator.[m
[guest-console:pl011-starry] [m[37m[  0.820036 ax_alloc::buddy_slab:150] [32mInitialize global memory allocator, start_vaddr: 0xffff00008108d000, size: 0xef73000[m
[guest-console:pl011-starry] [m[37m[  0.824153 ax_alloc::buddy_slab:399] [32mglobal allocator initialized[m
[guest-console:pl011-starry] [m[37m[  0.826569 ax_alloc::buddy_slab:160] [32mAdd memory region, start_vaddr: 0xffff000080000000, size: 0x200000[m
[guest-console:pl011-starry] [m[37m[  0.829974 buddy_slab_allocator::global:143] [32mGlobalAllocator: skip region 0xffff000080000000+0x200000, no allocator-visible memory after 2097152 alignment[m
[guest-console:pl011-starry] [m[37m[  0.834713 ax_runtime:253] [32mkernel aspace: [VA:0xffff000000000000, VA:0xffffffffffffffff)[m
[guest-console:pl011-starry] [m[37m[  0.837728 ax_mm:92] [32mInitialize virtual memory management...[m
[guest-console:pl011-starry] [m[37m[  0.857123 ax_runtime:265] [32mInitialize platform devices...[m
[guest-console:pl011-starry] [m[37m[  0.860568 someboot::arch::power:23] [32mPower management method : HVC[m
[guest-console:pl011-starry] [m[37m[  0.863052 somehal::driver:5] [32mInitializing rdrive with FDT at 0xffff000081000000[m
[guest-console:pl011-starry] [m[37m[  0.878891 ax_task::api:149] [32mInitialize scheduling...[m
[guest-console:pl011-starry] [m[37m[  0.881075 ax_task::api:154] [32m  use Round-robin scheduler.[m
[guest-console:pl011-starry] [m[37m[  0.883299 ax_runtime:291] [32mInitialize interrupt handlers...[m
[guest-console:pl011-starry] [m[37m[  0.886376 ax_runtime::devices:2] [32mProbe platform devices...[m
[guest-console:pl011-starry] [m[37m[  0.889321 ax_driver::serial::pl011:22] [32mProbing PL011 serial device: serial@9000000[m
[guest-console:pl011-starry] [m[37m[  0.892314 ax_driver::serial::pl011:39] [32mPL011 serial@0xffff000009000000 registered successfully[m
[guest-console:pl011-starry] [m[37m[  0.895879 virtio_drivers::device::blk:63] [32mfound a block device of size 65536KB[m
[guest-console:pl011-starry] [m[37m[  0.898827 ax_driver::virtio::block:91] [32mregistered virtio block device[m
[guest-console:pl011-starry] [m[37m[  0.901623 virtio_drivers::device::net::dev_raw:33] [32mnegotiated_features Features(MAC | VERSION_1)[m
[guest-console:pl011-starry] [m[37m[  0.905233 ax_driver::virtio::net:407] [32mregistered virtio network device irq=None[m
[guest-console:pl011-starry] [mBoot at 1970-01-01 00:00:00.908101250 UTC
[guest-console:pl011-starry] 
[guest-console:pl011-starry] [37m[  0.909947 ax_runtime::irq:120] [32mregistered virtio-blk/0 irq IrqId { domain: IrqDomainId(7), hwirq: HwIrq(48) }[m
[guest-console:pl011-starry] [m[37m[  0.913558 ax_fs_ng::block::runtime::device:1359] [33mrdif filesystem block device virtio-blk registered with IRQ-driven completion[m
[guest-console:pl011-starry] [m[37m[  0.917635 ax_fs_ng::block::runtime::device:1361] [32mregistered rdif filesystem block device virtio-blk[m
[guest-console:pl011-starry] [m[37m[  0.921529 ax_fs_ng::root:249] [32m    raw device fs=Some(Ext4)[m
[guest-console:pl011-starry] [m[37m[  0.923815 ax_fs_ng::root:280] [32m  block device 0 (virtio-blk) has no usable partition table; treating the whole disk as a candidate[m
[guest-console:pl011-starry] [m[37m[  0.927981 ax_fs_ng::root:389] [32m  matched root by raw device path o disk0 raw device[m
[guest-console:pl011-starry] [m[37m[  0.930923 ax_fs_ng:75] [32mInitialize filesystem subsystem...[m
[guest-console:pl011-starry] [m[37m[  0.933172 ax_fs_ng:76] [32m  selected root device: disk0 raw device[m
[guest-console:pl011-starry] [m[37m[  0.935836 rsext4::crc32c::arm64:54] [33mID_AA64ISAR0_EL1[19:16]: 0x1[m
[guest-console:pl011-starry] [m[37m[  0.938321 rsext4::crc32c::arm64:57] [33mHardware CRC32C support detected.[m
[guest-console:pl011-starry] [m[37m[  0.943403 rsext4::ext4::mount:340] [32m/lost+found exists (path resolution, repaired hin inode=11)[m
[guest-console:pl011-starry] [m[37m[  0.947378 rsext4::ext4::mount:462] [32mExt4 filesystem mounted[m
[guest-console:pl011-starry] [m[37m[  0.949661 rsext4::ext4::mount:463] [32m  - block size: 4096 bytes[m
[guest-console:pl011-starry] [m[37m[  0.952028 rsext4::ext4::mount:464] [32m  - total blocks: 16384[m
[guest-console:pl011-starry] [m[37m[  0.954305 rsext4::ext4::mount:465] [32m  - free blocks: 7993[m
[guest-console:pl011-starry] [m[37m[  0.956540 rsext4::ext4::mount:466] [32m  - total inodes: 8192[m
[guest-console:pl011-starry] [m[37m[  0.958790 rsext4::ext4::mount:467] [32m  - free inodes: 8140[guest-console:pl011-starry] [m[37m[  0.961017 rsext4::ext4::sync:13] [32mSyncing filesystem.[m
[guest-console:pl011-starry] [m[37m[  0.965271 rsext4::ext4::mount:546] [32mExt4 filesystem mounted[m
[guest-console:pl011-starry] [m[37m[  0.967602 ax_fs_ng:88] [32m  filesystem type: "ext4"[m
[guest-console:pl011-starry] [m[37m[  0.971124 ax_net:189] [32mInitialize network subsystem...[m
[guest-console:pl011-starry] [m[37m[  0.973538 ax_net:209] [32m  use NIC 0: "virtio-net"[m
[guest-console:pl011-starry] [m[37m[  0.975851 ax_runtime::irq:120] [32mregistered eth0 irq IrqId { domain: IrqDomainId(7), hwirq: HwIrq(56) }[m
[guest-console:pl011-starry] [m[37m[  0.979290 ax_net:235] [32meth0:[m
[guest-console:pl011-starry] [m[37m[  0.980752 ax_net:236] [32m  id:   2[m
[guest-console:pl011-starry] [m[37m[  0.982324 ax_net:237] [32m  mac:  52-54-00-00-00-01[m
[guest-console:pl011-starry] [m[37m[  0.984317 ax_net:254] [32m  mode: dhcp[m
[guest-console:pl011-starry] [m[37m[  0.985967 ax_net:292] [32mDevice: lo[m
[guest-console:pl011-starry] [m[37m[  0.987590 ax_net:292] [32mDevice: eth0[m
[guest-console:pl011-starry] [m[37m[  0.989290 ax_net::service:606] [32meth0: DHCP enabled[m
[guest-console:pl011-starry] [m[37m[  2.994937 ax_net:937] [33mDHCP bootstrap timed out[m
[37m[ 76.476424 1:14 axvm::arch::aarch64::cpu_up:44] [32mVM[1]'s VCpu[0] try to boot target_cpu [512] entry_point=GPA:0x805662 arg=0x81042bc0[m
[m[37m[ 76.477584 1:14 axvm::runtime::vcpus:236] [32mSpawning task for VM[1] VCpu[1][m
[m[37m[ 76.478288 1:14 axvm::runtime::vcpus:274] [32mVCpu task Task(16, "VM[1]-VCpu[1]") created cpumask: [2, ], initial CPU 2[m
[m[37m[ 76.481157 2:16 axvm::runtime::vcpus:332] [32mVM[1] VCpu[1] waiting for running[m
[m[37m[ 76.481859 2:16 axvm::runtime::vcpus:335] [32mVM[1] VCpu[1] running...[m
[m[37m[ 76.482496 2:16 axvm::arch::aarch64::gic:318] [33mVirtual interrupt interface not enabled, enabling now[m
[m[37m[ 76.483380 2:16 axvm::runtime::vcpus:337] [32mVM[1] VCpu[1] first-run architecture setup complete[m
[m[guest-console:pl011-starry] [m[37m[  3.006680 ax_runtime:336] [32mPrimary CPU 0 init OK.[m
[guest-console:pl011-starry] [m[37m[  3.006689 ax_runtime::mp:79] [32mSecondary CPU 1 started.[m
[guest-console:pl011-starry] [m[37m[  3.011660 ax_runtime::mp:107] [32mSecondary CPU 1 init OK.[m
[guest-console:pl011-starry] [m[37m[  3.013934 0:2 ktracepoint:282] [32mtracepoint_data_start: 0xffffffff804adc78, tracepoint_data_end: 0xffffffff804adcd8[m
[guest-console:pl011-starry] [m[37m[  3.017679 0:2 ktracepoint:297] [32mtracepoint_data_len: 6[m
[guest-console:pl011-starry] [m[37m[  3.019827 0:2 ktracepoint:314] [32mtracepoint registered: sched:sched_process_[guest-console:pl011-starry] [m[37m[  3.022638 0:2 ktracepoint:314] [32mtracepoint registered: sched:sched_process_fork[m
[guest-console:pl011-starry] [m[37m[  3.025454 0:2 ktracepoint:314] [32mtracepoint registered: sched:sched_switch[m
[guest-console:pl011-starry] [m[37m[  3.028113 0:2 ktracepoint:314] [32mtracepoint registered: syscsys_clone[m
[guest-console:pl011-starry] [m[37m[  3.030759 0:2 ktracepoint:314] [32mtracepoint registered: syscalls:sys_en[guest-console:pl011-starry] [m[37m[  3.033593 0:2 ktracepoint:314] [32mtracepoint registered: syscalls:sys_mkdirat[m
[guest-console:pl011-starry] [mInitialized 6 tracepoints
[guest-console:pl011-starry] kmod subsystem initialized
[guest-console:pl011-starry] [37m[  3.038320 0:2 starry_kernel::pseudofs:84] [32mInitialize pseudofs...[m[guest-console:pl011-starry] [m[37m[  3.041233 0:2 starry_kernel::pseudofs::dev::tty::serial:343] [32mttyS0 registered: path=lias=Some(0), paddr=0x9000000, mapped=0xffff000009000000, irq=IrqId { domain: IrqDomainId(7), hwirq: HwIrq(33) }, mode=interrupt[m
[guest-console:pl011-starry] [m[37m[  3.048085 0:2 starry_kernel::pseudofs::dev::tty::serial:2ev/console bound to ttyS0[m
[guest-console:pl011-starry] [m[37m[  3.051706 0:2 starry_kernel::pseudofs:78] [32mMounted devfs at /dev[m
[guest-console:pl011-starry] [m[37m[  3.054123 0:2 starry_kernel::pseudofs::usbfs:51] [32musbfs: initializing manager[m
[guest-console:pl011-starry] [m[37m[  3.056893 0:2 starry_kernel::pseudofs::usbfs::manager:1401] [32musbfs: discovered 0 USB host(s)[m
[guest-console:pl011-starry] [m[37m[  3.060037 0:2 starry_kernel::pseudofs::usbfs:54] [32musbfs: no USB host found, skip mounting usbfs[m
[guest-console:pl011-starry] [m[37m[  3.063326 0:2 starry_kernel::pseudofs:78] [32mMounted tmpfs at /dev/shm[m
[guest-console:pl011-starry] [m[37m[  3.072626 0:2 starry_kernel::pseudofs:78] [32mMounted tmpfs at /tmp[m
[guest-console:pl011-starry] [m[37m[  3.075221 0:2 starry_kernel::dyn_debug:61] [32mdebug_init: initializing dynamic debug si[guest-console:pl011-starry] [m[37m[  3.079120 0:2 starry_kernel::dyn_debug:64] [32mdebug_init: found 191 dynamic debug sites[m
[guest-console:pl011-starry] [m[37m[  3.082108 0:2 starry_kernel::pseudofs::proc:73] [32mRead kallsyms, size: 1286KB[m
[guest-console:pl011-starry] [m[37m[  3.115729 0:2 starry_kernel::pseudofs:78] [32mMounted proc at /proc[m
[guest-console:pl011-starry] [m[37m[  3.118528 0:2 starry_kernel::pseudofs:78] [32mMounted sysfs at /sys[m
[guest-console:pl011-starry] [m[37m[  3.121192 0:2 starry_kernel::pseudofs:78] [32mMounted de at /sys/kernel/debug[m
[guest-console:pl011-starry] [m[37m[  3.124023 0:2 starry_kernel::task::timer:329] [32mInitialize alarm...[m
[guest-console:pl011-starry] [mWelcome to [96m[1mStarry OS[0m!
[guest-console:pl011-starry] /bin/sh: env: not found
[guest-console:pl011-starry] 
[guest-console:pl011-starry] Use [1m[3mapk[0m to install packages.
[guest-console:pl011-starry] 
[guest-console:pl011-starry] STARRY_GROUPED_AUTORUN_INIT
[guest-console:pl011-starry] IVC-STARRY-BOOT mode=neural backend=native count=100 period_ms=100 vcpus=2
[guest-console:pl011-starry] IVC-STARRY-NET iface=eth0 mac=unknown ip=10.0.0.1/24 peer=10.0.0.2 udp_port=5500 segment=1
[guest-console:pl011-starry] IVC-CONTROLLER-START peer=10.0.0.2:5500 count=100 policy=neural period_ms=100 session_id=3315078674 backend=native
[guest-console:pl011-zephyr] IVC-RTOS-PROGRESS accepted=1 seq=1 mode=Neural actuator_permille=951 measured_milli_c=20266 duplicates=0 protocol_errors=0
[guest-console:pl011-starry] IVC-CONTROLLER-STATUS seq=1 mode=Neural actuator_permille=951 measured_milli_c=20266 setpoint_milli_c=45000
[guest-console:pl011-zephyr] IVC-RTOS-INJECT drop_ack_seq=5
[guest-console:pl011-zephyr] IVC-RTOS-DUPLICATE seq=5 next_expected=6 duplicates=1
[guest-console:pl011-zephyr] IVC-RTOS-INJECT drop_ack_seq=10
[guest-console:pl011-zephyr] IVC-RTOS-DUPLICATE seq=10 next_expected=11 duplicates=2
[guest-console:pl011-zephyr] IVC-RTOS-INJECT drop_ack_seq=15
[guest-console:pl011-zephyr] IVC-RTOS-DUPLICATE seq=15 next_expected=16 duplicates=3
[guest-console:pl011-zephyr] IVC-RTOS-INJECT drop_ack_seq=20
[guest-console:pl011-zephyr] IVC-RTOS-DUPLICATE seq=20 next_expected=21 duplicates=4
[guest-console:pl011-zephyr] IVC-RTOS-INJECT drop_ack_seq=25
[guest-console:pl011-zephyr] IVC-RTOS-DUPLICATE seq=25 next_expected=26 duplicates=5
[guest-console:pl011-zephyr] IVC-RTOS-INJECT drop_ack_seq=30
[guest-console:pl011-zephyr] IVC-RTOS-DUPLICATE seq=30 next_expected=31 duplicates=6
[guest-console:pl011-zephyr] IVC-RTOS-INJECT drop_ack_seq=35
[guest-console:pl011-zephyr] IVC-RTOS-DUPLICATE seq=35 next_expected=36 duplicates=7
[guest-console:pl011-zephyr] IVC-RTOS-INJECT drop_ack_seq=40
[guest-console:pl011-zephyr] IVC-RTOS-DUPLICATE seq=40 next_expected=41 duplicates=8
[guest-console:pl011-zephyr] IVC-RTOS-INJECT drop_ack_seq=45
[guest-console:pl011-zephyr] IVC-RTOS-DUPLICATE seq=45 next_expected=46 duplicates=9
[guest-console:pl011-zephyr] IVC-RTOS-INJECT drop_ack_seq=50
[guest-console:pl011-zephyr] IVC-RTOS-DUPLICATE seq=50 next_expected=51 duplicates=10
[guest-console:pl011-zephyr] IVC-RTOS-INJECT drop_ack_seq=55
[guest-console:pl011-zephyr] IVC-RTOS-DUPLICATE seq=55 next_expected=56 duplicates=11
[guest-console:pl011-zephyr] IVC-RTOS-INJECT drop_ack_seq=60
[guest-console:pl011-zephyr] IVC-RTOS-DUPLICATE seq=60 next_expected=61 duplicates=12
[guest-console:pl011-zephyr] IVC-RTOS-INJECT drop_ack_seq=65
[guest-console:pl011-zephyr] IVC-RTOS-DUPLICATE seq=65 next_expected=66 duplicates=13
[guest-console:pl011-zephyr] IVC-RTOS-INJECT drop_ack_seq=70
[guest-console:pl011-zephyr] IVC-RTOS-DUPLICATE seq=70 next_expected=71 duplicates=14
[guest-console:pl011-zephyr] IVC-RTOS-INJECT drop_ack_seq=75
[guest-console:pl011-zephyr] IVC-RTOS-DUPLICATE seq=75 next_expected=76 duplicates=15
[guest-console:pl011-zephyr] IVC-RTOS-INJECT drop_ack_seq=80
[guest-console:pl011-zephyr] IVC-RTOS-DUPLICATE seq=80 next_expected=81 duplicates=16
[guest-console:pl011-zephyr] IVC-RTOS-INJECT drop_ack_seq=85
[guest-console:pl011-zephyr] IVC-RTOS-DUPLICATE seq=85 next_expected=86 duplicates=17
[guest-console:pl011-zephyr] IVC-RTOS-INJECT drop_ack_seq=90
[guest-console:pl011-zephyr] IVC-RTOS-DUPLICATE seq=90 next_expected=91 duplicates=18
[guest-console:pl011-zephyr] IVC-RTOS-INJECT drop_ack_seq=95
[guest-console:pl011-zephyr] IVC-RTOS-DUPLICATE seq=95 next_expected=96 duplicates=19
[guest-console:pl011-zephyr] IVC-RTOS-PROGRESS accepted=100 seq=100 mode=Neural actuator_permille=670 measured_milli_c=39933 dupl_errors=0
[guest-console:pl011-zephyr] IVC-RTOS-INJECT drop_ack_seq=100
[guest-console:pl011-zephyr] IVC-RTOS-DUPLICATE seq=100 next_expected=101 duplicates=20
[guest-console:pl011-zephyr] IVC-RTOS-OUTCOME profile=ack-loss accepted=100 applied=100 duplicates=20 acks_dropped=20
[guest-console:pl011-starry] IVC-CONTROLLER-STATUS seq=100 mode=Neural actuator_permille=670 measured_milli_c=39933 setpoint_milli_c=50000
[guest-console:pl011-starry] IVC-CONTROLLER-RAW path=/var/lib/ivc/raw.csv samples=100
[guest-console:pl011-zephyr] IVC-RTOS-MESSAGES status_sent=120 acks_sent=100 errors_sent=0 protocol_errors=0
[guest-console:pl011-zephyr] IVC-RTOS-OUTCOME profile=ack-loss accepted=100 applied=100 duplicates=20 acks_dropped=20
[guest-console:pl011-zephyr] IVC-RTOS-MESSAGES status_sent=120 acks_sent=100 errors_sent=0 protocol_errors=0
[guest-console:pl011-zephyr] IVC-RTOS-RESULT profile=ack-loss accepted=100 applied=100 duplicates=20 acks_dropped=20 status_sent=120 acks_sent=100 errors_sent=0 protocol_errors=0
[guest-console:pl011-zephyr] IVC-RTOS-POWEROFF accepted=100
[guest-console:pl011-zephyr] IVC-RTOS-POWEROFF accepted=100
[guest-console:pl011-starry] IVC-CONTROLLER-OUTCOME policy=neural sent=100 acknowledged=100 errors=0 timeouts=0
[guest-console:pl011-starry] IVC-CONTROLLER-RELIABILITY retransmissions=20 recoveries=20 success_percent=100.000
[guest-console:pl011-starry] IVC-CONTROLLER-FULL-LOOP p50_us=8401 p95_us=119776 p99_us=119821 max_us=121699
[guest-console:pl011-starry] IVC-CONTROLLER-PRE-SEND p50_us=16 p95_us=17 p99_us=27 max_us=343
[guest-console:pl011-starry] IVC-CONTROLLER-TRANSPORT p50_us=8385 p95_us=119759 p99_us=119805 max_us=121682 throughput_msg_s=9.6[guest-console:pl011-starry] IVC-CONTROLLER-CONTROL rmse_milli_c=23600.087 iae_milli_c_s=218972.100 max_overshoot_milli_c=0
[guest-console:pl011-starry] IVC-CONTROLLER-OUTCOME policy=neural sent=100 acknowledged=100 errors=0 timeouts=0
[guest-console:pl011-starry] IVC-CONTROLLER-RELIABILITY retransmissions=20 recoveries=20 success_percent=100.000
[guest-console:pl011-starry] IVC-CONTROLLER-FULL-LOOP p50_us=8401 p95_us=119776 p99_us=119821 max_us=121699
[guest-console:pl011-starry] IVC-CONTROLLER-PRE-SEND p50_us=16 p95_us=17 p99_us=27 max_us=343
[guest-console:pl011-starry] IVC-CONTROLLER-TRANSPORT p50_us=8385 p95_us=119759 p99_us=119805 max_us=121682 throughput_msg_s=9.6[guest-console:pl011-starry] IVC-CONTROLLER-CONTROL rmse_milli_c=23600.087 iae_milli_c_s=218972.100 max_overshoot_milli_c=0
[guest-console:pl011-starry] IVC-CONTROLLER-RESULT policy=neural sent=100 acknowledged=100 errors=0 timeouts=0 retransmissions=2success_percent=100.000 full_loop_p50_us=8401 full_loop_p95_us=119776 full_loop_p99_us=119821 full_loop_max_us=121699 pre_send_p50_us=16 pre_send_p95_us=17 pre_send_p99_us=27 pre_send_max_us=343 transport_p50_us=8385 transport_p95_us=119759 transport_p99_us=119805 transport_max_us=121682 throughput_msg_s=9.608 rmse_milli_c=23600.087 iae_milli_c_s=218972.100 max_overshoot_milli_c=0
[guest-console:pl011-starry] IVC-STARRY-RAW path=/var/lib/ivc/raw.csv samples=100 sha256=7df24b19602c74e0a36009b9cfffcb572195bfa6c2dd18af1a113e1142e60e11
[guest-console:pl011-starry] IVC-STARRY-DONE exit=0
[37m[ 87.676251 1:14 axvm::arch::aarch64:181] [33mVM[1] run VCpu[0] SystemDown[m
[m[37m[ 87.676913 1:14 axvm::vm:898] [32] VCpu[0] stopping because of VM stopping[m
[m[37m[ 87.67827axvm::runtime::vcpus:435] [32mViting...[m
[m[37m[ 87.679907 2:16 axvm::runtime::vcpus:409] [33mVM[1] VCpu[1] stopping because of VM stopping[m
[m[37m[ 87.680701 2:16 axvm::runtime::vcpus:415] [32mVM[1] VCpu[1] last VCpu exiting, decreasing running VM count[m
[m[37m[ 87.681617 2:16 axvm::runtime::vcpus:420] [32mVM[1] state changed to Stopped[m
[m[37m[ 87.682296 2:16 axvm::runtime::vcpus:435] [32mVM[1] VCpu[1] exiting...[m
[m[37m[ 87.795566 0:15 axvm::arch::aarch64:181] [33mVM[2] run VCpu[0] SystemDown[m
[m[37m[ 87.796224 0:15 axvm::vm:898] [32temDown[m
[m[37m[ 87.796793 0:15 axvm::runtime::vcpus:409] [33mVM[2] VCpu[0] stopping because of VM stopping[m
[m[37m[ 87.797586 0:15 axvm::runtime::vcpus:415] [32mVM[2] VCpu[0] last VCpu exiting, decreasing running VM count[m
[m[37m[ 87.798494 0:15 axvm::runtime::vcpus:420] [32mVM[2] state changed to Stopped[m
[m[37m[ 87.799175 0:15 axvm::runtime::vcpus:435] [32mVM[2] VCpu[0] exiting...[m
[m[37m[ 87.799822 0:2 axvisor:65] [32m[OK] Default guest initialized[m
[mWelcome to AxVisor Shell!
Type 'help' to see available commands
Use UP/DOWN arrows to navigate command history

AXVISOR_SHELL_READY
AXVISOR_SHELL_READY
AXVISOR_SHELL_READY
AXVISOR_SHELL_READY
AXVISOR_SHELL_READY
axvisor:/$ [2Kaxvisor:/$ s[2Kaxvisor:/$ ss[2Kaxvisor:/$ ss [2Kaxvisor:/$ ss 1[2Kaxvisor:/$ ss 1 2Kaxvisor:/$ ss 1 0 [2Kaxvisor:/$ ss 1 0 /[2Kaxvisor:/$ ss 1Kaxvisor:/$ ss 1 0 /ho[2Kaxvisor:/$ ss 1 0 /hom[2Kaxvisor:/$ ss 1 0 /home[2Kaxvisor:/$ ss 1 0 /home/[2Kaxvisor:/$ ss 1 0 /home/o[2Kaxvisor:/$ ss 1 0 /home/or[2Kaxvisor:/$ ss 1 0 /home/ora[2Kaxvisor:/$ ss 1 0 /home/oran[2Kaxvisor:/$ ss 1 0 /home/orang[2Kaxvisor:/$ ss 1 0 /home/orange[2Kaxvisor:/$ ss 1 0 /home/orangep[2Kaxvisor:/$ ss 1 0 /home/orangepi[2Kaxvisor:/$ ss 1 0 /home/orangepi/[2Kaxvisor:/$ ss 1 0 /home/orangepi/i[2Kaxvisor:/$ ss 1 0 /home/orangepi/iv[2Kaxvisor:/$ ss 1 0 /home/orangepi/ivc[2Kaxvisor:/$ ss 1 0 /home/orangepi/ivc-[2Kaxvisor:/$ ss 1 0 /home/orangepi/ivc-a
AXVISOR_VM_BLOCK_SNAPSHOT_STARTED vm=1 index=0 path=/home/orangepi/ivc-a
AXVISOR_SNAPSHOT_SYNC_OK
AXVISOR_SNAPSHOT_SYNC_OK
AXVISOR_SNAP
=== SUCCESS PATTERN MATCHED: (?m)^AXVISOR_SNAPSHOT_SYNC_OK\r*$ ===
SHOT_SYNC_OK
AXVISOR_SNAPSHOT_SYNC_OK
AXVISOR_SNAPSHOT_SYNC_OK index=0 path=/home/orangepi/ivc-a bytes=67108864
AXVISOR_VM_BLOCK_SNAPSHOT vm=1 index=0 path=/home/orangepi/ivc-a bytes=67108864
AXVISOR_VM_BLOCK_SNAPSHOT vm path=/home/orangepi/ivc-a bytes=67108864
AXVISOR_HOST_FILESYSTEM_SYNCED
AXVISOR_HOST_FILESYSTEM_SYNCED
AXVISOR_HOST_FILESYSTEM_SYNCED
axvisor:/$ [axbuild] board build+run package=axvisor target=scripts/targets/std/pie/aarch64-unknown-linux-musl.json config=competition/ivc/config/axvisor-orangepi-5-plus-ack-loss.toml ... done (125.51s)
ssh: connect to host 192.168.31.33 port 22: Connection timed out
Axvisor filesystem sync marker was confirmed by the board test
ERROR: missing .board-power.toml; copy the board-power-control config example first
