BOARD_HOST_LIBCLANG path=/usr/lib/llvm-14/lib source=environment
orangepi5plus
BOARD_SERVICE_DTB_READY path=/home/seven_wsl/.local/share/ostool-server/dtbs/orangepi-5-plus-starry.dtb root=PARTUUID=5874edd8-1582-a144-a298-b139acd7b0e6
     Locking 1 package to latest compatible version
      Adding uboot-shell v0.2.6 (/home/seven_wsl/Workspace/starry/ostool/uboot-shell)
    Finished `dev` profile [unoptimized + debuginfo] target(s) in 0.39s
     Running `target/debug/tg-xtask axvisor board -c competition/ivc/config/axvisor-orangepi-5-plus-ack-loss.toml --board-config competition/ivc/config/board-orangepi-5-plus-ack-loss.toml -b OrangePi-5-Plus`
[2026-08-03T15:33:31Z INFO  axbuild::context] Workspace root: /home/seven_wsl/Workspace/starry/tgoskits-rt-ivc-m3-formal-20260803
[2026-08-03T15:33:31Z INFO  axbuild::context] Workspace member dir for axvisor: /home/seven_wsl/Workspace/starry/tgoskits-rt-ivc-m3-formal-20260803/os/axvisor
Using build config: competition/ivc/config/axvisor-orangepi-5-plus-ack-loss.toml
[axbuild] board build+run package=axvisor target=scripts/targets/std/pie/aarch64-unknown-linux-musl.json config=competition/ivc/config/axvisor-orangepi-5-plus-ack-loss.toml ...
sh -c /home/seven_wsl/Workspace/starry/tgoskits-rt-ivc-m3-formal-20260803/tmp/axbuild/std/prebuild/prebuild-aarch64-unknown-linux-musl-7a800488dd025842.sh
AR_aarch64_unknown_linux_musl=aarch64-linux-musl-ar
AXVISOR_VM_CONFIGS=/home/seven_wsl/Workspace/starry/tgoskits-rt-ivc-m3-formal-20260803/competition/ivc/config/orangepi-5-plus-starry-smp2-ack-loss.toml:/home/seven_wsl/Workspace/starry/tgoskits-rt-ivc-m3-formal-20260803/competition/ivc/config/orangepi-5-plus-zephyr-ack-loss.toml
AX_ARCH=aarch64
AX_LOG=info
AX_TARGET=aarch64-unknown-none-softfloat
BINDGEN_EXTRA_CLANG_ARGS_aarch64_unknown_linux_musl=--target=aarch64-linux-musl --sysroot=/ -mgeneral-regs-only
CARGO_UNSTABLE_JSON_TARGET_SPEC=true
CC_aarch64_unknown_linux_musl=aarch64-linux-musl-cc
CFLAGS_aarch64_unknown_linux_musl=-mgeneral-regs-only -fno-stack-protector
CXXFLAGS_aarch64_unknown_linux_musl=-mgeneral-regs-only -fno-stack-protector
SMP=4
cargo build --config /home/seven_wsl/Workspace/starry/tgoskits-rt-ivc-m3-formal-20260803/tmp/axbuild/std/config-aarch64-unknown-linux-musl-dynamic.toml -p axvisor --target scripts/targets/std/pie/aarch64-unknown-linux-musl.json -Z unstable-options --target-dir /home/seven_wsl/Workspace/starry/tgoskits-rt-ivc-m3-formal-20260803/target --features ax-std/fs,ax-std/smp,fs,rockchip-dwmmc,rockchip-soc,sdmmc,log/release_max_level_info -Z json-target-spec --bin axvisor --release --message-format json-render-diagnostics
     Locking 1 package to latest compatible version
      Adding uboot-shell v0.2.6
   Compiling proc-macro2 v1.0.106
   Compiling zerocopy v0.8.52
   Compiling ax-percpu v0.4.14 (/home/seven_wsl/Workspace/starry/tgoskits-rt-ivc-m3-formal-20260803/components/percpu/percpu)
   Compiling rockchip-pm v0.4.6 (/home/seven_wsl/Workspace/starry/tgoskits-rt-ivc-m3-formal-20260803/drivers/soc/rockchip/rockchip-pm)
   Compiling rockchip-soc v0.4.1 (/home/seven_wsl/Workspace/starry/tgoskits-rt-ivc-m3-formal-20260803/drivers/soc/rockchip/rockchip-soc)
   Compiling arm-scmi-rs v0.1.7 (/home/seven_wsl/Workspace/starry/tgoskits-rt-ivc-m3-formal-20260803/drivers/firmware/arm-scmi-rs)
   Compiling ax-driver v0.12.0 (/home/seven_wsl/Workspace/starry/tgoskits-rt-ivc-m3-formal-20260803/drivers/ax-driver)
   Compiling somehal v0.8.0 (/home/seven_wsl/Workspace/starry/tgoskits-rt-ivc-m3-formal-20260803/platforms/somehal)
   Compiling axplat-dyn v0.7.12 (/home/seven_wsl/Workspace/starry/tgoskits-rt-ivc-m3-formal-20260803/platforms/axplat-dyn)
   Compiling serde_core v1.0.228
   Compiling serde v1.0.228
   Compiling log v0.4.33
   Compiling lock_api v0.4.14
   Compiling embedded-hal v1.0.0
   Compiling bytemuck v1.25.0
   Compiling ax-page-table-entry v0.8.10 (/home/seven_wsl/Workspace/starry/tgoskits-rt-ivc-m3-formal-20260803/memory/page_table_entry)
   Compiling linux-raw-sys v0.12.1
   Compiling ahash v0.8.12
   Compiling winnow v1.0.3
   Compiling rgb v0.8.53
   Compiling starry-fatfs v0.4.1-preview.2
   Compiling spin v0.12.2
   Compiling spinning_top v0.3.0
   Compiling spinning_top v0.2.5
   Compiling aml v0.16.4
   Compiling acpi v6.1.1
   Compiling axbacktrace v0.4.5 (/home/seven_wsl/Workspace/starry/tgoskits-rt-ivc-m3-formal-20260803/components/axbacktrace)
   Compiling anyhow v1.0.103
   Compiling toml_parser v1.1.2+spec-1.1.0
   Compiling toml_writer v1.1.1+spec-1.1.0
   Compiling aarch64_sysreg v0.3.8 (/home/seven_wsl/Workspace/starry/tgoskits-rt-ivc-m3-formal-20260803/virtualization/aarch64_sysreg)
   Compiling ax-cpu v0.8.3 (/home/seven_wsl/Workspace/starry/tgoskits-rt-ivc-m3-formal-20260803/components/axcpu)
   Compiling ansi_rgb v0.2.0
   Compiling once_cell v1.21.4
   Compiling winnow v0.7.15
   Compiling arm_vcpu v0.5.16 (/home/seven_wsl/Workspace/starry/tgoskits-rt-ivc-m3-formal-20260803/virtualization/arm_vcpu)
   Compiling quote v1.0.46
   Compiling syn v2.0.118
   Compiling syn v1.0.109
   Compiling ax-errno v0.6.1 (/home/seven_wsl/Workspace/starry/tgoskits-rt-ivc-m3-formal-20260803/components/axerrno)
   Compiling ax-hal v0.5.28 (/home/seven_wsl/Workspace/starry/tgoskits-rt-ivc-m3-formal-20260803/os/arceos/modules/axhal)
   Compiling ax-task v0.6.4 (/home/seven_wsl/Workspace/starry/tgoskits-rt-ivc-m3-formal-20260803/os/arceos/modules/axtask)
   Compiling ax-runtime v0.10.4 (/home/seven_wsl/Workspace/starry/tgoskits-rt-ivc-m3-formal-20260803/os/arceos/modules/axruntime)
   Compiling toml_datetime v0.7.5+spec-1.1.0
   Compiling serde_spanned v1.1.1
   Compiling toml v0.9.12+spec-1.1.0
   Compiling toml_datetime v1.1.1+spec-1.1.0
   Compiling toml v1.1.2+spec-1.1.0
   Compiling darling_core v0.13.4
   Compiling prettyplease v0.2.37
   Compiling darling_core v0.23.0
   Compiling svgbobdoc v0.3.0
   Compiling thiserror-impl v2.0.18
   Compiling async-trait v0.1.89
   Compiling ax-crate-interface v0.5.7 (/home/seven_wsl/Workspace/starry/tgoskits-rt-ivc-m3-formal-20260803/components/crate_interface)
   Compiling derive_more-impl v2.1.1
   Compiling enum_dispatch v0.3.13
   Compiling strum_macros v0.27.2
   Compiling rdrive-macros v0.4.2 (/home/seven_wsl/Workspace/starry/tgoskits-rt-ivc-m3-formal-20260803/drivers/rdrive-macros)
   Compiling ax-percpu-macros v0.4.10 (/home/seven_wsl/Workspace/starry/tgoskits-rt-ivc-m3-formal-20260803/components/percpu/percpu_macros)
   Compiling zerocopy-derive v0.8.52
   Compiling futures-macro v0.3.32
   Compiling ptr_meta_derive v0.3.1
   Compiling volatile-macro v0.6.0
   Compiling ax-plat-macros v0.3.9 (/home/seven_wsl/Workspace/starry/tgoskits-rt-ivc-m3-formal-20260803/platforms/ax-plat-macros)
   Compiling bitfield-struct v0.11.0
   Compiling uefi-macros v0.19.0
   Compiling enumn v0.1.14
   Compiling rlsf v0.2.2
   Compiling trait-ffi v0.2.11
   Compiling extern-trait-impl v0.4.3
   Compiling ptr_meta v0.3.1
   Compiling ax-ctor-bare-macros v0.4.8 (/home/seven_wsl/Workspace/starry/tgoskits-rt-ivc-m3-formal-20260803/components/ctor_bare/ctor_bare_macros)
   Compiling serde_derive v1.0.228
   Compiling bindgen v0.72.1
   Compiling uefi v0.37.0
   Compiling someboot v0.3.5 (/home/seven_wsl/Workspace/starry/tgoskits-rt-ivc-m3-formal-20260803/platforms/someboot)
   Compiling ax-kernel-guard v0.3.11 (/home/seven_wsl/Workspace/starry/tgoskits-rt-ivc-m3-formal-20260803/components/kernel_guard)
   Compiling ax-kspin v0.3.15 (/home/seven_wsl/Workspace/starry/tgoskits-rt-ivc-m3-formal-20260803/components/kspin)
   Compiling scope-local v0.4.2 (/home/seven_wsl/Workspace/starry/tgoskits-rt-ivc-m3-formal-20260803/components/scope-local)
   Compiling volatile v0.6.1
   Compiling buddy-slab-allocator v0.4.6 (/home/seven_wsl/Workspace/starry/tgoskits-rt-ivc-m3-formal-20260803/memory/buddy-slab-allocator)
   Compiling axpoll v0.5.1 (/home/seven_wsl/Workspace/starry/tgoskits-rt-ivc-m3-formal-20260803/components/axpoll)
   Compiling rsext4 v0.7.5 (/home/seven_wsl/Workspace/starry/tgoskits-rt-ivc-m3-formal-20260803/components/rsext4)
   Compiling ax-log v0.5.18 (/home/seven_wsl/Workspace/starry/tgoskits-rt-ivc-m3-formal-20260803/os/arceos/modules/axlog)
   Compiling darling_macro v0.13.4
   Compiling serde_repr v0.1.20
   Compiling axvisor v0.5.21 (/home/seven_wsl/Workspace/starry/tgoskits-rt-ivc-m3-formal-20260803/os/axvisor)
   Compiling futures-util v0.3.32
   Compiling ax-ctor-bare v0.4.8 (/home/seven_wsl/Workspace/starry/tgoskits-rt-ivc-m3-formal-20260803/components/ctor_bare/ctor_bare)
   Compiling thiserror v2.0.18
   Compiling rdif-def v0.3.0 (/home/seven_wsl/Workspace/starry/tgoskits-rt-ivc-m3-formal-20260803/drivers/interface/rdif-def)
   Compiling fdt-raw v0.3.0
   Compiling smccc v0.2.3
   Compiling ranges-ext v0.6.4 (/home/seven_wsl/Workspace/starry/tgoskits-rt-ivc-m3-formal-20260803/memory/ranges-ext)
   Compiling rdif-base v0.8.3 (/home/seven_wsl/Workspace/starry/tgoskits-rt-ivc-m3-formal-20260803/drivers/interface/rdif-base)
   Compiling page-table-generic v0.7.4 (/home/seven_wsl/Workspace/starry/tgoskits-rt-ivc-m3-formal-20260803/memory/page-table-generic)
   Compiling axvm-types v0.7.0 (/home/seven_wsl/Workspace/starry/tgoskits-rt-ivc-m3-formal-20260803/virtualization/axvm-types)
   Compiling kernutil v0.2.2 (/home/seven_wsl/Workspace/starry/tgoskits-rt-ivc-m3-formal-20260803/components/kernutil)
   Compiling rdif-msi v0.2.0 (/home/seven_wsl/Workspace/starry/tgoskits-rt-ivc-m3-formal-20260803/drivers/interface/rdif-msi)
   Compiling rdif-pcie v0.2.5 (/home/seven_wsl/Workspace/starry/tgoskits-rt-ivc-m3-formal-20260803/drivers/interface/rdif-pcie)
   Compiling rdif-power v0.8.0 (/home/seven_wsl/Workspace/starry/tgoskits-rt-ivc-m3-formal-20260803/drivers/interface/rdif-power)
   Compiling rdif-reset v0.1.0 (/home/seven_wsl/Workspace/starry/tgoskits-rt-ivc-m3-formal-20260803/drivers/interface/rdif-reset)
   Compiling rdif-clk v0.5.4 (/home/seven_wsl/Workspace/starry/tgoskits-rt-ivc-m3-formal-20260803/drivers/interface/rdif-clk)
   Compiling rdif-intc v0.15.0 (/home/seven_wsl/Workspace/starry/tgoskits-rt-ivc-m3-formal-20260803/drivers/interface/rdif-intc)
   Compiling darling_macro v0.23.0
   Compiling arm-gic-driver v0.17.9 (/home/seven_wsl/Workspace/starry/tgoskits-rt-ivc-m3-formal-20260803/drivers/intc/arm-gic-driver)
   Compiling fdt-edit v0.2.3
   Compiling extern-trait v0.4.3
   Compiling axhvc v0.4.10 (/home/seven_wsl/Workspace/starry/tgoskits-rt-ivc-m3-formal-20260803/virtualization/axhvc)
   Compiling axvm-net v0.1.0 (/home/seven_wsl/Workspace/starry/tgoskits-rt-ivc-m3-formal-20260803/virtualization/axvm-net)
   Compiling darling v0.13.4
   Compiling inherit-methods-macro v0.1.0
   Compiling strum v0.27.2
   Compiling ax-page-table-multiarch v0.8.13 (/home/seven_wsl/Workspace/starry/tgoskits-rt-ivc-m3-formal-20260803/memory/page_table_multiarch)
   Compiling ax-memory-set v0.6.12 (/home/seven_wsl/Workspace/starry/tgoskits-rt-ivc-m3-formal-20260803/memory/memory_set)
   Compiling ax-io v0.6.1 (/home/seven_wsl/Workspace/starry/tgoskits-rt-ivc-m3-formal-20260803/components/axio)
   Compiling rdif-pinctrl v0.1.2 (/home/seven_wsl/Workspace/starry/tgoskits-rt-ivc-m3-formal-20260803/drivers/interface/rdif-pinctrl)
   Compiling axaddrspace v0.5.16 (/home/seven_wsl/Workspace/starry/tgoskits-rt-ivc-m3-formal-20260803/virtualization/axaddrspace)
   Compiling darling v0.23.0
   Compiling somehal-macros v0.1.5 (/home/seven_wsl/Workspace/starry/tgoskits-rt-ivc-m3-formal-20260803/platforms/somehal-macros)
   Compiling kasm-aarch64 v0.2.1 (/home/seven_wsl/Workspace/starry/tgoskits-rt-ivc-m3-formal-20260803/components/kasm-aarch64)
   Compiling axfs-ng-vfs v0.5.5 (/home/seven_wsl/Workspace/starry/tgoskits-rt-ivc-m3-formal-20260803/components/axfs-ng-vfs)
   Compiling axdevice_base v0.6.1 (/home/seven_wsl/Workspace/starry/tgoskits-rt-ivc-m3-formal-20260803/virtualization/axdevice_base)
   Compiling axvmconfig v0.8.1 (/home/seven_wsl/Workspace/starry/tgoskits-rt-ivc-m3-formal-20260803/virtualization/axvmconfig)
   Compiling futures v0.3.32
   Compiling rdif-serial v0.9.0 (/home/seven_wsl/Workspace/starry/tgoskits-rt-ivc-m3-formal-20260803/drivers/interface/rdif-serial)
   Compiling arm_vgic v0.5.3 (/home/seven_wsl/Workspace/starry/tgoskits-rt-ivc-m3-formal-20260803/virtualization/arm_vgic)
   Compiling some-serial v0.7.0 (/home/seven_wsl/Workspace/starry/tgoskits-rt-ivc-m3-formal-20260803/drivers/serial/some-serial)
   Compiling axdevice v0.5.4 (/home/seven_wsl/Workspace/starry/tgoskits-rt-ivc-m3-formal-20260803/virtualization/axdevice)
   Compiling derive_more v2.1.1
   Compiling mmio-api v0.2.2 (/home/seven_wsl/Workspace/starry/tgoskits-rt-ivc-m3-formal-20260803/memory/mmio-api)
   Compiling dma-api v0.9.3 (/home/seven_wsl/Workspace/starry/tgoskits-rt-ivc-m3-formal-20260803/memory/dma-api)
   Compiling pcie v0.6.7 (/home/seven_wsl/Workspace/starry/tgoskits-rt-ivc-m3-formal-20260803/drivers/pci/pcie)
   Compiling rdrive v0.23.6 (/home/seven_wsl/Workspace/starry/tgoskits-rt-ivc-m3-formal-20260803/drivers/rdrive)
   Compiling sdio-host2 v0.1.4 (/home/seven_wsl/Workspace/starry/tgoskits-rt-ivc-m3-formal-20260803/components/sdio-host2)
   Compiling rdif-block v0.11.2 (/home/seven_wsl/Workspace/starry/tgoskits-rt-ivc-m3-formal-20260803/drivers/interface/rdif-block)
   Compiling sdmmc-protocol v0.4.1 (/home/seven_wsl/Workspace/starry/tgoskits-rt-ivc-m3-formal-20260803/drivers/blk/sdmmc-protocol)
   Compiling sdhci-host v0.4.1 (/home/seven_wsl/Workspace/starry/tgoskits-rt-ivc-m3-formal-20260803/drivers/blk/sdhci-host)
   Compiling phytium-mci-host v0.3.2 (/home/seven_wsl/Workspace/starry/tgoskits-rt-ivc-m3-formal-20260803/drivers/blk/phytium-mci-host)
   Compiling dwmmc-host v0.3.2 (/home/seven_wsl/Workspace/starry/tgoskits-rt-ivc-m3-formal-20260803/drivers/blk/dwmmc-host)
   Compiling ax-posix-api v0.5.29 (/home/seven_wsl/Workspace/starry/tgoskits-rt-ivc-m3-formal-20260803/os/arceos/api/arceos_posix_api)
warning: function `set_fdt_addr_phys_if_valid` is never used
  --> platforms/someboot/src/fdt/mod.rs:32:15
   |
32 | pub(crate) fn set_fdt_addr_phys_if_valid(fdt_addr: usize) -> bool {
   |               ^^^^^^^^^^^^^^^^^^^^^^^^^^
   |
   = note: `#[warn(dead_code)]` (part of `#[warn(unused)]`) on by default

   Compiling ax-plat v0.12.0 (/home/seven_wsl/Workspace/starry/tgoskits-rt-ivc-m3-formal-20260803/platforms/ax-plat)
   Compiling safe-mmio v0.3.0
   Compiling ax-alloc v0.8.12 (/home/seven_wsl/Workspace/starry/tgoskits-rt-ivc-m3-formal-20260803/os/arceos/modules/axalloc)
   Compiling virtio-drivers v0.13.0
   Compiling hashbrown v0.14.5
   Compiling axklib v0.7.5 (/home/seven_wsl/Workspace/starry/tgoskits-rt-ivc-m3-formal-20260803/components/axklib)
warning: `someboot` (lib) generated 1 warning
   Compiling ax-mm v0.5.28 (/home/seven_wsl/Workspace/starry/tgoskits-rt-ivc-m3-formal-20260803/os/arceos/modules/axmm)
   Compiling ax-sync v0.5.28 (/home/seven_wsl/Workspace/starry/tgoskits-rt-ivc-m3-formal-20260803/os/arceos/modules/axsync)
   Compiling ax-fs-ng v0.8.4 (/home/seven_wsl/Workspace/starry/tgoskits-rt-ivc-m3-formal-20260803/os/arceos/modules/axfs-ng)
   Compiling ax-api v0.7.4 (/home/seven_wsl/Workspace/starry/tgoskits-rt-ivc-m3-formal-20260803/os/arceos/api/arceos_api)
   Compiling ax-std v0.5.28 (/home/seven_wsl/Workspace/starry/tgoskits-rt-ivc-m3-formal-20260803/os/arceos/ulib/axstd)
   Compiling axvm v0.5.23 (/home/seven_wsl/Workspace/starry/tgoskits-rt-ivc-m3-formal-20260803/virtualization/axvm)
warning: function `with_vm` is never used
   --> virtualization/axvm/src/manager.rs:168:15
    |
168 | pub(crate) fn with_vm<F, R>(vm_id: VMId, f: F) -> Option<R>
    |               ^^^^^^^
    |
    = note: `#[warn(dead_code)]` (part of `#[warn(unused)]`) on by default

warning: function `active_vcpu_mask` is never used
   --> virtualization/axvm/src/manager.rs:198:15
    |
198 | pub(crate) fn active_vcpu_mask(vm_id: VMId) -> Option<usize> {
    |               ^^^^^^^^^^^^^^^^

warning: function `inject_interrupt` is never used
   --> virtualization/axvm/src/manager.rs:210:15
    |
210 | pub(crate) fn inject_interrupt(vm_id: VMId, vcpu_id: usize, vector: usize) -> AxVmResult {
    |               ^^^^^^^^^^^^^^^^

warning: field `token` is never read
  --> virtualization/axvm/src/timer.rs:20:5
   |
19 | struct VmTimerEvent {
   |        ------------ field in this struct
20 |     token: usize,
   |     ^^^^^

warning: function `cancel_timer` is never used
  --> virtualization/axvm/src/timer.rs:65:15
   |
65 | pub(crate) fn cancel_timer(token: usize) {
   |               ^^^^^^^^^^^^

warning: associated items `handle_nested_page_fault` and `debug_nested_page_fault` are never used
    --> virtualization/axvm/src/vm/mod.rs:1275:19
     |
 613 | impl AxVM {
     | --------- associated items in this implementation
...
1275 |     pub(crate) fn handle_nested_page_fault(
     |                   ^^^^^^^^^^^^^^^^^^^^^^^^
...
1290 |     fn debug_nested_page_fault(
     |        ^^^^^^^^^^^^^^^^^^^^^^^

warning: `axvm` (lib) generated 6 warnings
warning: function `write_persisted_evidence` is never used
   --> os/axvisor/src/host_noise.rs:121:15
    |
121 | pub(crate) fn write_persisted_evidence(output: &mut impl Write) -> io::Result<()> {
    |               ^^^^^^^^^^^^^^^^^^^^^^^^
    |
    = note: `#[warn(dead_code)]` (part of `#[warn(unused)]`) on by default

warning: `axvisor` (bin "axvisor") generated 1 warning
    Finished `release` profile [optimized] target(s) in 26.99s
warning: the following packages contain code that will be rejected by a future version of Rust: core v0.0.0 (/home/seven_wsl/.rustup/toolchains/nightly-2026-07-15-x86_64-unknown-linux-gnu/lib/rustlib/src/rust/library/core), memchr v2.8.2
note: to see what the problems were, use the option `--future-incompat-report`, or run `cargo report future-incompatibilities --id 1`
Allocated board session:
  board_type: OrangePi-5-Plus
  board_id: orangepi-5-plus-1
  session_id: 0a4a082c-8fcb-45c9-972a-c63772ddf499
  lease_expires_at: 2026-08-03 15:34:09.468129464 UTC
  boot_mode: uboot
Converting ELF to BIN format...
  elf: /home/seven_wsl/Workspace/starry/tgoskits-rt-ivc-m3-formal-20260803/target/aarch64-unknown-linux-musl/release/axvisor
  bin: /home/seven_wsl/Workspace/starry/tgoskits-rt-ivc-m3-formal-20260803/target/aarch64-unknown-linux-musl/release/axvisor.bin
/home/seven_wsl/.rustup/toolchains/nightly-2026-07-15-x86_64-unknown-linux-gnu/lib/rustlib/x86_64-unknown-linux-gnu/bin/llvm-objcopy --strip-all -O binary /home/seven_wsl/Workspace/starry/tgoskits-rt-ivc-m3-formal-20260803/target/aarch64-unknown-linux-musl/release/axvisor /home/seven_wsl/Workspace/starry/tgoskits-rt-ivc-m3-formal-20260803/target/aarch64-unknown-linux-musl/release/axvisor.bin
[2026-08-03T15:33:59Z INFO  ostool::run::uboot] Starting U-Boot runner...
[2026-08-03T15:33:59Z INFO  ostool::run::uboot] kernel from: /home/seven_wsl/Workspace/starry/tgoskits-rt-ivc-m3-formal-20260803/target/aarch64-unknown-linux-musl/release/axvisor.bin
[2026-08-03T15:33:59Z INFO  ostool::run::uboot] Using network interface hint: eth0
Waiting for remote board to power on through ostool-server...
BOARD_REBOOT_ARMED
Connection to 192.168.31.33 closed by remote host.
[2026-08-03T15:34:08Z INFO  uboot_shell] cmd: setenv autoload yes
[2026-08-03T15:34:09Z INFO  uboot_shell] cmd: setenv netmask 255.255.255.0
[2026-08-03T15:34:09Z INFO  uboot_shell] cmd: net list
[2026-08-03T15:34:09Z INFO  uboot_shell] cmd: bootdev hunt ethernet
[2026-08-03T15:34:12Z INFO  ostool::run::uboot] Board network ok
[2026-08-03T15:34:12Z INFO  uboot_shell] cmd: setenv serverip 192.168.31.132
[2026-08-03T15:34:13Z INFO  uboot_shell] cmd: echo $fdt_addr_r
[2026-08-03T15:34:13Z INFO  uboot_shell] cmd: echo $ramdisk_addr_r
[2026-08-03T15:34:14Z INFO  uboot_shell] cmd: echo $kernel_addr_r
[2026-08-03T15:34:14Z INFO  ostool::run::uboot] Using $kernel_addr_r as kernel entry: 0x2000000
[2026-08-03T15:34:14Z INFO  uboot_shell] cmd: echo $kernel_comp_addr_r
[2026-08-03T15:34:14Z INFO  ostool::run::uboot] image load to kernel_comp_addr_r: 0xa000000
[2026-08-03T15:34:14Z INFO  uboot_shell] cmd: setenv loadaddr 0xa000000
[2026-08-03T15:34:15Z INFO  ostool::run::uboot] fitimage loadaddr: 0xa000000
[2026-08-03T15:34:15Z INFO  ostool::run::uboot] kernel entry: 0x2000000
[2026-08-03T15:34:15Z INFO  ostool::run::uboot] Using DTB from: /home/seven_wsl/Workspace/starry/tgoskits-rt-ivc-m3-formal-20260803/target/aarch64-unknown-linux-musl/release/ostool-0a4a082c-8fcb-45c9-972a-c63772ddf499-orangepi-5-plus-starry.dtb
[2026-08-03T15:34:15Z INFO  ostool::boot::fit] Making FIT image...
[2026-08-03T15:34:15Z INFO  ostool::boot::fit] kernel: /home/seven_wsl/Workspace/starry/tgoskits-rt-ivc-m3-formal-20260803/target/aarch64-unknown-linux-musl/release/axvisor.bin (size: 3338288)
[2026-08-03T15:34:15Z INFO  ostool::boot::fit] 已读取 DTB 文件: /home/seven_wsl/Workspace/starry/tgoskits-rt-ivc-m3-formal-20260803/target/aarch64-unknown-linux-musl/release/ostool-0a4a082c-8fcb-45c9-972a-c63772ddf499-orangepi-5-plus-starry.dtb (大小: 280066)
[2026-08-03T15:34:15Z INFO  ostool::boot::fit] FIT image ok: /home/seven_wsl/Workspace/starry/tgoskits-rt-ivc-m3-formal-20260803/target/aarch64-unknown-linux-musl/release/image.fit
[2026-08-03T15:34:15Z INFO  ostool::run::uboot] No TFTP config, using loady to upload FIT image...

send file
loady 0xa000000
## Ready for binary (ymodem) download to 0x0A000000 at 1500000 bps...
[2026-08-03T15:34:15Z INFO  uboot_shell::ymodem] Sending file: image.fit
C## Total Size      = 0x00373940 = 3619136 Bytes
## Start Addr      = 0x0A000000
=>
send ok
[2026-08-03T15:35:00Z INFO  ostool::run::uboot] Booting kernel with command: bootm
Interacting with U-Boot shell...
bootm
## Loading kernel (any) from FIT Image at 0a000000 ...
   Using 'config-ostool' configuration
   Verifying Hash Integrity ... OK
   Trying 'kernel' kernel subimage
     Description:  This kernel
     Type:         Kernel Image
     Compressionressed
     Data Start:   0x0a000168
     Data Size:    3338288 Bytes = 3.2 MiB
     Architecture: AArch64
     OS:           Linux
     Load Address: 0x02000000
     Entry Point:  0x02000000
   Verifying Hash Integrity ... OK
## Loading fdt (any) from FIT Image at 0a000000 ...
   Using 'config-ostool' configuration
   Verifying Hash Integrity ... OK
   Trying 'fdt' fdt subimage
     Description:  This fdt
     Type:         Flat Device Tree
     Compression:  uressed
     Data Start:   0x0a32f218
     Data Size:    280066 Bytes = 273.5 KiB
     Architecture: AArch64
     Load Address: 0x12000000
   Verifying Hash Integrity ... OK
   Loading fdt from 0x0a32f218 to 0x12000000
   Booting using the fdt blob at 0x12000000
Working FDT set to 12000000
   Loading Kernel Image to 2000000
   Loading Device Tree to 00000000ecb72000, end 00000000ecbb9601 ... OK
Working FDT set to ecb72000

Starting kernel ...

root=PARTUUID=5874edd8-1582-a144-a298-b139acd7b0e6 earlycon=uart8250,mmio32,0xfeb50000 rootwait rootfstype=ext4 splash=verbose console=ttyS2,1500000 console=tty1 consoleblank=0 loglevel=1 ubootpart=1af5d396-7e1f-7e40-bb91-af7c495a0115 usb-storage.quirks= c8M cgroup_enable=cpuset cgroup_my=1 cgroup_enable=memory swapaccnt=1
VM Load @0x2000000
VM Loaffff000082000000
Memory Map:
  Rsv    0x00000000110000 - 0x00000000200000 (960 KiB)
  Free   0x00000000200000 - 0x00000002000000 (30 MiB)
  KImg   0x00000002000000 - 0x00000002400000 (4 MiB)
  Free   0x00000002400000 - 0x0000000a100000 (125 MiB)
  Rsv    0x0000000a100000 - 0x0000000a145000 (276 KiB)
  Free   0x0000000a145000 - 0x0000000a200000 (748 KiB)
  Rsv    0x0000000a200000 - 0x0000000b65f000 (20.37 MiB)
  Free   0x0000000b65f000 - 0x00000010000000 (73.63 MiB)
  Rsv    0x00000010000000 - 0x00000020000000 (256 MiB)
  Free   0x00000020000000 - 0x000000f0000000 (3.25 GiB)
  Free   0x00000100000000 - 0x000003fc000000 (11.94 GiB)
  Free   0x000003fc500000 - 0x000003fff00000 (58 MiB)
  Free   0x000004f0000000 - 0x00000500000000 (256 MiB)
Initialize RAM allocator: 0x200000..0x2000000
Initializing per-CPU data
Per-CPU data one cpu size: 0x43000 bytes
Total per-CPU data size for secondary CPUs: 0x218000 bytes (8 CPUs)
Flushed RAM used range to memory map: 0x200000..0x245000, current: 0x245000
Flushed RAM used range to memory map: 0x245000..0x45d000, current: 0x45d000
Per-CPU data allocated at 0x245000 - 0x45d000
Initializing per-CPU RAM for CPU0 - hard id 0x0 @ 0x245000
Initializing per-CPU RAM for CPU1 - hard id 0x100 @ 0x288000
Initializing per-CPU RAM for CPU2 - hard id 0x200 @ 0x2cb000
Initializing per-CPU RAM for CPU3 - hard id 0x300 @ 0x30e000
Initializing per-CPU RAM for CPU4 - hard id 0x400 @ 0x351000
Initializing per-CPU RAM for CPU5 - hard id 0x500 @ 0x394000
Initializing per-CPU RAM for CPU6 - hard id 0x600 @ 0x3d7000
Initializing per-CPU RAM for CPU7 - hard id 0x700 @ 0x41a000
CPU0 - hard id 0x0, stack top @0x288000, stack top virt @0xff0000288000, entry virt @0xffff8019b128
CPU1 - hard id 0x100, stack0x2cb000, stack top virt @0xff00002cb000, entry virt @0xffff8019b128
CPU2 - hard id 0x200, stack top @0x30e000, stack top virt @0xff000030e000, entry virt @0xffff8019b128
CPU3 - hard id 0x300, stack top @0x351000, stack top virt @0xff0000351000, entry virt @0xffff8019b128
CPU4 - hard id 0x400, stack top @0x394000, stack top virt @0xff0000394000, entry virt @0xffff8019b128
CPU5 - hard id 0x500, stack top @0x3d7000, stack top virt @0xff00003d7000, entry virt @0xffff8019b128
CPU6 - hard id 0x600, stack top @0x41a000, stack top virt @0xff000041a000, entry virt @0xffff8019b128
CPU7 - hard id 0x700, stack top @0x45d000, stack top virt @0xff000045d000, entry virt @0xffff8019b128
EL: 2
Mapping early memory regions...
Ram                 : [0x0000000000200000, 0x00000000f0000000) -> [0x0000000000200000, 0x00000000f0000000) (3.75 GiB)
Ram                 : [0x0000000100000000, 0x00000003fc000000) -> [0x0000000100000000, 0x00000003fc000000) (11.94 GiB)
Ram                 : [0x00000003fc500000, 0x00000003fff00000) -> [0x00000003fc500000, 0x00000003fff00000) (58 MiB)
Ram                 : [0x00000004f0000000, 0x0000000500000000) -> [0x00000004f0000000, 0x0000000500000000) (256 MiB)
KImage              : [0x0000ffff80000000, 0x0000ffff80400000) -> [0x0000000002000000, 0x0000000002400000) (4 MiB)
PerCpu              : [0x0000ff0000245000, 0x0000ff000045d000) -> [0x0000000000245000, 0x000000000045d000) (2.09 MiB)
Debug serial        : [0x00000000feb50000, 0x00000000feb51000) -> [0x00000000feb50000, 0x00000000feb51000) (4 KiB)
Boot page table at physical address: 0x45d000
Setting up table registetry point at physical address: 0x21967b4
Trap vector at 0xffff80197000
Memory Map:
  Rsv    0x00000000110000 - 0x00000000245000 (1.21 MiB)
  PerCPU 0x00000000245000 - 0x0000000045d000 (2.09 MiB)
  Rsv    0x0000000045d000 - 0x0000000046c000 (60 KiB)
  Free   0x0000000046c000 - 0x0000000200000B)
  KImg   0x00000002000000 - 0x00000002400000 (4 MiB)
  Free   0x00000002400000 - 0x0000000a100000 (125 MiB)
  Rsv    0x0000000a100000 - 0x0000000a145000 (276 KiB)
  Free   0x0000000a145000 - 0x0000000a200000 (748 KiB)  0x0000000a200000 - 0x0000000b6B)
  Free   0x0000000b65f000 - 0x00000010000000 (73.63 MiB)
  v    0x00000010000000 - 0x00000020000000 (256 MiB)
  Free   0x00000020000000 - 0x000000f0000000 (3.25 GiB)
  MMIO   0x000000feb50000 - 0x000000feb51000 (4 KiB)
  Free   0x00000100000000 - 0x000003fc000000 (11.94 GiB)
  Free   0x000003fc500000 - 0x000003fff00000 (58 MiB)
  Free   0x000004f0000000 - 0x00000500000000 (256 MiB)
Jumping to main entry point at 0xffff8017e22c with SP 0x0000ff0000288000

       d8888                            .d88888b.   .d8888b.
      d88888                           d88P" "Y88b d88P  Y88b
     d88P888                           888     888 Y88b.
    d88P 888 888d888  .d8888b  .d88b.  888     888  "Y888b.
   d88P  888 888P"   d88P"    d8P  Y8b 888     888     "Y88b.
  d88P   888 888     888      88888888 888     888       "888
 d8888888888 888     Y88b.    Y8b.     Y88b. .d88P Y88b  d88P
d88P     888 888      "Y8888P  "Y8888   "Y88888P"   "Y8888P"

arch = aarch64
platform = RK3588 OPi 5 Plus
target = aarch64-unknown-none-softfloat
build_mode = 
log_level = info
backtrace = false
smp = 4

runtime:213] [32mLogging is enam
[m[37m[ 57.025716 ax_runtime:214] [32mPrimary CPU 0 starteg = 0x200000.[m
[m[37m[ 57.016] [32mFound physcial memory regions:[m
[m[37m[ 57.026970 ax_runtime:218] [32m  [PA:0x110000, PA:0x245000) reserved (READTE | EXECUTE | RESERVED)[m
[m[37m[ 57.027860 ax_runtime:218] [32m  [PA:0x245000, PA:0x45d000) reserved (READ | WRITE | EXECUTE | RESERVED)[m
[m[37m[ 57.028753 ax_runtime:218] [32m  [PA:0x45d000, PA:0x46c000) reserved (READ | WRITE | EXECUTE | RESERVED)[m
[m[37m[ 57.029645 ax_runtime:218] [32m  [PA:0x46c000, PA:0x2000000) free memory (READ | WRITE | FREE)[m
[m[37m[ 57.030463 ax_runtime:218] [32m  [PA:0x2000000, PA:0x2400000) reserved (READ | WRITE | EXECUTE | RESERVED)[m
[m[37m[ 57.031371 ax_runtime:218] [32m  [PA:0x2400000, PA:0xa100000) free memory (READ | WRITE | FREE)[m
[m[37m[ 57.032195 ax_runtime:218] [32m  [PA:0xa100000, PA:0xa145000) reserved (READ | WRITE | EXECUTE | RESERVED)[m
[m[37m[ 57.033103 ax_runtime:218] [32m  [PA:0xa145000, PA:0xa200000) free memory (READ | WRITE | FREE)[m
[m[37m[ 57.033928 ax_runtime:218] [32m  [PA:0xa200000, PA:0xb65f000) reserved (READ | WRITE | EXECUTE | RESERVED)[m
[m[37m[ 57.034835 ax_runtime:218] [32m  [PA:0xb65f000, PA:0x10000000) free memory (READ | WRITE | FREE)[m
[m[37m[ 57.035668 ax_runtime:218] [32m  [PA:0x1ITE | EXECUTE | RESERVED)[m
[36590 ax_runtime:218] [32m  [PA) free memory (READ | WRITE | FREE)[m
[m[37m[ 57.037430 ax_runtime:218] [32m  [PA:0xfeb5000 PA:0xfeb51000) mmio (READ | WRITE | DEVICE | RESERVED)[m
[m[37m[ 57.038315 ax_runtime:218] [32m  [PA:0x100000000, PA:0x3fc000000) free memory (READ | WRITE | FREE)[m
[m[37m[ 57.039171 ax_runtime:218] [32m  [PA:0x3fc500000, PA:0x3fff00000) free memory (READ | WRITE | FREE)[m
[m[37m[ 57.040025 ax_runtime:218] [32m  [PA:0x4f0000000, PA:0x500000000) free memory (READ | WRITE | FREE)[m
[m[37m[ 57.040880 ax_runtime:360] [32mInitialize global memory allocator...[m
[m[37m[ 57.041503 ax_runtime:361] [32m  use buddy-slab-aator allocator.[m
[m[37m[ 57.042127 ax_alloc::buddy_slab:150] [32mInitialize global memory allocator, start_vaddr: 0x100000000, size: 0x2fc000000[m
[m[37m[ 57.054651 ax_alloc::buddy_slab:399] [32mglobal allocator initialized[m
[m[37m[ 57.055276 ax_alloc::buddy_slab:160] ry region, start_vaddr: 0x46c000, size: 0x1b94000[m
[m[37m[ 57.056149 ax_alloc::buddy_slab:160] [32mAdd memory region, start_vaddr: 0x2400000, size: 0x7d00000[m
[m[37m[ 57.057116 ax_alloc::buddy_slab:160] [32mAdd memory region, start_vaddr: 0xa145000, size: 0xbb000[m
[m[37m[ 57.057951 buddy_slab_allocator::global:143] [32mGlobalAllocator: skip region 0xa145000+0xbb000, no allocator-visible memory after 2097152 alignment[m
[m[37m[ 57.059173 ax_alloc::buddy_slab:160] [32mAdd memory region, start_vaddr: 0xb65f000, size: 0x49a1000[m
[m[37m[ 57.060098 ax_alloc::buddy_slab:160] [32mAdd memory region, start_vaddr: 0x20000000, size: 0xd0000000[m
[m[37m[ 57.064098 ax_alloc::buddy_slab:160] [32mAdd memory region, start_vaddr: 0x3fc500000, size: 0x3a00000[m
[m[37m[ 57.065020 ax_alloc::buddy_slab:160] [32mAdd memory region, start_vaddr: 0x4f0000000, size: 0x10000000[m
[m[37m[ 57.066135 ax_runtime:253] [32mkernel aspace: [VA:0x0, VA:0xffffffffffffffff)[m
[m[37m[ 57.066820 ax_mm:92] [32mInitialize virtual memory management...[m
[m[37m[ 58.085180 ax_runtime:265] [32mInitialize platform devices...[m
[m[37m[ 58.139356 someboot::arch::power:23] [32mPower management method : SMC[m
[m[37m[ 58.139999 somehal::driver:5] [32mIning rdrive with FDT at 0x200000[m
[m[37m[ 58.454657 ax_task::api:149] [32mInitialize scheduling...[m
[m[37m[ 58.455225 ax_task::api:154] [32m  use FIFO sched38 ax_runtime:291] [32mInitialize interrupt handlers...[m
[m[37m[ 58.457643 ax_runtime::devices:2] [32mProbe platform devices...[m
[m[37m[ 58.554755 ax_driver::soc::scmi:55] [33m[scmi] SCMI shmem phandle 71 cannot be resolved by rdrive; using RK3588 shmem falback 0x10f000+0x100[m
[m[37m[ 58.555945 ax_driver::soc::scmi:76] [32mSCMI SMC registered: smc_id=0x82000010, shmem_phandle=71, shmem=0x10f000+0x100[m
[m[37m[ 58.557591 ax_driver::soc::rockchip::cru::rk3588:60] [32mRK3588 CRU reg: addr=0xfd7c0000,7m[ 58.558687 rockchip_soc::variants::rk3588::cru:122] [32mCRU@fd7c0000: Initializing and verifying clock configuration...[m
[m[37m[ 58.559688 rockchip_soc::variants::rk3588::cru:173] [33m⚠ CRU@fd7c0000: ACLK_BUS_ROOT div mismatch! u-boot: 3, current: 4[m
[m[37m[ 58.560731 rockchip_soc::variants::rk3588::cru:247] [32m✓ CRU@fd7c0000: Clock configuration verified[m
[m[37m[ 58.561611 ax_driver::soc::rockchip::cru::rk3588:79] [32mRK3588 CRU clock/reset registered successfully[m
[m[37m[ 58.563670 ax_driver::soc::rockchip::pm:61] [32mRockchip power-domain provider registered success[37m[ 58.601303 ax_driver::soc::rockchip::pinctrl:239] [32mRockchip RK3588 pinctrl registered successfully[m
[m[37m[ 59.038568 ax_driver::soc::fixed_regulator:70] [32mFixed regulator vcc5v0_host enabled via pinctrl[m
[m[37m[ 59.132812 ax_driver::soc::fixed_regulator:70] [32mFixed regulator vcc3v3_pcie_eth enabled via pinctrl[m
[m[37m[ 59.178375 ax_driver::soc::fixed_regulator:70] [32mFixed regulator wifi_disable enabled via pinctrl[m
[m[37m[ 59.241147 ax_driver::block::rockchip::sd:218] [32m[mmc@fe2c0000] vqmmc-supply phandle Phandle(283) is not a fixed GPIO r[37m[ 59.242443 ax_driver::soc:ock_id=0x17[m
[m[37m[ 59.243108 ax_driver::block::rockchip::clock:53] [32m[mmc@fe2c0000] enabled SDMMC SCMI clock Some("biu") (0x17)[m
[m[37m[ 59.244062 ax_driver::soc::scmi:124] [32mSCMI clock enabled: clock_id=0x9[m
[m[37m[ 59.244717 ax_driver::block::rockchip::clock:53] 2m[mmc@fe2c0000] enabled SDMMC Sme("ciu") (0x9)[m
[m[37m[ 59[ 59.246634 ax_driver::block::rockchip::clock:100] [32m[mmc@fe2sample") (0x2c3)[m
[m[37m[ 5x_driver::block::rockchip::sd:129] [32mrockchip-dwmmc probe: nor=0xfe2c0000, size=0x4000[m
[m[37m[ 59.248735 ax_driver::sock rate set: clock_id=0x9, rate=50000000 Hz[m
[m[37m[ 59.249540 ax_driver::soc::scmi:95] [32mSCMI clock rate get: clock_id=0x9, rate=49500000 Hz[m
[m[37m[ 59.250330 ax_driver::block::rockchip::sd:142] [32mrockchip-dwmmc: using ciu reference clock 49500000 Hz[m
[m[37m[ 59.251318 ax_driver::block::rockchip::sd::phase:43] [32mrockchip-dwmmc: RK3588 SDMMC phase configured: drive=90deg sample=0deg parent=49500000Hz[m
[m[37m[ 59.252515 ax_driver::block::rockchip::sd:160] [32mrockchip-dwmmc: initialize card through native host2 bus ops[m
[m[37m[ 59.253463 sdmmc_protocol::sdio::init:487] [32msdio: submit bus op ResetAll[m
[m[37m[ 59.254152 sdmmc_protocol::sdio::init:487] [32msdio: submit bus op PowerOn[m
[m[37m[ 59.264824 sdmmc_protocol::sdio::init:487] [32msdio: submit bus op SwitchVoltage(V330)[m
[m[37m[ 59.265582 sdmmc_prot[32msdio: submit bus op SetBusWidth(Bit1)[m
[m[37m[ 59.26632dmmc_protocol::sdio::init:449] [32msdio: submit bus op SetClock(Identification)[m
[m[37m[ 59.267128 ax_driver::soc::scmi:149] [32mSCMI clock rate set: clock_id=0x9, rate=800000 Hz[m
[m[37m[ 59.267916 ax_driver::soc::scmi:95] [32mSCMI clock rate get: clock_id=0x9, rate=800000 Hz[m
[m[37m[ 59.268691 ax_driver::block::rockchip::sd:91] [32mrockchip-dwmmc: ciu clock set [m
[m[37m[ 59.301733 sdmmc_protocol::sdio::init:695] [32msdio: detected Sd ocr=0xc0ff8000[m
[m[37m[ 59.303796 sdmmc_protocol::sdio::init:849] [32msdio: CSD capacity_blocks=Some(62333952)[m
[m[37m[ 59.304874 sdmmc_protocol::sdio::init:863] [32msdio: switch SD bus width to 4-bit[m
[m[37m[ 59.306212 sdmmc_protocol::sdio::init:449] [32msdio: submit bus op SetBusWidth(Bit4)[m
[m[37m[ 59.306955 sdmmc_protocol::sdio::init:449] [32msdio: submit bus op SetClock(Default)[m
[m[37m[ 59.307706 ax_driver::soc::scmi:149] [32mSCMI civer::soc::scmi:95] [32mSCMI clock rate get: clock_id=0x9, rateax_driver::block::rockchip::sd:91] [32mrockchip-dwmmc: ciu cloccclkin=49500000 Hz bus=24750000 Hz[m
[m[37m[ 59.313307 ax_driver::soc::scmi:149] [32mSCMI clock rate set: clock_id=0x9, rate=100000000 Hz[m
[m[37m[ 59.314117 ax_driver::soc::scmi:95] [32mSCMI clock rate get: clock_id=0x9, rate=99000000 Hz[m
[m[37m[ 59.314907 ax_driver::block::rockchi cclkin=99000000 Hz bus=49500000[m
[m[37m[ 59.316046 sdmmc_protocol::sdio::init:1442] [32msdio: SD speed selected HighSpeed[m
[m[37m[ 59.316763 sdmmc_protocol::sdio::init:1463] [32msdio: init done kind=Sd sd_v2=true high_capacity=true rca=0xaaaa ocr=0xc0ff8000 host_bus_width=Bit4 ext_csd_bus_width=None ext_csd_timing=None[m
[m[37m[ 59.318311 ax_driver::block::rockchip::sd:169] [32mrockchip-dwmmc card: kind=Sd high_capacity=true rca=43690 ocr=0xc0ff8000 capacity_blocks=Some(62333952) cid=true e[37m[ 59.320818 ax_driver::block::rockchip::sd::phase:67] [32me 0deg: block0_ok=true mbr_sig=aa55 block0_head=[00, 00, 00, 00, 00, 00, 00, 00, 00, 00, 00, 00, 00, 00, 00, 00] block1_ok=true gpt_head=[45, 46, 49, 20, 50, 41, 52, 54][m
[m[37m[ 59.322879 ax_driver::block::rockchip::sd::phase:81] [32mrockchip-dwmmc: selected RK3588 SDMMC sample phase 0deg[m
[m[37m[ 59.323958p-sd block device registered irq=None[m
[m[37m[ 59.325536 ax_driver::block::rockchip::clock:100] [32m[mmc@fe2e0000] enabled SDHCI clock Some("core") (0x13a)[m
[m[37m[ 59.326472 ax_driver::block::rockchip::clock:100] [32m[mmc@fe2e0000] enabled SDHCI clock Some("bus") (0x138)[m
[m[37m[ 59.327395 ax_driver::block::rockchip::clock:100] [32m[mmc@fe2e0000] enabled SDHCI clock Some("axi") (0x139)[m
[m[37m[ 59.328323 ax_driver::block::rockchip::clock:100] [32m[mmc@fe2e0000] enabled SDHCI clock Some("block") (0x13b)[m
[m[37m[ 59.329261 ax_driver::block::rockchip::clock:100] [32m[mmc@fe2e0000] enabled SDHCI clock Some("timer") (0x13c)[m
[m[37m[ 59.330212 ax_driver::block::rockhci_rk3588:166] [32mrockchip-sdhci probe: node=mmc@fe2e0000, addr=0xfe2e0000, size=0x10000[m
[m[37m[ 59.331352 ax_driver::block::rockchip::sdhci_rk3588:176] [32mrockchip-sdhci: using external CRU clock[m
[m[37m[ 59.332219 ax_driver::block::rockchip::sdhci_rk3588:185] [32mrockchip-sdhci: initialize card through native host2 bus ops[m
[m[37m[ 59.333241 sdmmc_protocol::sdio::init:487] [32msdio: submit bus op ResetAll[m
[m[37m[ 59.333932 ax_driver::block::rockchip::sdhci_rk3588:252] [32mrockchip-sdhci: RK3588 DWCMSHC vendor reset area1=0x500[m
[m[37m[ 59.334913 sdmmc_protocol::sdio::init:487] [32msdio: submit bus op PowerOn[m
[m[37m[ 59.345582 sdmmc_protocol::sdio::init:487] [32msdio: submit bus op SwitchVoltage(V330)[m
[m[37m[ 59.346354 sdmmc_protocol::sdio::init:449] [32msdio: submit bus op SetBusWidth(Bit1)[m
[m[37m[ 59.347095 sdmmc_p49] [32msdio: submit bus op Setfication)[m
[m[37m[ 59.347904 ax_driver::block::rockchip::sdhci_rk3588:118] [32mrockchip-sdhci: core clock set to 375000 Hz[m
[m[37m[ 59.399678 sdmmc_protocol::sdio::init:780] [32msdio: detected Mmc ocr=0xc0ff8080[m
[m[37m[ 59.401816 sdmmc_protocol::sdio::init:849] [32msdio: CSD capacity_blocks=None[m
[m[37m[ 59.414224 sdmmc_protocol::sdio::init:950] [32msdio: EXT_CSD sector_count=122224640[m
[m[37m[ 59.415627 ax_driver::block::rockchip::sdhci_rk3588:118] [32mrockchip-sdhci: core clock set to 25000000 Hz[m
[m[37m8:118] [32mrockchip-sdhci: core clock set to 50000000 Hz[m
[m[37m[ 59.417496 sdmmc_protocol::sdio::init:1210] [32msdio: MMC speed selected HighSpeed bus_width=Bit8[m
[m[37m[ 59.418336 sdmmc_protocol::sdio::init:1463] [32msdio: init done kind=Mmc sd_v2=false high_capacity=true rca=0x1 ocr=0xc0ff8080 host_bus_width=Bit8 ext_csd_bus_width=Som) ext_csd_timing=Some(Compat)[m
[m[37m[ 59.419979 ax_driver::block::rockchip::sdhci_rk3588:191] [32mSDHCI card: kind=Mmc high_capacity=true rca=1 ocr=0xc0ff8080 capacity_blocks=Some(122224640) cid=true ext_csd=true[m
[m[37m[ 59.421508 ax_driver::block::rockchip::sdhci_rk3588:208] [32mrockchip-sdhci block device registered irq=None[m
[m[37m[ 59.422544 ax_runtime::irq:120] [32mregistered rockchip-sd/0 irq IrqId { domain: IrqDomainId(7), hwirq: HwIrq(235) }[m
[m[37m[ 59.423544 ax_fs_ng::block::runtime::device:1359] [33mrdif filesystem block device rockchip-sd registered with IRQ-driven completion[m
[m[37m[ 59.424643 ax_fs_ng::block::runtime::device:1361] [32mregistered rdif filesystem block device rockchip-sd[m
[m[37m[ 59.425591 ax_runtime::irq:120] [32mregistered rockchip-sdhci/0 irq IrqId { domain: IrqDomainId(7), hwirq: HwIrq(237) }[m
[m[37m[ 59.426595 ax_fs_ng::block::runtime::device:1359] [33mrdif filesystem block device rockchip-sdhci registered with IRQ-driven completion[m
[m[37m[ 59.427720 ax_fs_ng::block::runtime::device:1361] [32mregistered rdif filesystem block device rockchip-sdhci[m
[m[37m[ 59.463821 ax_fs_ng::root:256] [32m    partition 1 name=Some("bootfs") fs=Some(Fat) lba 61440..2158592[m
[m[37m[ 59.464952 ax_fs_ng::root:256] [32m    partition 2 name=None fs=Some(Ext4) lba 2158592..61702144[m
[m[37m[ 59.465784 ax_fs_ng::root:272] [32m  block device 0 (rockchip-sd) has Gpt partition table with 2 partitions[m
[m[37m[ 59.482096 ax_fs_ng::root:256] [32m    partition 1 name=Some("uboot") fs=None lba 8192..16384[m
[m[37m[ 59.483161 ax_fs_ng::root:256] [32m    partition 2 name=Some("misc") fs=None lba 16384..24576[m
[m[37m[ 59.484189 ax_fs_ng::root:256] [32m    partition 3 name=Some("bootctrl") fs=None lba 24576..28672[m
[m[37m[ 59.485261 ax_fs_ng::root:256] [32m    partition 4 name=Some("resource") fs=None lba 28672..40960[m
[m[37m[ 59.486220 ax_fs_ng::root:256] [32m    partition 5 name=Some("boot_linux") fs=Some(Ext4) lba 40960..237568[m
[m[37m[ 59.487387 ax_fs_ng::root:256] [32m    partition 6 name=Some("ramdisk") fs=None lba 237568..245760[m
[m[37m[ 59.488400 ax_fs_ng::root:256] [32m    partition 7 name=Some("system") fs=Some(Ext4) lba 245760..4440064[m
[m[37m[ 59.489451 ax_fs_ng::root:256] [32m    partition 8 name=Some("vendor") fs=Some(Ext4) lba 4440064..6537216[m
[m[37m[ 59.490470 ax_fs_ng::root:256] [32m    partition 9 name=Some("sys-prod") fs=Some(Ext4) lba 6537216..6639616[m
[m[37m[ 59.491507 ax_fs_ng::root:256] [32m    partition 10 name=Some("chip-prod") fs=(Ext4) lba 6639616..6742016[m
[m[37m[ 59.492653 ax_fs_ng::root:256] [32m    partition 11 name=Some("updater") fs=None lba 6742016..6807552[m
[m[37m[ 59.493694 ax_fs_ng::root:256] [32m    partition 12 name=Some("eng_system") fs=None lba 6807552..6840320[m
[m[37m[ 59.494755 ax_fs_ng::root:256] [32m    partition 13 name=Some("eng_chipset") fs=None lba 6840320..6873088[m
[m[37m[ 59.495825 ax_fs_ng::root:256] [32m    partition 14 name=Some("chip_ckm") fs=None lba 6938624..7069696[m
[m[37m[ 59.497000 ax_fs_ng::root:256] [32m    partition 15 name=Some("userdata") fs=None lba 19955712..122224576[m
[m[37m[ 59.497902 ax_fs_ng::root:272] [32m  block device 1 (rockchip-sdhci) has Gpt partition table with 15 partitions[m
[m[37m[ 59.498878 ax_fs_ng::root:363] [32m  matched root by PARTUUID on disk0 partition 2 (<unnamed>, fs=ext4, lba 2158592..61702144)[m
[m[37m[ 59.499935 ax_fs_ng:75] [32mInitialize filesystem subsystem...[m
[m[37m[ 59.500506 ax_fs_ng:76] [32m  selected root device: disk0 partition 2 (<unnamed>, fs=ext4, lba 2158592..61702144)[m
[m[37m[ 59.526502 rsext4::ext4::mount:327] [32m/lost+found exists (superblock hint inode=11)[m
[m[37m[ 59.528195 rsext4::ext4::mount:462] [32mExt4 filesystem mounted[m
[m[37m[ 59.528776 rsext4::ext4::mount:463] [32m  - block size: 4096 bytes[m
[m[37m[ 59.529384 rsext4::ext4::mount:464] [32m  - total blocks: 7442944[m
[m[37m[ 59.529983 rsext4::ext4::mount:465] [32m  - free blocks: 6458726[m
[m[37m[ 59.530576 rsext4::ext4::mount:466] [32m  - total inodes: 1845888[m
[m[37m[ 59.531176 rsext4::ext4::mount:467] [32m  - free inodes: 1796917[m
[m[37m[ 59.531769 rsext4::ext4::sync:13] [32mSyncing filesystem...[m
[m[37m[ 59.542784 rsext4::ext4::mount:546] [32mExt4 filesystem mounted[m
[m[37m[ 59.543390 ax_fs_ng:88] [32m  filesystem type: "ext4"[m
[m[37m[ 59.554266 ax_fs_ng::root:518] [32m  mounting partition disk0 partition 1 (bootfs, fs=fat, lba 61440..2158592) at /boot[m
[m[37m[ 59.556421 ax_runtime::mp:79] [32mSecondary CPU 1 started.[m
[m[37m[ 59.557851 ax_runtime::mp:79] [32mSecondary CPU 2 started.[m
[m[37m[ 59.558318 ax_runtime::mp:107] [3PU 1 init OK.[m
[m[37m[ 59.559655 ax_runtime:336] [32mPrimary CPU 0 init OK.[m
[m[37m[ 59.559655 ax_runtime::mp:79] [32mSecondary CPU 3 started.[m
[m[37m[ 59.560454 ax_runtime::mp:107] [32mSecondary CPU 2 init OK.[m
[m[37m[ 59.563520 ax_runtime::mp:107] [32mSecondary CPU 3 init OK.[m
[m

       d8888            888     888  d8b
      d88888            888     888  Y8P
     d88P888            888     888
    d88P 888  888  888  Y88b   d88P  888  .d8888b    .d88b.   888d888
   d88P  888  `Y8bd8P'   Y88b d88P   888  88K       d88""88b  888P"
  d88P   888    X88K      Y88o88P    888  "Y8888b.  888  888  888
 d8888888888  .d8""8b.     Y888P     888       X88  Y88..88P  888
d88P     888  888  888      Y8P      888   88888P'   "Y88P"   888


by AxVisor Team

[37m[ 59.567755 0:2 axvisor:51] [32mStarting virtualization...[m
[m[37m[ 59.568296 0:2 axvm::host::arceos:230] [32mEnabling hardware virtualization support on all cores...[m
[m[37m[ 59.569151 0:2 axvm::host::arceos:236] [32mCore 0 is initializing hardware virtualization support...[m
[m[37m[ 59.570013 0:2 axvm::timer:101] [32mInitializing AxVM timer wheel...[m
[m[37m[ 59.570639 0:2 axvm::host::arceos:238] [32mHardware virtualization support enabled on core 0[m
[m[37m[ 59.572443 1:11 axvm::host::arceos:248] [32mCore 1 is initializing hardware virtualization support...[m
[m[37m[ 59.573309 1:11 axvm::timer:101] [32mInitializing AxVM timer wheel...[m
[m[37m[ 59.573787 2:12 axvm::host::arceos:248] [32mCore 2 is initializing hardware virtualization support...[m
[m[37m[ 59.573940 1:11 axvm::host::arceos:251] [32mHardware virtualization support enabled on core 1[m
[m[37m[ 59.575507 3:13 axvm::host::arceos:248] [32mCore 3 is initializing hardware virtualization support...[m
[m[37m[ 59.575503 0:2 axvm::host::arceos:264] [32mWaiting for all cores to enable hardware virtualization...[m
[m[37m[ 59.574808 2:12 axvm::timer:101] [32mInitializing AxVM timer wheel...[m
[m[37m[ 59.576488 3:13 axvm::timer:101] [32mInitializing AxVM timer wheel...[m
[m[37m[ 59.577992 2:12 axvm::host::arceos:251] [32mHardware virtualization support enabled on core 2[m
[m[37m[ 59.578622 3:13 axvm::host::arceos:251] [32mHardware virtualization support enabled on core 3[m
[m[37m[ 59.580328 0:2 axvm::arch::aarch64::gic:55] [32mUsing per-CPU GICv3 system registers for virtual IRQs[m
[m[37m[ 59.663952 0:2 axvm::arch::aarch64::gic:132] [32mAArch64 host virtual-timer PPI 27 is available for guest forwarding[m
[m[37m[ 59.664935 0:2 axvm::host::arceos:280] [32mAll cores have enabled hardware virtualization support.[m
[m[37m[ 59.667326 0:2 axvisor::manager:127] [32mNOT find dir: /guest/vm_default in filesystem[m
[m[37m[ 59.668088 0:2 axvisor::config:94] [32mUsing static VM configs.[m
[m[37m[ 59.741752 0:2 axvm::arch::aarch64::fdt::core::parser:386] [32mCPU node: /cpus/cpu@0, node_id: 0x0, guest_cpu_id: 0x0[m2762 0:2 axvm::arch::aarch64::fdt::core::parser:386] [32mCPU node: /cpus/cpu@100, node_id: 0x100, guest_cpu_id: 0x100[m
[m[ 59.743811 0:2 axvm::arch::aarch[32mCPU node: /cpus/cpu@200, node_id: 0x200, guest_cpu_id: 0x200[m
[m[37m[ 59.744859 0:2 axvm::arch::aarch64::fdt::core::parser:386] [32mCPU node: /cpus/cpu@300, node_id: 0x300, guest_cpu_id: 0x300[m
[m[37m[ 59.745905 0:2 axvm::arch::aarch64::fdt::core::parser:386] [32mCPU node: /cpus/cpu@400, node_id: 0x400, guest_cpu_id: 0x400[m
[m[37m[ 59.746954 0:2 axvm::arch::aarch64::fdt::core::parser:386] [32mCPU node: /cpus/cpu@500, node_id: 0x500, guest_cpu_id: 0x500[m
[m[37m[ 59.748006 0:2 axvm::arch::aarch64::fdt::core::parser:386] [32mCPU node: /cpus/cpu@600, node_id: 0x600, guest_cpu_id: 0x600[m
[m[37m[ 59.749054 0:2 axvm::arch::aarch64::fdt::core::parser:386] [32mCPU node: /cpus/cpu@700, node_id: 0x700, guest_cpu_id: 0x700[m
[m[37m[ 59.762037 0:2 axvm::arch::aarch64::fdt::core::parser:393] [32mFound 8 host CPU nodes[m
[m[37m[ 59.762792 0:2 axvm::arch::aarch64::fdt::core:68] [32mVM[1] found DTB, parsing...[m
[m[37m[ 70.513388 0:2 axvisor::config:139] [32mCreating VM[1] "starry-ivc-orangepi-ack-loss"[m
[m[37m[ 70.514178 0:2 axvm::vm:633] [32mVM created: id=1[m
[m[37m[ 71.010807 0:2 axvisor::config:151] [32mVM[1] created success, loading images...[m
[m[37m[ 73.425600 0:2 axdevice::device:1350] [32mAxVmDevices: registered device id=0[m
[m[37m[ 73.426291 0:2 axdevice::device:336] [32mGPPT Distributor initialized with base GPA 0x8000000 and length 0x10000[m
[m[37m[ 73.427254 0:2 axdevice::device:1350] [32mAxVmDevices: registered device id=1[m
[m[37m[ 73.427939 0:2 axdevice::device:311] [32mGPPT Redistributor initialized for vCPU 0 with base GPA 0x80a0000 and length 0x20000[m
[m[37m[ 73.428993 0:2 axdevice::device:1350] [32mAxVmDevices: registered device id=2[m
[m[37m[ 73.429678 0:2 axdevice::device:311] [32mGPPT Redistributor initialized for vCPU 1 with base GPA 0x80c0000 and length 0x20000[m
[m[37m[ 73.430735 0:2 axdevice::device:1350] [32mAxVmDevices: registered device id=3[m
[m[37m[ 73.431420 0:2 axdevice::device:518] [32mvirtio-blk 'virtio-blk-starry' initialized at GPA 0xa000000 IRQ 48 with backing 0 (67108864 bytes)[m
[m[37m[ 73.432580 0:2 axdevice::device:1350] [32mAxVmDevices: registered device id=4[m
[m[37m[ 73.433264 0:2 axdevice::device:576] [32mvirtio-net 'virtio-net-starry' initialized at GPA 0xa001000 IRQ 56 segment 1 header mode Negotiated (MAC 52:54:00:00:00:01)[m
[m[37m[ 73.434627 0:2 axdevice::device:1350] [32mAxVmDevices: registered device id=5[m
[m[37m[ 73.435311 0:2 axvm::arch::aarch64::vm:134] [32mAArch64 PL011 console 'pl011-starry' initialized at GPA 0x9000000 with length 0x1000[m
[m[37m[ 73.436426 0:2 axdevice::device:1350] [32mAxVmDevices: registered device id=6[m
[m[37m[ 73.437114 0:2 axdevice::device:1350] [32mAxVmDevices: registered device id=7[m
[m[37m[ 73.437803 0:2 axdevice::device:1350] [32mAxVmDevices: registered device id=8[m
[m[37m[ 73.438522 0:2 axvm::vm::prepare:101] [32mVM setup: id=1[m
[m[37m[ 73.505449 0:2 axvm::arch::aarch64::fdt::core::parser:386] [32mCPU node: /cpus/cpu@0, node_id: 0x0, guest_cpu_id: 0x0[m
[m[37m[ 73.506459 0:2 axvm::arch::aarch64::fdt::core::parser:386] [32mCPU node: /cpus/cpu@100, node_id: 0x100, guest_cpu_id: 0x100[m
[m[37m[ 73.507509 0:2 axvm::arch::aarch64::fdt::core::parser:386] [32mCPU node: /cpus/cpu@200, node_id: 0x200, guest_cpu_id: 0x200[m
[m[37m[ 73.508563 0:2 axvm::arch::aarch64::fdt::core::parser:386] [32mCPU node: /cpus/cpu@300, node_id: 0x300, guest_cpu_id: 0x300[m
m[37m[ 73.509611 0:2 axvm::arch::aarch64::fdt::core::parser:386] [32mCPU node: /cpus/cpu@400, node_id: 0x400, guest_cpu_id: 0x400[m
[m[37m[ 73.510662 0:2 axvm::arch::aarch64::fdt::core::parser:386] [32mCPU node: /cpus/cpu@500, node_id: 0x500, guest__id: 0x500[m
[m[37m[ 73.511710 0:2 axvm::arch::aarch64::fdt::core::parser:386] [32mCPU node: /cpus/cpu@600, node_id: 0x600, guest_cpu_id: 0x600[m
[m[37m[ 73.512759 0:2 axvm::arch::aarch64::fdt::core::parser:386] [32mCPU node: /cpus/cpu@700, node_id: 0x700, guest_cpu_id: 0x700[m
[m[37m[ 73.521488 0:2 axvm::arch::aarch64::fdt::core::parser:393] [32mFound 8 host CPU nodes[m
[m[37m[ 73.522239 0:2 axvm::aaarch64::fdt::core:77] [32mVM[2] DTB not found, generating from the VM configuration[m
[m[37m[ 73.628552 0:2 axvm::arch::aarch64::fdt::core::device:96] [32mFound excluded devices: [][m
[m[37m[ 73.667265 0:2 axvisor::config:139] [32mCreating VM[2] "zephyr-ivc-orangepi-ack-loss"[m
[m[37m[ 73.668052 0:2 axvm::vm:633] [32mVM created: id=2[m
[m[37m[ 73.916617 0:2 axvisor::config:151] [32mVM[2] created success, loading images...[m
[m[37m[ 73.918504 0:2 axdevice::device:1350] [32mAxVmDevices: registered device id=0[m
[m[37m[ 73.919192 0:2 axdevice::device:336] [32mGPPT Distributor initialized with base GPA 0x8000000 and length 0x10000[m
[m[37m[ 73.920155 0:2 axdevice::device:1350] [32mAxVmDevices: registered device id=1[m
[m[37m[ 73.920839 0:2 axdevice::device:311] [32mGPPT Redistributor initialized for vCPU 0 with base GPA 0x80a0000 and length 0x20000[m
[m[37m[ 73.921895 0:2 axdevice::device:1350] [32mAxVmDevices: registered device id=2[m
[m[37m[ 73.922579 0:2 axdevice::device:576] [32mvirtio-net 'virtio-net-zephyr' initialized at GPA 0xa002000 IRQ 64 segment 1 header mode FixedTwelveByte (MAC 52:54:00:00:00:02)[m
[m[37m[ 73.923979 0:2 axdevice::device:1350] [32mAxVmDevices: registered device id=3[m
[m[37m[ 73.924663 0:2 axvm::arch::aarch64::vm:134] [32mAArch64 PL011 console 'pl011-zephyr' initialized at GPA 0x9000000 with length 0x1000[m
[m[37m[ 73.925777 0:2 axdevice::device:1350] [32mAxVmDevices: registered device id=4[m
[m[37m[ 73.926465 0:2 axdevice::device:1350] [32mAxVmDevices: registered device id=5[m
[m[37m[ 73.927154 0:2 axdevice::device:1350] [32mAxVmDevices: registered device id=6[m
[m[37m[ 73.927871 0:2 axvm::vm::prepare:101] [32mVM setup: id=2[m
[m[37m[ 73.928459 0:2 axvm::runtime:35] [32mInitializing VMM...[m
[m[37m[ 73.928987 0:2 axvm::runtime:40] [32mVMM starting, booting VMs...[m
[m[37m[ 73.929589 0:2 axvm::vm:820] [32mStarting VM[1][m
[m[37m[ 73.930055 0:2 axvm::runtime::vcpus:236] [32mSpawning task for VM[1] VCpu[0][m
[m[37m[ 73.930750 0:2 axvm::runtime::vcpus:274] [32mVCpu task Task(14, "VM[1]-VCpu[0]") created cpumask: [1, ], initial CPU 1[m
[m[37m[ 73.931775 0:2 axvm::runtime:48] [32mVM[1] boot success[m
[m[37m[ 73.932295 0:2 axvm::vm:820] [32mStarting VM[2][m
[m[37m[ 73.932761 0:2 axvm::runtime::vcpus:236] [32mSpawning task for Vaxvm::runtime::vcpus:274] [32mV-VCpu[0]") created cpumask: [0, ], initial CPU 0[m
[m[37m[ 73.934458 0:2 axvm::runtime:48] [32mVM[2] boot success[m
[m[37m[ 73.934989 0:15 axvm::runtime::vcpus:332] [32mVM[2] VCpu[0] waiting for running[m
[m[37m[ 73.935691 0:15 axvm::runtime::vcpus:335] [32mVM[2] VCpu[0] running...[m
[m[37m[ 73.936328 0:15 axvm::arch::aarch64::gic:318] [33mVirtual interrupt interface not enabled, enabling now[m
[m[37m[ 73.937212 0:15 axv32mVM[2] VCpu[0] first-run architecture setup complete[m
[m[37m[ 73.938323 1:14 axvm::runtime::vcpus:332] [32mVM[1] VCpu[0] waiting for running[m
[m[37m[ 73.939024 1:14 axvm::runtime::vcpus:335] [32mVM[1] VCpu[0] running...[m
[m[37m[ 73.939661 1:14 axvm::arch::aarch64::gic:318] [33mVirtual interrupt interface not enabled, enabling now[m
[m[37m[ 73.940546 1:14 axvm::runtime::vcpus:337] [32mVM[1] VCpu[0] first-run architecture setup complete[m
[m[guest-console:pl011-zephyr] *** Booting Zephyr OS build v4.3.0 ***
[guest-console:pl011-zephyr] IVC-RTOS-SELFTEST PASS vector=rust-wire-v1
[guest-console:pl011-starry] console=ttyAMA0,115200 earlycon=pl011,0x09000000 root=/dev/vda rw fsck.repair=yes
[guest-console:pl011-starry] VM Load @0x80200000
[guest-console:pl011-starry] VM Load Offset: 0x100200000
[guest-console:pl011-starry] Memory Map:
[guest-console:pl011-starry]   Free   0x00000080000000 - 0x00000080200000 (2 MiB)
[guest-console:pl011-starry]   KImg   0x00000080200000 - 0x00000081000000 (14 MiB)
[guest-console:pl011-starry]   Free   0x00000081000000 - 0x00000090000000 (240 MiB)
[guest-console:pl011-starry] Initialize RAM allocator: 0x81000000..0x90000000
[guest-console:pl011-starry] Initializing per-CPU data
[guest-console:pl011-starry] Per-CPU data one cpu size: 0x41000 bytes
[guest-console:pl011-starry] Total per-CPU data size for secondary CPUs: 0x82000 bytes (2 CPUs)
[guest-console:pl011-starry] Flushed RAM used range to memory map: 0x81000000..0x81001000, current: 0x81001000
[guest-console:pl011-starry] Flushed RAM used range to memory map: 0x81001000..0x81083000, current: 0x81083000
[guest-console:pl011-starry] Per-CPU data allocated at 0x81001000 - 0x81083000
[guest-console:pl011-starry] Initializing per-CPU RAM for CPU0 - hard id 0x100 @ 0x81001000
[guest-console:pl011-starry] Initializing per-CPU RAM for CPU1 - hard id 0x200 @ 0x81042000
[guest-console:pl011-starry] CPU0 - hard id 0x100, stack top @0x81042000, stack top virt @0xffffff0081042000, entry virt @0xffff[guest-console:pl011-starry] CPU1 - hard id 0x200, stack top @0x81083000, stack top virt @0xffffff0081083000, entry virt @0xffffffff80364420
[guest-console:pl011-starry] EL: 1
[guest-console:pl011-starry] Mapping early memory regions...
[guest-console:pl011-starry] Ram                 : [0xffff000080000000, 0xffff000090000000) -> [0x0000000080000000, 0x0000000090000000) (256 MiB)
[guest-console:pl011-starry] KImage              : [0xffffffff80000000, 0xffffffff80e00000) -> [0x0000000080200000, 0x0000000081000000) (14 MiB)
[guest-console:pl011-starry] PerCpu              : [0xffffff0081001000, 0xffffff0081083000) -> [0x0000000081001000, 0x0000000081083000) (520 KiB)
[guest-console:pl011-starry] Debug serial        : [0xffff000009000000, 0xffff000009001000) -> [0x0000000009000000, 0x0000000009001000) (4 KiB)
[guest-console:pl011-starry] Boot page table at physical address: 0x81083000
[guest-console:pl011-starry] Setting up table registers...
[guest-console:pl011-starry] MMU Entry point at physical address: 0x805679b0
[guest-console:pl011-starry] Trap vector at 0xffffffff80360800
[guest-console:pl011-starry] Memory Map:
[guest-console:pl011-starry]   MMIO   0x00000009000000 - 0x00000009001000 (4 KiB)
[guest-console:pl011-starry]   Free   0x00000080000000 - 0x00000080200000 (2 MiB)
[guest-console:pl011-starry]   KImg   0x00000080200000 - 0x00000081000000 (14 MiB)
[guest-console:pl011-starry]   Rsv    0x00000081000000 - 0x00000081001000 (4 KiB)
[guest-console:pl011-starry]   PerCPU 0x00000081001000 - 0x00000081083000 (520 KiB)
[guest-console:pl011-starry]   Rsv    0x00000081083000 - 0x0000008108d000 (40 KiB)
[guest-console:pl011-starry]   Free   0x0000008108d000 - 0x00000090000000 (239.45 MiB)
[guest-console:pl011-starry] Jumping to main entry point at 0xffffffff8034f05c with SP 0xffffff0081042000
[guest-console:pl011-starry] 
[guest-console:pl011-starry]        d8888                            .d88888b.   .d8888b.
[guest-console:pl011-starry]       d88888                           d88P" "Y88b d88P  Y88b
[guest-console:pl011-starry]      d88P888                           888     888 Y88b.
[guest-console:pl011-starry]     d88P 888 888d888  .d8888b  .d88b.  888     888  "Y888b.
[guest-console:pl011-starry]    d88P  888 888P"   d88P"    d8P  Y8b 888     888     "Y88b.
[guest-console:pl011-starry]   d88P   888 888     888      88888888 888     888       "888
[guest-console:pl011-starry]  d8888888888 888     Y88b.    Y8b.     Y88b. .d88P Y88b  d88P
[guest-console:pl011-zephyr] IVC-RTOS-NET mac=52:54:00:00:00:02 expected=52:54:00:00:00:02
[guest-console:pl011-starry] d88P     888 888      "Y8888P  "Y8888   "Y88888P"   "Y8888P"
[guest-console:pl011-starry] 
[guest-console:pl011-starry] arch = aarch64
[guest-console:pl011-zephyr] IVC-RTOS-READY bind=10.0.0.2:5500 mac=52:54:00:00:00:02 window_bits=64 ack_loss_drop_every=5 expected_commands=100 exit_after_expected=1
[guest-console:pl011-starry] platform = AxVisor Orange Pi 5 Plus IVC StarryOS guest
[guest-console:pl011-starry] target = aarch64-unknown-none-softfloat
[guest-console:pl011-starry] build_mode = 
[guest-console:pl011-starry] log_level = info
[guest-console:pl011-starry] backtrace = false
[guest-console:pl011-starry] smp = 2
[guest-console:pl011-starry] 
[guest-console:pl011-starry] [37m[  0.785071 ax_runtime:213] [32mLogging is enabled.[m
[guest-console:pl011-starry] [m[37m[  0.786972 ax_runtime:214] [32mPrimary CPU 0 started, arg = 0x81000000.[m[guest-console:pl011-starry] [m[37m[  0.789440 ax_runtime:216] [32mFound physcial memory regions:[m
[guest-console:pl011-starry] [m[37m[  0.791721 ax_runtime:218] [32m  [PA:0x9000000, PA:0x9001000) mmio (READ | WRITE | DEVICE | RESERVED)[m
[guest-console:pl011-starry] [m[37m[  0.794977 ax_runtime:218] [32m  [PA:0x80000000, PA:0x80200000) free memory (READ | WRITE | FREE)[m
[guest-console:pl011-starry] [m[37m[  0.798124 ax_runtime:218] [32m  [PA:0x80200000, PA:0x8100000) reserved (READ | WRITE | EXECUTE | RESERVED)[m
[guest-console:pl011-starry] [m[37m[  0.801569 ax_runtime:218] [32m  [PA:0x81000000, PA:0x81001000) reserved (READ | WRITE | EXECUTE | RESERVED)[m
[guest-console:pl011-starry] [m[37m[  0.805003 ax_runtime:218] [32m  [PA:0x81001000, PA:0x81083000) reserved (READ | WRITE | EXECUTE | RESERVED)[m
[guest-console:pl011-starry] [m[37m[  0.808435 ax_runtime:218] [32m  [PA:0x81083000, PA:0x8108d000) reserved (READ | WRITE | EXECUTE | RESERVED)[m
[guest-console:pl011-starry] [m[37m[  0.811874 ax_runtime:218] [32m  [PA:0x8108d000, PA:0x90000000) free memory (READ | WRITE | FREE)[m
[guest-console:pl011-starry] [m[37m[  0.815021 ax_runtime:360] [32mInitialize global memory allocator...[m
[guest-console:pl011-starry] [m[37m[  0.817410 ax_runtime:361] [32m  use buddy-slab-allocator allocator.[m
[guest-console:pl011-starry] [m[37m[  0.819801 ax_alloc::buddy_slab:150] [32mInitialize global memory allocator, start_vaddr: 0xffff00008108d000, size: 0xef73000[m
[guest-console:pl011-starry] [m[37m[  0.823918 ax_alloc::buddy_slab:399] [32mglobal allocator initialized[m
[guest-console:pl011-starry] [m[37m[  0.826336 ax_alloc::buddy_slab:160] [32mAdd memory region, start_vaddr: 0xffff000080000000, size: 0x200000[m
[guest-console:pl011-starry] [m[37m[  0.829744 buddy_slab_allocator::global:143] [32mGlobalAllocator: skip region 0xffff000080000000+0x200000, no allocator-visible memory after 2097152 alignment[m
[guest-console:pl011-starry] [m[37m[  0.834490 ax_runtime:253] [32mkernel aspace: [VA:0xffff000000000000, VA:0xfff)[m
[guest-console:pl011-starry] [m[37m[  0.837505 ax_mm:92] [32mInitialize virtual memory management...[m
[guest-console:pl011-starry] [m[37m[  0.856898 ax_runtime:265] [32mInitialize platform devices...[m
[guest-console:pl011-starry] [m[37m[  0.860367 someboot::arch::power:23] [32mPower management method : HVC[m
[guest-console:pl011-starry] [m[37m[  0.862840 somehal::driver:5] [32mInitializing rdrive with FDT at 0xffff000081000000[m
[guest-console:pl011-starry] [m[37m[  0.878695 ax_task::api:149] [32mInitialize scheduling...[m
[guest-console:pl011-starry] [m[37m[  0.880877 ax_task::api:154] [32m  use Round-robin scheduler.[m
[guest-console:pl011-starry] [m[37m[  0.883103 ax_runtime:291] [32mInitialize interrupt handlers...[m
[guest-console:pl011-starry] [m[37m[  0.886179 ax_runtime::devices:2] [32mProbe platform devices...[m
[guest-console:pl011-starry] [m[37m[  0.889123 ax_driver::serial::pl011:22] [32mProbing PL011 serial device: serial@9000000[m
[guest-console:pl011-starry] [m[37m[  0.892122 ax_driver::serial::pl011:39] [32mPL011 serial@0xffff000009000000 registered successfully[m
[guest-console:pl011-starry] [m[37m[  0.895686 virtio_drivers::device::blk:63] [32mfound a block device of size 65536KB[m
[guest-console:pl011-starry] [m[37m[  0.898632 ax_driver::virtio::block:91] [32mregistered virtio block device[m
[guest-console:pl011-starry] [m[37m[  0.901434 virtio_drivers::device::net::dev_raw:33] [32mnegotiated_features Features(MAC | VERSION_1)[m
[guest-console:pl011-starry] [m[37m[  0.905045 ax_driver::virtio::net:407] [32mregistered virtio network device irq=None[m
[guest-console:pl011-starry] [mBoot at 1970-01-01 00:00:00.907913708 UTC
[guest-console:pl011-starry] 
[guest-console:pl011-starry] [37m[  0.909761 ax_runtime::irq:120] [32mregistered virtio-blk/0 irq IrqId { domain: IrqDomainId(7), hwirq: HwIrq(48) }[m
[guest-console:pl011-starry] [m[37m[  0.913371 ax_fs_ng::block::runtime::device:1359] [33mrdif filesystem block device virtio-blk registered with IRQ-driven completion[m
[guest-console:pl011-starry] [m[37m[  0.917448 ax_fs_ng::block::runtime::device:1361] [32mregistered rdif filesystem block device virtio-blk[m
[guest-console:pl011-starry] [m[37m[  0.921346 ax_fs_ng::root:249] [32m    raw device fs=Some(Ext4)[m[guest-console:pl011-starry] [m[37m[  0.923631 ax_fs_ng::root:280] [32m  block device 0 (virtio-blk) has no usable partition table; treating the whole disk as a candidate[m
[guest-console:pl011-starry] [m[37m[  0.927798 ax_fs_ng::root:389] [32m  matched root by raw device path on disk0 raw device[m
[guest-console:pl011-starry] [m[37m[  0.930741 ax_fs_ng:75] [32mInitialize filesystem subsystem...[m[guest-console:pl011-starry] [m[37m[  0.932989 ax_fs_ng:76] [32m  selected root device: disk0 raw device[m
[guest-console:pl011-starry] [m[37m[  0.935654 rsext4::crc32c::arm64:54] [33mID_AA64ISAR0_EL1[19:16]: 0x1[m
[guest-console:pl011-starry] [m[37m[  0.938142 rsext4::crc32c::arm64:57] [33mHardware CRC32C support detected.[m
[guest-console:pl011-starry] [m[37m[  0.943220 rsext4::ext4::mount:340] [32m/lost+found exists (path resolution, repaired hint inode=11)[m
[guest-console:pl011-starry] [m[37m[  0.947199 rsext4::ext4::mount:462] [32mExt4 filesystem mounted[m
[guest-console:pl011-starry] [m[37m[  0.949482 rsext4::ext4::mount:463] [32m  - block size: 4096 bytes[m
[guest-console:pl011-starry] [m[37m[  0.951843 rsext4::ext4::mount:464] [32m  - total blocks: 16384[m
[guest-console:pl011-starry] [m[37m[  0.954120 rsext4::ext4::mount:465] [32m  - free blocks: 7993[m
[guest-console:pl011-starry] [m[37m[  0.956356 rsext4::ext4::mount:466] [32m  - total inodes: 8192[m
[guest-console:pl011-starry] [m[37m[  0.958604 rsext4::ext4::mount:467] [32m  - free inodes: 8140[m
[guest-console:pl011-starry] [m[37m[  0.960831 rsext4::ext4::sync:13] [32mSyncing filesystem...[m
[guest-console:pl011-starry] [m[37m[  0.965086 rsext4::ext4::mount:546] [32mExt4 filesystem mounted[m
[guest-console:pl011-starry] [m[37m[  0.967417 ax_fs_ng:88] [32m  filesystem type: "ext4"[m
[guest-console:pl011-starry] [m[37m[  0.970956 ax_net:189] [32mInitialize network subsystem...[m
[guest-console:pl011-starry] [m[37m[  0.973368 ax_net:209] [32m  use NIC 0: "virtio-net"[m
[guest-console:pl011-starry] [m[37m[  0.975682 ax_runtime::irq:120] [32mregistered eth0 irq IrqId { domain: IrqDomainId(7), hwirq: HwIrq(56) }[m
[guest-console:pl011-starry] [m[37m[  0.979123 ax_net:235] [32meth0:[m
[guest-console:pl011-starry] [m[37m[  0.980591 ax_net:236] [32m  id:   2[m
[guest-console:pl011-starry] [m[37m[  0.982158 ax_net:237] [32m  mac:  52-54-00-00-00-01[m
[guest-console:pl011-starry] [m[37m[  0.984151 ax_net:254] [32m  mode: dhcp[m
[guest-console:pl011-starry] [m[37m[  0.985800 ax_net:292] [32mDevice: lo[m
[guest-console:pl011-starry] [m[37m[  0.987425 ax_net:292] [32mDevice: eth0[m
[guest-console:pl011-starry] [m[37m[  0.989123 ax_net::service:606] [32meth0: DHCP enabled[m
[guest-console:pl011-starry] [m[37m[  2.994765 ax_net:937] [33mDHCP bootstrap timed out[m
[37m[ 76.436535 1:14 axvm::arch::aarch64::cpu_up:44] [32mVM[1]'s VCpu[0] try to boot target_cpu [512] entry_point=GPA:0x805662695 1:14 axvm::runtime::vcpus:236] [32mSpawning task for VM[1] u[1][m
[m[37m[ 76.438404 1:14 axvm::runtime::vcpus:274] [32mVCpu task Task(16, "VM[1]-VCpu[1]") created cpumask: [2, ], initial CPU 2[m
[m[37m[ 76.440460 2:16 axvm::runtime::vcpus:332] [32mVM[1] VCpu[1] waiting for running[m
[m[37m[ 76.441161 2:16 axvm::runtime::vcpus:335] [32mVM[1] VCpu[1] running...[m
[m[37m[ 76.441798 2:16 axvm::arch::aarch64::gic:318] [33mVirtual interrupt interface not enabled, enabling now[m
[m[37m[ 76.442682 2:16 axvm::runtime::vcpus:337] [32mVM[1] VCpu[1] first-run architecture setup complete[m
[m[guest-console:pl011-starry] [m[37m[  3.005717 ax_runtime:336] [32mPrimary CPU 0 init OK.[m
[guest-console:pl011-starry] [m[37m[  3.005726 ax_runtime::mp:79] [32mSecondary CPU 1 started.[m
[guest-console:pl011-starry] [m[37m[  3.010707 ax_runtime::mp:107] [32mSecondary CPU 1 init OK.[m
[guest-console:pl011-starry] [m[37m[  3.012975 0:2 ktracepoint:282] [32mtracepoint_data_start: 0xffffffff804adc78, tracepoint_data_end: 0xffffffff804adcd8[m
[guest-console:pl011-starry] [m[37m[  3.016720 0:2 ktracepoint:297] [32mtracepoint_data_len: 6[m
[guest-console:pl011-starry] [m[37m[  3.018868 0:2 ktracepoint:314] [32mtracepoint registered: sched:sched_process_[guest-console:pl011-starry] [m[37m[  3.021677 0:2 ktracepoint:314] [32mtracepoint registered: sched:sched_process_fork[m
[guest-console:pl011-starry] [m[37m[  3.024480 0:2 ktracepoint:314] [32mtracepoint registered: sched:sched_switch[m
[guest-console:pl011-starry] [m[37m[  3.027138 0:2 ktracepoint:314] [32mtracepoint registered: syscalls:sys_clone[m
[guest-console:pl011-starry] [m[37m[  3.029783 0:2 ktracepoint:314] [32mtracepoint registered: syscalls:s
[guest-console:pl011-starry] [m[37m[  3.032622 0:2 ktracepoint:314] [32mtracepoint registered: syscalls:sys_mkdirat[m
[guest-console:pl011-starry] [mInitialized 6 tracepoints
[guest-console:pl011-starry] kmod subsystem initialized
[guest-console:pl011-starry] [37m[  3.037362 0:2 starry_kernel::pseudofs:84] [32mInitialize pseudofs...[m
[guest-console:pl011-starry] [m[37m[  3.040277 0:2 starry_kernel::pseudofs::dev::tty::serial:343] [32mttyS0 registered: path=, alias=Some(0), paddr=0x9000000, mapped=0xffff000009000000, irq=IrqId { domain: IrqDomainId(7), hwirq: HwIrq(33) }, mode=interrupt[m
[guest-console:pl011-starry] [m[37m[  3.047133 0:2 starry_kernel::pseudofs::dev::tty::serial:264] [32m/dev/console bound to ttyS0[m
[guest-console:pl011-starry] [m[37m[  3.050755 0:2 starry_kernel::pseudofs:78] [32mMounted devfs at /dev[m
[guest-console:pl011-starry] [m[37m[  3.053173 0:2 starry_kernel::pseudofs::usbfs:51] [32musbfs: initializin[guest-console:pl011-starry] [m[37m[  3.055940 0:2 starry_kernel::pseudofs::usbfs::manager:1401] [32musbfs: discovered 0 USB host(s)[m
[guest-console:pl011-starry] [m[37m[  3.059095 0:2 starry_kernel::pseudofs::usbfs:54] [32musbfs: no USB host found, skip mounting usbfs[m
[guest-console:pl011-starry] [m[37m[  3.062385 0:2 starry_kernel::pseudofs:78] [32mMounted tmpfs at /dev/shm[guest-console:pl011-starry] [m[37m[  3.071689 0:2 starry_kernel::pseudofs:78] [32mMounted tmpfs at /tmp[m
[guest-console:pl011-starry] [m[37m[  3.074267 0:2 starry_kernel::dyn_debug:61] [32mdebug_init: initializing dynamic debug sites[m
[guest-console:pl011-starry] [m[37m[  3.078170 0:2 starry_kernel::dyn_debug:64] [32mdebug_init: found 191 dynamic debug sites[m
[guest-console:pl011-starry] [m[37m[  3.081155 0:2 starry_kernel::pseudofs::proc:73] [32mRead kallsyms, size: 1286KB[m
[guest-console:pl011-starry] [m[37m[  3.114753 0:2 starry_kernel::pseudofs:78] [32mMounted proc at /proc[m
[guest-console:pl011-starry] [m[37m[  3.117551 0:2 starry_kernel::pseudofs:78] [32mMounted sysfs at /sys[m[guest-console:pl011-starry] [m[37m[  3.120213 0:2 starry_kernel::pseudofs:78] [32mMounted debug at /sys/kernel/debug[m
[guest-console:pl011-starry] [m[37m[  3.123043 0:2 starry_kernel::task::timer:329] [32mInitialize alarm...[m
[guest-console:pl011-starry] [mWelcome to [96m[1mStarry OS[0m!
[guest-console:pl011-starry] /bin/sh: env: not found
[guest-console:pl011-starry] 
[guest-console:pl011-starry] Use [1m[3mapk[0m to install packages.
[guest-console:pl011-starry] 
[guest-console:pl011-starry] STARRY_GROUPED_AUTORUN_INIT
[guest-console:pl011-starry] IVC-STARRY-BOOT mode=neural backend=native count=100 period_ms=100 vcpus=2
[guest-console:pl011-starry] IVC-STARRY-NET iface=eth0 mac=unknown ip=10.0.0.1/24 peer=10.0.0.2 udp_port=5500 segment=1
[guest-console:pl011-starry] IVC-CONTROLLER-START peer=10.0.0.2:5500 count=100 policy=neural period_ms=100 session_id=3314386549 backend=native
[guest-console:pl011-zephyr] IVC-RTOS-PROGRESS accepted=1 seq=1 mode=Neural actuator_permille=951 measured_milli_c=20266 duplicates=0 protocol_errors=0
[guest-console:pl011-starry] IVC-CONTROLLER-STATUS seq=1 mode=Neural actuator_permille=951 measured_milli_c=20266 setpoint_milli000
[guest-console:pl011-zephyr] IVC-RTOS-INJECT drop_ack_seq=5
[guest-console:pl011-zephyr] IVC-RTOS-DUPLICATE seq=5 next_expected=6 duplicates=1
[guest-console:pl011-zephyr] IVC-RTOS-INJECT drop_ack_seq=10
[guest-console:pl011-zephyr] IVC-RTOS-DUPLICATE seq=10 next_expected=11 duplicates=2
[guest-console:pl011-zephyr] IVC-RTOS-INJECT drop_ack_seq=15
[guest-console:pl011-zephyr] IVC-RTOS-DUPLICATE seq=15 next_expected=16 duplicates=3
[guest-console:pl011-zephyr] IVC-RTOS-INJECT drop_ack_seq=20
[guest-console:pl011-zephyr] IVC-RTOS-DUPLICATE seq=20 next_expected=21 duplicates=4
[guest-console:pl011-zephyr] IVC-RTOS-INJECT drop_ack_seq=25
[guest-console:pl011-zephyr] IVC-RTOS-DUPLICATE seq=25 next_expected=26 duplicates=5
[guest-console:pl011-zephyr] IVC-RTOS-INJECT drop_ack_seq=30
[guest-console:pl011-zephyr] IVC-RTOS-DUPLICATE seq=30 next_expected=31 duplicates=6
[guest-console:pl011-zephyr] IVC-RTOS-INJECT drop_ack_seq=35
[guest-console:pl011-zephyr] IVC-RTOS-DUPLICATE seq=35 next_expected=36 duplicates=7
[guest-console:pl011-zephyr] IVC-RTOS-INJECT drop_ack_seq=40
[guest-console:pl011-zephyr] IVC-RTOS-DUPLICATE seq=40 next_expected=41 duplicates=8
[guest-console:pl011-zephyr] IVC-RTOS-INJECT drop_ack_seq=45
[guest-console:pl011-zephyr] IVC-RTOS-DUPLICATE seq=45 next_expected=46 duplicates=9
[guest-console:pl011-zephyr] IVC-RTOS-INJECT drop_ack_seq=50
[guest-console:pl011-zephyr] IVC-RTOS-DUPLICATE seq=50 next_expected=51 duplicates=10
[guest-console:pl011-zephyr] IVC-RTOS-INJECT drop_ack_seq=55
[guest-console:pl011-zephyr] IVC-RTOS-DUPLICATE seq=55 next_expected=56 duplicates=11
[guest-console:pl011-zephyr] IVC-RTOS-INJECT drop_ack_seq=60
[guest-console:pl011-zephyr] IVC-RTOS-DUPLICATE seq=60 next_expected=61 duplicates=12
[guest-console:pl011-zephyr] IVC-RTOS-INJECT drop_ack_seq=65
[guest-console:pl011-zephyr] IVC-RTOS-DUPLICATE seq=65 next_expected=66 duplicates=13
[guest-console:pl011-zephyr] IVC-RTOS-INJECT drop_ack_seq=70
[guest-console:pl011-zephyr] IVC-RTOS-DUPLICATE seq=70 next_expected=71 duplicates=14
[guest-console:pl011-zephyr] IVC-RTOS-INJECT drop_ack_seq=75
[guest-console:pl011-zephyr] IVC-RTOS-DUPLICATE seq=75 next_expected=76 duplicates=15
[guest-console:pl011-zephyr] IVC-RTOS-INJECT drop_ack_seq=80
[guest-console:pl011-zephyr] IVC-RTOS-DUPLICATE seq=80 next_expected=81 duplicates=16
[guest-console:pl011-zephyr] IVC-RTOS-INJECT drop_ack_seq=85
[guest-console:pl011-zephyr] IVC-RTOS-DUPLICATE seq=85 next_expected=86 duplicates=17
