BOARD_HOST_LIBCLANG path=/usr/lib/llvm-14/lib source=environment
orangepi5plus
BOARD_SERVICE_DTB_READY path=/home/seven_wsl/.local/share/ostool-server/dtbs/orangepi-5-plus-starry.dtb root=PARTUUID=5874edd8-1582-a144-a298-b139acd7b0e6
     Locking 1 package to latest compatible version
      Adding uboot-shell v0.2.6 (/home/seven_wsl/Workspace/starry/ostool/uboot-shell)
    Finished `dev` profile [unoptimized + debuginfo] target(s) in 0.35s
     Running `target/debug/tg-xtask axvisor board -c competition/ivc/config/axvisor-orangepi-5-plus-ack-loss.toml --board-config competition/ivc/config/board-orangepi-5-plus-ack-loss.toml -b OrangePi-5-Plus`
[2026-08-03T16:14:12Z INFO  axbuild::context] Workspace root: /home/seven_wsl/Workspace/starry/tgoskits-rt-ivc-m3-formal-20260803
[2026-08-03T16:14:12Z INFO  axbuild::context] Workspace member dir for axvisor: /home/seven_wsl/Workspace/starry/tgoskits-rt-ivc-m3-formal-20260803/os/axvisor
Using build config: competition/ivc/config/axvisor-orangepi-5-plus-ack-loss.toml
[axbuild] board build+run package=axvisor target=scripts/targets/std/pie/aarch64-unknown-linux-musl.json config=competition/ivc/config/axvisor-orangepi-5-plus-ack-loss.toml ...
sh -c /home/seven_wsl/Workspace/starry/tgoskits-rt-ivc-m3-formal-20260803/tmp/axbuild/std/prebuild/prebuild-aarch64-unknown-linux-musl-7a800488dd025842.sh
AR_aarch64_unknown_linux_musl=aarch64-linux-musl-ar
AXVISOR_VM_CONFIGS=/home/seven_wsl/Workspace/starry/tgoskits-rt-ivc-m3-formal-20260803/competition/ivc/config/orangepi-5-plus-starry-smp2-ack-loss.toml:/home/seven_wsl/Workspace/starry/tgoskits-rt-ivc-m3-formal-20260803/competition/ivc/config/orangepi-5-plus-zephyr-ack-loss.toml
AX_ARCH=aarch64
AX_LOG=info
AX_TARGET=aarch64-unknown-none-softfloat
BINDGEN_EXTRA_CLANG_ARGS_aarch64_unknown_linux_musl=--target=aarch64-linux-musl --sysroot=/ -mgeneral-regs-only
CARGO_UNSTABLE_JSON_TARGET_SPEC=true
CC_aarch64_unknown_linux_musl=aarch64-linux-musl-cc
CFLAGS_aarch64_unknown_linux_musl=-mgeneral-regs-only -fno-stack-protector
CXXFLAGS_aarch64_unknown_linux_musl=-mgeneral-regs-only -fno-stack-protector
SMP=4
cargo build --config /home/seven_wsl/Workspace/starry/tgoskits-rt-ivc-m3-formal-20260803/tmp/axbuild/std/config-aarch64-unknown-linux-musl-dynamic.toml -p axvisor --target scripts/targets/std/pie/aarch64-unknown-linux-musl.json -Z unstable-options --target-dir /home/seven_wsl/Workspace/starry/tgoskits-rt-ivc-m3-formal-20260803/target --features ax-std/fs,ax-std/smp,fs,rockchip-dwmmc,rockchip-soc,sdmmc,log/release_max_level_info -Z json-target-spec --bin axvisor --release --message-format json-render-diagnostics
     Locking 1 package to latest compatible version
      Adding uboot-shell v0.2.6
warning: function `set_fdt_addr_phys_if_valid` is never used
  --> platforms/someboot/src/fdt/mod.rs:32:15
   |
32 | pub(crate) fn set_fdt_addr_phys_if_valid(fdt_addr: usize) -> bool {
   |               ^^^^^^^^^^^^^^^^^^^^^^^^^^
   |
   = note: `#[warn(dead_code)]` (part of `#[warn(unused)]`) on by default

warning: `someboot` (lib) generated 1 warning
warning: function `with_vm` is never used
   --> virtualization/axvm/src/manager.rs:168:15
    |
168 | pub(crate) fn with_vm<F, R>(vm_id: VMId, f: F) -> Option<R>
    |               ^^^^^^^
    |
    = note: `#[warn(dead_code)]` (part of `#[warn(unused)]`) on by default

warning: function `active_vcpu_mask` is never used
   --> virtualization/axvm/src/manager.rs:198:15
    |
198 | pub(crate) fn active_vcpu_mask(vm_id: VMId) -> Option<usize> {
    |               ^^^^^^^^^^^^^^^^

warning: function `inject_interrupt` is never used
   --> virtualization/axvm/src/manager.rs:210:15
    |
210 | pub(crate) fn inject_interrupt(vm_id: VMId, vcpu_id: usize, vector: usize) -> AxVmResult {
    |               ^^^^^^^^^^^^^^^^

warning: field `token` is never read
  --> virtualization/axvm/src/timer.rs:20:5
   |
19 | struct VmTimerEvent {
   |        ------------ field in this struct
20 |     token: usize,
   |     ^^^^^

warning: function `cancel_timer` is never used
  --> virtualization/axvm/src/timer.rs:65:15
   |
65 | pub(crate) fn cancel_timer(token: usize) {
   |               ^^^^^^^^^^^^

warning: associated items `handle_nested_page_fault` and `debug_nested_page_fault` are never used
    --> virtualization/axvm/src/vm/mod.rs:1275:19
     |
 613 | impl AxVM {
     | --------- associated items in this implementation
...
1275 |     pub(crate) fn handle_nested_page_fault(
     |                   ^^^^^^^^^^^^^^^^^^^^^^^^
...
1290 |     fn debug_nested_page_fault(
     |        ^^^^^^^^^^^^^^^^^^^^^^^

warning: `axvm` (lib) generated 6 warnings
warning: function `write_persisted_evidence` is never used
   --> os/axvisor/src/host_noise.rs:121:15
    |
121 | pub(crate) fn write_persisted_evidence(output: &mut impl Write) -> io::Result<()> {
    |               ^^^^^^^^^^^^^^^^^^^^^^^^
    |
    = note: `#[warn(dead_code)]` (part of `#[warn(unused)]`) on by default

warning: `axvisor` (bin "axvisor") generated 1 warning
    Finished `release` profile [optimized] target(s) in 0.69s
warning: the following packages contain code that will be rejected by a future version of Rust: core v0.0.0 (/home/seven_wsl/.rustup/toolchains/nightly-2026-07-15-x86_64-unknown-linux-gnu/lib/rustlib/src/rust/library/core), memchr v2.8.2
note: to see what the problems were, use the option `--future-incompat-report`, or run `cargo report future-incompatibilities --id 1`
Allocated board session:
  board_type: OrangePi-5-Plus
  board_id: orangepi-5-plus-1
  session_id: c7cae417-32e2-485d-b5e3-d61ef66327ff
  lease_expires_at: 2026-08-03 16:14:23.941065078 UTC
  boot_mode: uboot
Converting ELF to BIN format...
  elf: /home/seven_wsl/Workspace/starry/tgoskits-rt-ivc-m3-formal-20260803/target/aarch64-unknown-linux-musl/release/axvisor
  bin: /home/seven_wsl/Workspace/starry/tgoskits-rt-ivc-m3-formal-20260803/target/aarch64-unknown-linux-musl/release/axvisor.bin
/home/seven_wsl/.rustup/toolchains/nightly-2026-07-15-x86_64-unknown-linux-gnu/lib/rustlib/x86_64-unknown-linux-gnu/bin/llvm-objcopy --strip-all -O binary /home/seven_wsl/Workspace/starry/tgoskits-rt-ivc-m3-formal-20260803/target/aarch64-unknown-linux-musl/release/axvisor /home/seven_wsl/Workspace/starry/tgoskits-rt-ivc-m3-formal-20260803/target/aarch64-unknown-linux-musl/release/axvisor.bin
[2026-08-03T16:14:13Z INFO  ostool::run::uboot] Starting U-Boot runner...
[2026-08-03T16:14:13Z INFO  ostool::run::uboot] kernel from: /home/seven_wsl/Workspace/starry/tgoskits-rt-ivc-m3-formal-20260803/target/aarch64-unknown-linux-musl/release/axvisor.bin
[2026-08-03T16:14:14Z INFO  ostool::run::uboot] Using network interface hint: eth0
Waiting for remote board to power on through ostool-server...
BOARD_REBOOT_ARMED
Connection to 192.168.31.33 closed by remote host.
[2026-08-03T16:14:22Z INFO  uboot_shell] cmd: setenv autoload yes
[2026-08-03T16:14:23Z INFO  uboot_shell] cmd: setenv netmask 255.255.255.0
[2026-08-03T16:14:23Z INFO  uboot_shell] cmd: net list
[2026-08-03T16:14:24Z INFO  uboot_shell] cmd: bootdev hunt ethernet
[2026-08-03T16:14:27Z INFO  ostool::run::uboot] Board network ok
[2026-08-03T16:14:27Z INFO  uboot_shell] cmd: setenv serverip 192.168.31.132
[2026-08-03T16:14:27Z INFO  uboot_shell] cmd: echo $fdt_addr_r
[2026-08-03T16:14:28Z INFO  uboot_shell] cmd: echo $ramdisk_addr_r
[2026-08-03T16:14:28Z INFO  uboot_shell] cmd: echo $kernel_addr_r
[2026-08-03T16:14:28Z INFO  ostool::run::uboot] Using $kernel_addr_r as kernel entry: 0x2000000
[2026-08-03T16:14:28Z INFO  uboot_shell] cmd: echo $kernel_comp_addr_r
[2026-08-03T16:14:29Z INFO  ostool::run::uboot] image load to kernel_comp_addr_r: 0xa000000
[2026-08-03T16:14:29Z INFO  uboot_shell] cmd: setenv loadaddr 0xa000000
[2026-08-03T16:14:29Z INFO  ostool::run::uboot] fitimage loadaddr: 0xa000000
[2026-08-03T16:14:29Z INFO  ostool::run::uboot] kernel entry: 0x2000000
[2026-08-03T16:14:29Z INFO  ostool::run::uboot] Using DTB from: /home/seven_wsl/Workspace/starry/tgoskits-rt-ivc-m3-formal-20260803/target/aarch64-unknown-linux-musl/release/ostool-c7cae417-32e2-485d-b5e3-d61ef66327ff-orangepi-5-plus-starry.dtb
[2026-08-03T16:14:29Z INFO  ostool::boot::fit] Making FIT image...
[2026-08-03T16:14:29Z INFO  ostool::boot::fit] kernel: /home/seven_wsl/Workspace/starry/tgoskits-rt-ivc-m3-formal-20260803/target/aarch64-unknown-linux-musl/release/axvisor.bin (size: 3338288)
[2026-08-03T16:14:29Z INFO  ostool::boot::fit] 已读取 DTB 文件: /home/seven_wsl/Workspace/starry/tgoskits-rt-ivc-m3-formal-20260803/target/aarch64-unknown-linux-musl/release/ostool-c7cae417-32e2-485d-b5e3-d61ef66327ff-orangepi-5-plus-starry.dtb (大小: 280066)
[2026-08-03T16:14:29Z INFO  ostool::boot::fit] FIT image ok: /home/seven_wsl/Workspace/starry/tgoskits-rt-ivc-m3-formal-20260803/target/aarch64-unknown-linux-musl/release/image.fit
[2026-08-03T16:14:29Z INFO  ostool::run::uboot] No TFTP config, using loady to upload FIT image...

send file
loady 0xa000000
## Ready for binary (ymodem) download to 0x0A000000 at 1500000 bps...
[2026-08-03T16:14:30Z INFO  uboot_shell::ymodem] Sending file: image.fit
C## Total Size      = 0x00373940 = 3619136 Bytes
## Start Addr      = 0x0A000000
=>
send ok
[2026-08-03T16:15:13Z INFO  ostool::run::uboot] Booting kernel with command: bootm
Interacting with U-Boot shell...
bootm
## Loading kernel (any) from FIT Image at 0a000000 ...
   Using 'config-ostool' configuration
   Verifying Hash Integrity ... OK
   Trying 'kernel' kernel subimage
     Description:  This kernel
     Type:         Kernel Image
     Compression:  uncompressed
     Data Start:   0x0a000168
     Data Size:    3338288 Bytes = 3.2 MiB
     Architecture: AArch64
     OS:           Linux
     Load Address: 0x02000000
     Entry Point:  0x02000000
   Verifying Hash Integrity ... OK
## Loading fdt (any) from FIT Image at 0a000000 ...
   Using 'config-ostool' configuration
   Verifying Hash Integrity ... OK
   Trying 'fdt' fdt subimage
     Description:  This fdt
     Type:         Flat Device Tree
     Compression:  uncompressed
     Data Start:   0x0a32f218
     Data Size:    280066 Bytes = 273.5 KiB
     Architecture: AArch64
     Load Address: 0x12000000
   Verifying Hash Integrity ... OK
   Loading fdt from 0x0a32f218 to 0x12000000
   Booting using the fdt blob at 0x12000000
Working FDT set to 12000000
   Loading Kernel Image to 2000000
   Loading Device Tree to 00000000ecb72000, end 00000000ecbb9601 ... OK
Working FDT set to ecb72000

Starting kernel ...

root=PARTUUID=5874edd8-1582-a144-a298-b139acd7b0e6 earlycon=uart8250,mmio32,0xfeb50000 rootwait rootfstype=ext4 splash=verbose console=ttyS2,1500000 console=tty1 consoleblank=0 loglevel=1 ubootpart=1af5d396-7e1f-7e40-bb91-af7c495a0115 usb-storage.quirks= cma=128M cgroup_enable=cpuset cgroup_memory=1 cgroup_enable=memory swapaccount=1
VM Load @0x2000000
VM Load Offset: 0xffff000082000000
Memory Map:
  Rsv    0x00000000110000 - 0x00000000200000 (960 KiB)
  Free   0x00000000200000 - 0x00000002000000 (30 MiB)
  KImg   0x00000002000000 - 0x00000002400000 (4 MiB)
  Free   0x00000002400000 - 0x0000000a100000 (125 MiB)
  Rsv    0x0000000a100000 - 0x0000000a145000 (276 KiB)
  Free   0x0000000a145000 - 0x0000000a200000 (748 KiB)
  Rsv    0x0000000a200000 - 0x0000000b65f000 (20.37 MiB)
  Free   0x0000000b65f000 - 0x00000010000000 (73.63 MiB)
  Rsv    0x00000010000000 - 0x00000020000000 (256 MiB)
  Free   0x00000020000000 - 0x000000f0000000 (3.25 GiB)
  Free   0x00000100000000 - 0x000003fc000000 (11.94 GiB)
  Free   0x000003fc500000 - 0x000003fff00000 (58 MiB)
  Free   0x000004f0000000 - 0x00000500000000 (256 MiB)
Initialize RAM allocator: 0x200000..0x2000000
Initializing per-CPU data
Per-CPU data one cpu size: 0x43000 bytes
Total per-CPU data size for secondary CPUs: 0x218000 bytes (8 CPUs)
Flushed RAM used range to memory map: 0x200000..0x245000, current: 0x245000
Flushed RAM used range to memory map: 0x245000..0x45d000, current: 0x45d000
Per-CPU data allocated at 0x245000 - 0x45d000
Initializing per-CPU RAM for CPU0 - hard id 0x0 @ 0x245000
Initializing per-CPU RAM for CPU1 - hard id 0x100 @ 0x288000
Initializing per-CPU RAM for CPU2 - hard id 0x200 @ 0x2cb000
Initializing per-CPU RAM for CPU3 - hard id 0x300 @ 0x30e000
Initializing per-CPU RAM for CPU4 - hard id 0x400 @ 0x351000
Initializing per-CPU RAM for CPU5 - hard id 0x500 @ 0x394000
Initializing per-CPU RAM for CPU6 - hard id 0x600 @ 0x3d7000
Initializing per-CPU RAM for CPU7 - hard id 0x700 @ 0x41a000
CPU0 - hard id 0x0, stack top @0x288000, stack top virt @0xff0000288000, entry virt @0xffff8019b128
CPU1 - hard id 0x100, stack top @0x2cb000, stack top virt @0xff00002cb000, entry virt @0xffff8019b128
CPU2 - hard id 0x200, stack top @0x30e000, stack top virt @0xff000030e000, entry virt @0xffff8019b128
CPU3 - hard id 0x300, stack top @0x351000, stack top virt @0xff0000351000, entry virt @0xffff8019b128
CPU4 - hard id 0x400, stack top @0x394000, stack top virt @0xff0000394000, entry virt @0xffff8019b128d id 0x500, stack top @0x3d7000,019b128
CPU6 - hard id 0x600, s041a000, entry virt @0xffff8019b128
CPU7 - hard id 0x700, stack top @0x45d000, stack top virt @0xff000045d000, entry virt @0xffff8019b128
EL: 2
Mapping early memory regions...
Ram                 : [0x0000000000200000, 0x00000000f0000000) -> [0x0000000000200000, 0x00000000f0000000) (3.75 GiB)
Ram                 : [0x0000000100000000, 0x00000003fc000000) -> [0x0000000100000000, 0x00000003fc000000) (11.94 GiB)
Ram                 : [0x00000003fc500000, 0x00000003fff00000) -> [0x00000003fc500000, 0x00000003fff00000) (58 MiB)
Ram                 : [0x00000004f0000000, 0x0000000500000000) -> [0x00000004f0000000, 0x0000000500000000) (256 MiB)
KImage              : [0x0000ffff80000000, 0x0000ffff80400000) -> [0x0000000002000000, 0x0000000002400000) (4 MiB)
PerCpu              : [0x0000ff0000245000, 0x0000ff000045d000) -> [0x0000000000245000, 0x000000000045d000) (2.09 MiB)
Debug serial        : [0x00000000feb50000, 0x00000000feb51000) -> [0x00000000feb50000, 0x00000000feb51000) (4 KiB)
Boot page table at physical address: 0x45d000
Setting up table registers...
MMU Entry point at physical address: 0x21967b4
Trap vector at 0xffff80197000
Memory Map:
  Rsv    0x00000000110000 - 0x00000000245000 (1.21 MiB)
  PerCPU 0x00000000245000 -00 (2.09 MiB)
  Rsv    0x0000000045d000 - 0x0000000046c000 (60 0046c000 - 0x00000002000000 (27.58 MiB)
  KImg   0x00000002000000 - 0x00000002400000 (4 MiB)
  Free   0x00000002400000 - 0x0000000a100000 (125 MiB)
  Rsv    0x0000000a100000 - 0x0000000a145Free   0x0000000a145000 - 0x0000000a200000 (748 KiB)
  Rsv    0x0000000a200000 - 0x0000000b65f000 (20.37 MiB)
  Free   0x0000000b65f000 - 0x00000010000000 (73.63 MiB)
  Rsv    0x00000010000000 - 0x00000020000000 (256 MiB)
  Free   0x00000020000000 - 0x000000f0000000 (3.25 GiB)
  MMIO   0x000000feb50000 - 0x000000feb51000 (4 KiB)
  Free   0x00000100000000 - 0x000003fc000000 (11.94 GiB)
  Free   0x000003fc500000 - 0x000003fff00000 (58 MiB)
  Free   0x000004f0000000 - 0x00000500000000 (256 MiB)
Jumping to main entry point at 0xffff8017e22c with SP 0x0000ff0000288000

       d8888                            .d88888b.   .d8888b.
      d88888                           d88P" "Y88b d88P  Y88b
     d88P888                           888     888 Y88b.
    d88P 888 888d888  .d8888b  .d88b.  888     888  "Y888b.
   d88P  888 888P"   d88P"    d8P  Y8b 888     888     "Y88b.
  d88P   888 888     888      88888888 888     888       "888
 d8888888888 888     Y88b.    Y8b.     Y88b. .d88P Y88b  d88P
d88P     888 888      "Y8888P  "Y8888   "Y88888P"   "Y8888P"

arch = aarch64
platform = RK3588 OPi 5 Plus
target = aarch64-unknown-none-softfloat
build_mode = 
log_level = info
backtrace = false
smp = 4

[37m[ 56.390339 ax_runtime:213] [32mLogging is enabled.[m
[m[37m[ 56.390825 ax_runtime:214] [32mPrimary CPU 0 started, arg = 0x200000.[m
[m[37m[ 56.391455 ax_runtime:216] [32mFound physcial memory regions:[m
[m[37m[ 56.392079 ax_runtime:218] [32m  [PA:0x110000, PA:0x245000) reserved (READ | WRITE | EXECUTE | RESERVED)[m
[m[37m[ 56.392969 ax_runtime:218] [32m  [PA:0x245000, PA:0x45d000) reserved (READ | WRITE | EXECUTE | RESERVED)[m
[m[37m[ 56.393862 ax_runtime:218] [32m  [PA:0x45d000, PA:0x46c000) reserved (READ | WRITE | EXECUTE 94754 ax_runtime:218] [32m  [PA:0x46c000, PA:0x2000000) free mery (READ | WRITE | FREE)[m
[m[37m[ 56.395571 ax_runtime:218] [32m  [PA:0x2000000, PA:0x2400000) reserved (READ | WRITE | EXECUTE | RESERVED)[m
[m[37m[ 56.396479 ax_runtime:218] [32m  [PA:0x2400000, PA:0xa100000) free memory (READ | WRITE | FREE)[m
[m[37m[ 56.397304 ax_runtime:218] [32m  [PA:0xa100000, PA:0xa145000) reserved (READ | WRITE | EXECUTE | RESERVED)[m
[m[37m[ 56.398211 ax_runtime:218] [32m  [PA:0xa145000, PA:0xa200000) free memory (READ | WRITE | FREE)[m
[m[37m[ 56.399036 ax_runtime:218] [32m  [PA:0xa200000, PA:0xb65f000) reserved (READ | WRITE | EXECUTE | RESERVED)[m
[m[37m[ 56.399944 ax_runtime:218] [32m  [PA:0xb65f000, PA:0x10000000) free memory (READ | WRITE | FREE)[m
[m[37m[ 56.400776 ax_runtime:218] [32m  [PA:0x10000000, PA:0x20000000) reserved (READ | WRITE | EXECUTE | RESERVED)[m
[m[37m[ 56.401699 ax_runtime:218] [32m  [PA:0x20000000, PA:0xf0000000) free memory (READ | WRITE | FREE)[m
[m[37m[ 56.402539 ax_runtime:218] [32m  [PA:0xfeb50000, PA:0xfeb51000) mmio (READ | WRITE | DEVICE | RESERVED)[m
[m[37m[ 56403424 ax_runtime:218] [32m  [PA:0x100000000, PA:0x3fc000000) f | WRITE | FREE)[m
[m[37m[ 56.404279 ax_runtime:218] [32m  [PA:0x3fc500000, PA:0x3fff00000) free memory (READ | WRITE | FREE)[m
[m[37m[ 56.405134 ax_runtime:218] [32m  [PA:0x4f0000000, PA:0x500000000) free memory (READ | WRITE | FREE)[m
[m[37m[ 56.405989 ax_runtime:360] [32mInitialize global memory allocator...[m
[m[37m[ 56.406611 ax_runtime:361] [32m  use buddy-slab-allocator allocator.[m
[m[37m[ 56.407236 ax_alloc::buddy_slab:150] [32mInitialize global memory allocator, start_vaddr: 0x100000000, size: 0x2fc000000[m
[m[37m[ 56.419760 ax_alloc::buddy_slab:399] [32mglobal allocator initialized[m
[m[37m[ 56.420384 ax_alloc::buddy_slab:160] [32mAdd memory region, start_vaddr: 0x46c000, size: 0x1b94000[m
[m[37m[ 56.421258 ax_alloc::buddy_slab:160] [32mAdd memory region, start_vaddr: 0x2400000, size: 0x7d00000[m
[m[37m[ 56.422225 ax_alloc::buddy_slab:160] [32mAdd memory region, start_vaddr: 0xa145000, size: 0xbb000[m
[m[37m[ 56.423059 buddy_slab_allocator::global:143] [32mGlobalAllocator: skip region 0xa145000+0xbb000, no allocator-visible memory after 2097152 alignment[m
[m[37m[ 56.424281 ax_alloc::buddy_slab:160] [32mAdd memory region, start_vaddr: 0xb65f000, size: 0x49a1000[m
[m[37m[ 56.425206 ax_alloc::buddy_slab:160] [32mAdd memory region, start_vaddr: 0x20000000, size: 0xd0000000[m
[m[37m[ 56.429206 ax_alloc::buddy_slab:160] [32mAdd memory region, start_vaddr: 0x3fc500000, size: 0x3a00000[m
[m[37m[ 56.430127 ax_alloc::buddy_slab:160] [32mAdd memory region, start_vaddr: 0x4f0000000, size: 0x10000000[m
[m[37m[ 56.431242 ax_runtime:253] [32mkernel aspace: [VA:0x0, VA:0xffffffffffffffff)[m
[m[37m[ 56.431927 ax_mm:92] [32mInitialize virtual memory management...[m
[m[37m[ 57.450352 ax_runtime:265] [32mInitialize platform devices...[m
[m[37m[ 57.504421 someboot::arch::power:23] [32mPower management method : SMC[m
[m[37m[ 57.505065 somehal::driver:5] [32mIn000[m
[m[37m[ 57.819534 ax_task::api:149] [32mInitialize scheduling...[m
[m[37m[ 57.820101 ax_task::api:154] [32m  use FIFO scheder.[m
[m[37m[ 57.820613 ax_runtime:291] [32mInitialize interrupt handlers...[m
[m[37m[ 57.822518 ax_runtime::devices:2] [32mProbe platform devices...[m
[m[37m[ 57.919614 ax_driver::soc::scmi:55] [33m[scmi] SCMI shmem phandle 71 cannot be resolved by rdrive; using RK3588 shmem faldriver::soc::scmi:76] [32mSCMI SMC registered: smc_id=0x8200001[m
[m[37m[ 57.924554 rockchip_soc::variants::rk3588::cru:173chip power-domain provider registered successfully[m
[m[37m[ 57.966155 ax_driver::soc::rockchip::pinctrl:239] [32mRockchip RK3588 pinctrl registered successfully[m
[m[37m[ 58.403678 ax_driver::soc::fixed_regulator:70] [32mFixed regulator vcc5v0_host enabled via pinctrl[m
[m[37m[ 58.497832 ax_driver::soc::fixed_regulator:70] [32mFixed regulator vcc3v3_pcie_eth enabled via pinctrl[m
[m[37m[ 58.543191 ax_driver::soc::fixed_regulator:70] [32mFixed regulator wifi_disable enabled via pinctrl[m
[m[37m[ 58.606036 ax_driver::block::rockchip::sd:218] [32m[mmc@fe2c0000] vqmmc-supply phandle Phandle(283) is not a fixed GPIO r
[m[37m[ 58.607331 ax_driver::soc::scmi:124] [32mSCMI clock eck_id=0x17[m
[m[37m[ 58.607995 ax_driver::block::rockchip::clock:53] [32m[mmc@fe2c0000] enabled SDMMC SCMI clock Some("biu") (0x17)[m
[m[37m[ 58.608949 ax_driver::soc::scmi:124] [32mSCMI clock enabled: clock_id=0x9[m
[m[37m[ 58.609604 ax_driver::block::rockchip::clock:53] [32m[mmc@fe2c0000] enabled SDMMC SCMI clock Some("ciu") (0x9)[m
[m[37m[ 58.610553 ax_driver::block::rockchip::clock:100] [32m[mmc@fe2c0000] enabled SDMMC clock Some("ciu-drive") (0x2c2)[m
[m[37m[ 58.611521 ax_driver::block::rockchip::clock:100] [32m[mmc@fe2c0000] enabled SDMMC clock Some("ciu-sample") (0x2c3)58.612516 ax_driver::block::rock2c0000, size=0x4000[m
[m[37m[ 58.613622 ax_driver::soc::scmi:149] [32mSCMI clock rate set: clock_id=0x9, rate=50000000 Hz[m
[m[37m[ 58.614427 ax_driver::soc::scmi:95] [32mSCMI clock rate get: clock_id=0x9, rate=4957m[ 58.615217 ax_driver::block::rockchip::sd:142] [32mrockchip-dwmmc: using ciu reference clock 49500000 Hz[m
[m[37m[ 58.616204 ax_driver::block::rockchip::sd::phase:43] [32mrockchip-dwmmc: RK3588 SDMMC phase configure: drive=90deg sample=0deg parent=49500000Hz[m
[m[37m[ 58.617402 ax_driver::block::rockchip::sd:160] [32mrockchip-dwmmc: initialize card through native host2 bus ops[m
[m[37m[ 58.618349 sdmmc_protocol::sdio::init:487] [32msdio: submit bus op ResetAll[m
[m[37m[ 58.619038 sdmmc_protocol::sdio::init:487] [32msdio: submit bus op PowerOn[m
[m[37m[ 58.629710 sdmmc_protocol::sdio::init:487] [32msdio: submit bus op SwitchVoltage(V330)[m
[m[37m[ 58.630468 sdmmc_protdio: submit bus op SetBusWidth(Bit1)[m
[m[37m[ 58.631210 sdmmc_protocol::sdio::init:449] [32msdio: submit bus op SetClock(Identification)[m
[m[37m[ 58.632013 ax_driver::soc::scmi:149] [32mSCMI clock rate set: clock_id=0x9, rate=800000 Hz[m
[m[37m[ 58.632802 ax_driver::soc::scmi:95] [32mSCMI clock rate get: clock_id=0x9, rate=800000 Hz[m
[m[37m[ 58.633577 ax_driver::block::rockchip::sd:91] [32mrockchip-dwmmc: ciu clock set target=400000 Hz cclkin=800000 Hz bus=400000 Hz[m
[m[37m[ 58.666620 sdmmc_protocol::sdio::init:695] [32msdio: detected Sd ocr=0xc0ff8000[m
[m[37m[ 58.668682 sdmmc_protocol::sh(Bit4)[m
[m[37m[ 58.671849 sdmmc_protocol::sdio::init:449] ubmit bus op SetClock(Default)[m
[m[37m[ 58.672599 ax_driver49] [32mSCMI clock rate set: clock_id=0x9, rate=50000000 Hz[m
[m[37m[ 58.673400 ax_driver::soc::scmi:95] [32mSCMI clock rate get: clock_id=0x9, rate=49500000 Hz[m
[m[37m[ 58.674191 ax_driver::block::rockchip::sd:91] [32mrockchip-dwmmc: ciu clock set target=25000000 Hz cclkin=49500000 Hz bus=24750000 Hz[m
[m[37m[ 58.678129 ax_driver::soc::scmi:149] [32mSCMI clock rate set: clock_id=0x9, rate=100000000 Hz[m
[m[37m[ 58.678938 ax_driver::soc::scmi:95] [32mSCMI clock rate get: clock_id=0x9, rate=99000000 Hz[m
[m[37m[ 58.679728 ax_driver::block::rockchip::sd:91] [32mrockchip-dwmmc: ciu clock set target=50000000 Hz cclkin=99000000 Hz bus=49500000 Hz[m
[m[37m[ 58.680867 sdmmc_protocol::sdio::init:1442] [32msdio: SD speed selected HighSpeed[m
[m[37m[ 58.681585 sdmmc_protocol::sdio::init:1463] [32msdio: init done kind=Sd sd_v2=true high_capacity=true rca=0xaaaa ocr=0xc0ff8000 host_bus_width=Bit4 ext_csd_bus_width=None ext_csd_timing=None[m
[m[37m[ 58.683132 ax_driver::block::rockchip::sd:169] [32mrockchip-dwmmc card: kind=Sd high_capacity=true rca=43690 ocr=0xc0ff8000 capacity_blocks=Some(62333952) cid=true ext_csd=false[m
[m[37m[ 58.685641 ax_driver::block::rockchip::sd::phase:67] [32mrockchip-dwmmc: sample phase probe 0deg: block0_ok=true mbr_sig=aa55 block0_head=[00, 00, 00, 00, 00, 00, 00, 00, 00, 00, 00, 00, 00, 00, 00, 00] block1_ok=true gpt_head=[45, 46, 49, 20, 50, 41, 52, 54][m
[m[37m[ 58.687702 ax_driver::block::rockchip::sd::phase:81] [32mrockchip-dwmmc: selected RK3588 SDMMC sample phase 0deg[m
[m[37m[ 58.688780 ax_driver::block::rockchip::sd:199] [32mrockchip-sd block device regisred irq=None[m
[m[37m[ 58.690340 ax_driver::block::rockchip::clock:100] [32m[mmc@fe2e0000] enabled SDHCI clock Some("core") (0x13a)[m
[m[37m[ 58.691277 ax_driver::block::rockchip::clock:100] [32m[mmc@fe2e0000] enabled SDHCI clock Some("bus") (0x138)[m
[m[37m[ 58.692200 ax_driver::block::rockchip::clock:100] [32m[mmc@fe2e0000] enabled SDHCI clock Some("axi") (0x139)[m
[m[37m[ 58.693129 ax_driver::block::rockchip::clock:100] [32m[mmc@fe2e0000] enabled SDHCI clock Some("block") (0x13b)[m
[m[37m[ 58.694067 ax_driver::block::rockchip::clock:100] [32mDHCI clock Some("timer") (0x13c)[m
[m[37m[ 58.695017 ax_driver::block::rockchip::sdhci_rk3588:166] [32mrockchip-sdhci probe: node=mmc@fe2e0000, addr=0xfe2e0000, size=0x10000[m
[m[37m[ 58.696158 ax_driver::block::rockchip::sdhci_rk3588:176] [32mrockchip-sdhci: using external CRU7] [32msdio: submit bus op Rese
[m[37m[ 58.698737 ax_driver::block::rockchip::sdhci_rk3588:252] [32mrockchip-sdhci: RK3588 DWCMSHC vendor reset area1=0x500[m
[m[37m[ 58.699718 sdmmc_protocol::sdio::init:487] [32msdio: submit bus op PowerOn[m
[m[37m[ 58.710387 sdmmc_protocol::sdio::init:487] [32msdio: submit bus op SwitchVoltage(V330)[m
[m[37m[ 58.711159 sdmmc_prot[37m[ 58.764489 sdmmc_protocol::sdio::init:780] [32msdio: detected Mmc ocr=0xc0ff8080[m
[m[37m[ 58.766638 sdmmc_protocol::sdio::init:849] [32msdio: CSD capacity_blocks=None[m
[m[37m[ 58.779048 sdmmc_protocol::sdio::init:950] [32msdio: EXT_CSD sector_count=122224640[m
[m[37m[ 58.780445 ax_driver::block::rockchip::sdhci_rk3588:118] [32mrockchip-sdhci: core clock set to 25000000 Hz[m
[m[37m[ 58.781402 ax_driver::block::rockchip::sdhci_rk3588:118] [32mrockchip-sdhci: core clock set to 50000000 Hz[m
[m[37m[ 58.782315 sdmmc_protocol::sdio::init:1210] [32msdio: MMC speed selected HighSpeed bus_width=Bit8[m
[m[37m[ 58.783155 sdmmc_protocol::sdio::init:1463] [32msdio: init done kind=Mmc sd_v2=false high_capacity=true rca=0x1 ocr=0xc0ff8080 host_bus_width=Bit8 excsd_bus_width=Some(Sdr1) ext_csding=Some(Compat)[m
[m[37m[ 5driver::block::rockchip::sdhci_rk3588:191] [32mSDHCI card: kind=Mmc high_capacity=true rca=1 ocr=0xc0ff8080 capacity_blocks=Some(122224640) cid=true ext_csd=true[m
[m[37m[ 58.786327 ax_driver::block::rockchip::sdhci_rk3588:208] [32mrockchip-sdhci block device registered irq=None[m
[m[37m[ 58.787363 ax_runtime::irq:120] [32mregistered rockchip-sd/0 irq IrqId { domain: IrqDomainId(7), hwirq: HwIrq(235) }[m
[m[37m[ 58.788363 ax_fs_ng::block::runtime::device:1359] [33mrdif filesystem block device rockchip-sd registered with IRQ-driven completion[m
[m[37m[ 58.789461 ax_fs_ng::block::runtime::device:1361] [32mregisterhip-sd[m
[m[37m[ 58.790410 ax_runtime::irq:120] [32mregistered rockchip-sdhci/0 irq IrqId { domain: IrqDomainId(7), hwirq: HwIrq(237) }[m
[m[37m[ 58.791413 ax_fs_ng::block::runtime::device:1359] [33mrdif filesystem block device rockchip-sdhci registered with IRQ-driven completion[m
[m[37m[ 58.792539 ax_fs_ng::block::runtime::device:1361] [32mregistered rdif filesystem block device rockchip-sdhci[m
[m[37m[ 58.828496 ax_fs_ng::root:256] [32m    partition 1 name=Some("bootfs") fs=Some(Fat) lba 61440..2158592[m
[m[37m[ 58.829636 ax_fs_ng::root:256] [32m    partition 2 name=None fs=Some(Ext4) lba 2158592..61702144[m
[m[37m[ 58.830468 ax_fs_ng::root:272] [32m  block device 0 (rockchip-sd) has Gpt partition table with 2 partitions[m
[m[37m[ 58.846898 ax_fs_ng::root:256] [32m    partition 1 name=Some("uboot") fs=None lba 8192..16384[m
[m[37m[ 58.847968 ax_fs_ng::root:256] [32m    partition 2 name=Some("misc") fs=None 384..24576[m
[m[37m[ 58.848997 ax_fs_ng::root:256] [32m    partition 3 name=Some("bootctrl") fs=None lba 24576..28672[m
[m[37m[ 58.850069 ax_fs_ng::root:256] [32m    partition 4 name=Some("resource") fs=None lba 28672..40960[m
[m[37m[ 58.851028 ax_fs_ng::root:256] [32m    partition 5 name=Some("boot_linux") fs=Some(Ext4) lba 40960..237568[m
[m[37m[ 58.852195 ax_fs_ng::root:256] [32m    partition 6 name=Some("ramdisk") fs=None lba 237568..245760[m
[m[37m[ 58.853207 ax_fs_ng::root:256] [32m    partition 7 name=Some("system") fs=Some(Ext4) lba 245760..4440064[m
[m[37m[ 58.854261 ax_fs_ng::root:256] [32m    partition 8 name=Some("vendor") fs=Some(Ext4) lba 4440064..6537216[m
[m[37m[ 58.855281 ax_fs_ng::root:256] [32m    partition 9 name=Some("sys-prod") fs=Some(Ext4) lba 6537216..6639616[m[ 58.856318 ax_fs_ng::root:256] rtition 10 name=Some("chip-prod"fs=Some(Ext4) lba 6639616..6742016[m
[m[37m[ 58.857464 ax_fs_ng::root:256] [32m    partition 11 name=Some("updater") fs=None lba 6742016..6807552[m
[m[37m[ 58.858512 ax_fs_ng::root:256] [32m    partition 12 name=Some("eng_system") fs=None lba 6807552..6840320[m
[m[37m[ 58.859582 ax_fs_ng::root:256] [32m    partition 13 name=Some("eng_chipset") fs=None lba 6840320..6873088[m
[m[37m[ 58.860653 ax_fs_ng::root:256] [32m    partition 14 name=Some("chip_ckm") fs=None lba 6938624..7069696[m
[m[37m[ 58.861827 ax_fs_ng::root:256] [32m    partition 15 name=Some("userdata") fs=None lba 19955712..122224576[m
[m[37m[ 58.862729 ax_fs_ng::root:272] [32m  block device 1 (rockchip-sdhci) has Gpt partition table with 15 partitions[m
[m[37m[ 58.863705 ax_fs_ng::root:363] [32m  matched root by PARTUUID on disk0 partition 2 (<unnamed>, fs=ext4, lba 2158592..61702144)[m
[m[37m[ 58.864762 ax_fs_ng:75] [32mInitialize filesystem subsystem...[m
[m[37m[ 58.865334 ax_fs_ng:76] [32m  selected root device: disk0 partition 2 (<unnamed>, fs=ext4, lba 2158592..61702144)[m
[m[37m[ 58.891265 rsext4::ext4::mount:327] [32m/lost+found exists (superblock hint inode=11)[m
[m[37m[ 58.892954 rsext4::ext4::mount:462] [32mExt4 filesystem mounted[m
[m[37m[ 58.893536 rsext4::ext4::mount:463] [32m  - block size: 4096 bytes[m
[m[37m[ 58.894143 rsext4::ext4::mount:464] [32m  - total bloc: 7442944[m
[m[37m[ 58.89474 blocks: 6458523[m
[m[37m[ 58.895335 rsext4::ext4::mount:466] [32m  - total inodes: 1845888[m
[m[37m[ 58.895935 rsext4::ext4::mount:467] [32m  - free inodes: 1796916[m
[m[37m[ 58.896528 rsext4::ext4::sync:13] [32mSyncing filesystem...[m
[m[37m[ 58.907492 rsext4::ext4::mount:546] [32mExt4 filesystem mounted[m
[m[37m[ 58.908098 ax_fs_ng:88] [32m  filesystem type: "ext4"[m
[m[37m[ 58.919049 ax_fs_ng::root:518] [32m  mounting partition disk0 partition 1 (bootfs, fs=fat, lba 61440..2158592) at /boot[[m[37m[ 58.921207 ax_runtime::mp:79] [32mSecondary CPU 1 started.[m
[m[37m[ 58.922636 ax_runtime::mp:79] [32mSecondary CPU 2 started.[m
[m[37m[ 58.923106 ax_runtime::mp:107] [32mSecondary CPU 1 init OK.[m
[m[37m[ 58.924441 ax_runtime:336] [32mPrimary CPU 0 init OK.[m
[m[37m[ 58.924440 ax_runtime::mp:79] [32mSecondary CPU 3 started.[m
[m[37m[ 58.925239 ax_runtime::mp:107] [32mSecondary CPU 2 init OK.[m
[m[37m[ 58.928305 ax_runtime::mp:107] [32mSecondary CPU 3 init OK.[m
[m

       d8888            888     888  d8b
      d88888            888     888  Y8P
     d88P888            888     888
    d88P 888  888  888  Y88P  888  `Y8bd8P'   Y88b d88P  8K      Y88o88P    888  "Y8888b. 888  888  888
 d8888888888  .d8""8b.     Y888P     888       X88  Y88..88P  888
d88P     888  888  888      Y8P      888   88888P'   "Y88P"   888


by AxVisor Team

[37m[ 58.932541 0:2 axvisor:51] [32mStarting virtualization...[m
[m[37m[ 58.9ng hardware virtualization support on all cores...[m
[m[37m[ 58.933936 0:2 axvm::host::arceos:236] [32mCore 0 is initializing hardware virtualization support...[m
[m[37m[ 58.934799 0::101] [32mInitializing AxVM timarceos:238] [32mHardware virtualization support enabled on core 0[m
[m[37m[ 58.937229 1:11 axvm::host::arceos:248] [32mCore 1 is initializing hardware virtualization support...[m
[m[37m[ 58.938095 1:11 axvm::timer:101] [32mInitializing AxVM timer wheel...[m
[m[37m[ 58.938572 2:12 axvm::host::arceos:248] [32mCore 2 is initializing hard1[m
[m[37m[ 58.939594 2:12 axvm::timer:101] [32mInitializin[37m[ 58.940287 0:2 axvm::host::arceos:264] [32mWaiting for all cores to enable hardware virtualization...[m
[m[37m[ 58.940290 3:13 axvm::host::arceos:248] [32mCore 3 is initializing ha[m[37m[ 58.941037 2:12 axvm::host::arceos:251] [32mHardware vialization support enabled on core 2[m
[m[37m[ 58.942776 3:13 axvm::timer:101] [32mInitializing AxVM timer wheel...[m
[m[37m[ 58.944218 3:13 axvm::host::arceos:251] [32mHardware virtualization support enabled on core 3[m
[m[37m[ 58.945033 0:2 rch64::gic:55] [32mUsing per-CP[37m[ 59.028635 0:2 axvm::arch::aarch64::gic:132] [32mAArch64 host virtual-timer PPI 27 is available for guest forwarding[m
[m[37m[ 59.029618 0:2 axvm::host::arceos:280] [32mAll cores have enabled hardware virtualization support.[m
[m[37m[ 59.031960 0:2 axvisor::manager:127] [32mNOT find dir: /guest/vm_default in filesystem[m
[m[37m[ 59.032722 0:2 axvisor::config:94] [32mUsing static VM configs.[m
[m[37m[ 59.106619 0:2 axvm::arch::aarch64::fdt::core::parser:386] [32mCPU node: /cpus/cpu@0, node_id: 0x0, guest_cpu_id: 0x0[m
[m[37m[ 59.107629 0:2 axvm::arch::aarch64::fdt::core::parser:386] [32mCPU node: /cpus/cpu@100, node_id: 0x100, guest_cpu_id: 0x100[m
[m[37m[ 59.108679 0:2 axvm::arch::aarch64::fdt::core::parser:386] [32mCPU node: /cpus/cpu@200, node_id: 0x200, guest_cpu_id: 0x200[m
[m[37m[ 59.109726 0:2 axvm::arch::aarch64::fdt::core::parser:386] [32mCPU node: /cpus/cpu@300, node_id: 0x300, guest_cpu_id: 0x300[m
[m[37m[ 59.110773 0:2 axvm::arch::aarch64::fdt::core::parser:386] [32mCPU node: /cpus/cpu@400, node_id: 0x400, guest_cpu_id: 0x400[m
[m[37m[ 59.111822 0:2 axvm::arch::aarch64::fdt::core::parser:386] [32mCPU node: /cpus/cpu@500, node_id: 0x500, guest_cpu_id: 0x500[m
[m[37m[ 59.112874 0:2 axvm::arch::aarch64::fdt::core::parser:386] [32mCPU node: /cpus/cpu@600, node_id: 0x600, guest_cpu_id: 0x600[m
[m[37m[ 59.113922 0:2 axvm::arch::aarch64::fdt::core::parser:386] [32mCPU node: /cpus/cpu@700, node_id: 0x700, guest_cpu_id: 0x700[m
[m[37m[ 59.126895 0:2 axvm::arch::aarch64::fdt::core::parser:393] [32mFound 8 host CPU nodes[m
[m[37m[ 59.127651 0:2 axvm::arch::aarch64::fdt::core:68] [32mVM[1] found DTB, parsing...[m
[m[37m[ 70.212823 0:2 axvisor::config:139] [32mCreating VM[1] "starry-ivc-orangepi-ack-loss"[m
[m[37m[ 70.213614 0:2 axvm::v32mVM created: id=1[m
[m[37m[ 70.710241 0:2 axvisor::config:151] [32mVM[1] created success, loading images...[m
[m[37m[ 73.346736 0:2 axdevice::device:1350] [32mAxVmDevices: registered device id=0[m
[m[37m[ 73.347427 0:2 axdevice::device:336] [32mGPPT Distributor initialized with base GPA 0x8000000 and length 0x10000[m
[m[37m[ 73.348390 0:2 axdevice::device:1350] [32mAxVmDevices: registered device id=1[m
[m[37m[ 73.349075 0:2 axdevice::device:311] [32mGPPT Redistributor initialized for vCPU 0 with base GPA 0x80a0000 and length 0x20000[m
[m[37m[ 73.350129 0:2 axdevice::device:1350] [32mAxVmDevices: registered device id=2[m
[m[37m[ 73.350815 0:2 axdevice::device:311] [32mGPPT Redistributor initialized for vCPU 1 with bah 0x20000[m
[m[37m[ 73.35187:1350] [32mAxVmDevices: registered device id=3[m
[m[37m[ 73.352556 0:2 axdevice::device:518] [32mvirtio-blk 'virtio-blk-starry' initialized at GPA 0xa000000 IRQ 48 with backing 0 (67108864 bytes)[m
[m[37m[ 73.353716 0:2 axdevice::device:1350] [32mAxVmDevices: registered device id=4[m
[m[37m[ 73.354400 0:2 axdevice::device:576] [32mvirtio-net 'virtio-net-starry' initialized at GPA 0xa001000 IRQ 56 segment 1 header mode Negotiated (MAC 52:54:00:00:00:01)[m
[m[37m[ 73.355764 0:2 axdevice::device:1350] [32mAxVmDevices: registered device id=5[m
[m[37m[ 73.356448 0:2 axvm::arch::aarch64::vm:134] [32mAArch64 PL011 console 'pl011-starry' initialized at GPA 0x9000000 with length 0x1000[m
[m[37m[ 73.357562 0:2 axdevice::device:1350] [32mAxVmDevices: registered device id=6[m
[m[37m[ 73.358250 0:2 axdevice::device:1350] [32mAxVmDevices: registered device id=7[m
[m[37m[ 73.358939 0:2 axdevice::device:1350] [32mAxVmDevices: registered device id=8[m
[m[37m[ 73.359659 0:2 axvm::vm::prepare:101] [32mVM setup: id=1[m
[m[37m[ 73.426642 0:2 axvm::arch::aarch64::fdt::core::parser:386] [32mCPU node: /cpus/cpu@0, node_id: 0x0, guest_cpu_id: 0x0[m3.427653 0:2 axvm::arch::aarch64::fdt::core::parser:386] [32mCPU node: /cpus/cpu@100, node_id: 0x100, guest_cpu_id: 0x100[m
[m[37m[ 73.428703 0:2 axvm::arch::aarch64::fdt::core::parser:386] [32mCPU node: /cpus/cpu@200, node_id: 0x200, guest_cpu_id: 0x200[m
[m[37m[ 73.429751 0:2 axvm::arch::aarch64::fdt::core::parser:386] [32mCPU node: /cpus/cpu@300, node_id: 0x300, guest_cpu_id: 0x300[m
[m[37m[ 73.430799 0:2 axvm::arch::aarch64::fdt::core::parser:386] [32mCPU node: /cpus/cpu@400, node_id: 0x400, guest_cpu_id: 0x400[m
[m[37m[ 73.431849 0:2 axvm::arch::aarch64::fdt::core::parser:386] [32mCPU node: /cpus/cpu@500, node_id: 0x500, guest_cpu_id: 0x500[m
[m[37m[ 73.432903 0:2 axvm::arch::aarch64::fdt::core::p:386] [32mCPU node: /cpus/cpu@600, node_id: 0x600, guest_cpu_id: 0x600[m
[m[37m[ 73.433952 0:2 axvm::arch::aarch64::fdt::core::parser:386] [32mCPU node: /cpus/cpu@700, node_id: 0x700, gu[37m[ 73.442706 0:2 axvm::arch::aarch64::fdt::core::parser:393] [32mFound 8 host CPU nodes[m
[m[37m[ 73.443456 0:2 axvm::ach::aarch64::fdt::core:77] [32mVM[2] DTB not found, generating from the VM configuration[m
[m[37m[ 73.549872 0:2 axvm::arch::aarch64::fdt::core::device:96] [32mFound excluded devices: [][m
[m[37m[ 73.588617 0:2 axvisor::config:139] [32mCreating VM[2] "zephyr-ivc-orangepi-ack-loss"[m
[m[37m[ 73.589398 0:2 axvm::v633] [32mVM created: id=2[m
[37m[ 73.837968 0:2 axvisor::config:151] [32mVM[2] created success, loading images...[m
[m[37m[ 73.839850 0:2 axdevice::device:1350] [32mAxVmDevices: registered device id=0[m
[m[37m[ 73.840539 0:2 axdevice::device:336] [32mGPPT Distributor initialized with base GPA 0x8000000 and length 0x10000[m
[m[37m[ 73.841502 0:2 axdevice::device:1350] [32mAxVmDevices: registered device id=1[m
[m[37m[ 73.842186 0:2 axdevice::device:311] [32mGPPT Redistributor initialized for vCPU 0 with base GPA 0x80a0000 and length 0x20000[m
[m[37m[ 73.843242 0:2 axdevice::device:1350] [32mAxVmDevices: registered device id=2[m
[m[37m[ 73.843926 0:2 axdevice::device:576] [32mvirtio-net 'virtio-net-zephyr' initialized at GPA 0xa002000 IRQ 64 segment 1 header mode FixedTwelveByte (MAC 52:54:00:00:00:02)[m
[m[37m[ 73.845325 0:2 axdevice::device:1350] [32mAxVmDevices: registered device id=3[m
[m[37m[ 73.846010 0:2 axvm::arch::aarch64::vm:134] [32mAArch64 PL011 console 'pl011-zephyr' initialized at GPA 0x9000000 with length 0x1000[m
[m[37m[ 73.847125 0:2 axdevice::device:1350] [32mAxVmDevices: registered device id=4[m
[m[37m[ 73.847812 0:2 axdevice::device:1350] [32mAxVmDevices: registered device id=5[m
[m[37m[ 73.848501 0:2 axdevice::device:1350] [32mAxVmDevices: registered device id=6[m
[m[37m[ 73.849218 0:2 axvm::vm::prepare:101] [32mVM setup: id=2[m
[m[37m[ 73.849807 0:2 axvm::runtime:35] [32mInitializing VMM...[m
[m[37m[ 73.850334 0:2 axvm::runtime:40] [32mVMM starting, booting VMs...[m
[m[37m[ 73.850936 0:2 axvm::vm:820] [32mStarting VM[1][m
[m[37m[ 73.851402 0:2 axvm::runtime::vcpus:2") created cpumask: [1, ], initial CPU 1[m
[m[37m[ 73.853125 0:2 axvm::runtime:48] [32mVM[1] boot success[m
[m[37m[ 73.853645 0:2 axvm::vm:820] [32mStarting VM[2][m
[m[37m[ 73.854111 0:2 axvm::runtime::vcpus:236] [32mSpawning task for VM[2] VCpu[0][m
[m[37m[ 73.854802 0:2 axvm::runtime::vcpus:274] [32mVCpu task Task(15, "VM[2]-VCpu[0]") created cpumask: [0, ], initial CPU 0[m
[m[37m[ 73.855808 0:2 axvm::runtime:48] [32mVM[2] boot success[m
[m[37m[ 73.856339 0:15 axvm::runtime::vcpus:332] [32mVM[2] VCpu[0] waim[37m[ 73.857041 0:15 axvm::rune::vcpus:335] [32mVM[2] VCpu[0] running...[m
[m[37m[ 73.857678 0:15 axvm::arch::aarch64::gic:318] [33mVirtual interrupt interface not enabled, enabling now[m
[m[37m[ 73.858562 0:15 axvm::runtime::vcpus:337] [32mVM[2] VCpu[0] first-run architecture setup complete[m
[m[37m[ 73.863111 1:14 axvm::runtime::vcpus:332] [32mVM[1] VCpu[0] waiting for running[m
[m[guest-console:pl011-zephyr] *** Booting Zephyr OS build v4.3.0 ***
[37m[ 73.863813 1:14 axvm::runtime::vcpus:335] [32mVM[1] VCpu[0] running...[m
[m[guest-console:pl011-zephyr] IVC-RTOS-SELFTEST PASS vector=rust-wire-v1
[37m[ 73.864975 1:14 axvm::arch::aarch64::gic:318] [33mVirtual interrupt interface not enabled, enabling now[m
[m[37m[ 73.866414 1:14 axvm::runtime::vcpus:337] [32mVM[1] VCpu[0] first-run architecture setup complete[m
[m[guest-console:pl011-starry] console=ttyAMA0,115200 earlycon=pl011,0x09000000 root=/dev/vda rw fsck.repair=yes
[guest-console:pl011-starry] VM Load @0x80200000
[guest-console:pl011-starry] VM Load Offset: 0x100200000
[guest-console:pl011-starry] Memory Map:
[guest-console:pl011-starry]   Free   0x00000080000000 - 0x00000080200000 (2 MiB)
[guest-console:pl011-starry]   KImg   0x00000080200000 - 0x00000081000000 (14 MiB)
[guest-console:pl011-starry]   Free   0x00000081000000 - 0x00000090000000 (240 MiB)
[guest-console:pl011-starry] Initialize RAM allocator: 0x81000000..0x90000000
[guest-console:pl011-starry] Initializing per-CPU data
[guest-console:pl011-starry] Per-CPU data one cpu size: 0x41000 bytes
[guest-console:pl011-starry] Total per-CPU data size for secondary CPUs: 0x82000 bytes (2 CPUs)
[guest-console:pl011-starry] Flushed RAM used range to memory map: 0x81000000..0x81001000, current: 0x81001000
[guest-console:pl011-starry] Flushed RAM used range to memory map: 0x81001000..0x81083000, current: 0x81083000
[guest-console:pl011-starry] Per-CPU data allocated at 0x81001000 - 0x81083000
[guest-console:pl011-starry] Initializing per-CPU RAM for CPU0 - hard id 0x100 @ 0x81001000
[guest-console:pl011-starry] Initializing per-CPU RAM for CPU1 - hard id 0x200 @ 0x81042000
[guest-console:pl011-starry] CPU0 - hard id 0x100, stack top @0x81042000, stack top virt @0xffffff0081042000, entry virt @0xffff[guest-console:pl011-starry] CPU1 - hard id 0x200, stack top @0x81083000, stack top virt @0xffffff0081083000, entry virt @0xffffffff80364420
[guest-console:pl011-starry] EL: 1
[guest-console:pl011-starry] Mapping early memory regions...
[guest-console:pl011-starry] Ram                 : [0xffff000080000000, 0xffff000090000000) -> [0x0000000080000000, 0x000000009000000) (256 MiB)
[guest-console:pl011-starry] KImage              : [0xffffffff80000000, 0xffffffff80e00000) -> [0x0000000080200000, 0x0000000081[guest-console:pl011-starry] PerCpu              : [0xffffff0081001000, 0xffffff0081083000) -> [0x0000000081001000, 0x0000000081083000) (520 KiB)
[guest-console:pl011-starry] Debug serial        : [0xffff000009000000, 0xffff000009001000) -> [0x0000000009000000, 0x0000000009001000) (4 KiB)
[guest-console:pl011-starry] Boot page table at physical address: 0x81083000
[guest-console:pl011-starry] Setting up table registers...
[guest-console:pl011-starry] MMU Entry point at physical address: 0x805679b0
[guest-console:pl011-starry] Trap vector at 0xffffffff80360800
[guest-console:pl011-starry] Memory Map:
[guest-console:pl011-starry]   MMIO   0x00000009000000 - 0x00000009001000 (4 KiB)
[guest-console:pl011-starry]   Free   0x00000080000000 - 0x00000080200000 (2 MiB)
[guest-console:pl011-starry]   KImg   0x00000080200000 - 0x00000081000000 (14 MiB)
[guest-console:pl011-starry]   Rsv    0x00000081000000 - 0x00000081001000 (4 KiB)
[guest-console:pl011-starry]   PerCPU 0x00000081001000 - 0x00000081083000 (520 KiB)
[guest-console:pl011-starry]   Rsv    0x00000081083000 - 0x0000008108d000 (40 KiB)
[guest-console:pl011-starry]   Free   0x0000008108d000 - 0x00000090000000 (239.45 MiB)
[guest-console:pl011-starry] Jumping to main entry point at 0xffffffff8034f05c with SP 0xffffff0081042000
[guest-console:pl011-starry] 
[guest-console:pl011-starry]        d8888                            .d88888b.   .d8888b.
[guest-console:pl011-starry]       d88888                           d88P" "Y88b d88P  Y88b
[guest-console:pl011-starry]      d88P888                           888     888 Y88b.
[guest-console:pl011-starry]     d88P 888 888d888  .d8888b  .d88b.  888     888  "Y888b.
[guest-console:pl011-starry]    d88P  888 888P"   d88P"    d8P  Y8b 888     888     "Y88b.
[guest-console:pl011-zephyr] IVC-RTOS-NET mac=52:54:00:00:00:02 expected=52:54:00:00:00:02
[guest-console:pl011-starry]   d88P   888 888     888      88888888 888     888       "888
[guest-console:pl011-zephyr] IVC-RTOS-READY bind=10.0.0.2:5500 mac=52:54:00:00:00:02 window_bits=64 ack_loss_drop_every=5 expected_commands=100 exit_after_expected=1
[guest-console:pl011-starry]  d8888888888 888     Y88b.    Y8b.     Y88b. .d88P Y88b  d88P
[guest-console:pl011-starry] d88P     888 888      "Y8888P  "Y8888   "Y88888P"   "Y8888P"
[guest-console:pl011-starry] 
[guest-console:pl011-starry] arch = aarch64
[guest-console:pl011-starry] platform = AxVisor Orange Pi 5 Plus IVC StarryOS guest
[guest-console:pl011-starry] target = aarch64-unknown-none-softfloat
[guest-console:pl011-starry] build_mode = 
[guest-console:pl011-starry] log_level = info
[guest-console:pl011-starry] backtrace = false
[guest-console:pl011-starry] smp = 2
[guest-console:pl011-starry] 
[guest-console:pl011-starry] [37m[  0.789768 ax_runtime:213] [32mLogging is enabled.[m
[guest-console:pl011-starry] [m[37m[  0.791669 ax_runtime:214] [32mPrimary CPU 0 started, arg = 0x81000000.[m
[guest-console:pl011-starry] [m[37m[  0.794142 ax_runtime:216] [32mFound physcial memory regions:[m
[guest-console:pl011-starry] [m[37m[  0.796418 ax_runtime:218] [32m  [PA:0x9000000, PA:0x9001000) mmio (READ | WRITE | DEVICE | RESERVED)[m
[guest-console:pl011-starry] [m[37m[  0.799671 ax_runtime:218] [32m  [PA:0x80000000, PA:0x80200000) free memory (READ | WRITE[guest-console:pl011-starry] [m[37m[  0.802818 ax_runtime:218] [32m  [PA:0x80200000, PA:0x81000000) reserved (READ | WRITE | EXECUTE | RESERVED)[m
[guest-console:pl011-starry] [m[37m[  0.806254 ax_runtime:218] [32m  [PA:0x81000000, PA:0x81001000) reserved (READ | WRITE | EXECUTE | RESERVED)[m
[guest-console:pl011-starry] [m[37m[  0.809687 ax_runtime:218] [32m  [PA:0x81001000, PA:0x81083000) reserved (READ | WRITE | EXECUTE | RESERVED)[m
[guest-console:pl011-starry] [m[37m[  0.813121 ax_runtime:218] [32m  [PA:0x81083000, PA:0x8108d000) reserved (READ | WRITE | EXECUTE | RESERVED)[m
[guest-console:pl011-starry] [m[37m[  0.816558 ax_runtime:218] [32m  [PA:0x8108d000, PA:0x90000000) free memory (READ | WRITE | FREE)[m
[guest-console:pl011-starry] [m[37m[  0.819705 ax_runtime:360] [32mInitialize global memory allocator...[m
[guest-console:pl011-starry] [m[37m[  0.822094 ax_runtime:361] [32m  use buddy-slab-allocator allocator.[m
[guest-console:pl011-starry] [m[37m[  0.824494 ax_alloc::buddy_slab:150] [32mInitialize global memory allocator, start_vaddr: 0xffff00008108d000, size: 0xef73000[m
[guest-console:pl011-starry] [m[37m[  0.828602 ax_alloc::buddy_slab:399] [32mglobal allocator initialized[m
[guest-console:pl011-starry] [m[37m[  0.831019 ax_alloc::buddy_slab:160] [32mAdd memory region, start_vaddr: 0xffff000080000000, size: 0x200000[m
[guest-console:pl011-starry] [m[37m[  0.834430 buddy_slab_allocator::global:143] [32mGlobalAllocator: skip region 0xffff000080000000+0x200000, no allocator-visible memory after 2097152 alignment[m
[guest-console:pl011-starry] [m[37m[  0.839168 ax_runtime:253] [32mkernel aspace: [VA:0xffff000000000000, VA:0xffffffffffffffff)[m
[guest-console:pl011-starry] [m[37m[  0.842184 ax_mm:92] [32mInitialize virtual memory management...[m
[guest-console:pl011-starry] [m[37m[  0.861569 ax_runtime:265] [32mInitialize platform devices...[m
[guest-console:pl011-starry] [m[37m[  0.865019 someboot::arch::power:23] [32mPower management method : HVC[m
[guest-console:pl011-starry] [m[37m[  0.867489 somehal::driver:5] [32mInitializing rdrive with FDT at 0xff1000000[m
[guest-console:pl011-starry] [m[37m[  0.883323 ax_task::api:149] [32mInitialize scheduling...[m
[guest-console:pl011-starry] [m[37m[  0.885513 ax_task::api:154] [32m  use Round-robin scheduler.[m
[guest-console:pl011-starry] [m[37m[  0.887739 ax_runtime:291] [32mInitialize interrupt handlers...[m
[guest-console:pl011-starry] [m[37m[  0.890813 ax_runtime::devices:2] [32mProbe platform devices...[m
[guest-console:pl011-starry] [m[37m[  0.893777 ax_driver::serial::pl011:22] [32mProbing PL011 serial device: serial@9000000[m
[guest-console:pl011-starry] [m[37m[  0.896765 ax_driver::serial::pl011:39] [32mPL011 serial@0xffff000009000000 registered successfully[m
[guest-console:pl011-starry] [m[37m[  0.900330 virtio_drivers::device::blk:63] [32mfound a block device of size 65536KB[m
[guest-console:pl011-starry] [m[37m[  0.903277 ax_driver::virtio::block:91] [32mregistered virtio block device[m
[guest-console:pl011-starry] [m[37m[  0.906077 virtio_drivers::device::net::dev_raw:33] [32mnegotiated_features Features(MAC | VERSION_1)[m
[guest-console:pl011-starry] [m[37m[  0.909688 ax_driver::virtio::net:407] [32mregistered virtio network device irq=None[m
[guest-console:pl011-starry] [mBoot at 1970-01-01 00:00:00.912558208 UTC
[guest-console:pl011-starry] 
[guest-console:pl011-starry] [37m[  0.914410 ax_runtime::irq:120] [32mregistered virtio-blk/0 irq IrqId { domain: IrqDomainId(7), hwirq: HwIrq(48) }[m
[guest-console:pl011-starry] [m[37m[  0.918015 ax_fs_ng::block::runtime::device:1359] [33mrdif filesystem block device virtio-blk registered with IRQ-driven completion[m
[guest-console:pl011-starry] [m[37m[  0.922090 ax_fs_ng::block::runtime::device:1361] [32mregistered rdif filesystem block device virtio-blk[m
[guest-console:pl011-starry] [m[37m[  0.925989 ax_fs_ng::root:249] [32m    raw device fs=Some4)[m
[guest-console:pl011-starry] [m[37m[  0.928275 ax_fs_ng::root:280] [32m  block device 0 (virtio-blk) has no usable partition table; treating the whole disk as a candidate[m
[guest-console:pl011-starry] [m[37m[  0.932441 ax_fs_ng::root:389] [32m  matched root by raw device path odisk0 raw device[m
[guest-console:pl011-starry] [m[37m[  0.935389 ax_fs_ng:75] [32mInitialize filesystem subsystem...[m
[guest-console:pl011-starry] [m[37m[  0.937639 ax_fs_ng:76] [32m  selected root device: disk0 raw device[m
[guest-console:pl011-starry] [m[37m[  0.940303 rsext4::crc32c::arm64:54] [33mID_AA64ISAR0_EL1[19:16]: 0x1[[guest-console:pl011-starry] [m[37m[  0.942788 rsext4::crc32c::arm64:57] [33mHardware CRC32C support detected.[m
[guest-console:pl011-starry] [m[37m[  0.947870 rsext4::ext4::mount:340] [32m/lost+found exists (path resolution, repaired hinnode=11)[m
[guest-console:pl011-starry] [m[37m[  0.951844 rsext4::ext4::mount:462] [32mExt4 filesystem mounted[m
[guest-console:pl011-starry] [m[37m[  0.954132 rsext4::ext4::mount:463] [32m  - block size: 4096 bytes[m
[guest-console:pl011-starry] [m[37m[  0.956487 rsext4::ext4::mount:464] [32m  - total blocks: 1638[guest-console:pl011-starry] [m[37m[  0.958763 rsext4::ext4::mount:465] [32m  - free blocks: 7993[m
[guest-console:pl011-starry] [m[37m[  0.961001 rsext4::ext4::mount:466] [32m  - total inodes: 8192[m
[guest-console:pl011-starry] [m[37m[  0.963249 rsext4::ext4::mount:467] [32m  - free inodes: 8140[m
[guest-console:pl011-starry] [m[37m[  0.965477 rsext4::ext4::sync:13] [32mSyncing filesystem...[m
[guest-console:pl011-starry] [m[37m[  0.969729 rsext4::ext4::mount:546] [32mExt4 filesystem mounted[m
[guest-console:pl011-starry] [m[37m[  0.972059 ax_fs_ng:88] [32m  filesystem type: "ext4"[m
[guest-console:pl011-starry] [m[37m[  0.975578 ax_net:189] [32mInitialize network subsystem...[m
[guest-console:pl011-starry] [m[37m[  0.977992 ax_net:209] [32m  use NIC 0: "virtio-net"[m
[guest-console:pl011-starry] [m[37m[  0.980304 ax_runtime::irq:120] [32mregistered eth0 irq IrqId { domain: IrqDomainId(7), hwirq: HwIrq(56) }[m
[guest-console:pl011-starry] [m[37m[  0.983748 ax_net:235] [32meth0:[m
[guest-console:pl011-starry] [m[37m[  0.985211 ax_net:236] [32m  id:   2[m
[guest-console:pl011-starry] [m[37m[  0.986777 ax_net:237] [32m  mac:  52-54-00-00-00-01[m
[guest-console:pl011-starry] [m[37m[  0.988771 ax_net:254] [32m  mode: dhcp[m
[guest-console:pl011-starry] [m[37m[  0.990419 ax_net:292] [32mDevice: lo[m
[guest-console:pl011-starry] [m[37m[  0.992043 ax_net:292] [32mDevice: eth0[m
[guest-console:pl011-starry] [m[37m[  0.993745 ax_net::service:606] [32meth0: DHCP enabled[m
[guest-console:pl011-starry] [m[37m[  2.999385 ax_net:937] [33mDHCP bootstrap timed out[m
[37m[ 76.362277 1:14 axvm::arch::aarch64::cpu_up:44] [32mVM[1]'s VCpu[0] try to boot target_cpu [512] entry_point=GPA:0x8056623.009364 ax_runtime:336] [32mPrimary CPU 0 init OK.[m
[guest-console:pl011-starry] [m[37m[  3.009374 ax_runtime::mp:79] [32mSecondary CPU 1 started.[m
[guest-console:pl011-starry] [m[37m[  3.014352 ax_runtime::mp:107] [32mSecondary CPU 1 init OK.[m
[guest-console:pl011-starry] [m[37m[  3.016626 0:2 ktracepoint:282] [32mtracepoint_data_start: 0xffffffff804adc78, tracepoint_data_end: 0xffffffff804adcd8[m
[guest-console:pl011-starry] [m[37m[  3.020371 0:2 ktracepoint:297] [32mtracepoint_data_len: 6[m
[guest-console:pl011-starry] [m[37m[  3.022530 0:2 ktracepoint:314] [32mtracepoint registered: sched:sched_process_exit[m
[guest-console:pl011-starry] [m[37m[  3.025340 0:2 ktracepoint:314] [32mtracepoint registered: sched:sched_process_fork[m
[guest-console:pl011-starry] [m[37m[  3.028145 0:2 ktracepoint:314] [32mtracepoint registered: sched:sched_switch[[guest-console:pl011-starry] [m[37m[  3.030814 0:2 ktracepoint:314] [32mtracepoint registered: syscalls:sys_clone[m
[guest-console:pl011-starry] [m[37m[  3.033475 0:2 ktracepoint:314] 2mtracepoint registered: syscalls:sys_enter_openat[m
[guest-console:pl011-starry] [m[37m[  3.036307 0:2 ktracepoint:314] [32mtracepoint registered: syscalls:sys_mkdirat[m
[guest-console:pl011-starry] [mInitialized 6 tracepoints
[guest-console:pl011-starry] kmod subsystem initialized
[guest-console:pl011-starry] [37m[  3.041038 0:2 starry_kernel::pseudofs:84] [32mInitialize pseudofs...[m
[guest-console:pl011-starry] [m[37m[  3.043945 0:2 starry_kernel::pseudofs::dev::tty::serial:343] [32mttyS0 registered: path=/serial@9000000, alias=Some(0), paddr=0x9000000, mapped=0xffff000009000000, irq=IrqId { domain: IrqDomainId(7), hwirq: HwIrq(33) }, mode=interrupt[m
[guest-console:pl011-starry] [m[37m[  3.050795 0:2 starry_kernel::pseudofs::dev::tty::serial:2[guest-console:pl011-starry] [m[37m[  3.054443 0:2 starry_kernel::pseudofs:78] [32mMounted devfs at /dev[m
[guest-console:pl011-starry] [m[37m[  3.056861 0:2 starry_kernel::pseudofs::usbfs:51] [32musbfs: initializing manager[m
[guest-console:pl011-starry] [m[37m[  3.059629 0:2 starry_kernel::pseudofs::usbfs::manager:1401] [32musbfs: discovered 0 USB host(s)[m
[guest-console:pl011-starry] [m[37m[  3.062785 0:2 starry_kernel::pseudofs::usbfs:54] [32musbfs: no USB host found, skip mounting usbfs[m
[guest-console:pl011-starry] [m[37m[  3.066067 0:2 starry_kernel::pseudofs:78] [32mMounted tmpfs at /dev/shm[m
[guest-console:pl011-starry] [m[37m[  3.075379 0:2 starry_kernel::pseudofs:78] [32mMounted tmpfs at /tmp[m
[guest-console:pl011-starry] [m[37m[  3.077958 0:2 starry_kernel::dyn_debug:61] [32mdebug_init: initializing dynamic debug sites[m
[guest-console:pl011-starry] [m[37m[  3.081871 0:2 starry_kernel::dyn_debug:64] [32mdebug_init: found 191 dynamic debug sites[m
[guest-console:pl011-starry] [m[37m[  3.084865 0:2 starry_kernel::pseudofs::proc:73] [32mRead kallsyms, size: 1286KB[m
[guest-console:pl011-starry] [m[37m[  3.118448 0:2 starry_kernel::pseudofs:78] [32mMounted proc at /proc[m
[guest-console:pl011-starry] [m[37m[  3.121248 0:2 starry_kernel::pseudofs:78] [32mMounted sysfs at /sys[m
[guest-console:pl011-starry] [m[37m[  3.123907 0:2 starry_kernel::pseudofs:78] [32mMounted debug at /sys/kernel/debug[m
[guest-console:pl011-starry] [m[37m[  3.126739 0:2 starry_kernel::task::timer:329] [32mInitialize alarm...[m
[guest-console:pl011-starry] [mWelcome to [96m[1mStarry OS[0m!
[guest-console:pl011-starry] /bin/sh: env: not found
[guest-console:pl011-starry] 
[guest-console:pl011-starry] Use [1m[3mapk[0m to install packages.
[guest-console:pl011-starry] 
[guest-console:pl011-starry] STARRY_GROUPED_AUTORUN_INIT
[guest-console:pl011-starry] IVC-STARRY-BOOT mode=neural backend=native count=100 period_ms=100 vcpus=2
[guest-console:pl011-starry] IVC-STARRY-NET iface=eth0 mac=unknown ip=10.0.0.1/24 peer=10.0.0.2 udp_port=5500 segment=1
[guest-console:pl011-starry] IVC-CONTROLLER-START peer=10.0.0.2:5500 count=100 policy=neural period_ms=100 session_id=3317564226 backend=native
[guest-console:pl011-zephyr] IVC-RTOS-PROGRESS accepted=1 seq=1 mode=Neural actuator_permille=951 measured_milli_c=20266 duplicates=0 protocol_errors=0
[guest-console:pl011-starry] IVC-CONTROLLER-STATUS seq=1 mode=Neural actuator_permille=951 measured_milli_c=20266 setpoint_milli_c=45000
[guest-console:pl011-zephyr] IVC-RTOS-INJECT drop_ack_seq=5
[guest-console:pl011-zephyr] IVC-RTOS-DUPLICATE seq=5 next_expected=6 duplicates=1
[guest-console:pl011-zephyr] IVC-RTOS-INJECT drop_ack_seq=10
[guest-console:pl011-zephyr] IVC-RTOS-DUPLICATE seq=10 next_expected=11 duplicates=2
[guest-console:pl011-zephyr] IVC-RTOS-INJECT drop_ack_seq=15
[guest-console:pl011-zephyr] IVC-RTOS-DUPLICATE seq=15 next_expected=16 duplicates=3
[guest-console:pl011-zephyr] IVC-RTOS-INJECT drop_ack_seq=20
[guest-console:pl011-zephyr] IVC-RTOS-DUPLICATE seq=20 next_expected=21 duplicates=4
[guest-console:pl011-zephyr] IVC-RTOS-INJECT drop_ack_seq=25
[guest-console:pl011-zephyr] IVC-RTOS-DUPLICATE seq=25 next_expected=26 duplicates=5
[guest-console:pl011-zephyr] IVC-RTOS-INJECT drop_ack_seq=30
[guest-console:pl011-zephyr] IVC-RTOS-DUPLICATE seq=30 next_expected=31 duplicates=6
[guest-console:pl011-zephyr] IVC-RTOS-INJECT drop_ack_seq=35
[guest-console:pl011-zephyr] IVC-RTOS-DUPLICATE seq=35 next_expected=36 duplicates=7
[guest-console:pl011-zephyr] IVC-RTOS-INJECT drop_ack_seq=40
[guest-console:pl011-zephyr] IVC-RTOS-DUPLICATE seq=40 next_expected=41 duplicates=8
[guest-console:pl011-zephyr] IVC-RTOS-INJECT drop_ack_seq=45
[guest-console:pl011-zephyr] IVC-RTOS-DUPLICATE seq=45 next_expected=46 duplicates=9
[guest-console:pl011-zephyr] IVC-RTOS-INJECT drop_ack_seq=50
[guest-console:pl011-zephyr] IVC-RTOS-DUPLICATE seq=50 next_expected=51 duplicates=10
[guest-console:pl011-zephyr] IVC-RTOS-INJECT drop_ack_seq=55
[guest-console:pl011-zephyr] IVC-RTOS-DUPLICATE seq=55 next_expected=56 duplicates=11
[guest-console:pl011-zephyr] IVC-RTOS-INJECT drop_ack_seq=60
[guest-console:pl011-zephyr] IVC-RTOS-DUPLICATE seq=60 next_expected=61 duplicates=12
[guest-console:pl011-zephyr] IVC-RTOS-INJECT drop_ack_seq=65
[guest-console:pl011-zephyr] IVC-RTOS-DUPLICATE seq=65 next_expected=66 duplicates=13
[guest-console:pl011-zephyr] IVC-RTOS-INJECT drop_ack_seq=70
[guest-console:pl011-zephyr] IVC-RTOS-DUPLICATE seq=70 next_expected=71 duplicates=14
[guest-console:pl011-zephyr] IVC-RTOS-INJECT drop_ack_seq=75
[guest-console:pl011-zephyr] IVC-RTOS-DUPLICATE seq=75 next_expected=76 duplicates=15
[guest-console:pl011-zephyr] IVC-RTOS-INJECT drop_ack_seq=80
[guest-console:pl011-zephyr] IVC-RTOS-DUPLICATE seq=80 next_expected=81 duplicates=16
[guest-console:pl011-zephyr] IVC-RTOS-INJECT drop_ack_seq=85
[guest-console:pl011-zephyr] IVC-RTOS-DUPLICATE seq=85 next_expected=86 duplicates=17
[guest-console:pl011-zephyr] IVC-RTOS-INJECT drop_ack_seq=90
[guest-console:pl011-zephyr] IVC-RTOS-DUPLICATE seq=90 next_expected=91 duplicates=18
[guest-console:pl011-zephyr] IVC-RTOS-INJECT drop_ack_seq=95
[guest-console:pl011-zephyr] IVC-RTOS-DUPLICATE seq=95 next_expected=96 duplicates=19
[guest-console:pl011-zephyr] IVC-RTOS-PROGRESS accepted=100 seq=100 mode=Neural actuator_permille=670 measured_milli_c=39933 dup[guest-console:pl011-zephyr] IVC-RTOS-INJECT drop_ack_seq=100
[guest-console:pl011-zephyr] IVC-RTOS-DUPLICATE seq=100 next_expected=101 duplicates=20
[guest-console:pl011-zephyr] IVC-RTOS-OUTCOME profile=ack-loss accepted=100 applied=100 duplicat[guest-console:pl011-starry] IVC-CONTROLLER-STATUS seq=100 mode=Neural actuator_permille=670 measured_milli_c=39933 setpoint_milli_c=50000
[guest-console:pl011-starry] IVC-CONTROLLER-RAW path=/var/lib/ivc/raw.csv samples=100
[guest-console:pl011-zephyr] IVC-RTOS-MESSAGES status_sent=120 acks_sent=100 errors_sent=0 protocol_errors=0
[guest-console:pl011-zephyr] IVC-RTOS-OUTCOME profile=ack-loss accepted=100 applied=100 duplicates=20 acks_dropped=20
[guest-console:pl011-zephyr] IVC-RTOS-MESSAGES status_sent=120 acks_sent=100 errors_sent=0 protocol_errors=0
[guest-console:pl011-zephyr] IVC-RTOS-RESULT profile=ack-loss accepted=100 applied=100 duplicates=20 acks_dropped=20 status_sentks_sent=100 errors_sent=0 protocol_errors=0
[guest-console:pl011-zephyr] IVC-RTOS-POWEROFF accepted=100
[guest-console:pl011-zephyr] IVC-RTOS-POWEROFF accepted=100
[guest-console:pl011-starry] IVC-CONTROLLER-OUTCOME policy=neural sent=100 acknowledged=100 errors=0 timeouts=0
[guest-console:pl011-starry] IVC-CONTROLLER-RELIABILITY retransmissions=20 recoveries=20 success_percent=100.000
[guest-console:pl011-starry] IVC-CONTROLLER-FULL-LOOP p50_us=8585 p95_us=119793 p99_us=120765 max_us=122376
[guest-console:pl011-starry] IVC-CONTROLLER-PRE-SEND p50_us=16 p95_us=17 p99_us=17 max_us=343
[guest-console:pl011-starry] IVC-CONTROLLER-TRANSPORT p50_us=8569 p95_us=119776 p99_us=120749 max_us=122360 throughput_msg_s=9.607
[guest-console:pl011-starry] IVC-CONTROLLER-CONTROL rmse_milli_c=23600.087 iae_milli_c_s=218972.100 max_overshoot_milli_c=0
[guest-console:pl011-starry] IVC-CONTROLLER-OUTCOME policy=neural sent=100 acknowledged=100 errors=0 timeouts=0
[guest-console:pl011-starry] IVC-CONTROLLER-RELIABILITY retransmissions=20 recoveries=20 success_percent=100.000
[guest-console:pl011-starry] IVC-CONTROLLER-FULL-LOOP p50_us=8585 p95_us=119793 p99_us=120765 max_us=122376
[guest-console:pl011-starry] IVC-CONTROLLER-PRE-SEND p50_us=16 p95_us=17 p99_us=17 max_us=343
[guest-console:pl011-starry] IVC-CONTROLLER-TRANSPORT p50_us=8569 p95_us=119776 p99_us=120749 max_us=122360 throughput_msg_s=9.607
[guest-console:pl011-starry] IVC-CONTROLLER-CONTROL rmse_milli_c=23600.087 iae_milli_c_s=218972.100 max_overshoot_milli_c=0
[guest-console:pl011-starry] IVC-CONTROLLER-RESULT policy=neural sent=100 acknowledged=100 errors=0 timeouts=0 retransmissions=20 recoveries=20 success_percent=100.000 full_loop_p50_us=8585 fuus=119793 full_loop_p99_us=120765 full_loop_max_us=122376 pre_send_p50_us=16 pre_send_p95_us=17 pre_send_p99_us=17 pre_send_max_us=343 transport_p50_us=8569 transport_p95_us=119776 transport_p99_us=120749 transport_max_us=122360 throughput_msg_s=9.607 rmse_milli_c=23600.087 iae_milli_c_s=218972.100 max_overshoot_milli_c=0
[guest-console:pl011-starry] IVC-STARRY-RAW path=/var/lib/ivc/raw.csv samples=100 sha256=fdda15e9a6de6a182beae315351ab3699c08f7cae74a9a74
[guest-console:pl011-starry] IVC-STARRY-DONE exit=0
[37m[ 87.590916 1:14 axvm::arch::aarch64:181] [33mVM[1] run VCpu[0] SystemDown[m
[m[37m[ 87.591578 1:14 axvm::vm:898] [32mStopping VM[1]: SystemDown[m
[m[37m[ 87.592146 1:14 axvm::runtime::vcpus:409] [33mVM[1] VCpu[0] stopping because of VM stopping[m
[m[37m[ 87.592937 1:14 axvm::runtime::vcpus:435] [32mVM[1] VCpu[0] exiting...[m
[m[37m[ 87.594001 2:16 axvm::runtime::vcpus:409] [33mVM[1] VCpu[1] stopping because of VM stopping[m
[m[37m[ 87.594794 2:16 axvm::runtime::vcpus:415] [32mVM[1] VCpu[1] last VCpu exiting, decreasing running VM count[m
[m[37m[ 87.595710 2:16 axvm::runtime::vcpus:420] [32mVM[1] state changed to Stopped[m
[m[37m[ 87.596390 2:16 axvm::runtime::vcpus:435] [32mVM[1] VCpu[1] exiting...[m
[m[37m[ 87.677349 0:15 axvm::arch::aarch64:181] [33mVM[2] run VCpu[0] SystemDown[m
[m[37m[ 87.678008 0:15 axvm::vm:898] [32[2]: SystemDown[m
[m[37m[ 87.678576 0:15 axvm::runtime::vcpus:409] [33mVM[2] VCpu[0] stopping because of VM stopping[m
[m[37m[ 87.679366 0:15 axvm::runtime::vcpus:415] [32mVM[2] VCpu[0] last VCpu exiting, decreasing running VM count[m
[m[37m[ 87.680278 0:15 axvm::runtime::vcpus:420] [32mVM[2] state changed to Stopped[m
[m[37m[ 87.680957 0:15 axvm::runtime::vcpus:435] [32mVM[2] VCpu[0] exiting...[m
[m[37m[ 87.681605 0:2 axvisor:65] [32m[OK] Default guest initialized[m
[mWelcome to AxVisor Shell!
Type 'help' to see available commands
Use UP/DOWN arrows to navigate command history

AXVISOR_SHELL_READY
AXVISOR_SHELL_READY
AXVISOR_SHELL_READY
AXVISOR_SHELL_READY
AXVISOR_SHELL_READY
axvisor:/$ [2Kaxvisor:/$ s[2Kaxvisor:/$ ss[2Kaxvisor:/$ ss [2Kaxvisor:/$ ss 1[2Kaxvisor:/$ ss 1 [2Kaxvisor:/$ ss 1 0[2Kaxvisor:/$ ss 1 0 [2Kaxvisor:/$ ss 1 0 /[2Kaxvisor:/$ ss 1 0 /h[2Kaxvisor:/$ ss 1 0 /ho[2Kaxvisor:/$ ss 1 0 /hom[2Kaxvisor:/$ ss 1 0 /home[2Kaxvisor:/$ ss 1 0 /home/[2Kaxvisor:/$ ss 1 0 /home/o[2Kaxvisor:/$ ss 1 0 /home/or[2Kaxvisor:/$ ss 1 0 /home/ora[2Kaxvisor:/$ ss 1 0 /home/oran[2Kaxvisor:/$ ss 1 0 /home/orang[2Kaxvisor:/$ ss 1 0 /home/orange[2Kaxvisor:/$ ss 1 0 /home/orangep[2Kaxvisor:/$ ss 1 0 /home/orangepi[2Kaxvisor:/$ ss 1 0 /home/orangepi/[2Kaxvisor:/$ ss 1 0 /home/orangepi/i[2Kaxvisor:/$ ss 1 0 /home/orangepi/iv[2Kaxvisor:/$ ss 1 0 /home/orangepi/ivc[2Kaxvisor:/$ ss 1 0 /home/orangepi/ivc-$ ss 1 0 /home/orangepi/ivc-a
AXVISOR_VM_BLOCK_SNAPSHOT_STARTED vm=1 index=0 path=/home/orangepi/ivc-a
AXVISOR_SNAPSHOT_SYNC_OK
AXVISO
=== SUCCESS PATTERN MATCHED: (?m)^AXVISOR_SNAPSHOT_SYNC_OK\r*$ ===
R_SNAPSHOT_SYNC_OK
AXVISOR_SNAPSHOT_SYNC_OK
AXVISOR_SNAPSHOT_SYNC_OK
AXVISOR_SNAPSHOT_SYNC_OK
AXVISOR_VM_BLOCK_SNAPSHOT vm=1 index=0 path=/home/orangepi/ivc-a bytes=67108864
AXVISOR_VM_BLOCK_SNAPSHOT vm=1 index=0 path=/home/orangepi/ivc-a bytes=67108864
AXVISOR_VM_BLOCK_SNAPSHOT vm=1 index=0 path=/home/orangepi/ivc-a bytes=67108864
AXVISOR_HOST_FILESYSTEM_SYNCED
AXVISOR_HOST_FILESYSTEM_SYNCED
AXVISOR_HOST_FILESYSTEM_SYNCED
axvisor:/$ [axbuild] board build+run package=axvisor target=scripts/targets/std/pie/aarch64-unknown-linux-musl.json config=competition/ivc/config/axvisor-orangepi-5-plus-ack-loss.toml ... done (125.70s)
ssh: connect to host 192.168.31.33 port 22: Connection timed out
Axvisor filesystem sync marker was confirmed by the board test
RESULT action=status board=orangepi-5-plus-rk3588 power=on watts=2 temperature_celsius=46 fault_code=0
RESULT action=cycle board=orangepi-5-plus-rk3588 power=on watts=0 temperature_celsius=46 fault_code=0

=> setenv devtype mmc; setenv devnum 1; setenv mmc_bootdev 1; setenv distro_bootpart 1; setenv prefix /; echo UBOOT_LINUX_BOOT_BEGIN; fatload mmc 1:1 0x00c00000 boot.scr; source 0x00c00000
UBOOT_LINUX_BOOT_BEGIN
3413 bytes read in 3 ms (1.1 MiB/s)
## Executing script at 00c00000
Boot script loaded from mmc 1
178 bytes read in 2 ms (86.9 KiB/s)
15301327 bytes read in 1289 ms (11.3 MiB/s)
ssh: connect to host 192.168.31.33 port 22: No route to host
ssh: connect to host 192.168.31.33 port 22: No route to host
/dev/mmcblk1p2 ext4   rw,noatime,errors=remount-ro,commit=600
BOARD_LINUX_RESTORED
debugfs 1.46.5 (30-Dec-2021)
debugfs 1.46.5 (30-Dec-2021)
BOARD_RESULT_IMAGE_VALIDATED vm=1 index=0 path=/home/orangepi/ivc-a bytes=67108864 sha256=051e73e22b2263cd3ea9d683ec2883d3e96475c4a82f9cdb21ac3e2673cdad68 fsck=clean
BOARD_GUEST_RAW_MANIFEST path=/var/lib/ivc/raw.csv samples=100 sha256=fdda15e9a6de6a182beae315351ab3699c08f7cc81f17b2f18cfec3ae74a9a74
BOARD_RAW_RESULT_HARVESTED path=/home/seven_wsl/Workspace/starry/tgoskits-rt-ivc/competition/results/orangepi-5-plus/starry-ivc-ack-loss-formal-20260803/amendment-005/fault-ack-loss/run-001/raw.csv samples=100 sha256=fdda15e9a6de6a182beae315351ab3699c08f7cc81f17b2f18cfec3ae74a9a74
BOARD_IDENTITY board_id=bf61f4d4a1d994ad hostname=orangepi5plus cpu_temp_milli_c=42538
