BOARD_HOST_LIBCLANG path=/usr/lib/llvm-14/lib source=environment
orangepi5plus
BOARD_SERVICE_DTB_READY path=/home/seven_wsl/.local/share/ostool-server/dtbs/orangepi-5-plus-starry.dtb root=PARTUUID=5874edd8-1582-a144-a298-b139acd7b0e6
     Locking 1 package to latest compatible version
      Adding uboot-shell v0.2.6 (/home/seven_wsl/Workspace/starry/ostool/uboot-shell)
    Finished `dev` profile [unoptimized + debuginfo] target(s) in 0.22s
     Running `target/debug/tg-xtask axvisor board -c competition/ivc/config/axvisor-orangepi-5-plus-manual.toml --board-config competition/ivc/config/board-orangepi-5-plus-manual.toml -b OrangePi-5-Plus`
[2026-08-04T04:34:13Z INFO  axbuild::context] Workspace root: /home/seven_wsl/Workspace/starry/tgoskits-rt-ivc-m3-control-5e72b9c
[2026-08-04T04:34:13Z INFO  axbuild::context] Workspace member dir for axvisor: /home/seven_wsl/Workspace/starry/tgoskits-rt-ivc-m3-control-5e72b9c/os/axvisor
Using build config: competition/ivc/config/axvisor-orangepi-5-plus-manual.toml
[axbuild] board build+run package=axvisor target=scripts/targets/std/pie/aarch64-unknown-linux-musl.json config=competition/ivc/config/axvisor-orangepi-5-plus-manual.toml ...
sh -c /home/seven_wsl/Workspace/starry/tgoskits-rt-ivc-m3-control-5e72b9c/tmp/axbuild/std/prebuild/prebuild-aarch64-unknown-linux-musl-f17eb28db0bb4bf3.sh
AR_aarch64_unknown_linux_musl=aarch64-linux-musl-ar
AXVISOR_VM_CONFIGS=/home/seven_wsl/Workspace/starry/tgoskits-rt-ivc-m3-control-5e72b9c/competition/ivc/config/orangepi-5-plus-starry-smp2-manual.toml:/home/seven_wsl/Workspace/starry/tgoskits-rt-ivc-m3-control-5e72b9c/competition/ivc/config/orangepi-5-plus-zephyr-smp1.toml
AX_ARCH=aarch64
AX_LOG=info
AX_TARGET=aarch64-unknown-none-softfloat
BINDGEN_EXTRA_CLANG_ARGS_aarch64_unknown_linux_musl=--target=aarch64-linux-musl --sysroot=/ -mgeneral-regs-only
CARGO_UNSTABLE_JSON_TARGET_SPEC=true
CC_aarch64_unknown_linux_musl=aarch64-linux-musl-cc
CFLAGS_aarch64_unknown_linux_musl=-mgeneral-regs-only -fno-stack-protector
CXXFLAGS_aarch64_unknown_linux_musl=-mgeneral-regs-only -fno-stack-protector
SMP=4
cargo build --config /home/seven_wsl/Workspace/starry/tgoskits-rt-ivc-m3-control-5e72b9c/tmp/axbuild/std/config-aarch64-unknown-linux-musl-dynamic.toml -p axvisor --target scripts/targets/std/pie/aarch64-unknown-linux-musl.json -Z unstable-options --target-dir /home/seven_wsl/Workspace/starry/tgoskits-rt-ivc-m3-control-5e72b9c/target --features ax-std/fs,ax-std/smp,fs,rockchip-dwmmc,rockchip-soc,sdmmc,log/release_max_level_info -Z json-target-spec --bin axvisor --release --message-format json-render-diagnostics
     Locking 1 package to latest compatible version
      Adding uboot-shell v0.2.6
warning: function `set_fdt_addr_phys_if_valid` is never used
  --> platforms/someboot/src/fdt/mod.rs:32:15
   |
32 | pub(crate) fn set_fdt_addr_phys_if_valid(fdt_addr: usize) -> bool {
   |               ^^^^^^^^^^^^^^^^^^^^^^^^^^
   |
   = note: `#[warn(dead_code)]` (part of `#[warn(unused)]`) on by default

warning: `someboot` (lib) generated 1 warning
warning: function `with_vm` is never used
   --> virtualization/axvm/src/manager.rs:168:15
    |
168 | pub(crate) fn with_vm<F, R>(vm_id: VMId, f: F) -> Option<R>
    |               ^^^^^^^
    |
    = note: `#[warn(dead_code)]` (part of `#[warn(unused)]`) on by default

warning: function `active_vcpu_mask` is never used
   --> virtualization/axvm/src/manager.rs:198:15
    |
198 | pub(crate) fn active_vcpu_mask(vm_id: VMId) -> Option<usize> {
    |               ^^^^^^^^^^^^^^^^

warning: function `inject_interrupt` is never used
   --> virtualization/axvm/src/manager.rs:210:15
    |
210 | pub(crate) fn inject_interrupt(vm_id: VMId, vcpu_id: usize, vector: usize) -> AxVmResult {
    |               ^^^^^^^^^^^^^^^^

warning: field `token` is never read
  --> virtualization/axvm/src/timer.rs:20:5
   |
19 | struct VmTimerEvent {
   |        ------------ field in this struct
20 |     token: usize,
   |     ^^^^^

warning: function `cancel_timer` is never used
  --> virtualization/axvm/src/timer.rs:65:15
   |
65 | pub(crate) fn cancel_timer(token: usize) {
   |               ^^^^^^^^^^^^

warning: associated items `handle_nested_page_fault` and `debug_nested_page_fault` are never used
    --> virtualization/axvm/src/vm/mod.rs:1303:19
     |
 616 | impl AxVM {
     | --------- associated items in this implementation
...
1303 |     pub(crate) fn handle_nested_page_fault(
     |                   ^^^^^^^^^^^^^^^^^^^^^^^^
...
1318 |     fn debug_nested_page_fault(
     |        ^^^^^^^^^^^^^^^^^^^^^^^

warning: `axvm` (lib) generated 6 warnings
warning: function `write_persisted_evidence` is never used
   --> os/axvisor/src/host_noise.rs:121:15
    |
121 | pub(crate) fn write_persisted_evidence(output: &mut impl Write) -> io::Result<()> {
    |               ^^^^^^^^^^^^^^^^^^^^^^^^
    |
    = note: `#[warn(dead_code)]` (part of `#[warn(unused)]`) on by default

warning: `axvisor` (bin "axvisor") generated 1 warning
    Finished `release` profile [optimized] target(s) in 0.45s
warning: the following packages contain code that will be rejected by a future version of Rust: core v0.0.0 (/home/seven_wsl/.rustup/toolchains/nightly-2026-07-15-x86_64-unknown-linux-gnu/lib/rustlib/src/rust/library/core), memchr v2.8.2
note: to see what the problems were, use the option `--future-incompat-report`, or run `cargo report future-incompatibilities --id 1`
Allocated board session:
  board_type: OrangePi-5-Plus
  board_id: orangepi-5-plus-1
  session_id: 5cc6ff4b-6417-4e28-af06-7f1f76612dfe
  lease_expires_at: 2026-08-04 04:34:24.207299531 UTC
  boot_mode: uboot
Converting ELF to BIN format...
  elf: /home/seven_wsl/Workspace/starry/tgoskits-rt-ivc-m3-control-5e72b9c/target/aarch64-unknown-linux-musl/release/axvisor
  bin: /home/seven_wsl/Workspace/starry/tgoskits-rt-ivc-m3-control-5e72b9c/target/aarch64-unknown-linux-musl/release/axvisor.bin
/home/seven_wsl/.rustup/toolchains/nightly-2026-07-15-x86_64-unknown-linux-gnu/lib/rustlib/x86_64-unknown-linux-gnu/bin/llvm-objcopy --strip-all -O binary /home/seven_wsl/Workspace/starry/tgoskits-rt-ivc-m3-control-5e72b9c/target/aarch64-unknown-linux-musl/release/axvisor /home/seven_wsl/Workspace/starry/tgoskits-rt-ivc-m3-control-5e72b9c/target/aarch64-unknown-linux-musl/release/axvisor.bin
[2026-08-04T04:34:14Z INFO  ostool::run::uboot] Starting U-Boot runner...
[2026-08-04T04:34:14Z INFO  ostool::run::uboot] kernel from: /home/seven_wsl/Workspace/starry/tgoskits-rt-ivc-m3-control-5e72b9c/target/aarch64-unknown-linux-musl/release/axvisor.bin
[2026-08-04T04:34:14Z INFO  ostool::run::uboot] Using network interface hint: eth0
Waiting for remote board to power on through ostool-server...
BOARD_REBOOT_ARMED
Connection to 192.168.31.33 closed by remote host.
[2026-08-04T04:34:24Z INFO  uboot_shell] cmd: setenv autoload yes
[2026-08-04T04:34:24Z INFO  uboot_shell] cmd: setenv netmask 255.255.255.0
[2026-08-04T04:34:24Z INFO  uboot_shell] cmd: net list
[2026-08-04T04:34:25Z INFO  uboot_shell] cmd: bootdev hunt ethernet
[2026-08-04T04:34:28Z INFO  ostool::run::uboot] Board network ok
[2026-08-04T04:34:28Z INFO  uboot_shell] cmd: setenv serverip 192.168.31.132
[2026-08-04T04:34:28Z INFO  uboot_shell] cmd: echo $fdt_addr_r
[2026-08-04T04:34:29Z INFO  uboot_shell] cmd: echo $ramdisk_addr_r
[2026-08-04T04:34:29Z INFO  uboot_shell] cmd: echo $kernel_addr_r
[2026-08-04T04:34:30Z INFO  ostool::run::uboot] Using $kernel_addr_r as kernel entry: 0x2000000
[2026-08-04T04:34:30Z INFO  uboot_shell] cmd: echo $kernel_comp_addr_r
[2026-08-04T04:34:30Z INFO  ostool::run::uboot] image load to kernel_comp_addr_r: 0xa000000
[2026-08-04T04:34:30Z INFO  uboot_shell] cmd: setenv loadaddr 0xa000000
[2026-08-04T04:34:30Z INFO  ostool::run::uboot] fitimage loadaddr: 0xa000000
[2026-08-04T04:34:30Z INFO  ostool::run::uboot] kernel entry: 0x2000000
[2026-08-04T04:34:30Z INFO  ostool::run::uboot] Using DTB from: /home/seven_wsl/Workspace/starry/tgoskits-rt-ivc-m3-control-5e72b9c/target/aarch64-unknown-linux-musl/release/ostool-5cc6ff4b-6417-4e28-af06-7f1f76612dfe-orangepi-5-plus-starry.dtb
[2026-08-04T04:34:30Z INFO  ostool::boot::fit] Making FIT image...
[2026-08-04T04:34:30Z INFO  ostool::boot::fit] kernel: /home/seven_wsl/Workspace/starry/tgoskits-rt-ivc-m3-control-5e72b9c/target/aarch64-unknown-linux-musl/release/axvisor.bin (size: 3342384)
[2026-08-04T04:34:30Z INFO  ostool::boot::fit] 已读取 DTB 文件: /home/seven_wsl/Workspace/starry/tgoskits-rt-ivc-m3-control-5e72b9c/target/aarch64-unknown-linux-musl/release/ostool-5cc6ff4b-6417-4e28-af06-7f1f76612dfe-orangepi-5-plus-starry.dtb (大小: 280066)
[2026-08-04T04:34:30Z INFO  ostool::boot::fit] FIT image ok: /home/seven_wsl/Workspace/starry/tgoskits-rt-ivc-m3-control-5e72b9c/target/aarch64-unknown-linux-musl/release/image.fit
[2026-08-04T04:34:30Z INFO  ostool::run::uboot] No TFTP config, using loady to upload FIT image...

send file
loady 0xa000000
## Ready for binary (ymodem) download to 0x0A000000 at 1500000 bps...
[2026-08-04T04:34:31Z INFO  uboot_shell::ymodem] Sending file: image.fit
C## Total Size      = 0x00374940 = 3623232 Bytes
## Start Addr      = 0x0A000000
=>
send ok
[2026-08-04T04:35:22Z INFO  ostool::run::uboot] Booting kernel with command: bootm
Interacting with U-Boot shell...
bootm
## Loading kernel (any) from FIT Image at 0a000000 ...
   Using 'config-ostool' configuration
   Verifying Hash Integrity ... OK
   Trying 'kernel' kernel subimage
     Description:  This kernel
     Type:         Kernel Image
     Compression:  uncompressed
     Data Start:   0x0a000168
     Data Size:    3342384 Bytes = 3.2 MiB
    Arch64
     OS:           Linux
     Load Address: 0x02000000
     Entry Point:  0x02000000
   Verifying Hash Integrity ... OK
## Loading fdt (any) from FIT Image at 0a000000 ...
   Using 'config-ostool' configuration
   Verifying Hash Integrity ... OK
   Trying 'fdt' fdt subimage
     Description:  This fdt
     Type:         Flat Device Tree
     Compression:  uncompressed
     Data Start:   0x0a330OK
   Loading fdt from 0x0a330218 to 0x12000000
   Booting using the fdt blob at 0x12000000
W   Loading Device Tree to 00000000ecb72000, end 00000000ecbb9601 ... OK
Working FDT set to ecb72000

Starting kernel ...

root=PARTUUID=5874edd8-1582-a144-a298-b139acd7b0e6 earlycon=uart8250,mmio32,0xfeb50000 rootwait rootfstype=ext4 splash=verbose console=ttyS2,1500000 console=tty1 consoleblank=0 loglevel=1 ubootpart=1af5d396-7e1f-7e40-bb91-af7c495a0115 usb-storage.quirks= cma=128M cgroup_enable=cpuset cgroup_memory=1 cgroup_enable=memory swapaccount=1
VM Load @0x2000000
VM Load Offset: 0xffff000082000000
Memory Map:
  Rsv    0x00000000110000 - 0x00000000200000 (960 KiB)
  Free   0x00000000200000 - 0x00000002000000 (30 MiB)
  KImg   0x00000002000000 - 0x00000002400000 (4 MiB)
  Free   0x00000002400000 - 0x0000000a100000 (010000000 - 0x00000020000000 (256 MiB)
  Free   0x00000020000000 - 0x000000f0000000 (3.25 GiB)
  Free   0x00000100000000 - 0x000003fc000000 (11.94 GiB)
  Fre000003fc500000 - 0x000003fff0000 Free   0x000004f0000000 - 0x000256 MiB)
Initialize RAM allocator: 0x200000..0x2000000
Initializing per-CPU data
Per-CPU data one cpu size: 0x43000 bytes
Total per-CPU data size for secondary CPUs: 0x218000 bytes (8 CPUs)
Flushed RAM used Flushed RAM used range to memory map: 0x245000..0x45d000, currenPer-CPU data allocated at 0x245000 - 0x45d000
Initializing per-CPU RAM for CPU0 - hard id 0x0 @ 0x245000
Initializing per-CPU RAM for CPU1 - hard id 0x100 @ 0x288000
Initializing per-CPU RAM for CPU2 - hard id 0x200 @ 0x2cb000
Initializing per-CPU RAM for CPU3 - hard id 0x300 @ 0x30e000
Initializing per-CPU RAM for CPU4 - hard id 0x400 @ 0x351000
Initializing per-CPU RAM for CPU5 - hard id 0x500 @ 0x394000
Initializing per-CPU RAM for CPU6 - hard id 0x600 @ 0x3d7000
Initializing per-CPU RAM for CPU7 - hard id 0x700 @ 0x41a000
CPU0 - hard id 0x0, stack top @0x288000, stack top virt @0xff0000288000, entry virt @0xffff8019b928
CPU1 - hard id 0x100, stack top @0x2cb000, stack top virt @0xff00002cb000, entry virt @0xffff8019b928
CPU2 - hard id 0x200, stack top @0x30e000, stack top virt @0xff000030e000, entry virt @0xffff8019b928
CPU3 - hard id 0x300, stack top @0x351000, strd id 0x400, stack top @0x394000, stack top virt @0xff0000394000, entry virt @0xffff8019b928
CPU5 - hard id 0x500, stack top @0x3d7000, stack top virt @0xff0003d7000, entry virt @0xffff8019b928
CPU6 - hard id 0x600, stack top @0x41a000, stack top virt @0xff000041a000, entry virt @0xffff8019b928
CPU7 - hard id 0x700, stack top @0x45d000, stack top virt @0xff000045d000, entry virt @0xffff8019b928
EL: 2
Mapping early memory regions...
Ram                 : [0x0000000000200000, 0x00000000f0000000) -> [0x0000000000200000, 0x00000000f0000000) (3.75 GiB)
Ram                 : [0x0000000100000000, 0x00000003fc000000) -> [0x0000000100000000, 0x00000003fc000000) (11.94 GiB)
Ram                 : [0x00000003fc500000, 0x00000003fff00000) -> [0x00000003fc500000, 0x00000003fff00000) (58 MiB)
Ram                 : [0x00000004f0000000, 0x0000000500000000) -> [0x00000004f0000000, 0x0000000500000000) (256 MiB)
KImage              : [0x0000ffff80000000, 0x0000ffff80400000) -> [0x0000000002000000, 0x0000000002400000) (4 MiB)
PerCpu              : [0x0000ff0000245000, 0x0000ff000045d000) -> [0x0000000000245000, 0x000000000045d000) (2.09 MiB)
Debug serial        : [0x00000000feb50000, 0x00000000feb51000) -> [0x00000000feb50000, 0x00000000feb51000) (4 KiB)
Boot page table at physical address: 0x45d000
Setting up table registers...
MMU Entry point at physical address: 0x2196fb4
Trap vector at 0xffff80197800
Memory Map:
  Rsv    0x00000000110000 - 0x00000000245000 (1.21 MiB)
  PerCPU 0x00000000245000 -0000045d000 (2.09 MiB)
  Rsv    0x0000000045d000 - 0x0000000046c000 (60 KiB)
  Free   0x0000000046c000 - 0x00000002000000 (27.58 MiB)
  KImg   0x00000002000000 - 0x00000002400000 (4 MiB)
  Free   0x00000002400000 - 0x0000000a100000 (125 MiB)
  Rsv    0x0000000a100000 - 0x0000000a1455000 - 0x0000000a200000 (748 KiB)
  Rsv    0x0000000a200000 - 0x0000000b65f000 (20.37 MiB)
  Free   0x0000000b65f000 - 0x00000010000000 (73.63 MiB)
  Rsv    0x00000010000000 - 0x00000020000000 (256 MiB)
  Free   0x00000020000000 - 0x000000f0000000 (3.25 GiB)
  MMIO   0x000000feb50000 - 0x000000feb51000 (4 KiB)
  Free   0x00000100000000 - 0x000003fc000000 (11.94 GiB)
  Free   0x000003fc500000 - 0x000003fff00000 (58 MiB)
  Free   0x000004f0000000 - 0x00000500000000 (256 MiB)
Jumping to main entry point at 0xffff8017ea2c with SP 0x0000ff0000288000

       d8888                            .d88888b.   .d8888b.
      d88888                           d88P" "Y88b d88P  Y88b
     d88P888                           888     888 Y88b.
    d88P 888 888d888  .d8888b  .d88b.  888     888  "Y888b.
   d88P  888 888P"   d88P"    d8P  Y8b 888     888     "Y88b.
  d88P   888 888     888      88888888 888     888       "888
 d8888888888 888     Y88b.    Y8b.     Y88b. .d88P Y88b  d88P
d88P     888 888      "Y8888P  "Y8888   "Y88888P"   "Y8888P"

arch = aarch64
platform = RK3588 OPi 5 Plus
target = aarch64-unknown-none-softfloat
builde = 
log_level = info
backtrace = false
smp = 4

[37m[ 63.PU 0 started, arg = 0x200000.[m
[m[37m[ 63.613266 ax_runtime:216] [32mFound physcial memory regions:[m
[m[37m[ 63.613890 ax_runtime:218] [32m  [PA:0x110000, PA:0x245000) reserved (READ | WRITE | EXECUTE | RESERVED)[m
[m[37m[ 63.614780 ax_runtime:218] [32m  [PA:0x245000, PA:0x45d000) reserved (READ | WRITE | EXECUTE | RESERVED)[m
[m[37m[ 63.615673 ax_runtime:218] [32m  [PA:0x45d000, PA:0x46c000) reserved (READ | WRITE | EXECUTE | RESERVED)[m
[m[37m[ 63.616565 ax_runtime:218] [32m  [PA:0x46c000, PA:0x2000000) free memory (READ | WRITE | FREE)[m
[m[37m[ 63.617383 ax_runtime:218] [32m  [PA:0x2000000, PA:0x2400000) reserved (READ | WRITE | EXECUTE | RESERVED)[m
[m[37m[ 63.618291 ax_runtime:218] [32m  [PA:0x2400000, PA:0xa100000) free memory (READ | WRITE | FREE)[m
[m[37m[ 63.619115 ax_runtime:218] [32m  [PA:0xa100000, PA:0xa145000) reserved (READ | WRITE | EXECUTE | RESERVED)[m
[m[37m[ 63.620023 ax_runtime:218] [32m  [PA:0xa145000, PA:0xa200000) free memory (READ | WRITE | FREE)[m
[m[37m[ 63.620848 ax_runtime:218] [32m  [PA:0xa200000, PA:0xb65f000) reserved (READ | WRITE | EXECUTE | RESERVED)[m
[m[37m[ 63.621755 ax_runtime:218] [32m  [PA:0xb65f000, PA:0x10000000) free memory (READ | WRITE | FREE)[m
[m[37m[ 63.622588 ax_runtime:218] [32m  [PA:0x10000000, PA:0x20000000) reserved (READ | WRITE | EXECUTE | RESERVED)[m
[m[37m[ 63.623510 ax_runtime:218] [32m  [PA:0x20000000, PA:0xf0000000) free memory (READ | WRITE | FREE)[m
[m[37m[ 63.624351 ax_runtime:218] [32m  [PA:0xfeb50000, PA:0xfeb51000) mmio (READ | WRITE | RVED)[m
[m[37m[ 63.625235 ax_runtime:218] [32m  [PA:0x100000000, PA:0x3fc000000) free memory (READ | WRITE | FREE)[m
[m[37m[ 63.626091 ax_runtime:218] [32m  [PA:0x3fc500000, PA:0x3fff00000) free memory (READ | WRITE | FREE)[m
[m[37m[ 63.626946 ax_runtime:218] [32m  [PA:0x4f0000000, PA:0x500000000) free memory (READ | WRITE | FREE)[m
[m[37m[ 63.627801 ax_runtime:360] [32mInitialize global memory allocator...[m
[m[37m[ 63.628423 ax_runtime:361] [32m  use buddy-slab-allocator allocator.[m
[m[37m[ 63.629047 ax_alloc::buddy_slab:150] [32mInitialize global memory allocator, start_vaddr: 0x100000000, size: 0x2fc000000[m
[m[37m[ 63.641571 ax_alloc::buddy_slab:399] [32mglobal allocator initialized[m
[m[37m[ 63.642196 ax_alloc::buddy_slab:160] 36 ax_alloc::buddy_slab:160] [32mAdd memory region, start_vaddrdy_slab_allocator::global:143] [32mGlobalAllocator: skip region 0xa145000+0xbb000, no allocator-visible memory after 2097152 alignment[m
[m[37m[ 63.646092 ax_alloc::buddy_slab:160] [32mAdd memory region, start_vaddr: 0xb65f000, size: 0x49a1000[m
[m[37m[ 63.647017 ax_alloc::buddy_slab:160] [32mAdd memory region, start_vaddr: 0x20000000, size: 0xd0000000[m
[m[37m[ 63.651016 ax_alloc::buddy_slab:160] [32mAdd memory region, start_vaddr: 0x3fc500000, size: 0x3a00000[m
[m[37m[ 63.651938 ax_alloc::buddy_slab:160] [32mAdd memory region, start_vaddr: 0x4f0000000, size: 0x10000000[m
[m[37m[ 63.653054 ax_runtime:253] [32mkernel aspace: [VA:0x0, VA:0xffffffffffffffff)[m
[m[37m[ 63.653739 ax_mm:92] [32mInitialize virtual memory management...[m
[m[37m[ 64.672201 ax_runtime:265] [32mInitialize platform devices...[m
[m[37m[ 64.726045 someboot::arch::power:23] [32mPower management method : SMC[m
[m[37m[ 64.726688 somehal::driver:5] [32mInitializing rdrive with FDT at 0x200000[m
[m[37m[ 65.041062 ax_task::api:149] [32mInitialize scheduling...[m
[m[37m[ 65.041630 ax_task::api:154] [32m  use FIFO scheduler.[m
[m[37m[ 65.042143 ax_runtime:291] [32mInitialize interrupt handlers...[m
[m[37m[ 65.044051 ax_runtime::devices:2] [32mProbe platform devices...[m
[m[37m[ 65.141232 ax_driver::soc::scmi:55] [33m[scmi] SCMI shmem phandle 71 cannot be resolved by rdrive; using RK3588 shmem fallback 0x10f000+0x100[m
[m[37m[ 65.142422 ax_driver::soc::scmi:76] [32mSCMI SMC registered: smc_id=0x82000010, shmem_phandle=71, shmem=0x10f000+0x100[m
[m[37m[ 65.144074 ax_driver::soc::rockchip::cru::rk3588:60] [32mRK3588 CRU reg: addr=0xfd7c0000, size=0x5c000, rockchip,grf=<0x77>[m
[m[37m[ 65.145164 rockchip_soc::variants::rk3588::cru:122] [32mCRU@fd7c0000: Initializing and verifying clock configuration...[m
[m[37m[ 65.14616[37m[ 65.150139 ax_driver::soc::rockchip::pm:61] [32mRockchip power-domain provider registered successfully[m
[m[37m[ 65.187799 ax_driver::soc::rockchip::pinctrl:239] [32mRockchip RK3588 pinctrl registered successfully[m
[m[37m[ 65.625302 ax_driver::soc::fixed_regulator:70] [32mFixed regulator vcc5v0_host enabled via pinctrl[m
[m[37m[ 65.719519 ax_driver::soc::fixed_regulator:70] [32mFixed regulator vcc3v3_pcie_eth enabled via pinctrl[m
[m[37m[ 65.764913 ax_driver::soc::fixed_regulator:70] [32mFixed regulator wifi_disable enabled via pinctrl[m
[m[37m[ 65.827368 ax_driver::block::rockchip::sd:218] [32m[mmc@fe2c0000] vqmmc-supply phandle Phandle(283) is not a fixed GPIO regulator; skip pinctrl enable[m
[m[37m[ 65.828665 ax_driver:fe2c0000] enabled SDMMC SCMI clock Some("biu") (0x17)[m
[m[37m[ 65.830284 ax_driver::soc::scmi:124] [32mSCMI clock enabled: clock_id=0x9[m
[m[37m[ 65.830938 ax_driver::block::rockchip::clock:53] [32m[mmc@fe2c0000] enabled SDMMC SCMI clock Some("ciu") (0x9)[m
[m[37m[ 65.831887 ax_driver::block::rockchip::clock:100] [32m[mmc@fe2c0000] enabled SDMMC clock Some("ciu-drive") (0x2c2)[m
[m[37m[ 65.832856 ax_driver::block::rockchip::clock:100] [32m[mmc@fe2c0000] enabled SDMMC clock Some("ciu-sample") (0x2c3)[m
[m[37m[ 65.833852 ax_driver::block::rockchip::sd:129] [32mrockchip-dwmmc probe: node=mmc@fe2c0000, addr=0xfe2c0000, size=0x4000[m
[m[37m[ 65.834955 ax_driver::soc::scmz[m
[m[37m[ 65.835760 ax_driver::soc::scmi:95] [32mSCMI clock rate get: clock_id=0x9, rate=49500000 Hz[m
[m[37m[ 65.836550 ax_driver::block::rockchip::sd:142] [32mrockchip-dwmmc: using ciu reference clock 49500000 Hz[m
[m[37m[ 65.837536 ax_driver::block::rockchip::sd::phase:43] [32mrockchip-dwmmc: RK3588 SDMMC phase configured: drive=90deg sample=0deg parent=49500000Hz[m
[m[37m[ 65.838733 ax_driver::block::rockchip::sd:160] [32mrockchip-dwmmc: initialize card through native host2 bus ops[m
[m[37m[ 65.839681 sdmmc_protocol::sdio::init:487] [32msdio: submit bus op ResetAll[m
[m[37m[ 65.840370 sdmmc_protocol::sdio::init:487] [32msdio: sun[m
[m[37m[ 65.851042 sdmmc_protocol::sdio::init:487] [32msdio: submit bus op SwitchVoltage(V330)[m
[m[37m[ 65.851800 sdmmc_protocol::sdio::init:449] [32msdio: submit bus op SetBusWidth(Bit1)[m
[m[37m[ 65.852542 sdmmc_protocol::sdio::init:449] [32msdio: submit bus op SetClock(Identification)[m
[m[37m[ 65.853346 ax_driver::soc::scmi:149] [32mSCMI clock rate set: clock_id=0x9, rate=800000 Hz[m
[m[37m[ 65.854135 ax_driver::soc::scmi:95] [32mSCMI clock rate get: clock_id=0x9, rate=800000 Hz[m
[m[37m[ 65.854909 ax_driver::block::rockchip::sd:91] [32mrockchip-dwmmc: ciu clock set target=400000 Hz cclkin=800000 Hz bus=400000 Hz[m
[m[37m[ 65.887952 sdmmc_protocol::sdio::init:695] [32msdio: detected Sd ocr=0xc0ff8000[m
[m[37m[ 65.890015 sdmmc_protocol::sdio::init:849] [32msdio: CSD capacity_blocks=Some(62333952)[m
[m[37m[ 65.891092 sdmmc_protocol::sdio::init:863] [32msdio: switch SD bus width to 4-bit[m
[m[37m[ 65.892431 sdmmc_protocol::sdio::init:449] [32msdio: submit bus op SetBusWidth(Bit4)[m
[m[37m[ 65.893174 sdmmc_protocol::sdio::init:449] [32msdio: submit bus op SetClock(Default)[m
[m[37m[ 65.893923 ax_driver::soc::scmi:149] [32mSCMI clock rate set: clock_id=0x9, rate=50000000 Hz[m
[m[37m[ 65.894726 ax_driver::soc::scmi:95] [32mSCMI clock rate get: clock_id=0x9, rate=49500000 Hz[m
[m[37m[ 65.895515 ax_driver::block::rockchip::sd:91] [32mrockchip-dwmmc: ciu clock set target=25000000 Hz cclkin=49500000 Hz bus=24750000 Hz[m
[m[37m[ 65.899266 ax_driver::soc::scmi:149] [32mSCMI clock rate set: clock_id=0x9, rate=100000000 Hz[m
[m[37m[ 65.900074 ax_driver::soc::scmi:95] [32mSCMI clock rate get: clock_id=0x9, rate=99000000 Hz[m
[m[37m[ 65.900865 ax_driver::block::rockchip::sd:91] [32mrockchip-dwmmc: ciu clock set target=50000000 Hz cclkin=99000000 Hz bus=49500000 Hz[m
[m[37m[ 65.902004 sdmmc_protocol::sdio::init:1442] [32msdio: SD speed selected HighSpeed[m
[m[37m[ 65.902721 sdmmc_protocol::sdio::init:1463] [32msdio: init done kind=Sd sd_v2=true high_capacity=true rca=0xaaaa ocr=0xc0ff8000 host_bus_width=Bit4 ext_csd_bus_width=None ext_csd_timing=None[m
[m[37m[ 65.904269 ax_driver::block::rockchip::sd:169] [32mrockchip-dwmmc card: kind=Sd high_capacity=true rca=43690 ocr=0xc0ff8000 capacity_blocks=Some(62333952) cid=true ext_csd=false[m
[m[37m[ 65.906766 ax_driver::block::rockchip::sd::phase:67] [32mrockchip-dwmmc: sample phase probe 0deg: block0_ok=true mbr_sig=aa55 block0_head=[00, 00, 00, 00, 00, 00, 00, 00, 00, 00, 00, 00, 00, 00, 00, 00] block1_ok=true gpt_head=[45, 46, 49, 20, 50, 41, 52, 54][m
[m[37m[ 65.908828 ax_driver::block::rockchip::sd::phase:81] [32mrockchip-dwmmc: selected RK3588 SDMMC sample phase 0deg[m
[m[37m[ 65.909905 ax_driver::block::rockchip::sd:199] [32mrockchip-sd block device registered irq=None[m
[m[37m[ 65.911454 ax_driver::block::rockchip::clock:100] [32m[mmc@fe2e0000] enabled SDHCI clock Some("core") (0x13a)[m
[m[37m[ 65.912390 ax_driver::block::rockchip::clock:100] [32m[mmc@fe2e0000] enclock Some("bus") (0x138)[m
[m[37m[ 65.913314 ax_driver::block::rockchip::clock:100] [32m[mmc@fe2e0000] enabled SDHCI clock Some("axi") (0x139)[m
[m[37m[ 65.914242 ax_driver::block::rockchip::clock:100] [32m[mmc@fe2e0000] enabled SDHCI clock Some("block") (0x13b)[m
[m[37m[ 65.915181 ax_driver::block::rockchip::clock:100] [32m[mmc@fe2e0000] enabled SDHCI clock Some("timer") (0x13c)[m
[m[37m[ 65.916132 ax_driver::block::rockchip::sdhci_rk3588:166] [32mrockchip-sdhci probe: node=mmc@fe2e0000, addr=0xfe2e0000, size=0x10000[m
[m[37m[ 65.917273 ax_driver::block::rockchip::sdhci_rk3588:176] [32mrockchip-sdhci: using external CRU clock[m
[m[37m[ 65.918139 ax_driver::block::rockchip::sdhci_rk3588:185] [32mrockchip-sdhci: initialize card through native host2 bus ops[m
[m[37m[ 65.919161 sdmmc_protocol::sdio::init:487] [32msdio: submit bus op ResetAll[m
[m[37m[ 65.919852 ax_driver::block::rockchip::sdhci_rk3588:252] [32mrockchip-sdhci: RK3588 DWCMSHC vendor reset area1=0x500[m
[m[37m[ 65.920833 sdmmc_protocol::sdio::init:487] [32msdio: submit bus op PowerOn[m
[m[37m[ 65.931502 sdmmc_protocol::sdio::init:487] [32msdio: submit bus op SwitchVoltage(V330)[m
[m[37m[ 65.932274 sdmmc_protocol::sdio::init:449] [32msdio: submit bus op SetBusWidth(Bit1)[m
[m[37m[ 65.933015 sdmmc_protocol::sdio::init:449] [32msdio: submit bus op SetClock(Identification)[m
[m[37m[ 65.933822 ax_driver::block::rockchip::sdhci_rk3588:118] [32mrockchip-sdhci: core clock set to 375000 H[37m[ 65.985599 sdmmc_protocol::sdio::init:780] [32msdio: detected Mmc ocr=0xc0ff8080[m
[m[37m[ 65.987751 sdmmc_protocol::sdio::init:849] [32msdio: CSD capacity_blocks=None[m
[m[37m[ 66.000155 sdmmc_protocol::sdio::init:950] [32msdio: EXT_CSD sector_count=122224640[m
[m[37m[ 66.001558 ax_driver::block::rockchip::sdhci_rk3588:118] [32mrockchip-sdhci: core clock set to 25000000 Hz[m
[m[37m[ 66.002508 ax_driver::block::rockchip::sdhci_rk3588:118] [32mrockchip-sdhci: core clock set to 50000000 Hz[m
[m[37m[ 66.003421 sdmmc_protocol::sdio::init:1210] [32msdio: MMC speed selected HighSpeed bus_width=Bit8[m
[m[37m[ 66.004261 sdmmc_protocol::sdio::init:1463] [32msdio: init done kind=Mmc sd_v2=false high_capacity=true rca=0x1 ocr=0xc0ff8080 host_bus_width=Bit8 ext_csd_bus_width=Some(Sdr1) ext_csd_timing=Some(Compat)[m
[m[37m[ 66.005904 ax_driver::block::rockchip::sdhci_rk3588:191] [32mSDHCI card: kind=Mmc high_capacity=true rca=1 ocr=0xc0ff8080 capacity_blocks=Some(122224640) cid=true ext_csd=true[m
[m[37m[ 66.007433 ax_driver::block::rockchip::sdhci_rk3588:208] [32mrockchip-sdhci block device registered irq=None[m
[m[37m[ 66.008469 ax_runtime::irq:120] [32mregistered rockchip-sd/0 irq IrqId { domain: IrqDomainId(7), hwirq: HwIrq(235) }[m
[m[37m[ 66.009469 ax_fs_ng::block::runtime::device:1359] [33mrdif filesystem block device rockchip-sd registered with IRQ-driven completion[m
[m[37m[ 66.010567 ax_fs_ng::block::runtime::device:1361] [32mregistered rdif filesystem block device rockchip-sd[m
[m[37m[ 66.011517 ax_runtime::irq:120] [32mregistered rockchip-sdhci/0 irq IrqId { domain: IrqDomainId(7), hwirq: HwIrq(237) }[m
[m[37m[ 66.012520 ax_fs_ng::block::runtime::device:1359] [33mrdif filesystem block device rockchip-sdhci registered with IRQ-driven completion[m
[m[37m[ 66.013643 ax_fs_ng::block::runtime::device:1361] [32mregistered rdif filesystem block device rockchip-sdhci[m
[m[37m[ 66.049771 ax_fs_ng::root:256] [32m    partition 1 name=Some("bootfs") fs=Some(Fat) lba 61440..2158592[m
[m[37m[ 66.050914 ax_fs_ng::root:256] [32m    partition 2 name=None fs=Some(Ext4) lba 2158592..61702144[m51746 ax_fs_ng::root:272] [32m  block device 0 (rockchip-sd) has Gpt partition table with 2 partitions[m
[m[37m[ 66.068119 ax_fs_ng::root:256] [32m    partition 1 name=Some("uboot") fs=None lba 8192..16384[m
[m[37m[ 66.069193 ax_fs_ng::root:256] [32m    partition 2 name=Some("misc") fs=None lba 16384..24576[m
[m[37m[ 66.070221 ax_fs_ng::root:256] [32m    partition 3 name=Some("bootctrl") fs=None lba 24576..28672[m
[m[37m[ 66.071293 ax_fs_ng::root:256] [32m    partition 4 name=Some("resource") fs=None lba 28672..40960[m
[m[37m[ 66.072253 ax_fs_ng::root:256] [32m    partition 5 name=Some("boot_linux") fs=Some(Ext4) lba 40960..237568[m
[m[37m[ 66.073420 ax_fs_ng::root:256] [32m    partition 6 name=Some("ramdisk") 02 ax_fs_ng::root:256] [32m    partition 9 name=Some("sys-prod"fs=Some(Ext4) lba 6537216..6639616[m
[m[37m[ 66.077538 ax_fs_ng::root:256] [32m    partition 10 name=Some("chip-prod") fs=Some(Ext4) lba 6639616..6742016[m
[m[37m[ 66.078683 ax_fs_ng::root:256] [32m    partition 11 name=Some("updater") fs=None lba 6742016..6807552[m
[m[37m[name=Some("eng_system") fs=None None lba 6840320..6873088[m
[m[37m[ 66.081860 ax_fs_ng::root:256] [32m    partition 14 name=Some("chip_ckm") fs=None lba 6938624..7069696[m
[m[37m[ 66.083037 ax_fs_ng::root:256] [32m    partition 15 name=Some("userdata") fs=None lba 19955712..122224576[m
[m[37m[ 66.083936 ax_fs_ng::root:272] [32m  block device 1 (rockchip-sdhci) has Gpt partition table with 15 partitions[m
[m[37m[ 66.084917 ax_on disk0 partition 2 (<unnamed>, fs=ext4, lba 2158592..61702144)[m
[m[37m[ 66.085974 ax_fs_ng:75] [32mInitialize filesystem subsystem...[m
[m[37m[ 66.086546 ax_fs_ng:76] [32m  selected root device: disk0 partition 2 (<unnamed>, fs=ext4, lba 2158592..61702144)[m
[m[37m[ 66.112532 rsext4::ext4::mount:327] [32m/lost+found exists (superblock hint inode=11)[m
[m[37m[ 66.114212 rsext4::ext4::mount:462] [32mExt4 filesystem mounted[m
[m[37m[ 66.114793 rsext4::ext4::mount:463] [32m  - block size: 4096 bytes[m
[m[37m[ 66.115401 rsext4::ext4::mount:464] [32m  - total blocks: 7442944[m
[m[37m[ 66.116001 rsext4::ext4::mount:465] [32m  - free blocks: 6386718[m
[m[37m[ 66.116593 rsext4::ext4::mount:466] [32m  - total inodes: 1845888[m
[m[37m[ 66.117193 rsext4::ext4::mount:467] [32m  - free inodes: 1796912[m
[m[37m[ 66.117786 rsext4::ext4::sync:13] [32mSyncing filesystem...[m
[m[37m[ 66.128876 rsext4::ext4::mount:546] [32mExt4 filesystem mounted[m
[m[37m[ 66.129481 ax_fs_ng:88] [32m  filesystem type: "ext4"[m
[m[37m[ 66.140648 ax_fs_ng::root:518] [32m  mounting partition disk0 partition 1 (bootfs, fs=fat, lba 61440..2158592) at /boot[m
[m[37m[ 66.142807 ax_runtime::mp:79] [32mSecondary CPU 1 started.[m
[m[37m[ 66.144238 ax_runtime::mp:79] [32mSecondary CPU 2 started.[m
[m[37m[ 66.144706 ax_runtime::mp:107] [32mSecondary CPU 1 init OK.[m
[m[37m[ 66.146044 ax_runtime:336] [32mPrimary CPU 0 init OK.[m
[m[37m[ 66.146044 ax_runtime::mp:79] [32mSecondary CPU 3 s[37m[ 66.146842 ax_runtime::mp:107] [32mSecondary CPU 2 init OK.[m
[m[37m[ 66.149910 ax_runtime::mp:107] [32mSecondary CPU 3 init OK.[m
[m

       d8888            888     888  d8b
      d88888            888     888  Y8P
     d88P888            888     888
    d88P 888  888  888  Y88b   d88P  888  .d8888b    .d888d888
   d88P  888  `Y8bd8P'   Y88b d88P   888  88K       d88""      Y88o88P    888  "Y8888b.  888  888  888
 d8888888888  .d8""8b.     Y888P     888       X88  Y88..88P  888
d88P     888  888  888      Y8P      888   88888P'   "Y88P"   888


by AxVisor Team

[37m[ 66.154148 0:2 axvisor:52] [32mStarting virtualization...[m
[m[37m[ 66.154688 0:2 axvm::host::arceos:230] [32mEnabling hardware virtualization support on all cores...[m
[m[37m[ 66.155543 0:2 axvm::host::arceos:236] [32mCore 0 is initializing hardware virtualization support...[m
[m[37m[ 66.156405 0:2 axvm::timer:101] [32mInitializing AxVM timer wheel...[m
[m[37m[ 66.157030 0:2 axvm::host::arceos:238] [32mHardware virtualization support enabled on core 0[m
[m[37m[ 66.158837 1:11 axvm::host::arceos:248] [32mCore 1 is initializing hardware virtualization support...[m
[m[37m[ 66.159702 1:11 axvm::timer:101] [32mInitializing AxVM timer wheel...[m
[m[37m[ 66.160180 2:12 axvm::host::arceos:248] [32mCore 2 is initializing hardware virtualization support...[m
[m[37m[ 66.160334 1:11 axvm::host::arceos:251] [32mHardware virtualization support enabled on core 1[m
[m[37m[ 66.161896 0:2 axvm::host::arceos:264] [32mWaiting for all cores to enable hardware virtualization...[m
[m[37m[ 66.161900 3:13 axvm::host::arceos:248] [32mCore 3 is initializing hardware virtualization support...[m
[m[37m[ 66.161202 2:12 axvm::timer:101] [32mInitializing AxVM timer wheel...[m
[m[37m[ 66.163754 3:13 axvm::timer:101] [32mInitializing AxVM timer wheel...[m
[m[37m[ 66.164386 2:12 axvm::host::arceos:251] [32mHardware virtualization support enabled on core 2[m
[m[37m[ 66.165015 3:13 axvm::host::arceos:251] [32mHardware virtualization support enabled on core 3 per-CPU GICv3 system registers for virtual IRQs[m
[m[37m[ 66.250248 0:2 axvm::arch::aarch64::gic:175] [32mAArch64 host virtual-timer PPI 27 is available for guest forwarding[m
[m[37m[ 66.251230 0:2 axvm::host::arceos:280] [32mAll cores have enabled hardware virtualization support.[m
[m[37m[ 66.253638 0:2 axvisor::manager:133] [32mNOT find dir: /guest/vm_default in filesystem[m
[m[37m[ 66.254400 0:2 axvisor::config:94] [32mUsing static VM configs.[m
[m[37m[ 66.327893 0:2 axvm::arch::aarch64::fdt::core::parser:386] [32mCPU node: /cpus/cpu@0, node_id: 0x0, guest_cpu_id: 0x0[m
[m[37m[ 66.328903 0:2 axvm::arch::aarch64::fdt::core::parser:386] [32mCPU node: /cpus/cpu@10est_cpu_id: 0x100[m
[m[37m[ 66.329951 0:2 axvm::arch::aarch64::fdt::core::parser:386] [32mCPU node: /cpus/cpu@200, node_id: 0x200, guest_cpu_id: 0x200[m
[m[37m[ 66.330999 0:2 axvm::arch::aarch64::fdt::core::parser:386] [32mCPU node: /cpus/cpu@300, node_id: 0x300, guest_cpu_id: 0x300[m
[m[37m[ 66.332047 0:2 axvm::arch::aarch64::fdt::core::parser:386] [32mCPU node: /cpus/cpu@400, node_id: 0x400, guest_cpu_id: 0x400[m
[m[37m[ 66.333096 0:2 axvm::arch::aarch64::fdt::core::parser:386] [32mCPU node: /cpus/cpu@500, node_id: 0x500, guest_cpu_id: 0x500[m
[m[37m[ 66.334148 0:2 axvm::arch::aarch64::fdt::core::parser:386] [32mCPU node: /cpus/cpu@600, node_id: 0x600, guest_cpu_id: 0x600[m
[m[37m[ 66.335195 0:2 axvm::arch::aarch64::fdt::core::parser:386] [32mCPU node: /cpus/cpu@700, node_id: 0x700, guest_cpu_id: 0x700[m
[m[37m[ 66.348187 0:2 axvm::arch::aarch64::fdt::core::parser:393] [32mFound 8 host CPU nodes[m
[m[37m[ 66.348943 0:2 axvm::arch::aarch64::fdt::core:68] [32mVM[1] found DTB, parsing...[m
[m[37m[ 79.933268 0:2 axvisor::config:139] [32mCreating VM[1] "starry-ivc-orangepi-manual"[m
[m[37m[ 79.934043 0:2 axvm::vm:637] [32mVM created: id=1[m
[m[37m[ 80.430671 0:2 axvisor::config:151] [32mVM[1] created success, loading images...[m
[m[37m[ 83.461974 0:2 axdevice::device:1350] [32mAxVmDevices: registered device id=0[m
[m[37m[ 83.462665 0:2 axdevice::devicd at GPA 0xa001000 IRQ 56 segment 1 header mode Negotiated (MAC 52:54:00:00:00:01)[m
[m[37m[ 83.471000 0:2 axdevice::device:1350] [32mAxVmDevices: registered device id=5[m
[m[37m[ 83.684 0:2 axvm::arch::aarch64::vm:134] [32mAArch64 PL011 console [37m[ 83.541636 0:2 axvm::arch::aarch64::fdt::core::parser:386] [32mCPU node: /cpus/cpu@0, node_id: 0x0, guest_cpu_id: 0x0[muest_cpu_id: 0x300[m
[m[37m[ 83.545799 0:2 axvm::arch::aarch64::fdt::core::parser:386] [32mCPU node: /cpus/cpu@400, node_id: 0x400, guest_cpu_id: 0x400[m[37m[ 83.546850 0:2 axvm::arch::ode: /cpus/cpu@500, node_id: 0x5r:386] [32mCPU node: /cpus/cpu@600, guest_cpu_id: 0x600[m
[m[37m[ 83.548946 0:2 axvm::arch:re::parser:386] [32mCPU node: /cpus/cpu@700, node_id: 0x700, guest_cpu_id: 0x700[m
[m[37m[ 83.557700 0:2 axvm::arch::aarch64::fdt::core::parser:393] [32mFound 8 host CPU nodes[m
[m[37m[ 83.558451 0:2 axvm::arch::aarch64::fdt::core:77] [32mVM[2] DTB not found, generating from the VM configuration[m
[m[37m[ 83.664596 0:2 axvm::arch::aarch64::fdt::core::device:96] [32mFound excluded devices: [][m
[m[37m[ 83.703349 0:2 axvisor::config:139] [32mCreating VM[2] "zephyr-ivc-orangepi"[m
[m[37m[ 83.704067 0:2 axvm::vm:637] [32mVM created: id=2[m
[m[37m[ 83.952630 0:2 axvisor::config:151] [32mVM[2] created success, loading images...[m
[m[37m[ 83.954517 0:2 axdevice::deaxdevice::device:336] [32mGPPT Distributor initialized with basaxdevice::device:1350] [32mAxVmDevices: registered device id=1[m
[m[37m[ 83.956852 0:2 axdevice::device:311] [32mGPPT Redifor vCPU 0 with base GPA 0x80a0000 and length 0x20000[m
[m[37m[ 83.957908 0:2 axdevice::device:1350] [32mAxVmDevices: registered device id=2[m
[m[37m[ 83.958592 0:2 axdevice::device:576] [32mvirtio-net 'virtio-net-zephyr' initialized at GPA 0xa00::aarch64::vm:134] [32mAArch64 L011 console 'pl011-zephyr' initialized at GPA 0x9000000 with length 0x1000[m
[m[37m[ 83.961[ 83.963168 0:2 axdevice::deviceVmDevices: registered device id=6[m
[m[37m[ 83.963885 0:2 axm::vm::prepare:101] [32mVM setup: id=2[m
[m[37m[ 83.964472 0:2 axvm::runtime:35] [32mInitializing VMM...[m
[m[37m[ 83.965000 0:2 axvm::runtime:40] [32mVMM starting, booting VMs...[m
[m[37m[ 83.965602 0:2 axvm::vm:824] [32mStarting VM[1][m task Task(14, "VM[1]-VCpu[0]") created cpumask: [1, ], initial ess[m
[m[37m[ 83.968306 0:2 axvm::vm:824] [32mStarting VM[2][m
[m[37m[ 83.968773 0:2 axvm::runtime::vcpus:236] [32mSpawning task for VM[2] VCpu[0][m[37m[ 83.969464 0:2 axvm::runtime::vcpus:274] [32mVCpu task Ta[m[37m[ 83.972341 0:15 axvm::arch::aarch64::gic:361] [33mVirt interrupt interface not enabled, enabling now[m
[m[37m[ 83.973223 0:15 axvm::runtime::vcpus:337] [32mVM[2] VCpu[0] first-run architecture setup complete[m
[m[37m[ 83.974709 1:14 axvm::runtime::vcpus:332] [32mVM[1] VCpu[0] waiting for running[m
[m[37m[ 83.975410 1:14 axvm::1] VCpu[0] first-run architecture setup complete[m
[m[guest-c[guest-console:pl011-starry] console=ttyAMA0,115200 earlycon=pl011,0x09000000 root=/dev/vda rw fsck.repair=yes
[guest-console:pl011-starry] VM Load @0x80200000
[guest-console:pl011-starry] VM Load Offset: 0x100200000
[guest-console:pl011-starry] Memory Map:
[guest-console:pl011-starry]   Free   0x00000080000000 - 0x00000080200000 (2 MiB)
[guest-console:pl011-starry]   KImg   0x00000080200000 - 0x00000081000000 (14 MiB)
[guest-console:pl011-starry]   Free   0x00000081000000 - 0x00000090000000 (240 MiB)
[guest-console:pl011-starry] Initialize RAM allocator: 0x81000000..0x90000000
[guest-console:pl011-starry] Initializing per-CPU data
[guest-console:pl011-starry] Per-CPU data one cpu size: 0x41000 bytes
[guest-console:pl011-starry] Total per-CPU data size for secondary CPUs: 0x82000 bytes (2 CPUs)
[guest-console:pl011-starry] Flushed RAM used range to memory map: 0x81000000..0x81001000, current: 0x81001000
[guest-console:pl011-starry] Flushed RAM used range to memory map: 0x81001000..0x81083000, current: 0x81083000
[guest-console:pl011-starry] Per-CPU data allocated at 0x81001000 - 0x81083000
[guest-console:pl011-starry] Initializing per-CPU RAM for CPU0 - hard id 0x100 @ 0x81001000
[guest-console:pl011-starry] Initializing per-CPU RAM for CPU1 - hard id 0x200 @ 0x81042000
[guest-console:pl011-starry] CPU0 - hard id 0x100, stack top @0x81042000, stack top virt @0xffffff0081042000, entry virt @0xffffffff80364420
[guest-console:pl011-starry] CPU1 - hard id 0x200, stack top @0x81083000, stack top virt @0xffffff0081083000, entry virt @0xffffffff80364420
[guest-console:pl011-starry] EL: 1
[guest-console:pl011-starry] Mapping early memory regions...
[guest-console:pl011-starry] Ram                 : [0xffff000080000000, 0xffff000090000000) -> [0x0000000080000000, 0x0000000090000000) (256 MiB)
[guest-console:pl011-starry] KImage              : [0xffffffff80000000, 0xffffffff80e00000) -> [0x0000000080200000, 0x0000000081000000) (14 MiB)
[guest-console:pl011-starry] PerCpu              : [0xffffff0081001000, 0xffffff0081083000) -> [0x0000000081001000, 0x0000000081083000) (520 KiB)
[guest-console:pl011-starry] Debug serial        : [0xffff000009000000, 0xffff000009001000) -> [0x0000000009000000, 0x0000000009001000) (4 KiB)
[guest-console:pl011-starry] Boot page table at physical address: 0x81083000
[guest-console:pl011-starry] Setting up table registers...
[guest-console:pl011-starry] MMU Entry point at physical address: 0x805679b0
[guest-console:pl011-starry] Trap vector at 0xffffffff80360800
[guest-console:pl011-starry] Memory Map:
[guest-console:pl011-starry]   MMIO   0x00000009000000 - 0x00000009001000 (4 KiB)
[guest-console:pl011-starry]   Free   0x00000080000000 - 0x00000080200000 (2 MiB)
[guest-console:pl011-starry]   KImg   0x00000080200000 - 0x00000081000000 (14 MiB)
[guest-console:pl011-starry]   Rsv    0x00000081000000 - 0x00000081001000 (4 KiB)
[guest-console:pl011-starry]   PerCPU 0x00000081001000 - 0x00000081083000 (520 KiB)
[guest-console:pl011-starry]   Rsv    0x00000081083000 - 0x0000008108d000 (40 KiB)
[guest-console:pl011-starry]   Free   0x0000008108d000 - 0x00000090000000 (239.45 MiB)
[guest-console:pl011-starry] Jumping to main entry point at 0xffffffff8034f05c with SP 0xffffff0081042000
[guest-console:pl011-starry] 
[guest-console:pl011-starry]        d8888                            .d88888b.   .d8888b.
[guest-console:pl011-starry]       d88888                           d88P" "Y88b d88P  Y88b
[guest-console:pl011-starry]      d88P888                           888     888 Y88b.
[guest-console:pl011-starry]     d88P 888 888d888  .d8888b  .d88b.  888     888  "Y888b.
[guest-console:pl011-starry]    d88P  888 888P"   d88P"    d8P  Y8b 888     888     "Y88b.
[guest-console:pl011-starry]   d88P   888 888     888      88888888 888     888       "888
[guest-console:pl011-starry]  d8888888888 888     Y88b.    Y8b.     Y88b. .d88P Y88b  d88P
[guest-console:pl011-zephyr] IVC-RTOS-NET mac=52:54:00:00:00:02 expected=52:54:00:00:00:02
[guest-console:pl011-starry] d88P     888 888      "Y8888P  "Y8888   "Y88888P"   "Y[guest-console:pl011-zephyr] IVC-RTOS-READY bind=10.0.0.2:5500 mac=52:54:00:00:00:02 window_bits=64 ack_loss_drop_every=0 expected_commands=1800 expected_protocol_errors=0 exit_after_expected=1
[guest-console:pl011-starry] platform = AxVisor Orange Pi 5 Plus IVC StarryOS guest
[guest-console:pl011-starry] target = aarch64-unknown-none-softfloat
[guest-console:pl011-starry] build_mode = 
[guest-console:pl011-starry] log_level = info
[guest-console:pl011-starry] backtrace = false
[guest-console:pl011-starry] smp = 2
[guest-console:pl011-starry] 
[guest-console:pl011-starry] [37m[  0.785229 ax_runtime:213] [32mLogging is enabled.[m
[guest-console:pl011-starry] [m[37m[  0.787122 ax_runtime:214] [32mPrimary CPU 0 started, arg = 0x81000000.[m
[guest-console:pl011-starry] [m[37m[  0.789579 ax_runtime:216] [32mFound physcial memory regions:[m
[guest-console:pl011-starry] [m[37m[  0.791855 ax_runtime:218] [32m  [PA:0x9000000, PA:0x9001000) mmio (READ | WRITE | DEVICE | RESERVED)[m
[guest-console:pl011-starry] [m[37m[  0.795096 ax_runtime:218] [32m  [PA:0x80000000, PA:0x80200000) free memory (READ | WRITE | FREE)[m
[guest-console:pl011-starry] [m[37m[  0.798230 ax_runtime:218] [32m  [PA:0x80200000, PA:0x81000000) reserved (READ | WRITE | EXECUTE | RESERVED)[m
[guest-console:pl011-starry] [m[37m[  0.801659 ax_runtime:218] [32m  [PA:0x81000000, PA:0x81001000) reserved (READ | WRITE | EXECUTE | RESERVED)[m
[guest-console:pl011-starry] [m[37m[  0.805077 ax_runtime:218] [32m  [PA:0x81001000, PA:0x810[guest-console:pl011-starry] [m[37m[  0.808495 ax_runtime:218] [32m  [PA:0x81083000, PA:0x8108d000) reserved (READ | WRITE | EXECUTE | RESERVED)[m
[guest-console:pl011-starry] [m[37m[  0.811917 ax_runtime:218] [32m  [PA:0x8108d000, PA:0x90000000) free memory (READ | WRITE | FREE)[m
[guest-console:pl011-starry] [m[37m[  0.815051 ax_runtime:360] [32mInitialize global memory allocator...[m
[guest-console:pl011-starry] [m[37m[  0.817431 ax_runtime:361] [32m  use buddy-slab-allocator allocator.[m
[guest-console:pl011-starry] [m[37m[  0.819812 ax_alloc::buddy_slab:150] [32mInitialize globa[guest-console:pl011-starry] [m[37m[  0.823911 ax_alloc::buddy_slab:399] [32mglobal allocator initialized[m
[guest-console:pl011-starry] [m[37m[  0.826317 ax_alloc::buddy_slab:160] [32mAdd memory region, start_vaddr: 0xffff000080000000, size: 0x200000[m
[guest-console:pl011-starry] [m[37m[  0.829710 buddy_slab_allocator::global:143] [32mGlobalAllocator: skip region 0xffff000080000000+0x200000, no allocator-visible memory after 2097152 alignment[m
[guest-console:pl011-starry] [m[37m[  0.834435 ax_runtime:253] [32mkernel aspace: [VA:0xffff000000000000, VA:0xffffffffffffffff)[m
[guest-console:pl011-starry] [m[37m[  0.837439 ax_mm:92] [32mInitialize virtual memory management...[m
[guest-console:pl011-starry] [m[37m[  0.856823 ax_runtime:265] [32mInitialize platform devices...[m
[guest-console:pl011-starry] [m[37m[  0.860279 someboot::arch::power:23] [32mPower management method : HVC[m
[guest-console:pl011-starry] [m[37m[  0.862740 somehal::driver:5] [32mInitializing rdrive with FDT at 0xffff000081000000[m
[guest-console:pl011-starry] [m[37m[  0.878489 ax_task::api:149] [32mInitialize scheduling...[m
[guest-console:pl011-starry] [m[37m[  0.880661 ax_task::api:154] [32m  use Round-robin scheduler.[m
[guest-console:pl011-starry] [m[37m[  0.882877 ax_runtime:291] [32mInitialize interrupt handlers...[m
[guest-console:pl011-starry] [m[37m[  0.885938 ax_runtime::devices:2] [32mProbe platform devices...[m
[guest-console:pl011-starry] [m[37m[  0.888872 ax_driver::serial::pl011:22] [32mProbing PL011 serial device: serial@9000000[m
[guest-console:pl011-starry] [m[37m[  0.891851 ax_driver::serial::pl011:39] [32mPL011 serial@0xffff000009000000 registered successfully[m
[guest-console:pl011-starry] [m[37m[  0.895400 virtio_drivers::device::blk:63] [32mfound a block device of size 65536KB[m
[guest-console:pl011-starry] [m[37m[  0.898336 ax_driver::virtio::block:91] [32mregistered virtio block device[m
[guest-console:pl011-starry] [m[37m[  0.901117 virtio_drivers::device::net::dev_raw:33] [32mnegotiated_features Features(MAC | VERSION_1)[m
[guest-console:pl011-starry] [m[37m[  0.904708 ax_driver::virtio::net:407] [32mregistered virtio network device irq=None[m
[guest-console:pl011-starry] [mBoot at 1970-01-01 00:00:00.907561666 UTC
[guest-console:pl011-starry] 
[guest-console:pl011-starry] [37m[  0.909402 ax_runtime::irq:120] [32mregistered virtio-blk/0 irq IrqId { domain: IrqDomainId(7), hwirq: HwIrq(48) }[m
[guest-console:pl011-starry] [m[37m[  0.912996 ax_fs_ng::block::runtime::device:1359] [33mrdif filesystem block device virtio-blk registered with IRQ-driven completion[m
[guest-console:pl011-starry] [m[37m[  0.917051 ax_fs_ng::block::runtime::device:1361] [32mregistered rdif filesystem block device virtio-blk[m
[guest-console:pl011-starry] [m[37m[  0.920923 ax_fs_ng::root:249] [32m    raw device fs=Some(Ext4)[m
[guest-console:pl011-starry] [m[37m[  0.923195 ax_fs_ng::root:280] [32m  block device 0 (virtio-blk) has no usable partition table; treating the whole disk as a candidate[m
[guest-console:pl011-starry] [m[37m[  0.927336 ax_fs_ng::root:389] [32m  matched root by raw device path on disk0 raw device[m
[guest-console:pl011-starry] [m[37m[  0.930267 ax_fs_ng:75] [32mInitialize filesystem subsystem...[m[guest-console:pl011-starry] [m[37m[  0.932505 ax_fs_ng:76] [32m  selected root device: disk0 raw device[m
[guest-console:pl011-starry] [m[37m[  0.935158 rsext4::crc32c::arm64:54] [33mID_AA64ISAR0_EL1[19:16]: 0x1[m[guest-console:pl011-starry] [m[37m[  0.937633 rsext4::crc32c::arm64:57] [33mHardware CRC32C [guest-console:pl011-starry] [m[37m[  0.942702 rsext4::ext4::mount:340] [32m/lost+found exists (path resolution, repaired hin[guest-console:pl011-starry] [m[37m[  0.946661 rsext4::ext4::mount:462] [32mExt4 filesystem mount:463] [32m  - block size: 4096 bytes[m
[guest-console:pl[guest-console:pl011-starry] [m[37m[  0.953546 rsext4::ext4::mount:465] [32m  - free blocks: [guest-console:pl011-starry] [m[37m[  0.955759 rsext4::ext4::mount:466] [32m  - total inodes:[guest-console:pl011-starry] [m[guest-console:pl011-starry] [m[37m[  0.970304 ax_net:189] [32mInitialize network subsystem...[m
[guest-console:pl011-star[guest-console:pl011-starry] [m[37m[  0.975009 ax_runtime::irq:120] [32mregistered eth0 irq IrqId { domain: IrqDomainId(7), h[guest-console:pl011-starry] [m[37m[  0.979890 ax_net:236] [32m  id:   2[m
[guest-console:pl011-starry] [m[37m[  0.981449 ax_net:237] [32m  mac:  52-54-00-00-00-01[m
[guest-console:pl011-starry] [m[37m[  0.983432 ax_net:254] [32m  mode: dhcp[guest-console:pl011-starry] [m[37m[  0.988380 ax_net::service:606] [32meth0: DHCP enabled[m
[guest-console:pl011-starry] [m[37m[  2.994074 ax_net:937] [33mDHCP bootstrap timed out[m
[37m[ 86.472195 1:14 axvm::arch010693 ax_runtime::mp:107] [32mSecondary CPU 1 init OK.[m
[guest-console:pl011-starry] [m[37m[  3.012950 0:2 ktracepoint:282] [32mtracepoint_data_startt-console:pl011-starry] [m[37m[  3.016678 0:2 ktracepoint:297] [32mtracepoint_data_len: 6[m
[guest-console:pl011-starry] [guest-console:pl011-starry] [m[37m[  3.029699 0:2 ktracepoint[guest-console:pl011-starry] [m[37m[  3.032527 0:2 ktracepoint:314] [32mtracepoint registered: syscalls:sys_mkdirat[m
[guest-console:pl011-starry] [mInitialized 6 tracepoints
[guest-console:pl011-starry] kmod subsystem initialized
[guest-console:pl011-starry] [37m[  3.037234 0:2 starry_kernel::pseudofs:84] [32mInitialize pseudofs...[m
[guest-console:pl011-starry] [m[37m[  3.040130 0:2 starry_kernel::pseudofs::dev::tty::serial:343] [32mttyS0 registered: path=/serial@9000000, alias=Some(0), paddr=0x9000000, mapped=0xffff000009000000, irq=IrqId { domain: IrqDomainId(7), hwirq: HwIrq(33) }, mode=interrupt[m
[guest-console:pl011-starry] [m[37m[  3.046951 0:2 starry_kernel::pseudofs::dev::tty::serial:264] [32m/dev/console bound to ttyS0[m
[guest-console:pl011-starry] [m[37m[  3.050558 0:2 starry_kernel::pseudofs:78] [32mMounted devfs at /dev[m
[guest-console:pl011-starry] [m[37m[  3.052965 0:2 starry_kernel::pseudofs::usbfs:51] [32musbfs: initializing manager[m
[guest-console:pl011-starry] [m[37m[  3.055721 0:2 starry_kernel::pseudofs::usbfs::manager:1401] [32musbfs: discovered 0 USB host(s)[m
[guest-console:pl011-starry] [m[37m[  3.058862 0:2 starry_kernel::pseudofs::usbfs:54] [32musbfs: no USB host found, skip mounting usbfs[m
[guest-console:pl011-starry] [m[37m[  3.062136 0:2 starry_kernel::pseudofs:78] [32mMounted tmpfs at /dev/shm[m
[guest-console:pl011-starry] [m[37m[  3.071406 0:2 starry_kernel::pseudofs:78] [32mMounted tmpfs at /tmp[m
[guest-console:pl011-starry] [m[37m[  3.073973 0:2 starry_kernel::dyn_debug:61] [32mdebug_init: initializing dynamic debug si[guest-console:pl011-starry] [m[37m[  3.077858 0:2 starry_kernel::dyn_debug:64] [32mdebug_ini[guest-console:pl011-starry] [m[37m[  3.080830 0:2 starry_kernel::pseudofs::proc:73] [32mRead[guest-console:pl011-starry] [m[37m[  3.114490 0:2 starry_kernel::pseudofs:78] [32mMounted proc at /proc[m
[guest-console:pl011-starry] [m[37m[  3.117273 0:2 starry_kernel::pseudofs:78] [32mMounted sysfs at /sys[m
[guest-console:pl011-starry] [m[37m[  3.119936 0:2 starry_kernel::pseudofs:78] [32mMounted debug at /sys/kernel/debug[m
[guest-console:pl011-starry] [m[37m[  3.122752 0:2 starry_kernel::task::timer:329] [32mInitiali[guest-console:pl011-starry] [mWelcome to [96m[1mStarry OS[0m!
[guest-console:pl011-starry] /bin/sh: env: not found
[guest-console:pl011-starry] 
[guest-console:pl011-starry] Use [1m[3mapk[0m to install packages.
[guest-console:pl011-starry] 
[guest-console:pl011-starry] STARRY_GROUPED_AUTORUN_INIT
[guest-console:pl011-starry] IVC-STARRY-BOOT mode=manual backend=native fault_profile=none count=1800 period_ms=100 vcpus=2
[guest-console:pl011-starry] IVC-STARRY-NET iface=eth0 mac=unknown ip=10.0.0.1/24 peer=10.0.0.2 udp_port=5500 segment=1
[guest-console:pl011-starry] IVC-STARRY-PEER-WAIT seconds=2
[guest-console:pl011-starry] IVC-CONTROLLER-START peer=10.0.0.2:5500 count=1800 policy=manual-fixed period_ms=100 session_id=1034560263 backend=native ack_timeout_ms=1000
[guest-console:pl011-zephyr] IVC-RTOS-READY bind=10.0.0.2:5500 mac=52:54:00:00:00:02 window_bits=64 ack_loss_drop_every=0 expect[guest-console:pl011-zephyr] IVC-RTOS-READY bind=10.0.0.2:5500 mac=52:54:00:00:00:02 window_bits=64 ack_loss_drop_every=0 expected_commands=1800 expected_protocol_errors=0 exit_after_expected=1
[guest-console:pl011-zephyr] IVC-RTOS-PROGRESS accepted=1 seq=1 mode=ManualFixed actuator_permille=500 measured_milli_c=20140 du[guest-console:pl011-starry] IVC-CONTROLLER-STATUS seq=1 mode=ManualFixed actuator_permille=500 measured_milli_c=20140 setpoint_milli_c=45000
[guest-console:pl011-zephyr] IVC-RTOS-PROGRESS accepted=100 seq=100 mode=ManualFixed actuator_permille=500 measured_milli_c=3155[guest-console:pl011-zephyr] IVC-RTOS-PROGRESS accepted=200 seq=200 mode=ManualFixed actuator_permille=500 measured_milli_c=39299 duplicates=0 protocol_errors=0
[guest-console:pl011-starry] IVC-CONTROLLER-STATUS seq=200 mode=ManualFixed actuator_permille=500 measured_milli_c=39299 setpoint_milli_c=45000
[guest-console:pl011-zephyr] IVC-RTOS-PROGRESS accepted=300 seq=300 mode=ManualFixed actuator_permille=500 measured_milli_c=44484 duplicates=0 protocol_errors=0
[guest-console:pl011-starry] IVC-CONTROLLER-STATUS seq=300 mode=ManualFixed actuator_permille=500 measured_milli_c=44484 setpoint_milli_c=45000
[guest-console:pl011-zephyr] IVC-RTOS-PROGRESS accepted=400 seq=400 mode=ManualFixed actuator_permille=500 measured_milli_c=47956 duplicates=0 protocol_errors=0
[guest-console:pl011-starry] IVC-CONTROLLER-STATUS seq=400 mode=ManualFixed actuator_permille=500 measured_milli_c=47956 setpoin[guest-console:pl011-zephyr] IVC-RTOS-PROGRESS accepted=500 seq=500 mode=ManualFixed actuator_permille=500 measured_milli_c=50282 duplicates=0 protocol_errors=0
[guest-console:pl011-starry] IVC-CONTROLLER-STATUS seq=500 mode=ManualFixed actuator_permille=500 measured_milli_c=50282 setpoint_milli_c=45000
[guest-console:pl011-zephyr] IVC-RTOS-PROGRESS accepted=600 seq=600 mode=ManualFixed actuator_permille=500 measured_milli_c=51840 duplicates=0 protocol_errors=0
[guest-console:pl011-starry] IVC-CONTROLLER-STATUS seq=600 mode=ManualFixed actuator_permille=500 measured_milli_c=51840 setpoint_milli_c=45000
[guest-console:pl011-zephyr] IVC-RTOS-PROGRESS accepted=700 seq=700 mode=ManualFixed actuator_permille=500 measured_milli_c=52884 duplicates=0 protocol_errors=0
[guest-console:pl011-starry] IVC-CONTROLLER-STATUS seq=700 mode=ManualFixed actuator_permille=500 measured_milli_c=52884 setpoint_milli_c=65000
[guest-console:pl011-zephyr] IVC-RTOS-PROGRESS accepted=800 seq=800 mode=ManualFixed actuator_permille=500 measured_milli_c=53582 duplicates=0 protocol_errors=0
[guest-console:pl011-starry] IVC-CONTROLLER-STATUS seq=800 mode=ManualFixed actuator_permille=500 measured_milli_c=53582 setpoint_milli_c=65000
[guest-console:pl011-zephyr] IVC-RTOS-PROGRESS accepted=900 seq=900 mode=ManualFixed actuator_permille=500 measured_milli_c=52462 duplicates=0 protocol_errors=0
[guest-console:pl011-starry] IVC-CONTROLLER-STATUS seq=900 mode=ManualFixed actuator_permille=500 measured_milli_c=52462 setpoin[guest-console:pl011-zephyr] IVC-RTOS-PROGRESS accepted=1000 seq=1000 mode=ManualFixed actuator_permille=500 measured_milli_c=51[guest-console:pl011-starry] IVC-CONTROLLER-STATUS seq=1000 mode=ManualFixed actuator_permille=500 measured_milli_c=51999 setpoi[guest-console:pl011-zephyr] IVC-RTOS-PROGRESS accepted=1100 seq=1100 mode=ManualFixed actuator_permille=500 measured_milli_c=52990 duplicates=0 protocol_errors=0
[guest-console:pl011-starry] IVC-CONTROLLER-STATUS seq=1100 mode=ManualFixed actuator_permille=500 measured_milli_c=52990 setpoint_milli_c=65000
[guest-console:pl011-zephyr] IVC-RTOS-PROGRESS accepted=1200 seq=1200 mode=ManualFixed actuator_permille=500 measured_milli_c=53654 duplicates=0 protocol_errors=0
[guest-console:pl011-starry] IVC-CONTROLLER-STATUS seq=1200 mode=ManualFixed actuator_permille=5[guest-console:pl011-zephyr] IVC-RTOS-PROGRESS accepted=1300 seq=1300 mode=ManualFixed actuator_permille=500 measured_milli_c=54098 duplicates=0 protocol_errors=0
[guest-console:pl011-starry[guest-console:pl011-zephyr] IVC-RTOS-PROGRESS accepted=1400 seq=1400 mode=ManualFixed actuator_permille=500 measured_milli_c=54[guest-console:pl011-starry] IVC-CONTROLLER-STATUS seq=1400 mode=ManualFixed actuator_permille=500 measured_milli_c=54396 setpoint_milli_c=50000
[guest-console:pl011-zephyr] IVC-RTOS-PROGRESS accepted=1500 seq=1500 mode=ManualFixed actuator_permille=500 measured_milli_c=54[guest-console:pl011-zephyr] IVC-RTOS-PROGRESS accepted=1600 seq=1600 mode=ManualFixed actuator_permille=500 measured_milli_c=54729 duplicates=0 protocol_errors=0
[guest-console:pl011-starry] IVC-CONTROLLER-STATUS seq=1600 mode=ManualFixed actuator_permille=500 measured_milli_c=54729 setpoint_milli_c=50000
[guest-console:pl011-zephyr] IVC-RTOS-PROGRESS accepted=1700 seq=1700 mode=ManualFixed actuator_permille=500 measured_milli_c=54819 duplicates=0 protocol_errors=0
[guest-console:pl011-starry] IVC-CONTROLLER-STATUS seq=1700 mode=ManualFixed actuator_permille=500 measured_milli_c=54819 setpoi0000
[guest-console:pl011-zephyr] IVC-RTOS-PROGRESS accepted=1800 seq=1800 mode=ManualFixed actuator_permille=500 measured_milli_c=54878 duplicates=0 protocol_errors=0
[guest-console:pl011-starry] IVC-CONTROLLER-STATUS seq=1800 mode=ManualFixed actuator_permille=500 measured_milli_c=54878 setpoint_milli_c=50000
[guest-console:pl011-zephyr] IVC-RTOS-OUTCOME profile=normal accepted=1800 applied=1800 duplicates=0 acks_dropped=0
[guest-console:pl011-zephyr] IVC-RTOS-MESSAGES status_sent=1800 acks_sent=1800 errors_sent=0 protocol_errors=0
[guest-console:pl011-zephyr] IVC-RTOS-OUTCOME profile=normal accepted=1800 applied=1800 duplicates=0 acks_dropped=0
[guest-console:pl011-zephyr] IVC-RTOS-MESSAGES status_sent=1800 acks_sent=1800 errors_sent=0 protocol_errors=0
[guest-console:pl011-starry] IVC-CONTROLLER-RAW path=/var/lib/ivc/raw.csv samples=1800
[guest-console:pl011-zephyr] IVC-RTOS-RESULT profile=normal accepted=1800 applied=1800 duplicates=0 acks_dropped=0 status_sent=1800 acks_sent=1800 errors_sent=0 protocol_errors=0
[guest-console:pl011-zephyr] IVC-RTOS-POWEROFF accepted=1800
[guest-console:pl011-zephyr] IVC-RTOS-POWEROFF accepted=1800
[guest-console:pl011-starry] IVC-CONTROLLER-OUTCOME policy=manual-fixed sent=1800 acknowledged=1800 errors=0 timeouts=0
[guest-console:pl011-starry] IVC-CONTROLLER-RELIABILITY retransmissions=0 recoveries=0 success_percent=100.000
[guest-console:pl011-starry] IVC-CONTROLLER-FULL-LOOP p50_us=7467 p95_us=11628 p99_us=12004 max_us=106868
[guest-console:pl011-starry] IVC-CONTROLLER-PRE-SEND p50_us=16 p95_us=17 p99_us=17 max_us=35
[guest-console:pl011-starry] IVC-CONTROLLER-TRANSPORT p50_us=7451 p95_us=11611 p99_us=11988 max_us=106852 throughput_msg_s=9.994
[guest-console:pl011-starry] IVC-CONTROLLER-CONTROL rmse_milli_c=9258.906 iae_milli_c_s=1429224.700 max_overshoot_milli_c=6840
[guest-console:pl011-starry] IVC-CONTROLLER-OUTCOME policy=manual-fixed sent=1800 acknowledged=1800 errors=0 timeouts=0
[guest-console:pl011-starry] IVC-CONTROLLER-RELIABILITY retransmissions=0 recoveries=0 success_percent=100.000
[guest-console:pl011-starry] IVC-CONTROLLER-FULL-LOOP p50_us=7467 p95_us=11628 p99_us=12004 max_us=106868
[guest-console:pl011-starry] IVC-CONTROLLER-PRE-SEND p50_us=16 p95_us=17 p99_us=17 max_us=35
[guest-console:pl011-starry] IVC-CONTROLLER-TRANSPORT p50_us=7451 p95_us=11611 p99_us=11988 max_us=106852 throughput_msg_s=9.994
[guest-console:pl011-starry] IVC-CONTROLLER-CONTROL rmse_milli_c=9258.906 iae_milli_c_s=1429224.700 max_overshoot_milli_c=6840
[guest-console:pl011-starry] IVC-CONTROLLER-RESULT policy=manual-fixed sent=1800 acknowledged=1800 errors=0 timeouts=0 retransmi17 pre_send_max_us=35 transport_p50_us=7451 transport_p95_us=11611 transport_p99_us=11988 transport_max_us=106852 throughput_msg_s=9.994 rmse_milli_c=9258.906 iae_milli_c_s=1429224.700 max_overshoot_milli_c=6840
[37m[269.406602 0:15 axvm::arch::aarch64:198] [33mVM[2] run VCpu[0] SystemDown[m
[m[37m[269.407262 0:15 axvm::vm:902] [32mStopping VM[2]: SystemDown[m
[m[37m[269.407832 0:15 axvm::runtime::vcpus:409] [33mVM[2] VCpu[0] stopping because of VM stopping[m
[m[37m[269.408622 0:15 axvm::runtime::vcpus:415] [32mVM[2] VCpu[0] last VCpu exiting, decreasing running VM count[m
[m[37m[269.409534 0:15 axvm::runtime::vcpus:420] [32mVM[2] state changed to Stopped[m
[m[37m[269.410214 0:15 axvm::runtime::vcpus:435] [32mVM[2] VCpu[0] exiting...[m
[m[guest-console:pl011-starry] IVC-STARRY-RAW path=/var/lib/ivc/raw.csv samples=1800 sha256=471bce4d9408c1f60b3b9a3b127d2cd1a59647aeedf44e10d19f286dde81deb3
[guest-console:pl011-starry] IVC-STARRY-RAW path=/var/lib/ivc/raw.csv samples=1800 sha256=471bce4d9408c1f60b3b9a3b127d2cd1a59647[guest-console:pl011-starry] IVC-STARRY-RAW path=/var/lib/ivc/raw.csv samples=1800 sha256=471bce4d9408c1f60b3b9a3b127d2cd1a59647aeedf44e10d19f286dde81deb3
[guest-console:pl011-starry] IVC-STARRY-RAW path=/var/lib/ivc/raw.csv samples=1800 sha256=471bce4d9408c1f60b3b9a3b127d2cd1a59647[guest-console:pl011-starry] IVC-STARRY-RAW path=/var/lib/ivc/raw.csv samples=1800 sha256=471bce4d9408c1f60b3b9a3b127d2cd1a59647[guest-console:pl011-starry] IVC-STARRY-DONE exit=0
[37m[278.594259 1:14 axvm::arch::aarch64:198] [33mVM[1] run VCpu[0] SystemDown[m
[m[37m[278.594924 1:14 axvm::vm:902] [32AXVISOR_SHELL_READY
AXVISOR_SHELL_READY
AXVISOR_SHELL_READY
AXVISOR_SHELL_READY
axvisor:/$ [2Kaxvisor:/$ s[2Kaxvisor:/$ ss[2Kaxvisor:/$ ss [2Kaxvisor:/$ ss 1[2Kaxvisor:/$ ss 1 [2Kaxvisor:/$ ss 1 0[2Kaxvisor:/$ ss 1 0 [2Kaxvisor:/$ ss 1[2Kaxvisor:/$ ss 1 0 /h[2Kaxvisor:/$ ss 1 0 /ho[2Kaxvisor:/$hom[2Kaxvisor:/$ ss 1 0 /home[2Kaxvisor:/$ ss 1 0 /home/[2Kaxvisor:/$ ss 1 0 /home/o[2Kaxvisor:/$ ss 1 0 /home/or[2Kaxvisor:/$ ss 1 0 /home/ora[2Kaxvisor:/$ ss 1 0 /home/oran[2Kaxvisor:/$ ss 1 0 /home/orang[2Kaxvisor:/$ ss 1 0 /home/orange[2Kaxvisor:/$ ss 1 0 /home/oranvisor:/$ ss 1 0 /home/orangepi[2Kaxvisor:/$ ss 1 0 /home/orangepi/[2Kaxvisor:/$ ss 1 0 /home/orangepi/i[2Kaxvisor:/$ ss 1 0 /home/orangepi/iv[2Kaxvisor:/$ ss 1 0 /home/orangepi/ivc[2Kaxvisor:/$ ss 1 0 /home/orangepi/ivc-[2Kaxvisor:/$ ss 1 0 /home/orangepi/ivc-m
AXVISOR_VM_BLOCK_SNAPSHOT_STARTED vm=1 index=0 path=/home/orangepi/ivc-m
AXVISOR_SNAPSHOT_SYNC_OK
AXVISOR_SNAPSHOT_SYNC_OK
AXVISOR_SNAP
=== SUCCESS PATTERN MATCHED: (?m)^AXVISOR_SNAPSHOT_SYNC_OK\r*$ ===
SHOT_SYNC_OK
AXVISOR_SNAPSHOT_SYNC_OK
AXVISOR_SNAPSHOT_SYNC_OK
AXVISOR_VM_BLOCK_SNAPSHOT vm=1 index=0 path=/home/orangepi/ivc-m bytes=67108864
AXVISOR_VM_BLOCK_SNAPSHOT vm=1 index=0 path=/home/orangepi/ivc-m bytes=67108864
AXVISOR_VM_BLOCK_SNAPSHOT vm=1 index=0 path=/home/orangepi/ivc-m bytes=67108864
AXVISOR_HOST_FILESYSTEM_SYNCED
AXVISOR_HOST_FILESYSTEM_SYNCED
AXVISOR_HOST_FILESYSTEM_SYNCED
axvisor:/$ [axbuild] board build+run package=axvisor target=scripts/targets/std/pie/aarch64-unknown-linux-musl.json config=competition/ivc/config/axvisor-orangepi-5-plus-manual.toml ... done (315.92s)
ssh: connect to host 192.168.31.33 port 22: Connection timed out
Axvisor filesystem sync marker was confirmed by the board test
RESULT action=status board=orangepi-5-plus-rk3588 power=on watts=2 temperature_celsius=50 fault_code=0
RESULT action=cycle board=orangepi-5-plus-rk3588 power=on watts=0 temperature_celsius=50 fault_code=0

=> setenv devtype mmc; setenv devnum 1; setenv mmc_bootdev 1; setenv distro_bootpart 1; setenv prefix /; echo UBOOT_LINUX_BOOT_BEGIN; fatload mmc 1:1 0x00c00000 boot.scr; source 0x00c00000
UBOOT_LINUX_BOOT_BEGIN
3413 bytes read in 3 ms (1.1 MiB/s)
## Executing script at 00c00000
Boot script loaded from mmc 1
178 bytes read in 2 ms (86.9 KiB/s)
15301327 bytes read in 1288 ms (11.3 MiB/s)
ssh: connect to host 192.168.31.33 port 22: No route to host
ssh: connect to host 192.168.31.33 port 22: No route to host
ssh: connect to host 192.168.31.33 port 22: No route to host
/dev/mmcblk1p2 ext4   rw,noatime,errors=remount-ro,commit=600
BOARD_LINUX_RESTORED
debugfs 1.46.5 (30-Dec-2021)
debugfs 1.46.5 (30-Dec-2021)
BOARD_RESULT_IMAGE_VALIDATED vm=1 index=0 path=/home/orangepi/ivc-m bytes=67108864 sha256=03c7d12a255c8485047e2637f4fdafae174f6101f1a800fac078226c160fb68e fsck=clean
BOARD_GUEST_RAW_MANIFEST path=/var/lib/ivc/raw.csv samples=1800 sha256=471bce4d9408c1f60b3b9a3b127d2cd1a59647aeedf44e10d19f286dde81deb3
BOARD_RAW_RESULT_HARVESTED path=/tmp/starry-ivc-control-formal-5e72b9c-20260804-v4/capture-001/pair-005/manual-full/run-001/raw.csv samples=1800 sha256=471bce4d9408c1f60b3b9a3b127d2cd1a59647aeedf44e10d19f286dde81deb3
BOARD_IDENTITY board_id=bf61f4d4a1d994ad hostname=orangepi5plus cpu_temp_milli_c=44384
