BOARD_HOST_LIBCLANG path=/usr/lib/llvm-14/lib source=environment
orangepi5plus
BOARD_SERVICE_DTB_RKNPU_DMA_RESERVED base=0x80000000 size=0x10000000 no-map=true
BOARD_SERVICE_DTB_READY path=/home/seven_wsl/.local/share/ostool-server/dtbs/orangepi-5-plus-starry.dtb root=PARTUUID=5874edd8-1582-a144-a298-b139acd7b0e6
     Locking 1 package to latest compatible version
      Adding uboot-shell v0.2.6 (/home/seven_wsl/Workspace/starry/ostool/uboot-shell)
    Finished `dev` profile [unoptimized + debuginfo] target(s) in 0.22s
     Running `target/debug/tg-xtask axvisor board -c competition/ivc/config/axvisor-orangepi-5-plus-rknpu-control.toml --board-config competition/ivc/config/board-orangepi-5-plus-rknpu-control.toml -b OrangePi-5-Plus`
[2026-08-04T20:11:33Z INFO  axbuild::context] Workspace root: /home/seven_wsl/Workspace/starry/tgoskits-rt-ivc-m4-formal-20260804
[2026-08-04T20:11:33Z INFO  axbuild::context] Workspace member dir for axvisor: /home/seven_wsl/Workspace/starry/tgoskits-rt-ivc-m4-formal-20260804/os/axvisor
Using build config: competition/ivc/config/axvisor-orangepi-5-plus-rknpu-control.toml
[axbuild] board build+run package=axvisor target=scripts/targets/std/pie/aarch64-unknown-linux-musl.json config=competition/ivc/config/axvisor-orangepi-5-plus-rknpu-control.toml ...
sh -c /home/seven_wsl/Workspace/starry/tgoskits-rt-ivc-m4-formal-20260804/tmp/axbuild/std/prebuild/prebuild-aarch64-unknown-linux-musl-36295c2cbf7dc427.sh
AR_aarch64_unknown_linux_musl=aarch64-linux-musl-ar
AXVISOR_VM_CONFIGS=/home/seven_wsl/Workspace/starry/tgoskits-rt-ivc-m4-formal-20260804/competition/ivc/config/orangepi-5-plus-starry-smp2-rknpu-control.toml:/home/seven_wsl/Workspace/starry/tgoskits-rt-ivc-m4-formal-20260804/competition/ivc/config/orangepi-5-plus-zephyr-smp1.toml
AX_ARCH=aarch64
AX_LOG=info
AX_TARGET=aarch64-unknown-none-softfloat
CARGO_UNSTABLE_JSON_TARGET_SPEC=true
CC_aarch64_unknown_linux_musl=aarch64-linux-musl-cc
CFLAGS_aarch64_unknown_linux_musl=-mgeneral-regs-only -fno-stack-protector
CXXFLAGS_aarch64_unknown_linux_musl=-mgeneral-regs-only -fno-stack-protector
SMP=4
cargo build --config /home/seven_wsl/Workspace/starry/tgoskits-rt-ivc-m4-formal-20260804/tmp/axbuild/std/config-aarch64-unknown-linux-musl-dynamic.toml -p axvisor --target scripts/targets/std/pie/aarch64-unknown-linux-musl.json -Z unstable-options --target-dir /home/seven_wsl/Workspace/starry/tgoskits-rt-ivc-m4-formal-20260804/target --features ax-std/fs,ax-std/smp,fs,rk3588-npu-handoff,rockchip-dwmmc,rockchip-soc,sdmmc,log/release_max_level_info -Z json-target-spec --bin axvisor --release --message-format json-render-diagnostics
     Locking 1 package to latest compatible version
      Adding uboot-shell v0.2.6
warning: function `set_fdt_addr_phys_if_valid` is never used
  --> platforms/someboot/src/fdt/mod.rs:32:15
   |
32 | pub(crate) fn set_fdt_addr_phys_if_valid(fdt_addr: usize) -> bool {
   |               ^^^^^^^^^^^^^^^^^^^^^^^^^^
   |
   = note: `#[warn(dead_code)]` (part of `#[warn(unused)]`) on by default

warning: `someboot` (lib) generated 1 warning
warning: function `with_vm` is never used
   --> virtualization/axvm/src/manager.rs:168:15
    |
168 | pub(crate) fn with_vm<F, R>(vm_id: VMId, f: F) -> Option<R>
    |               ^^^^^^^
    |
    = note: `#[warn(dead_code)]` (part of `#[warn(unused)]`) on by default

warning: function `active_vcpu_mask` is never used
   --> virtualization/axvm/src/manager.rs:198:15
    |
198 | pub(crate) fn active_vcpu_mask(vm_id: VMId) -> Option<usize> {
    |               ^^^^^^^^^^^^^^^^

warning: function `inject_interrupt` is never used
   --> virtualization/axvm/src/manager.rs:210:15
    |
210 | pub(crate) fn inject_interrupt(vm_id: VMId, vcpu_id: usize, vector: usize) -> AxVmResult {
    |               ^^^^^^^^^^^^^^^^

warning: field `token` is never read
  --> virtualization/axvm/src/timer.rs:20:5
   |
19 | struct VmTimerEvent {
   |        ------------ field in this struct
20 |     token: usize,
   |     ^^^^^

warning: function `cancel_timer` is never used
  --> virtualization/axvm/src/timer.rs:65:15
   |
65 | pub(crate) fn cancel_timer(token: usize) {
   |               ^^^^^^^^^^^^

warning: associated items `handle_nested_page_fault` and `debug_nested_page_fault` are never used
    --> virtualization/axvm/src/vm/mod.rs:1303:19
     |
 616 | impl AxVM {
     | --------- associated items in this implementation
...
1303 |     pub(crate) fn handle_nested_page_fault(
     |                   ^^^^^^^^^^^^^^^^^^^^^^^^
...
1318 |     fn debug_nested_page_fault(
     |        ^^^^^^^^^^^^^^^^^^^^^^^

warning: `axvm` (lib) generated 6 warnings
    Finished `release` profile [optimized] target(s) in 0.29s
warning: the following packages contain code that will be rejected by a future version of Rust: core v0.0.0 (/home/seven_wsl/.rustup/toolchains/nightly-2026-07-15-x86_64-unknown-linux-gnu/lib/rustlib/src/rust/library/core), memchr v2.8.2
note: to see what the problems were, use the option `--future-incompat-report`, or run `cargo report future-incompatibilities --id 1`
Allocated board session:
  board_type: OrangePi-5-Plus
  board_id: orangepi-5-plus-1
  session_id: 34306c67-0355-48f7-83ff-d552d902ba44
  lease_expires_at: 2026-08-04 20:11:44.280422652 UTC
  boot_mode: uboot
Converting ELF to BIN format...
  elf: /home/seven_wsl/Workspace/starry/tgoskits-rt-ivc-m4-formal-20260804/target/aarch64-unknown-linux-musl/release/axvisor
  bin: /home/seven_wsl/Workspace/starry/tgoskits-rt-ivc-m4-formal-20260804/target/aarch64-unknown-linux-musl/release/axvisor.bin
/home/seven_wsl/.rustup/toolchains/nightly-2026-07-15-x86_64-unknown-linux-gnu/lib/rustlib/x86_64-unknown-linux-gnu/bin/llvm-objcopy --strip-all -O binary /home/seven_wsl/Workspace/starry/tgoskits-rt-ivc-m4-formal-20260804/target/aarch64-unknown-linux-musl/release/axvisor /home/seven_wsl/Workspace/starry/tgoskits-rt-ivc-m4-formal-20260804/target/aarch64-unknown-linux-musl/release/axvisor.bin
[2026-08-04T20:11:34Z INFO  ostool::run::uboot] Starting U-Boot runner...
[2026-08-04T20:11:34Z INFO  ostool::run::uboot] kernel from: /home/seven_wsl/Workspace/starry/tgoskits-rt-ivc-m4-formal-20260804/target/aarch64-unknown-linux-musl/release/axvisor.bin
[2026-08-04T20:11:34Z INFO  ostool::run::uboot] Using network interface hint: eth0
Waiting for remote board to power on through ostool-server...
BOARD_REBOOT_ARMED
Connection to 192.168.31.33 closed by remote host.
[2026-08-04T20:11:44Z INFO  uboot_shell] cmd: setenv autoload yes
[2026-08-04T20:11:45Z INFO  uboot_shell] cmd: setenv netmask 255.255.255.0
[2026-08-04T20:11:45Z INFO  uboot_shell] cmd: net list
[2026-08-04T20:11:45Z INFO  uboot_shell] cmd: bootdev hunt ethernet
[2026-08-04T20:11:49Z INFO  ostool::run::uboot] Board network ok
[2026-08-04T20:11:49Z INFO  uboot_shell] cmd: setenv serverip 192.168.31.132
[2026-08-04T20:11:49Z INFO  uboot_shell] cmd: echo $fdt_addr_r
[2026-08-04T20:11:49Z INFO  uboot_shell] cmd: echo $ramdisk_addr_r
[2026-08-04T20:11:50Z INFO  uboot_shell] cmd: echo $kernel_addr_r
[2026-08-04T20:11:50Z INFO  ostool::run::uboot] Using $kernel_addr_r as kernel entry: 0x2000000
[2026-08-04T20:11:50Z INFO  uboot_shell] cmd: echo $kernel_comp_addr_r
[2026-08-04T20:11:51Z INFO  ostool::run::uboot] image load to kernel_comp_addr_r: 0xa000000
[2026-08-04T20:11:51Z INFO  uboot_shell] cmd: setenv loadaddr 0xa000000
[2026-08-04T20:11:51Z INFO  ostool::run::uboot] fitimage loadaddr: 0xa000000
[2026-08-04T20:11:51Z INFO  ostool::run::uboot] kernel entry: 0x2000000
[2026-08-04T20:11:51Z INFO  ostool::run::uboot] Using DTB from: /home/seven_wsl/Workspace/starry/tgoskits-rt-ivc-m4-formal-20260804/target/aarch64-unknown-linux-musl/release/ostool-34306c67-0355-48f7-83ff-d552d902ba44-orangepi-5-plus-starry.dtb
[2026-08-04T20:11:51Z INFO  ostool::boot::fit] Making FIT image...
[2026-08-04T20:11:51Z INFO  ostool::boot::fit] kernel: /home/seven_wsl/Workspace/starry/tgoskits-rt-ivc-m4-formal-20260804/target/aarch64-unknown-linux-musl/release/axvisor.bin (size: 3358768)
[2026-08-04T20:11:51Z INFO  ostool::boot::fit] 已读取 DTB 文件: /home/seven_wsl/Workspace/starry/tgoskits-rt-ivc-m4-formal-20260804/target/aarch64-unknown-linux-musl/release/ostool-34306c67-0355-48f7-83ff-d552d902ba44-orangepi-5-plus-starry.dtb (大小: 280149)
[2026-08-04T20:11:51Z INFO  ostool::boot::fit] FIT image ok: /home/seven_wsl/Workspace/starry/tgoskits-rt-ivc-m4-formal-20260804/target/aarch64-unknown-linux-musl/release/image.fit
[2026-08-04T20:11:51Z INFO  ostool::run::uboot] No TFTP config, using loady to upload FIT image...

send file
loady 0xa000000
## Ready for binary (ymodem) download to 0x0A000000 at 1500000 bps...
[2026-08-04T20:11:51Z INFO  uboot_shell::ymodem] Sending file: image.fit
C## Total Size      = 0x00378994 = 3639700 Bytes
## Start Addr      = 0x0A000000
=>
send ok
[2026-08-04T20:12:45Z INFO  ostool::run::uboot] Booting kernel with command: bootm
Interacting with U-Boot shell...
bootm
## Loading kernel (any) from FIT Image at 0a000000 ...
   Using 'config-ostool' configuration
   Verifying Hash IntegriOK
   Trying 'kernel' kernel subimage
     Description:  This kernel
     Type:         Kerne  Data Start:   0x0a000168
    ata Size:    3358768 Bytes = 3.2 MiB
     Architecture: AArch64
     OS:           Linux
     Load Address: 0x02000000
     Entry Point:  0x02000000
   Verifying Hash Integrity ... OK
## Loading fdt (any) from FIT Image at 0a000000 ...
   Using 'config-ostool' configuration
   Verifying Hash Integrity ... OK
   Trying 'fdt' fdt subimage
     Description:  This fdt
     Type:         Flat Device Tree
     Compression:  uncompressed
     Data Start:   0x0a334218
     Data Size:    280149 Bytes = 273.6 KiB
     Architecture: AArch64
     Load Address: 0x12000000
   Verifying Hash Integrity ... OK
   Loading fdt from 0x0a334218 to 0x12000000
   Booting using the fdt blob at 0x12000000
Working FDT set to 12000000
   Loading Kernel Image to 2000000
   Loading Device Tree to 00000000ecb72000, end 00000000ecbb9654 ... OK
Working FDT set to ecb72000

Starting kernel ...

root=PARTUUID=5874edd8-1582-a144-a298-b139acd7b0e6 earlycon=uart8250,mmio32,0xfeb50000 rootwait rootfstype=ext4 splash=verbose console=ttyS2,1500000 console=tty1 consoleblank=0 loglevel=1 uboot: 0xffff000082000000
Memory Map:
  Rsv    0x00000000110000 - 0x00000000200000 (960 KiB)
  Free   0x00000000200000 - 0x00000002000000 (30 MiB)
  KIInitializing per-CPU data
Per-CPU data one cpu size: 0x43000 bytes
Total per-CPU data size for secondary CPUs: 0x218000 bytes (8 CPUs)
Flushed RAM used range to memory map: 0x200000..0x245000, current: 0x245000
Flushed RAM used range to memory map: 0x245000..0x45d000, current: 0x45d000
Per-CPU data allocated at 0x245000 - 0x45d000
Initializing per-CPU RAM for CPU0 - hard id 0x0 @ 0x245000
Initializing per-CPU RAM for CPU1 - hard id 0x100 @ 0x288000
Initializing per-CPU RAM for CPU2 - hard id 0x200 @ 0x2cb000
Initializing per-CPU RAM for CPU3 - hard id 0x300 @ 0x30e000
Initializing per-CPU RAM for CPU4 - hard id 0x400 @ 0x351000
Initializing per-CPU RAM for CPU5 - hard id 0x500 @ 0x394000
Initializing per-CPU RAM for CPU6 - hard id 0x600 @ 0x3d7000
Initializing per-CPU RAM for CPU7 - hard id 0x700 @ 0x41a000
CPU0 - hard id 0x0, stack top @0x288000, stack top virt @0xff0000288000, entry virt @0xffff8019c128
CPU1 - hard id 0x100, stack top @0x2cb000, stack top virt @0xff00002cb000, entry virt @0xffff8019c128
CPU2 - hard id 0x200, stack top @0x30e000, stack top virt @0xff000030e000, entry virt @0xffff8019c128
CPU3 - hard id 0x300, stack top @0x351000, stack top virt @0xff0000351000, entry virt @0xffff8019c128
CPU4 - hard id 0x400, stack top @0x394000, stack top virt @0xff0000394000, entry virt @0xffff8019c128
CPU5 - hard id 0x500, stack top @0x3d7000, stack top virt @0xff00003d7000, entry virt @0xffff8019c128
CPU6 - hard id 0x600, stack top @0x41a000, stack top virt @0xff000041a000, entry virt @0xffff8019c128
CPU7 - hard id 0x700, stack top @0x45d000, stack top virt @0xff000045d000, entry virt @0xffff8019c128
EL: 2
Mapping early memory regions...
Ram                 : [0x0000000000200000, 0x00000000f0000000) -> [0x0000000000200000, 0x00000000f0000000) (3.75 GiB)
Ram                 : [0x0000000100000000, 0x00000003fc000000) -> [0x0000000100000000, 0x00000003fc000000) (11.94 GiB)
Ram                 : [0x00000003fc500000, 0x00000003fff00000) -> [0x00000003fc500000, 0x00000003fff00000) (58 MiB)
Ram                 : [0x00000004f0000000, 0x0000000500000000) -> [0x00000004f0000000, 0x0000000500000000) (256 MiB)
KImage              : [0x0000ffff80000000, 0x0000ffff80400000) -> [0x0000000002000000, 0x0000000002400000) (4 MiB)
PerCpu              : [0x0000ff0000245000, 0x0000ff000045d000) -> [0x0000000000245000, 0x000000000045d000) (2.09 MiB)
Debug serial        : [0x00000000feb50000, 0x00000000feb51000) -> [0x00000000feb50000, 0x00000000feb51000) (4 KiB)
Boot page table at physical address: 0x45d000
Setting up table registers...
MMU Entry point at physical address: 0x2197854
Trap vector at 0xffff80198000
Memory Map:
  Rsv    0x00000000110000 - 0x00000000245000 (1.21 MiB)
  PerCPU 0x00000000245000 - 0x0000000045d000 (2.09 MiB)
  Rsv    0x0000000045d000 - 0x0000000046c000 (60 KiB)
  Free   0x0000000046c000 - 0x00000002000000 (27.58 MiB)
  KImg   0x00000002000000 - 0x00000002400000 (4 MiB)
  Free   0x00000002400000 - 0x0000000a100000 (125 MiB)
  Rsv    0x0000000a100000 - 0x0000000a145000 (276 KiB)
  Free   0x0000000a145000 - 0x0000000a200000 (748 KiB)
  Rsv    0x0000000a200000 - 0x0000000b65f000 (20.37 MiB)
  Free   0x0000000b65f000 - 0x00000010000000 (73.63 MiB)
  Rsv    0x00000010000000 - 0x00000020000000 (256 MiB)
  Free   0x00000020000000 - 0x00000080000000 (1.5 GiB)
  Rsv    0x00000080000000 - 0x00000090000000 (256 MiB)
  Free   0x00000090000000 - 0x000000f0000000 (1.5 GiB)
  MMIO   0x000000feb50000 - 0x0
       d8888                            .d88888b.   .d8888b.
                  d88P" "Y88b d88P  Y88b
     d88P888             888 Y88b.
    d88P 888 888d888  .d8888b  .d88b.  888     888  "Y888b.
   d88P  888 888P"   d88P"    d8P  Y8b 888     888     "Y88b.
  d88P   888 888     888      88888888 888     888       "888
 d8888888888 888     Y88b.    Y8b.     Y88b. .d88P Y88b  d88P
d88P     888 888      "Y8888P  "Y8888   "Y88888P"   "Y8888P"

arch = aarch64
platform = RK3588 OPi 5 Plus
target = aarch64-unknown-none-softfloat
build_mode = 
log_level = info
backtrace = false
smp = 4

[37m[ 66.366820 ax_runtime:213] [32mLogging is enabled.[m
[m[37m[ 66.367306 ax_runtime:214] [32mPrimary CPU 0 started, arg = 0x200000.[m
[m[37m[ 66.367936 ax_runtime:216] [32mFound physcial memory regions:[m
[m[37m[ 66.368561 ax_runtime:218] [32m  [PA:0x110000, PA:0x245000) reserved (READ | WRITE | EXECUTE | RESERVED)[m
[m[37m[ 66.369452 ax_runtime:218] [32m  [PA:0x245000, PA:0x45d000) reserved (READ | WRITE | EXECUTE | RESERVED)[m
[m[37m[ 66.370344 ax_runtime:218] [32m  [PA:0x45d000, PA:0x46c000) reserved (READ | WRITE | EXECUTE | RESERVED)[m
[m[37m[ 66.371237 ax_runtime:218] [32m  [PA:0x46c000, PA:0x2000000) free memory (READ | WRITE | FREE)[m
[m[37m[ 66.372054 ax_runtime:218] [32m  [PA:0x2000000, PA:0x2400000) reserved (READ | WRITE | EXECUTE | RESERVED)[m
[m[37m[ 66.372962 ax_runtime:218] [32m  [PA:0x2400000, PA:0xa100000) free memory (READ | WRITE | FREE)[m
[m[37m[ 66.373787 ax_runtime:218] [32m  [PA:0xa100000, PA:0xa145000) reserved (READ | WRITE | EXECUTE | RESERVED)[m
[m[37m[ 66.37469PA:0xa145000, PA:0xa200000) free memory (READ | WRITE | FREE)[m
[m[37m[ 66.375520 ax_runtime:218] [32m  [PA:0xa200000, PA:0xb65f000) reserved (READ | WRITE | EXECUTE | RESERVED)[m
[m[37m[ 66.376427 ax_runtime:218] [32m  [PA:0xb65f000, PA:0x10000000) free memory (READ | WRITE | FREE)[m
[m[37m[ 66.377260 ax_runtime:218] [32m  [PA:0x10000000, PA:0x20000000) reserved (READ | WRITE | EXECUTE | RESERVED)[m
[m[37m[ 66.378182 ax_runtime:218] [32m  [PA:0x20000000, PA:0x80000000) free memory (READ | WRITE | FREE)[m
[m[37m[ 66.379022 ax_runtime:218] [32m  [PA:0x80000000, PA:0x90000000) reserved (READ | WRITE | EXECUTE | RESERVED)[m
[m[37m[ 66.379944 ax_runtime:218] [32m  [PA:0x90000000, PA:0xf0000000) free memory (READ | WRITE | FREE)[m
[m[37m[ 66.380784 ax_runtime:218] [32m  [PA:0xfeb50000, PA:0xfeb51000) mmio (READ | WRITE | DEVICE | RESERVED)[m
[m[37m[ 66.381670 ax_runtime:218] [32m  [PA:0x100000000, PA:0x3fc000000) free memory (READ | WRITE | FREE)[m
[m[37m[ 66.382524 ax_runtime:218] [32m  [PA:0x3fc500000, PA:0x3fff00000) free memory (READ | WRITE | FREE)[m
[m[37m[ 66.383380 ax_runtime:218] [32m  [PA:0x4f0000000, PA:0x500000000) free memory (READ | WRITE | FREE)[m
[m[37m[ 66.384234 ax_runtime:360] [32mInitialize global memory allocator...[m
[m[37m[ 66.384857 ax_runtime:361] [32m  use buddy-slab-allocator allocator.[m
[m[37m[ 66.385481 ax_alloc::buddy_slab:150] [32mInitialize global memory allocator, start_vaddr: 0x100000000, size: 0x2fc000000[m
[m[37m[ 66.398005 ax_alloc::buddy_slab:399] [32mglobal allocator initialized[m
[m[37m[ 66.398629 ax_alloc::buddy_slab:160] er 2097152 alignment[m
[m[37m[ 66.402526 ax_alloc::buddy_slab:160] [32mAdd memory region, start_vaddr: 0xb65f000, size: 0x49a1000[m
[m[37m[ 66.403450 ax_alloc::buddy_slab:160] [32mAdd memory region, start_vaddr: 0x20000000, size: 0x60000000[m
[m[37m[ 66.405762 ax_alloc::buddy_slab:160] [32mAdd memory region, start_vaddr: 0x90000000, size: 0x60000000[m
[m[37m[ 66.408073 ax_alloc::buddy_slab:160] [32mAdd memory region, start_vaddr: 0x3fc500000, size: 0x3a00000[m
[m[37m[ 66.408995 ax_alloc::buddy_slab:160] [32mAdd memory region, start_vaddr: 0x4f0000000, size: 0x10000000[m
[m[37m[ 66.410109 ax_runtime:253] [32mkernel aspace: [VA:0x0, VA:0xffffffffffffffff)[m
[m[37m[ 66.410794 ax_mm:92] [32mInitialize virtual memory management...[m
[m[37m[ 67.429188 ax_runtime:265] [32mInitialize platform devices...[m
[m[37m[ 67.483173 someboot::arch::power:23] [32mPower management method : SMC[m
[m[37m[ 67.483816 somehal::driver:5] [32mInializing rdrive with FDT at 0x20m
[m[37m[ 67.799000 ax_task::api:149] [32mInitialize scheduling...[m
[m[37m[ 67.799569 ax_task::api:154] [32m  use FIFO scheduler.[m
[m[37m[ 67.800082 axe:291] [32mInitialize interrupt
[m[37m[ 67.802014 ax_runtime:e platform devices...[m
[m[37m[ 67.899095 ax_driver::soc::scmi:55] [33m[scmi] SCMI shmem phandle 71 cannot be resolved by rdrive; using RK3588 shmem fallback 0x10f000+0x100[m
[m[37m[ 67.900285 ax_driver::soc::scmi:76] [32mSCMI SMC registered: smc_id=0x82000010, shmem_phandle=71, shmem=0x10f000+0x100[m
[m[37m[ 67.901930 ax_driver::soc::rockchip::cru::rk3588:60] [32mRK3588 CRU reg: addr=0xfd7c0000, size=0x5c000, rockchip,grf=<0x77>[m
[m[37m[ 67.903026 rockchip_soc::variants::rk3588::cru:122] [32mCRU@fd7c0000: Initializing and verifying clock configuration...[m
[m[37m[ 67.904026 rockchip_soc::variants::rk3588::cru:173] [33m⚠ CRU@fd7c0000: ACLK_BUS_ROOT div mismatch! u-[37m[ 67.905070 rockchip_soc::variants::rk3588::cru:247] [32m✓ CRU@fd7c0000: Clock configuration verified[m
[m[37m[ 67.905950 ax_driver::soc::rockchip::cru::rk3588:79] [32mRK3588 CRU clock/reset registered successfully[m
[m[37m[ 67.907968 ax_driver::soc::rockchip::pm:61] [32mRockchip power-domain provider registered successfully[m
[m[37m[ 67.945297 ax_driver::soc::rockchip::pinctrl:239] [32mRockchip RK3588 pinctrl registered successfully[m
[m[37m[ 68.382158 ax_driver::soc::fixed_regulator:70] [32mFixed regulator vcc5v0_host enabled via pinctrl[m
[m[37m[ 68.476357 ax_driver::soc::fixed_regulator:70] [32mFixed regulator vcc3v3_pcie_eth enabled via pinctrl[m
[m[37m[ 68.521917 ax_driver::soc::fixed_regulator:70] [32mFixed regulator wifi_disable enabled via pinctrl[m
[m[37m[ 68.542793 ax_driver::soc::scmi:149] [32mSCMI clock rate set: clock_id=0x6, rate=200000000 Hz[m
[m[37m[ 68.543708 ax_driver::soc::scmi:124] [32mSCMI clock enabled: clock_id=0x6[m
[m[37m[ 68.544476 ax_driver::soc::scmi:95] [32mSCMI clock rate get: clock_id=0x6, rate=200000000 Hz[m
[m[37m[ 68.545278 ax_driver::soc::rockchip::npu_handoff:130] [32mAXVISOR_RK3588_NPU_HANDOFF_READY cores=3 power_domains=3 clocks=8 resets=6 scmi_scmi_rate_hz=200000000 host_submit=false[m
[m[37m[ 68.589619 ax_driver::block::rockchip::sd:218] [32m[mmc@fe2c0000] vqmmc-supply phandle Phandle(283) is not a fixed GPIO regulator; skip pinctrl enable[m
[m[37m[ 68.590911 ax_driver::soc::scmi:124] [32mSCMI clock enabled: clock_id=0x17[m
[m[37m[ 68.591575 ax_driver::block::rockchip::clock:53] [32m[mmc@fe2c0000] enabled SDMMC SCMI clock Some("biu") (0x17)[m
[m[37[m[37m[ 68.595106 ax_driver::bl32m[mmc@fe2c0000] enabled SDMMC clock Some("ciu-sample") (0x2c3)[m
[m[37m[ 68.596099 ax_driver::block::rockchip::sd:129] [32mrockchip-dwmmc probe: node=mmc@fe2c0000, addr=0xfe2c0000, size=0x4000[m
[m[37m[ 68.597192 ax_driver::soc::scmi:149] [32mSCMI clock rate set: clock_id=0x9, rate=50000000 Hz[m
[m[37m[ 68.597996 ax_driver::soc::scmi:95] [32mSCMI clock rate get: clock_id=0x9, rate=49500000 Hz[m
[m[37m[ 68.598787 ax_driver::block::rockchip::sd:142] [32mrockchip-dwmmc: using ciu reference clock 49500000 Hz[m
[m[37miver::block::rockchip::sd::phase:43] [32mrockchip-dwmmc: RK3588 SDMMC phase configured: drive=90deg sample=0deg parent=49500000Hz[m
[m[37m[ 68.600972 ax_driver::block::rockchip::sd:160] [32mrockchip-dwmmc: initialize card through native host2 bus ops[m
[m[37m[ 68.601919 sdmmc_protocol::sdio::init:487] [32msdio: submit bus op ResetAll[m
[m[37m[ 68.602614 sdmmc_protocol::sdio::init:487] [32msdio: submit bus op PowerOn[m
[m[37m[ 68.613286 sdmmc_protocol::sdio::init:487] [32msdio: submit bus op SwitchVoltage(V330)[m
[m[37m[ 68.614044 sdmmc_protocol::sdio::init:449] [32msdio: submit bus op SetBusWidth(Bit1)[m
[m[37m[ 68.614786 sdmmc_protocol::sdio::init:449] [32msdio: submit bus op SetClock(Identification)[m
[m[37m[ 68.615590 ax_driver::soc::scmi:149] [3SCMI clock rate get: clock_id=0xate=800000 Hz[m
[m[37m[ 68.617152 ax_driver::block::rockchip::sd:91] [32mrockchip-dwmmc: ciu clock set target=400000 Hz cclkin=800000 Hz bus=400000 Hz[m
[m[37m[ 68.650189 sdmmc_protocol::sdio::init:695] [32msdio: detected Sd ocr=0xc0ff8000[m
[m[37m[ 68.652260 sdmmc_protocol::sdio::init:849] [32msdio: CSD capacity_blocks=Some(62333952)[m
[m[37m[ 68.653338 sdmmc_protocol::sdio::init:863] [32msdio: switch SD bus width to 4-bit[m
[m[37m[ 68.654677 sdmmc_protocol::sdio::init:449] [32msdio: submit bus op SetBusWidth(Bit4)[m
[m[37m[ 68.655420 sdmmc_prinit:449] [32msdio: submit bus op SetClock(Default)[m
[m[37m[ 68.656169 ax_driver::soc::scmi:149] [32mSCMI clock rate set: clock_id=0x9, rate=50000000 Hz[m
[m[37m[ 68.656970 ax_driver::soc::scmi:95] [32mSCMI clock rate get: clock_id=0x9, rate=49500000 Hz[m
[m[37m[ 68.657761 ax_driver::block::rockchip::sd:91] [32mrockchip-dwmmc: ciu clock set target=25000000 Hz cclkin=49500000 Hz bus=24750000 Hz[m
[m[37m[ 68.661557 ax_driver::soc::scmi:149] [32mSCMI clock rate set: clock_id=0x9, rate=100000000 Hz[m
[m[37m[ 68.662368 ax_driver::soc::scmi:95] [32mSCMI clock rate get: clock_id=0x9, rate=99000000 Hz[m
[m[37m[ 68.663157 ax_driver::block::rockchip::sd:91] [32mrockchip-dwmmc: ciu clock set target=50000000 Hz cclkin=99000000 Hz bus=49500000 Hz[m
[m[37m[ 68.664296 sdmmc_protocol::sdio::init:1442] [32msdio: SD speed selected HighSpeed[m
[m[37m[ 68.665014 sdmmc_protocol::sdio::init:1463] [32msdio: init done kind=Sd sd_v2=true high_capacity=true rca=0xaaae 0deg: block0_ok=true mbr_sig=aa55 block0_head=[00, 00, 00, 00, 00, 00, 00, 00, 00, 00, 00, 00, 00, 00, 00, 00] block1_ok=true gpt_head=[45, 46, 49, 20, 50, 41, 52, 54][m
[m[37m[ 68.67091k::rockchip::clock:100] [32m[mmc@fe2e0000] enabled SDHCI clock Some("core") (0x13a)[m
[m[37m[ 68.674494 ax_driver::block::rockchip::clock:100] [32m[mmc@fe2e0000] enabled SDHCI clock Some("bus") (0x138)[m
[m[37m[ 68.675417 ax_driver::block::rockchip::clock:100] [32m[mmc@fe2e0000] enabled SDHCI clock Some("axi") (0x139)[m
[m[37m[ 68.676340 ax_driver::block::rockchip::clock:100] [32m[mmc@fe2e0000] enabled SDHCI clock Some("block") (0x13b)[m
[m[37m[ 68.677278 ax_driver::block::rockchip::clock:100] [32m[mmc@fe2e0000] enabled SDHCI clock Some("timer") (0x13c)[m
[m[37m[ 68.678229 ax_driver::block::rockchip::sdhci_rk3588:166] [32mrockchip-sdhci probe: node=mmc@fe2e0000, addr=0xfe2e0000, size=0x10000[m
[m[37m[ 68.679368 ax_driver::block::rockchip::sdhci_rk3588:176] [32mrockchip-sdhci: using external CRU clock[m
[m[37m[ 68.680235 ax_driver::block::rockchip::sdhci_rk3588:185] [32mrockchip-sdhci: initialize card through native host2 bus ops[m
[m[37m[ 68.681256 sdmmc_protocol::sdio::init:487] [32msdio: submit bus op ResetAll[m
[m[37m[ 68.681948 ax_driver::block::rockchip::sdhci_rk3588:252] [32mrockchip-sdhci: RK3588 DWCMSHC vendor reset area1=0x500[m
[m[37m[ 68[37m[ 68.693600 sdmmc_protocol::sdio::init:487] [32msdio: submit bus op SwitchVoltage(V330)[m
[m[37m[ 68.694372 sdmmc_protocol::sdio::init:449] [32msdio: submit bus op SetBusWidth(Bit1)[m
[m[37m[ 68.695113 sdmmc_protocol::sdio::init:449] [32msdio: submit bus op SetClock(Identification)[m
[m[37m[ 68.695920 ax_driver::block::rockchip::sdhci_rk3588:118] [32mrockchip-sdhci: core clock set to 375000 Hz[m
[m[37m[ 68.747684 sdmmc_protocol::sdio::init:780] [32msdio: detected Mmc ocr=0xc0ff8080[m
[m[37m[ 68.749833 sdmmc_protocol::sdio::init:849] [32msdio: CSD capacity_blocks=None[m
[m[37m[ 68.762237 sdmmc_protocol::sdio::init:950] [32msdio: EXT_CSD sector_count=122224640[m
[m[37m[ 68.763633 ax_driver::block::rockchip::sdhci_rk3588:118]:sdhci_rk3588:118] [32mrockchip-sdhci: core clock set to 50000068.765502 sdmmc_protocol::sdio::init:1210] [32msdio: MMC speed selected HighSpeed bus_width=Bit8[m
[m[37m[ 68.766340 sdmmc_protocol::sdio::init:1463] [32msdio: init done kind=Mmc sd_v2=false high_capacity=true rca=0x1 :208] [32mrockchip-sdhci block device registered irq=None[m
ainId(7), hwirq: HwIrq(235) }[m
[m[37m[ 68.771547 ax_fs_ng::block::runtime::device:1359] [33mrdif filesystem block device rockchip-sd registered with IRQ-driven completion[m
[m[37m[ 68.772647 ax_fs_ng::block::runtime::device:1361] [32mregistered rdif filesystem block device rockchip-sd[m
[m[37m[ 68.773595 ax_runtime::irq:120] [32mregistered rockchip-sdhci/0 irq IrqId { domain: IrqDomainId(7), hwirq: HwIrq(237) }[m
[m[37m[ 68.774599 ax_fs_ng::block::runtime::device:1359] [33mrdif filesystem block device rockchip-sdhci registered with IRQ-driven completion[m
[m[37m[ 68.775721 ax_fs_ng::block::runtime::device:1361] [32mregistered rdif filesystem block device rockchip-sdhci[m
[m[37m[ 68.811736 ax_fs_ng::root:256] [32m    partition 1 name=Some("bootfs") fs=Some(Fat) lba 61440..2158592[m
[m[37m[ 68.8   partition 2 name=None fs=Some(Ext4) lba 2158592..61702144[m
[m[37m[ 68.813711 ax_fs_ng::root:272] [32m  block device 0 (rockchip-sd) has Gpt partition table with 2 partitions[m
[m[37m[ 68.830106 ax_fs_ng::root:256] [32m    partition 1 name=Some("uboot") fs=None lba 8192..16384[m
[m[37m[ 68.831170 ax_fs_ng::root:256] [32m    partition 2 name=Some("misc") fs=None lba 16384..24576[m
[m[37m[ 68.832202 ax_fs_ng::root:256] [32m    partition 3 name=Some("bootctrl") fs=None lba 24576..28672[m
[m[37m[ 68.833274 ax_fs_ng::root:256] [32m    partition 4 name=Some("resource") fs=None lba 28672..40960[m
[m[37m[ 68.834233 ax_fs_ng::root:256] [32m    partition 5 name=Some("boot_linux") fs=Some(Ext4) lba 40960..237568[m
[m[37m[ 68.835396 ax_fs_ng::root:256] [32m    partition 6 name=Some("ramdisk") fs=None lba 237568..245760[m
[m[37m[ 68.836404 ax_fs_ng::root:256] [32m    partition 7 name=Some("system") fs=Some(Ext4) lba 245760..4440064[m
[m[37m[ 68.837458 ax_fs_ng::root:256] [32m    partition 8 name=Some("vendor") fs=Some(Ext4) lba 4440064..6537216[m
[m[37m[ 68.838476 ax_fs_ng::root:256] [32m    partition 9 name=Some("sys-prod") fs=Some(Ext4) lba 6537216..6639616[m
[m[37m[ 68.839512 ax_fs_ng::root:256] [32m    partition 10 name=Some("chip-prod") fs=Some(Ext4) lba 6639616..6742016[m
[m[37m[ 68.840657 ax_fs_ng::root:256] [32m    partition 11 name=Some("updater") fs=None lba 6742016..6807552[m
[m[37m[ 68.841697 ax_fs_ng::root:256] [32m    partition 12 name=Some("eng_system") fs=None lba 6807552..6840320[m
[m[37m[ 68.842769 ax_fs_ng::root:256] [32m    partition 13 name=Some("eng_chipset") fs=None lba 6840320..6873088[m
[m[37m[ 68.843839 ax_fspartition 14 name=Some("chip_ckm[37m[ 68.845015 ax_fs_ng::root:256] [32m    partition 15 name=Some("userdata") fs=None lba 19955712..122224576[m
[m[37m[ 68.845915 ax_fs_ng::root:272] [32m  block device 1 (rockchip-sdhci) has Gpt partition table with 15 partitions[m
[m[37m[ 68.846893 ax_fs_ng::root:363] [32m  matched root by PARTUUID on disk0 partition 2 (<unnamed>, fs=ext4, lba 2158592..61702144)[m
[m[37m[ 68.847950 ax_fs_ng:75] [32mInitialize filesystem subsystem...[m
[m[37m[ 68.848523 ax_fs_ng:76] [32m  selected root device: disk0 partition 2 (<unnamed>, fs=ext4, lba 2158592..61702144)[m
[m[37m[ 68.874519 rsext4::ext4::mount:327] [32m/lost+found exists (superblock hint inode=11)[m
[m[37m[ 68.876209 rsext4::ext4::mount:462] [32mExt4 filesystem mounted[m
[m[37m[ 68.876791 rsext4::ext4::mount:463] [32m  - block size: 4096 bytes[m
::mount:464] [32m  - total blocks: 7442944[m
[m[37m[ 68.877998 rsext4::ext4::mount:465] [32m  - free blocks: 6207860[m
[m[37m[ 68.878590 rsext4::ext4::mount:466] [32m  - total inodes: 1845888[m
[m[37m[ 68.879191 rsext4::ext4::mount:467] [32m  - free inodes: 1796852[m
[m[37m[ 68.879783 rsext4::ext4::sync:13] [32mSyncing filesystem...[m
[m[37m[ 68.890963 rsext4::ext4::mount:546] [32mExt4 filesystem mounted[m
[m[37m[ 68.891568 ax_fs_ng:88] [32m  filesystem type: "ext4"[m
[m[37m[ 68.902446 ax_fs_ng::root:518] [32m  mounting partition disk0 partition 1 (bootfs, fs=fat, lba 61440..2158592) at /boot[m
[m[37m[ 68.904619 ax_runtime::mp:79] [32mSecondary CPU 1 started.[m
[m[37m[ 68.906068 ax_runtime::mp:79] [32mSecondart OK.[m
[m[37m[ 68.911823 ax_runtime::mp:88  d8b
      d88888            888     888  Y8P
     d88P888            888     888
    d88P 888  888  888  Y88b   d88P  888888b    .d88b.   888d888
   d88P  888  `Y8bd8P'   Y88b d88P   88  88K       d88""88b  888P"
  d88P   888    X88K      Y88o88P    888  "Y8888b.  888  888  888
 d8888888888  .d8""8b.     Y888P     888       X88  Y88..88P  888
d88P     888  888  888      ...[m
[m[37m[ 68.916599 0:2 ax_driver::soc::rockchip::npu_handoff:63] [32mAXVISOR_RK3588_NPU_HANDOFF_REQUIRED ready=true[m
[m[37m[ 68.917514 0:2 ax_driver::soc::rockchip::npu_handoff:72] [32mAXVISOR_RK3588_NPU_HANDOFF_READY[m
[m[37m[ 68.918324 0:2 ax_driver::soc::rockchip::ndoff:73] [32mAXVISOR_RK3588_NPU_RESOURCES cores=3 power_domains=3 clocks=8 resets=6[m
[m[37m[ 68.919419 0:2 ax_driver::soc::rockchip::npu_handoff:80] [32mAXVISOR_RK3588_NPU_SCMI clock_id=6 rate_hz=200000000[m
[m[37m[ 68.920379 0:2 ax_driver::soc::rockchip::npu_handoff:84] [32mAXVISOR_RK3588_NPU_OWNERSHIP host_submit=false[m
[m[37m[ 69.021304 0:2 ax_driver::soc::rockchip::npu_handoff:72] [32mAXVISOR_RK3588_NPU_HANDOFF_READY[m
[m[37m[ 69.022111 0:2[37m[ 69.125084 0:2 ax_driver::soc::rockchip::npu_handoff:72] [32mAXVISOR_RK3588_NPU_HANDOFF_READY[m
[m[37m[ 69.125888 0:2[37m[ 69.228865 0:2 ax_driver::soc::rockchip::npu_handoff:72] [32mAXVISOR_RK3588_NPU_HANDOFF_READY[m
[m[37m[ 69.229669 0:2 ax_driver::soc::rockchip::npu_handoff:73] [32mAXVISOR_RK3588_NPU_RESOURCES cores=3 power_domains=3 clocks=8 resets=6[m
[m[37m[ 69.230763 0:2 ax_driver::soc::rockchip::npu_handoff:80] [32mAXVISOR_RK3588_NPU_SCMI clock_id=6 rate_hz=200000000[m
[m[37m[ 69.231723 0:2 ax_driver::soc::rockchip::npu_handoff:84] [32mAXVISOR_RK3588_NPU_OWNERSHIP host_submit=false[m
[m[37m[ 69.332647 0:2 ax_driver::soc::rockchip::npu_handoff:72] [32mAXVISOR_RK3588_NPU_HANDOFF_READY[m
[m[37m[ 69.333451 0:2VM timer wheel...[m
[m[37m[ 69.338764 0:2 axvm::host::arceos:238] [32mHardware virtualization support enabled on core 0[m
[m[37m[ 69.340591 1:11 axvm::host::arceos:248] [32mCore 1 is initializing hardware virtualization support...[m
[m[37m[ 69.341456 1:11 axvm::timer:101] [32mInitializing AxVM timer wheel...[m
[m[37m[ 69.341961 2:1support...[m
[m[37m[ 69.34209.343720 3:13 axvm::host::arceosization support...[m
[m[37m[ 69.343716 0:2 axvm::host::arceos:264] [32mWaiting for all cores to enable hardware virtualization...[m
[m[37m[ 69.344398 2:12 axvm::host::arceos:251] [32mHardware virtualization support enabled on core 2[m
[m[37m[ 69.345266 3:13 axvm::timer:101] [32mInitializing AxVM timer wheel...[m
[m[37m[ 69.347579 3:13 axvm::host::arceos:251] [32mHardware virtualization support enabled on core 3[m
[m[37m[ 69.348596 0:2 axvm::arch::aarch64::gic:59] [32mUsing per-CPU GICv3 system registers for virtual IRQs[m
[m[37m[ 69.432431 0:2 axvm::arch::aarch64::gic:175] [32mAArch64 host virtual-timer PPI 27 is available for guest forwarding[m
[m[37m[ 69.433414 0:2 axvm::host::arceos:280] [32mAll cores have enabled hardware virtualization support.[m
[m[37m[ 69.435709 0:2 axvisor::manager:133] [32mNOT find dir: /guest/vm_default in filesystem[m
[m[37m[ 69.436471 0:2 axvisor::config:94] [32mUsing static VM configs.[m
[m[37m[ 69.509234 0:2 axvm::arch::aarch64::fdt::core::parser:386] [32mCPU node: /cpus/cpu@0, node_id: 0x0, guest_cpu_id: 0x0[m
[m[37m[ 69.510245 0:2 axvm::arch::aarch64::fdt::core::parser:386] [32mCPU node: /cpus/cpu@100, node_id: 0x100, guest_cpu_id: 0x100[m
[m[37m[ 69.511294 0:2 axvm::arch::aarch64::fdt::core::parser:386] [32mCPU node: /cpus/cpu@200, node_id: 0x200, guest_cpu_id: 0x200[m
[m[37m[ 69.512347 0:2 axvm::arch::aarch64::fdt::core::parser:386] [32mCPU node: /cpus/cpu@300, node_id: :fdt::core::parser:386] [32mCPU node: /cpus/cpu@400, node_id: 0x400, guest_cpu_id: 0x400[m
[m[37m[ 69.514444 0:2 axvm::arch::aarch64::fdt::core::parser:386] [32mCPU node: /cpus/cpu@500, node_id: 0x500, guest_cpu_id: 0x500[m
[m[37m[ 69.515491 0:2 axvm::arch::aarch64::fdt::core::parser:386] [32mCPU node: /cpus/cpu@600, node_id: 0x600, guest_cpu_id: 0x600[m
[m[37m[ 69.516540 0:2 axvm::arch::aarch64::fdt::core::parser:386] [32mCPU node: /cpus/cpu@700, node_id: 0x700, guest_cpu_id: 0x700[m
[m[37m[ 69.525111 0:2 axvm::arch::aarch64::fdt::core::parser:393] [32mFound 8 host CPU nodes[m
[m[37m[ 69.525861 0:2 axvm::arch::aarch64::fdt::core:68] [32mVM[1] found DTB, parsing...[m
[m[37m[ 91.193907 0:2 axvisor::config:139] [32mCreating VM[1] "starry-rknpu-ivc-orangepi"[m
[m[37m[ 91.194705 0:2 axvm::vm:637] [32mVM created: id=1[m
[m[37m[ 91.195256 0:2 axvisor::config:151] [32mVM[1] created success, loading images...[m
[m[37m[ 93.574662 0:2 axdevice::device:1350] [32mAxVmDevices: registered device id=0[m
[m[37m[ 93.575353 0:2 axdevice::device:336] [32mGPPT Distributor initialized with base GPA 0x8000000 and length 0x10000[m
[m[37m[ 93.576316 0:2 axdevice::device:1350] [32mAxVmDevices: registered device id=1[m
[m[37m[ 93.577000 0:2 axdevice::device:311] [32mGPPT Redistributor initialized for vCPU 0 with base GPA 0x80a0000 and length 0x20000[m
[m[37m[ 93.578054 0:2 axdevice::device:1350] [32mAxVmDevices: registered device id=2[m
[m[37m[ 93.578739 0:2 axdevice::device:311] [32mGPPT Redistributor initialized for vCPU 1 with base GPA 0x80c0000 and length 0x20000[m
[m[37m[ 93.579797 0:2 axdevice::device:1350] [32mAxVmDevices: registered device id=3[m
[m[37m[ 93.580481 0:2 axdevice::device:518] [32mvirtio-blk 'virtio-blk-starry' initialized at GPA 0xa000000 IRQ 48 with backing 0 (134217728 bytes)[m
[m[37m[ 93.581649 0:2 axdevice::device:1350] [32mAxVmDevices: registered device id=4[m
[m[37m[ 93.582333 0:2 axdevice::device:576] [32mvirtio-net 'virtio-net-starry' initialized at GPA 0xa001000 IRQ 56 segment 1 header mode Negotiated (MAC 52:54:00:00:00:01)[m
[m[37m[ 93.583696 0:2 axdevice::device:1350] [32mAxVmDevices: registered device id=5[m
[m[37m[ 93.584381 0:2 axvm::arch::aarch64::vm:134] [32mAArch64 PL011 console 'pl011-starry' initialized at GPA 0x9000000 with length 0x1000[m
[m[37m[ 93.585495 0:2 axdevice::device:1350] [32mAxVmDevices: registered device id=6[m
[m[37m[ 93.586183 0:2 axdevice::device:1350] [32mAxVmDevices: registered device id=7[m
[m[37m[ 93.586872 0:2 axdevice::device:1350] [32mAxVmDevices: registered device id=8[m
[m[37m[ 93.587644 0:2 axvm::vm::prepare:101] [32mVM setup: id=1[m
[m[37m[ 93.654111 0:2 axvm::arch::aarch64::fdt::core::parser:386] [32mCPU node: /cpus/cpu@0, node_id: 0x0, guest_cpu_id: 0x0[m
[m[37m[ 93.655122 0:2 axvm::arch::aarch64::fdt::core::parser:386] [32mCPU node: /cpus/cpu@100, node_id: 0x100, guest_cpu_id: 0x100[m
[m[37m[ 93.656172 0:2 axvm::arch::aarch64::fdt::core::parser:386] [32mCPU node: /cpus/cpu@200, node_id: 0x200, guest_cpu_id: 0x200[m
[m[37m[ 93.657219 0:2 axvm::arch::aarch64::fdt::core::parser:386] [32mCPU node: /cpus/cpu@300, node_id: 0x300, guest_cpu_id: 0x300[m
[m[37m[ 93.658268 0:2 axvm::arch::aarch64::fdt::core::parser:386] [32mCPU node: /cpus/cpu@400, node_id: 0x400, guest_cpu_id: 0x400[m
[m[37m[ 93.659318 0:2 axvm::arch::aarch64::fdt::core::parser:386] [32mCPU node: /cpus/cpu@500, node_id: 0x500, guest_cpu_id: 0x500[m
[m[37m[ 93.660365 0:2 axvm::arch::aarch64::fdt::core::parser:386] [32mCPU node: /cpus/cpu@600, node_id: 0x600, guest_cpu_id: 0x600[m
[m[37m[ 93.661414 0:2 axvm::arch::aarch64::fdt::core::parser:386] [32mCPU node: /cpus/cpu@700, node_id: 0x700, guest_cpu_id: 0x700[m
[m[37m[ 93.670185 0:2 axvm::arch::aarch64::fdt::core::parser:393] [32mFound 8 host CPU nodes[m
[m[37m[ 93.670936 0:2 axvm::arch::aarch64::fdt::core:77] [32mVM[2] DTB not found, generating from the VM configuration[m
[m[37m[ 93.777703 0:2 axvm::arch::aarch64::fdt::core::device:96] [32mFound excluded devices: [][m
[m[37m[ 93.816568 0:2 axvisor::config:139] [32mCreating VM[2] "zephyr-ivc-orangepi"[m
[m[37m[ 93.817281 0:2 axvm::vm:637] [[37m[ 94.065849 0:2 axvisor::config:151] [32mVM[2] created success, loading images...[m
[m[37m[ 94.067728 0:2 axdevice::device:1350] [32mAxVmDevices: registered device id=0[m
[m[37m[ 94.068416 0:2 axdevice::device:336] [32mGPPT Distributor initzed with base GPA 0x8000000 and [37m[ 94.070064 0:2 axdevice::device:311] [32mGPPT RedistributPU 0 with base GPA 0x80a0000 and length 0x20000[m
[m[37m[ 94.071120 0:2 axdevice::device:1350] [32mAxVmDevices: registered device id=2[m
[m[37m[ 94.071805 0:2 axdevice::device:576] [32mvirtio-net 'virtio-net-zephyr' initialized at GPA 0xa002000 IRQ 64 segment 1 header mode FixedTwelveByte (MAC 52:54:00:00:00:02)[m
[m[37m[ 94.073204 0:2  axvm::arch::aarch64::vm:134] [32mAArch64 PL011 console 'pl011-zephyr' initialized at GPA 0x9000000 with length 0x1000[m
[m[37m[ 94.075003 0:2 axdevice::device:1350] [32mAxVmDevices: registered device id=4[m
[m[37m[ 94.075692 0:2 axdevice::device:1350] [32mAxVmDevices: registered device id=5[m
[m[37m[ 94.076379 0:2 axdevice::device:1350] [32mAxVmDevices: registered device id=6[m
[m[37m[ 94.077097 0:2 axvm::vm::prepare:101] [32mVM setup: id=2[m
[m[37m[ 94.077685 0:2 axvm::runtime:35] [32mInitializing VMM...[m
[m[37m[ 94.078213 0:2 axvm::runtime:40] [32mVMM starting, booting VMs...[m
[m[37m[ 94.078816 0:2 axvm::vm:824] [32mStarting VM[1][m
[m[37m[ 94.079280 0:2 axvm::runtime::vcpus:236] [32mSpawning task for VM[1] VCpu[0][m
[m[37m[ 94.079976 0:2 axvm::runtime::vcpus:274] [32mVCpu task Task(14, "VM[1]-VCpu[0]") created cpumask: [1, ], initial CPU 1[m
[m[37m[ 94.081001 0:2 axvm::runtime:48] [32mVM[1] boot success[m
[m[37m[ 94.081520 0:2 axvm::vm:824] [32mStarting VM[2][m
[m[37m[ 94.081986 0:2 axvm::runtime::vcpus:236] [32mSpawning task for VM[2] VCpu[0][m
[m[37m[ 94.082681 0:2 axvm::runtime::vcpus:274] [32mVCpu task Task(15, "VM[2]-VCpu[0]") created cpumask: [0, ], initial CPU 0[m
[m[37m[ 94.083688 0:2 axvm::runtime:48] [32mVM[2] boot success[m
[m[37m[ 94.084220 0:15 axvm::runtime::vcpus:332] [32mVM[2] VCpu[0] waiting for running[m
[m[37m[ 94.084921 0:15 axvm::runtime::vcpus:335] [32mVM[2] VCpu[0] running...[m
[m[37m[ 94.085559 0:15 axvm::arch::aarch64::gic:361] [33mVirtual interrupt interface not enabled, enabling now[m
[m[37m[ 94.086442 0:15 axvm::runtime::vcpus:337] [32mVM[2] VCpu[0] first-run architecture setup complete[m
[m[37m[ 94.086549 1:14 axvm::runtime::vcpus:332] [32mVM[1] VCpu[0] waiting for running[m
[m[37m[ 94.087988 1:14 axvm::runtime::vcpus:335] [32mVM[1] VCpu[0] running...[m
[m[37m[ 94.088626 1:14 axvm::arch::aarch64::gic:361] [33mVirtual interrupt interface not enabled, enabling now[m
[m[37m[ 94.089510 1:14 axvm::runtime::vcpus:337] [32mVM[1] VCpu[0] first-run architecture setup complete[m
[m[guest-console:pl011-zephyr] *** Booting Zephyr OS build v4.3.0 ***
[guest-console:pl011-zephyr] IVC-RTOS-SELFTEST PASS vector=rust-wire-v1
[guest-console:pl011-starry] console=ttyAMA0,115200 earlycon=pl011,0x09000000 root=/dev/vda rw fsck.repair=yes
[guest-console:pl011-starry] VM Load @0x80000000
[guest-console:pl011-starry] VM Load Offset: 0x100000000
[guest-console:pl011-starry] Memory Map:
[guest-console:pl011-starry]   KImg   0x00000080000000 - 0x00000080e00000 (14 MiB)
[guest-console:pl011-starry]   Free   0x00000080e00000 - 0x00000090000000 (242 MiB)
[guest-console:pl011-starry] Initialize RAM allocator: 0x80e00000..0x90000000
[guest-console:pl011-starry] Initializing per-CPU data
[guest-console:pl011-starry] Per-CPU data one cpu size: 0x41000 bytes
[guest-console:pl011-starry] Total per-CPU data size for[guest-console:pl011-starry] Flushed RAM used range to memory map: 0x80e00000..0x80e01000, current: 0x80e01000
[guest-console:pl011-starry] Flushed RAM used ro memory map: 0x80e01000..0x80e83000, current: 0x80e83000
[guest-console:pl011-starry] Per-CPU data allocated at 0x80e01000 - 0x80e83000
[guest-console:pl011-starry] Initializing per-CPU RAM for CPU0 - hard id 0x100 @ 0x80e01000
[guest-console:pl011-starry] Initializing per-CPU RAM for CPU1 - hard id 0x200 @ 0x80e42000
[guest-console:pl011-starry] CPU0 - hard id 0x100, stack top @0x80e42000, stack top virt @0xffffff0080e42000, entry virt @0xffff[guest-console:pl011-starry] CPU1 - hard id 0x200, stack top @0x80e83000, stack top virt @0xffffff0080e83000, entry virt @0xffffffff80369420
[guest-console:pl[guest-console:pl011-starry] Ram                 : [0xffff000080000000, 0xffff000090000000) -> [0x0000000080000000, 0x0000000090000000) (256 MiB)
[guest-console:pl011-starry] KImage              : [0xffffffff80000000, 0xffffffff80e00000) -> [0x0000000080000000, 0x0000000080e00000) (14 MiB)
[guest-console:pl011-starry] PerCpu              : [0xffffff0080e01000, 0xffffff0080e83000) -> [0x0000000080e01000, 0x0000000080e83000) (520 KiB)
[guest-console:pl011-starry] Debug serial        : [0xffff000009000000, 0xffff000009001000) -> [0x0000000009000000, 0x0000000009001000) (4 KiB)
[guest-console:pl011-starry] Boot page table at physical address: 0x80e83000
[guest-console:pl011-starry] Setting up table registers...
[guest-console:pl011-starry] MMU Entry point at physical address: [guest-console:pl011-starry] Trap vector at 0xffffffff80365800
[guest-console:pl011-starry] Memory Map:
[guest-console:pl011-starry]   MMIO   0x00000009000000 - 0x00000009001000 (4 KiB)
[guest-console:pl011-starry]   KImg   0x00000080000000 - 0x00000080e00000 (14 MiB)
[guest-console:pl011-starry]   Rsv    0x00000080e00000 - 0x00000080e01000 (4 KiB)
[guest-console:pl011-starry]   PerCPU 0x00000080e01000 - 0x00000080e83000 (520 KiB)
[guest-console:pl011-starry]   Rsv    0x00000080e83000 - 0x00000080e8d000 (40 KiB)
[guest-console:pl011-starry]   Free   0x00000080e8d000 - 0x00000090000000 (241.45 MiB)
[guest-console:pl011-starry] Jumping to main entry point at 0xffffffff80354158 with SP 0xffffff0080e42000
[guest-console:pl011-starry] 
[guest-console:pl011-starry]        d8888                            .d88888b.   .d8888b.
[guest-console:pl011-starry]       d88888                           d88P" "Y88b d88P  Y88b
[guest-console:pl011-starry]      d88P888                           888     888 Y88b.
[guest-console:pl011-starry]     d88P 888 888d888  .d8888b  .d88b.  888     888  "Y888b.
[guest-console:pl011-starry]    d88P  888 888P"   d88P"    d8P  Y8b 888     888     "Y88b.
[guest-console:pl011-starry]   d88P   888 888     888      88888888 888     888       "888
[guest-console:pl011-zephyr] IVC-RTOS-NET mac=52:54:00:00:00:02 expected=52:54:00:00:00:02
[guest-console:pl011-starry]  d88888[guest-console:pl011-starry] d88P     888 888      "Y8888P  "Y8888   "Y88888P"   "Y8888P"
[guest-console:pl011-zephyr] IVC-RTOS-READY bind=10.0.0.2:5500 mac=52:54:00:00:00:02 window_bits=64 ack_loss_drop_every=0 expected_commands=1800 expected_protocol_errors=0 exit_after_expected=1
[guest-console:pl011-starry] 
[guest-console:pl011-starry] arch = aarch64
[guest-console:pl011-starry] platform = AxVisor Orange Pi 5 Plus StarryOS RKNPU guest
[guest-console:pl011-starry] target = aarch64-unknown-none-softfloat
[guest-console:pl011-starry] build_mode = 
[guest-console:pl011-starry] log_level = info
[guest-console:pl011-starry] backtrace = false
[guest-console:pl011-starry] smp = 2
[guest-console:pl011-starry] 
[guest-console:pl011-starry] [37m[  0.788197 ax_runtime:213] [32mLogging is enabled.[m
[guest-console:pl011-starry] [m[37m[  0.790111 ax_runtime:214] [32mPrimary CPU 0 started, arg = 0x80e00000.[m
[guest-console:pl011-starry] [m[37m[  0.792592 ax_runtime:216] [32mFound physcial memory regions:[m
[guest-console:pl011-starry] [m[37m[  0.794857 ax_runtime:218] [32m  [PA:0x9000000, PA:0x9001000) mmio (READ | WRITE | DEVICE | RESERVED)[m
[guest-console:pl011-starry] [m[37m[  0.798128 ax_runtime:218] [32m  [PA:0x80000000, PA:0x80e00000) reserved (READ | WRITE | EXECUTE | RESERVED)[m
[guest-console:pl011-starry] [m[37m[  0.801582 ax_runtime:218] [32m  [PA:0x80e00000, PA:0x80e01000) reserved (READ | WRITE | EXECUTE | RESERVED)[m
[guest-console:pl011-starry] [m[37m[  0.805032 ax_runtime:218] [32m  [PA:0x80e01000, PA:0x80e[guest-console:pl011-starry] [m[37m[  0.808481 ax_runtime:218] [32m  [PA:0x80e83000, PA:0x80e8d000) reserved (READ | WRITE | 8] [32m  [PA:0x80e8d000, PA:0x90000000) free memory (READ | WRITE | FREE)[m
[guest-console:pl011-starry] [m[37m[  0.815101 ax_runtime:360] [32mInitialize global memory allocator...[m
[guest-console:pl011-starry] [m[37m[  0.817500 ax_runtime:361] [32m  use buddy-slab-allocator allocator.[m
[guest-console:pl011-starry] [m[37m[  0.819910 ax_alloc::buddy_slab:150] [32mInitialize global memory allocator, start_vaddr: 0xffff000080e8d000, size: 0xf173000[m
[guest-console:pl011-starry] [m[37m[  0.824035 ax_alloc::buddy_slab:399] [32mglobal allocator initialized[m
[guest-console:pl011-starry] [m[37m[  0.826464 ax_runtime:253] [32mkernel aspace: [VA:0xffff000000000000, VA:0xffffffffffffffff)[m
[guest-console:pl011-starry] [m[37m[  0.829498 ax_mm:92] [32mInitialize virtual memory management...[m
[guest-console:pl011-starry] [m[37m[  0.849177 ax_runtime:265] [32mInitialize platform devices...[m
[guest-console:pl011-starry] [m[37m[  0.852525 someboot::arch::power:23] [32mPower management method : HVC[m
[guest-console:pl011-starry] [m[37m[  0.855005 somehal::driver:5] [32mInitializing rdrive with FDT at 0xffff000080e00000[m
[guest-console:pl011-starry] [m[37m[  0.870481 ax_task::api:149] [32mInitialize scheduling...[m
[guest-console:pl011-starry] [m[37m[  0.872657 ax_task::api:154] [32m  use Round-robin scheduler.[m
[guest-console:pl011-starry] [m[37m[  0.874892 ax_runtime:291] [32mInitialize interrupt handlers...[m
[guest-console:pl011-starry] [m[37m[  0.877830 ax_runtime::devices:2] [32mProbe platform devices...[m
[guest-console:pl011-starry] [m[37m[  0.880790 ax_driver::serial::pl011:22] [32mProbing PL011 serial device: serial@9000000[m
[guest-console:pl011-starry] [m[37m[  0.883788 ax_driver::serial::pl011:39] [32mPL011 serial@gistered successfully[m
[guest-console:pl011-starry] [m[37m[  0.887640 virtio_drivers::device::blk:63] [32mfound a block device of size 131072KB[m
[guest-console:pl011-starry] [m[37m[  0.890633 ax_driver::virtio::block:91] [32mregistered virtio block device[m
[guest-console:pl011-starry] [m[37m[  0.893431 virtio_drivers::device::net::dev_raw:33] [32mnegotiated_features Features(MAC | VERSION_1)[m
[guest-console:pl011-starry] [m[37m[  0.897041 ax_driver::virtio::net:407] [32mregistered virtio network device irq=None[m
[guest-console:pl011-starry] [m[37m[  0.900014 ax_driver::rknpu:58] [32mNPU registered successfully[m
[guest-console:pl011-starry] [mBoot at 1970-01-01 00:00:00.902327416 UTC
[guest-console:pl011-starry] 
[guest-console:pl011-starry] [37m[  0.904178 ax_runtime::irq:120] [32mregistered virtio-blk/0 irq IrqId { domain: IrqDomainId(7), hwirq: HwIrq(48) }[m
[guest-console:pl011-starry] [m[37m[  0.907799 ax_fs_ng::block::runtime::device:1359] [33mrdif filesystem block device virtio-blk registered with IRQ-driven completion[m
[guest-console:pl011-starry] [m[37m[  0.911896 ax_fs_ng::block::runtime::device:1361] [32mregistered rdif filesystem block device virtio-blk[m
[guest-console:pl011-starry] [m[37m[  0.915774 ax_fs_ng::root:249] [32m    raw device fs=Some(Ext4)[m
[guest-console:pl011-starry] [m[37m[  0.918079 ax_fs_ng::root:280] [32m  block device 0 (virtio-blk) has no usable partition table; treating the whole disk as a candidate[m
[guest-console:pl011-starry] [m[37m[  0.922251 ax_fs_ng::root:389] [32m  matched root by raw device path on disk0 raw device[m
[guest-console:pl011-starry] [m[37m[  0.925200 ax_fs_ng:75] [32mInitialize filesystem subsystem...[m
[guest-console:pl011-starry] [m[37m[  0.927459 ax_fs_ng:76] [32m  selected root device: disk0 raw device[m
[guest-console:pl011-starry] [m[37m[  0.930194 rsext4::crc32c::arm64:54] [33mID_AA64ISAR0_EL1[19:16]: 0x1[m
[guest-console:pl011-starry] [m[37m[  0.932642 rsext4::c[guest-console:pl011-starry] [m[37m[  0.943807 rsext4::ext4::m[guest-console:pl011-starry] [m[37m[  0.952999 rsext4::ext4::mount:467] [32m  - free inodes: [guest-console:pl011-starry] [m[guest-console:pl011-starry] [m[guest-console:pl011-starry] [m[guest-console:pl011-starry] [m[guest-console:pl011-starry] [m[guest-console:pl011-starry] [m[37m[  0.970317 ax_runtime::irq:120] [32mregistered eth0 irq IrqId { domain: IrqDomainId(7), hwirq: HwIrq(56) }[m
[guest-console:pl011-starry] [m[37m[  0[guest-console:pl011-starry] [m[37m[  0.976796 ax_net:237] [32m  mac:  52-54-00-00-00-01[m
[guest-console:pl011-starry] [m[37m[  0.978828 ax_net:254] [32m  mode: dhcp[m
[guest-console:pl011-starry] [m[37m[  0.980490 ax_net:292] [32mDevice: lo[m
[guest-console:pl011-starry] [m[37m[  0.982092 ax_net:292] [32mDevice: eth0[m
[guest-console:pl011-starry] [m[37m[  0.983790 ax_net::service:606] [32meth0: DHCP enabled[m
[guest-console:pl011-starry] [m[37m[  2.989481 ax_net:937] [33mDHCP bootstrap timed out[m
[37m[ 96.580369 1:14 axvm::archask for VM[1] VCpu[1][m
[m[37m[ 96.582232 1:14 axvm::runtime[37m[ 96.588720 2:16 axvm::runtime::vcpus:332] [32mVM[1] VCpu[1] waiting for running[m
[m[37m[ 96.589422 2:16 axvm::runtim[guest-console:pl011-starry] [m[37m[  3.004779 ax_runtime:336] [32mPrimary CPU 0 init OK.[m
[guest-console:pl011-starry] [m[37m[  3.004788 ax_runtime::mp:79] [32mSecondary CPU 1 started.[m
[guest-console:pl011-starry] [m[37m[  3.009621 ax_runtime::mp:107] [32mSecondary CPU 1 init O[guest-console:pl011-starry] [m[37m[  3.011898 0:2 ktracepoint:282] [32mtracepoint_data_start: 0xffffffff804cfd20, tracepoint_data_end: 0xffffffff804cfd80[m
[guest-console:pl011-starry] [m[37m[  3.015645 0:2 ktracepoint:297] [32mtracepoint_data_len: 6[m
[guest-console:pl011-starry] [m[37m[  3.017806 0:2 ktracepoint:314] [32mtracepoint registered: sched:sched_process_[guest-console:pl011-starry] [m[37m[  3.020642 0:2 ktracepoint:314] [32mtracepoint registered: sched:sched_process_fork[m
[guest-console:pl011-starry] [m[37m[  3.023472 0:2 ktracepoint:314] [32mtracepoint registered: sched:sched_switch[m
[guest-console:pl011-starry] [m[37m[  3.026130 0:2 ktracepoint:314] [32mtracepoint registered: syscalls:sys_clone[m
[guest-console:pl011-starry] [m[37m[  3.028797 0:2 ktracepoint:314] [32mtracepoint registered: syscalls:s[guest-console:pl011-starry] [37m[  3.036363 0:2 starry_kernel:[guest-console:pl011-starry] [m[37m[  3.039253 0:2 starry_kerneudofs::dev::tty::serial:343] [32mttyS0 registered: path=/seriaq=IrqId { domain: IrqDomainId(7)[guest-console:pl011-starry] [m[37m[  3.046125 0:2 starry_kernel::pseudofs::dev::tty::serial:264] [32m/dev/console bound to ttyS0[m
[guest-console:pl011-starry] [m[37m[  3.049798 0:2 starry_kernel::pseudofs:78] [32mMounted devfs at /dev[m
[guest-console:pl011-starry] [m[37m[  3.052240 0:2 starry_kernel::pseudofs::usbfs:51] [32musbfs: initializin[guest-console:pl011-starry] [m[37m[  3.055005 0:2 starry_kernel::pseudofs::usbfs::manager:1401] [32musbfs: discovered 0 USB [guest-console:pl011-starry] [m[37m[  3.058174 0:2 starry_kernel::pseudofs::usbfs:54] [32musbfs: no USB host found, skip mounting usbfs[m
[guest-console:pl011-starry] [m[37m[  3.061483 0:2 starry_kernel::pseudofs:78] [32mMounted tmpfs at /dev/shm[guest-console:pl011-starry] [m[37m[  3.070270 0:2 starry_kernel::pseudofs:78] [32mMounted tmpfs at /tmp[m
[guest-console:pl011-starry] [m[37m[  3.072865 0:2 starry_kernel::dyn_debug:61] [32mdebug_ini[guest-console:pl011-starry] [m[37m[  3.076764 0:2 starry_kernel::dyn_debug:64] [32mdebug_init: found 192 dynamic debug sites[m
[guest-console:pl011-starry] [m[37m[  3.079773 0:2 starry_kernel::pseudofs::proc:73] [32mRead kallsyms, size: 1317KB[m
[guest-console:pl011-starry] [m[37m[  3.106768 0:2 starry_kernel::pseudofs:78] [32mMounted proc at /proc[m
[guest-console:pl011-starry] [m[guest-console:pl011-starry] [m[guest-console:pl011-starry] [m[37m[  3.115058 0:2 starry_kernel::task::timer:329] [32mInitialize alarm...[m
[guest-console:pl011-starry] [mWelcome to [96m[1mStarry OS[0m!
[guest-console:pl011-starry] /bin/sh: env: not found
[guest-console:pl011-starry] 
[guest-console:pl011-starry] Use [1
[guest-console:pl011-starry] 
[guest-console:pl011-starry] STARRY_GROUPED_AUTORUN_INIT
[guest-console:pl011-starry] IVC-STARRY-BOOT mode=neural backend=rknn-npu fault_profile=none count=1800 period_ms=100 vcpus=2
[guest-console:pl011-starry] IVC-STARRY-BOOT mode=neural backend=rknn-npu fault_profile=none count=1800 period_ms=100 vcpus=2
[guest-console:pl011-starry] IVC-STARRY-BOOT mode=neural backend=rknn-npu fault_profile=none count=1800 period_ms=100 vcpus=2
[guest-console:pl011-starry] IVC-STARRY-BOOT mode=neural backend=rknn-npu fault_profile=none count=1800 period_ms=100 vcpus=2
[guest-console:pl011-starry] IVC-STARRY-BOOT mode=neural backend=rknn-npu fault_profile=none count=1800 period_ms=100 vcpus=2
[guest-console:pl011-starry] IVC-STARRY-RKNN-DEVICE path=/dev/dri/card1 registered=true core_mask=0
[guest-console:pl011-starry] IVC-STARRY-RKNN-DEVICE path=/dev/dri/card1 registered=true core_mask=0
[guest-console:pl011-starry] IVC-STARRY-RKNN-DEVICE path=/dev/dri/card1 registered=true core_mask=0
[guest-console:pl011-starry] IVC-STARRY-RKNN-DEVICE path=/dev/dri/card1 registered=true core_mask=0
[guest-console:pl011-starry] IVC-STARRY-RKNN-DEVICE path=/dev/dri/card1 registered=true core_mask=0
[guest-console:pl011-starry] IVC-STARRY-NET iface=eth0 mac=unknown ip=10.0.0.1/24 peer=10.0.0.2 udp_port=5500 segment=1
[guest-console:pl011-starry] IVC-STARRY-PEER-WAIT seconds=2
[guest-console:pl011-starry] IVC-CONTROLLER-START peer=10.0.0.2:5500 count=1800 policy=neural period_ms=100 session_id=2528620416 backend=rknn-npu ack_timeout_m[guest-console:pl011-zephyr] IVC-RTOS-READY bind=10.0.0.2:5500 mac=52:54:00:00:00:02 window_bits=64 ack_loss_drop_every=0 expected_commands=1800 expected_protocol_errors=0 exit_after_expected=1
[guest-console:pl011-zephyr] IVC-RTOS-READY bind=10.0.0.2:5500 mac=52:54:00:00:00:02 window_bits=64 ack_loss_drop_every=0 expected_commands=1800 expected_protocol_errors=0 exit_after_expected=1
[guest-console:pl011-zephyr] IVC-RTOS-PROGRESS accepted=1 seq=1 mode=Neural actuator_permille=951 measured_milli_c=20266 duplicates=0 protocol_errors=0
[guest-console:pl011-starry] IVC-CONTROLLER-STATUS seq=1 mode=Neural actuator_permille=951 measured_milli_c=20266 setpoint_milli_c=45000
[guest-console:pl011-zephyr] IVC-RTOS-PROGRESS accepted=100 seq=100 mode=Neural actuator_permille=558 measured_milli_c=36735 dup[guest-console:pl011-zephyr] IVC-RTOS-PROGRESS accepted=200 seq=200 mode=Neural actuator_permille=416 measured_milli_c=42032 duplicates=0 protocol_errors=0
[guest-console:pl011-starry] IVC-CONTROLLER-STATUS seq=200 mode=Neural actuator_permille=416 measured_milli_c=42032 setpoint_milli_c=45000
[guest-console:pl011-zephyr] IVC-RTOS-PROGRESS accepted=300 seq=300 mode=Neural actuator_permille=371 measured_milli_c=43706 duplicates=0 protocol_errors=0
[guest-console:pl011-starry] IVC-CONTROLLER-STATUS seq=300 mode=Neural actuator_permille=371 measured_milli_c=43706 setpoint_milli_c=45000
[guest-console:pl011-zephyr] IVC-RTOS-PROGRESS accepted=400 seq=400 mode=Neural actuator_permille=356 measured_milli_c=44234 duplicates=0 protocol_errors=0
[guest-console:pl011-starry] IVC-CONTROLLER-STATUS seq=400 mode=Neural actuator_permille=356 mea4 setpoint_milli_c=45000
[guest-console:pl011-zephyr] IVC-RTOS-PROGRESS accepted=500 seq=500 mode=Neural actuator_permille=352 measured_milli_c=44402 dups=0
[guest-console:pl011-starry] IVC-CONTROLLER-STATUS seq=500 mode=Neural actuator_permille=352 measured_milli_c=44402 setpoint_milli_c=45000
[guest-console:pl011-zephyr] IVC-RTOS-PROGRESS accepted=600 seq=600 mode=Neural actuator_permille=350 measured_milli_c=44456 duplicates=0 protocol_errors=0
[guest-console:pl011-starry] IVC-CONTROLLER-STATUS seq=600 mode=Neural actuator_permille=350 measured_milli_c=44456 setpoint_milli_c=45000
[guest-console:pl011-zephyr] IVC-RTOS-PROGRESS accepted=700 seq=700 mode=Neural actuator_permille=792 measured_milli_c=57382 duplicates=0 protocol_errors=0
[guest-console:pl011-starry] IVC-CONTROLLER-STATUS seq=700 mode=Neural actuator_permille=792 measured_milli_c=57382 setpoint_milli_c=65000
[guest-console:pl011-zephyr] IVC-RTOS-PROGRESS accepted=800 seq=800 mode=Neural actuator_permille=677 measured_milli_c=61670 dup[guest-console:pl011-starry] IVC-CONTROLLER-STATUS seq=800 mode=Neural actuator_permille=677 measured_milli_c=61670 setpoint_mil[guest-console:pl011-zephyr] IVC-RTOS-PROGRESS accepted=900 seq=900 mode=Neural actuator_permille=680 measured_milli_c=61756 duplicates=0 protocol_errors=0
[guest-console:pl011-starry] IVC-CONTROLLER-STATUS seq=900 mode=Neural actuator_permille=680 measured_milli_c=61756 setpoint_milli_c=65000
[guest-console:pl011-zephyr] IVC-RTOS-PROGRESS accepted=1000 seq=1000 mode=Neural actuator_permille=659 measured_milli_c=62341 derrors=0
[guest-console:pl011-starry] IVC-CONTROLLER-STATUS seq=1000 mode=Neural actuator_permille=659 measured_milli_c=62341 setpoint_milli_c=65000
[guest-console:pl011-zephyr] IVC-RTOS-PROGRESS accepted=1100 seq=1100 mode=Neural actuator_permille=635 measured_milli_c=63238 duplicates=0 protocol_errors=0
[guest-console:pl011-starry] IVC-CONTROLLER-STATUS seq=1100 mode=Neural actuator_permille=635 measured_milli_c=63238 setpoint_milli_c=65000
[guest-console:pl011-zephyr] IVC-RTOS-PROGRESS accepted=1200 seq=1200 mode=Neural actuator_permille=627 measured_milli_c=63518 d[guest-console:pl011-starry] IVC-CONTROLLER-STATUS seq=1200 mode[guest-console:pl011-zephyr] IVC-RTOS-PROGRESS accepted=1300 seq=1300 mode=Neural actuator_permille=337 measured_milli_c=56274 d[guest-console:pl011-zephyr] IVC-RTOS-PROGRESS accepted=1400 seq=1400 mode=Neural actuator_permille=373 measured_milli_c=52586 duplicates=0 protocol_errors=0
[guest-console:pl011-starry] IVC-CONTROLLER-STATUS seq=1400 mode=Neural actuator_permille=373 measured_milli_c=52586 setpoint_milli_c=50000
[guest-console:pl011-zephyr] IVC-RTOS-PROGRESS accepted=1500 seq=1500 mode=Neural actuator_permille=392 measured_milli_c=50708 docol_errors=0
[guest-console:pl011-starry] IVC-CONTROLLER-STATUS seq=1500 mode=Neural actuator_permille=392 measured_milli_c=50708 setpoint_milli_c=50000
[guest-console:pl011-zephyr] IVC-RTOS-PROGRESS accepted=1600 seq=1600 mode=Neural actuator_permille=405 measured_milli_c=49770 dors=0
[guest-console:pl011-starry] IVC-CONTROLLER-STATUS seq=1600 mode=Neural actuator_permille=405 measured_milli_c=49770 setpoint_milli_c=50000
[guest-console:pl011-zephyr] IVC-RTOS-PROGRESS accepted=1700 seq=1700 mode=Neural actuator_permille=414 measured_milli_c=49430 d[guest-console:pl011-zephyr] IVC-RTOS-PROGRESS accepted=1800 seq=1800 mode=Neural actuator_permille=417 measured_milli_c=49325 duplicates=0 protocol_errors=0
[guest-console:pl011-zephyr] IVC-RTOS-OUTCOME profile=normal accepted=1800 applied=1800 duplicat[guest-console:pl011-zephyr] IVC-RTOS-MESSAGES status_sent=1800 acks_sent=1800 errors_sent=0 protocol_errors=0
[guest-console:pl011-zephyr] IVC-RTOS-OUTCOME profile=normal accepted=1800 applied=1800 duplicates=0 acks_dropped=0
[guest-console:pl011-zephyr] IVC-RTOS-MESSAGES status_sent=1800 acks_sent=1800 errors_sent=0 protocol_errors=0
[guest-console:pl011-starry] IVC-CONTROLLER-RAW path=/var/lib/ivc/raw.csv samples=1800
[guest-console:pl011-zephyr] IVC-RTOS-RESULT profile=normal accepted=1800 applied=1800 duplicates=0 acks_dropped=0 status_sent=1800 acks_sent=1800 errors_sent=0 protocol_errors=0
[guest-console:pl011-zephyr] IVC-RTOS-POWEROFF accepted=1800
[guest-console:pl011-zephyr] IVC-RTOS-POWEROFF accepted=1800
[guest-console:pl011-starry] IVC-CONTROLLER-OUTCOME policy=neural sent=1800 acknowledged=1800 errors=0 timeouts=0
[guest-console:pl011-starry] IVC-CONTROLLER-RELIABILITY retransmissions=0 recoveries=0 success_percent=100.000
[guest-console:pl011-starry] IVC-CONTROLLER-FULL-LOOP p50_us=8580 p95_us=13067 p99_us=13502 max_us=140454
[guest-console:pl011-starry] IVC-CONTROLLER-PRE-SEND p50_us=1722 p95_us=1786 p99_us=1860 max_us=23029
[guest-console:pl011-starry] IVC-CONTROLLER-TRANSPORT p50_us=6742 p95_us=11317 p99_us=11725 max_us=117425 throughput_msg_s=9.993[guest-console:pl011-starry] IVC-CONTROLLER-CONTROL rmse_milli_c=5932.505 iae_milli_c_s=687067.600 max_overshoot_milli_c=13424
[guest-console:pl011-starry] IVC-CONTROLLER-OUTCOME policy=neural sent=1800 acknowledged=1800 errors=0 timeouts=0
[guest-console:pl011-starry] IVC-CONTROLLER-RELIABILITY retransmissions=0 recoveries=0 success_percent=100.000
[guest-console:pl011-starry] IVC-CONTROLLER-FULL-LOOP p50_us=8580 p95_us=13067 p99_us=13502 max_us=140454
[guest-console:pl011-starry] IVC-CONTROLLER-PRE-SEND p50_us=1722 p95_us=1786 p99_us=1860 max_us=23029
[guest-console:pl011-sta[guest-console:pl011-starry] IVC-CONTROLLER-CONTROL rmse_milli_c=5932.505 iae_milli_c_s=687067.600 max_overshoot_milli_c=13424[guest-console:pl011-starry] IVC-CONTROLLER-RESULT policy=neural sent=1800 acknowledged=1800 errors=0 timeouts=0 retransmissions140454 pre_send_p50_us=1722 pre_send_p95_us=1786 pre_send_p99_usus=6742 transport_p95_us=11317 transport_p99_us=11725 transport_max_us=117425 throughput_msg_s=9.993 rmse_milli_c=5932.505 iae_m[guest-console:pl011-starry] IVC-RKNN-RESULT samples=1800 positive_device_times=1800 device_p99_us=1670 wall_p99_ns=1759625
[guest-console:pl011-starry] IVC-RKNN-RUNTIME api=2.3.2 driver=0.9.8 core=0 init_us=77440
[guest-console:pl011-starry] IVC-RKNN-RESULT samples=1800 positive_device_times=1800 device_p99_us=1670 wall_p99_ns=1759625
[guest-console:pl011-starry] IVC-RKNN-RUNTIME api=2.3.2 driver=0.9.8 core=0 init_us=77440
[guest-console:pl011-starry] IVC-RKNN-RESULT samples=1800 positive_device_times=1800 device_p99_us=1670 wall_p99_ns=1759625
[guest-console:pl011-starry] IVC-RKNN-RUNTIME api=2.3.2 driver=0.9.8 core=0 init_us=77440
[guest-console:pl011-starry] IVC-RKNN-RESULT samples=1800 positive_device_times=1800 device_p99_us=1670 wall_p99_ns=1759625
[guest-console:pl011-starry] IVC-RKNN-RUNTIME api=2.3.2 driver=0.9.8 core=0 init_us=77440
[guest-console:pl011-starry] IVC-RKNN-RESULT samples=1800 positive_device_times=1800 device_p99_us=1670 wall_p99_ns=1759625
[guest-console:pl011-starry] IVC-STARRY-RAW path=/var/lib/ivc/raw.csv samples=1800 sha256=7c219f935062cd9d8548a46823042b8d3c71e9e6e05f6ba39f488844b512e006
[guest-console:pl011-starry] IVC-STARRY-RKNN-MODEL sha256=2ad3fecedc9767ee57cbcd31787f70297a8f8e2cfcdc8e07b81b949566d53bb8
[guest-console:pl011-starry] IVC-STARRY-RKNN-RAW sha256=28ca37cea1cd0b12a821aed65019242d5e69a5409cfc715bcb5ddd931beb2466
[guest-console:pl011-starry] IVC-STARRY-RAW path=/var/lib/ivc/raw.csv samples=1800 sha256=7c219f935062cd9d8548a46823042b8d3c71e9e6e05f6ba39f488844b512e006
[guest-console:pl011-starry] IVC-STARRY-RKNN-MODEL sha256=2ad3fecedc9767ee57cbcd31787f70297a8f8e2cfcdc8e07b81b949566d53bb8
[guest-console:pl011-starry] IVC-STARRY-RKNN-RAW sha256=28ca37cea1cd0b12a821aed65019242d5e69a5409cfc715bcb5ddd931beb2466
[guest-console:pl011-starry] IVC-STARRY-RAW path=/var/lib/ivc/raw.csv samples=1800 sha256=7c219f935062cd9d8548a46823042b8d3c71e9512e006
[guest-console:pl011-starry] IVC-STARRY-RKNN-MODEL sha256=2ad3fecedc9767ee57cbcd31787f70297a8f8e2cfcdc8e07b81b949566d53bb8
[guest-console:pl011-starry] IVC-STARRY-RKNN-RAW sha256=28ca37cea1cd0b12a821aed65019242d5e69a5409cfc715bcb5ddd931beb2466
[guest-console:pl011-starry] IVC-STARRY-RAW path=/var/lib/ivc/raw.csv samples=1800 sha256=7c219f935062cd9d8548a46823042b8d3c71e9[guest-console:pl011-starry] IVC-STARRY-RKNN-MODEL sha256=2ad3fecedc9767ee57cbcd31787f70297a8f8e2cfcdc8e07b81b949566d53bb8
[guest-console:pl011-starry] IVC-STARRY-RKNN-RAW sha256=28ca37cea1cd0b12a821aed65019242d5e69a5409cfc715bcb5ddd931beb2466
[guest-console:pl011-starry] IVC-STARRY-RAW path=/var/lib/ivc/raw.csv samples=1800 sha256=7c219f935062cd9d8548a46823042b8d3c71e96ba39f488844b512e006
[guest-console:pl011-starry] IVC-STARRY-RKNN-MODEL sha256=2ad3fecedc9767ee57cbcd31787f70297a8f8e2cfcdc8e07b81b949566d53bb8
[guest-console:pl011-starry] IVC-STARRY-RKNN-RAW sha256=28ca37cea1cd0b12a821aed65019242d5e69a5409cfc715bcb5ddd931beb2466
[guest-console:pl011-starry] IVC-STARRY-DONE exit=0
[37m[294.684838 1:14 axvm::arch::aarch64:198] [33mVM[1] run VCpu[0] SystemDown[m
[m[37m[294.685500 1:14 axvm::vm:902] [32mStopping VM[1]: SystemDown[m
[m[37m[294.686068 1:14 axvm::runtime::vcpus:409] [33mVM[1] VCpu[0] stopping because of VM stopping[m
[m[37m[294.686863 1:14 axvm::runtime::vcpus:435] [32mVM[1] VCpu[0] exiting...[m
[m[37m[294.687256 2:16 axvm::runtime::vcpus:409] [33mVM[1] VCpstopping because of VM stopping32mVM[1] VCpu[1] last VCpu exiting, decreasing running VM countm
[m[37m[294.689205 2:16 axvm::runtime::vcpus:420] [32mVM[1] state changed to Stopped[m
[m[37m[294.689884 2:16 axvm::runtime::vcpus:435] [32mVM[1] VCpu[1] exiting...[m
[m[37m[294.690529 2:2 axvisor:82] [32m[OK] Default guest initialized[m
[mWelcome to AxVisor Shell!
Type 'help' to see available commands
Use UP/DOWN arrows to navigate command history

AXVISOR_SHELL_READY
AXVISOR_SHELL_READY
AXVISOR_SHELL_READY
AXVISOR_SHELL_READY
AXVISOR_SHELL_READY
axvisor:/$ [2Kaxvisor:/$ s[2Kaxvisor:/$ ss[2Kaxvisor:/$ ss [2Kaxvisor:/$ ss 1[2Kaxvisor:/$ ss 1 [2Kaxvisor:/$ ss 1 0[2Kaxvisor:/$ ss 1 0 [2Kaxvisor:/$ ss 1 0 /[2Kaxvisor:/$ ss 1 0 /h[2Kaxvisor:/$ ss 1 0 /ho[2Kaxvisor:/$ ss 1 0 /hom[2Kaxvisor:/$ ss 1 0 /home[2Kaxvisor:/$ ss 1 0 /home/[2Kaxvisor:/$ ss 1 0 /home/o[2Kaxvisor:/$ ss 1 0 /home/or[2Kaxvisor:/$ ss 1 0 /home/ora[2Kaxvisor:/$ ss 1 0 /home/oran[2Kaxvisor:/$ ss 1 0 /home/orang[2Kaxvisor:/$ ss 1 0 /home/orange[2Kaxvisor:/$ ss 1 0 /home/orangep[2Kaxvisor:/$ ss 1 0 /home/orangepi[2Kaxvisor:/$ ss 1 0 /home/orangepi/[2Kaxvisor:/$ ss 1 0 /home/orangepi/i[2Kaxvisor:/$ ss 1 0 /home/orangepi/iv[2Kaxvisor:/$ ss 1 0 /home/orangepi/ivc[2Kaxvisor:/$ ss 1 0 /home/orangepi/ivc-[2Kaxvisor:/$ ss 1 0 /home/orangepi/ivc-r[2Kaxvisor:/$ ss 1 0 /home/orangepi/ivc-rn
AXVISOR_VM_BLOCK_SNAPSHOT_STARTED vm=1 index=0 path=/home/orangepi/ivc-rn
AXVISOR_SNAPSHOT_SYNC_OK
AXVISO
=== SUCCESS PATTERN MATCHED: (?m)^AXVISOR_SNAPSHOT_SYNC_OK\r*$ ===
R_SNAPSHOT_SYNC_OK
AXVISOR_SNAPSHOT_SYNC_OK
AXVISOR_SNAPSHOT_SYNC_OK
AXVISOR_SNAPSHOT_SYNC_OK_VM_BLOCK_SNAPSHOT vm=1 index=0 home/orangepi/ivc-rn bytes=134217728
AXVISOR_VM_BLOCK_SNAPSHOT vm=1 index=0 path=/home/orangepi/ivc-rn bytes=134217728
AXVISOR_VM_BLOCK_SNAPSHOT vm=1 index=0 path=/home/orangepi/ivc-rn bytes=134217728
AXVISOR_HOST_FILESYSTEM_SYNCED
AXVISOR_HOST_FILESYSTEM_SYNCED
AXVISOR_HOST_FILESYSTEM_SYNCED
AXVISOR_HOST_FILESYSTEM_SYNCED
AXVISOR_HOST_FILESYSTEM_SYNCED
axvisor:/$ [axbuild] board build+run package=axvisor target=scripts/targets/std/pie/aarch64-unknown-linux-musl.json config=competition/ivc/config/axvisor-orangepi-5-plus-rknpu-control.toml ... done (361.63s)
ssh: connect to host 192.168.31.33 port 22: Connection timed out
Axvisor filesystem sync marker was confirmed by the board test
/home/seven_wsl/.local/share/tgos-board-power-venv/lib/python3.13/site-packages/miio/miot_device.py:23: FutureWarning: functools.partial will be a method descriptor in future Python versions; wrap it in enum.member() if you want to preserve the old behavior
  Bool = partial(_str2bool)
RESULT action=status board=orangepi-5-plus-rk3588 power=on watts=2 temperature_celsius=50 fault_code=0
/home/seven_wsl/.local/share/tgos-board-power-venv/lib/python3.13/site-packages/miio/miot_device.py:23: FutureWarning: functools.partial will be a method descriptor in future Python versions; wrap it in enum.member() if you want to preserve the old behavior
  Bool = partial(_str2bool)
RESULT action=cycle board=orangepi-5-plus-rk3588 power=on watts=0 temperature_celsius=50 fault_code=0
 � DDR ff1a08bde6 typ 25/03/13-
=> setenv devtype mmc; setenv devnum 1; setenv mmc_bootdev 1; setenv distro_bootpart 1; setenv prefix /; echo UBOOT_LINUX_BOOT_BEGIN; fatload mmc 1:1 0x00c00000 boot.scr; source 0x00c00000
UBOOT_LINUX_BOOT_BEGIN
3413 bytes read in 3 ms (1.1 MiB/s)
## Executing script at 00c00000
Boot script loaded from mmc 1
178 bytes read in 3 ms (57.6 KiB/s)
15301327 bytes read in 1288 ms (11.3 MiB/s)
ssh: connect to host 192.168.31.33 port 22: No route to host
ssh: connect to host 192.168.31.33 port 22: No route to host
ssh: connect to host 192.168.31.33 port 22: No route to host
/dev/mmcblk1p2 ext4   rw,noatime,errors=remount-ro,commit=600
BOARD_LINUX_RESTORED
debugfs 1.46.5 (30-Dec-2021)
debugfs 1.46.5 (30-Dec-2021)
debugfs 1.46.5 (30-Dec-2021)
debugfs 1.46.5 (30-Dec-2021)
BOARD_RESULT_IMAGE_VALIDATED vm=1 index=0 path=/home/orangepi/ivc-rn bytes=134217728 sha256=e93a5a954154ff909b32a75db840b5231cd6f693e3668b36b5e7699dfd623e3a fsck=clean
BOARD_GUEST_RAW_MANIFEST path=/var/lib/ivc/raw.csv samples=1800 sha256=7c219f935062cd9d8548a46823042b8d3c71e9e6e05f6ba39f488844b512e006
BOARD_RAW_RESULT_HARVESTED path=/home/seven_wsl/Workspace/starry/tgoskits-rt-ivc-m4-formal-20260804/tmp/competition/ivc/rknpu-control-full-formal-20260805-v8/rknpu-full/run-001/raw.csv samples=1800 sha256=7c219f935062cd9d8548a46823042b8d3c71e9e6e05f6ba39f488844b512e006
BOARD_GUEST_RKNN_MANIFEST path=/var/lib/ivc/rknn.csv samples=1800 sha256=28ca37cea1cd0b12a821aed65019242d5e69a5409cfc715bcb5ddd931beb2466
BOARD_RKNN_RESULT_HARVESTED path=/home/seven_wsl/Workspace/starry/tgoskits-rt-ivc-m4-formal-20260804/tmp/competition/ivc/rknpu-control-full-formal-20260805-v8/rknpu-full/run-001/rknn.csv samples=1800 sha256=28ca37cea1cd0b12a821aed65019242d5e69a5409cfc715bcb5ddd931beb2466
BOARD_IDENTITY board_id=bf61f4d4a1d994ad hostname=orangepi5plus cpu_temp_milli_c=44384
