WAKEUP_LATENCY_METADATA {"clock":"CLOCK_MONOTONIC","clock_read":"raw_syscall","clock_resolution_ns":1,"clock_pair_min_ns":291,"sender_cpu":0,"receiver_cpu":1,"warmup":1000,"handoff_samples":20000,"timer_samples":10000,"timer_period_ns":1000000,"park_settle_ns":50000,"fifo_priority":80}
WAKEUP_LATENCY_PROFILE_START
WAKEUP_LATENCY_CASE_START case=thread_futex_same_cpu policy=other
WAKEUP_LATENCY_CASE_DONE case=thread_futex_same_cpu policy=other
WAKEUP_LATENCY_RESULT {"case":"thread_futex_same_cpu","policy":"other","samples":20000,"attempted":20000,"not_parked":0,"missed_deadlines":0,"min_ns":15166,"mean_ns":15786,"stddev_ns":556,"p50_ns":15750,"p95_ns":16042,"p99_ns":18375,"p999_ns":23917,"max_ns":30916,"histogram_bounds_ns":[1000,2000,5000,10000,20000,50000,100000,200000,500000,1000000,2000000,5000000,10000000],"histogram_counts":[0,0,0,0,19967,33,0,0,0,0,0,0,0,0]}
WAKEUP_LATENCY_CASE_START case=thread_futex_cross_cpu policy=other
WAKEUP_LATENCY_CASE_DONE case=thread_futex_cross_cpu policy=other
WAKEUP_LATENCY_RESULT {"case":"thread_futex_cross_cpu","policy":"other","samples":20000,"attempted":20000,"not_parked":0,"missed_deadlines":0,"min_ns":17500,"mean_ns":18894,"stddev_ns":1443,"p50_ns":18667,"p95_ns":19250,"p99_ns":21000,"p999_ns":38500,"max_ns":63583,"histogram_bounds_ns":[1000,2000,5000,10000,20000,50000,100000,200000,500000,1000000,2000000,5000000,10000000],"histogram_counts":[0,0,0,0,19589,398,13,0,0,0,0,0,0,0]}
WAKEUP_LATENCY_CASE_START case=process_futex_cross_cpu policy=other
WAKEUP_LATENCY_CASE_DONE case=process_futex_cross_cpu policy=other
WAKEUP_LATENCY_RESULT {"case":"process_futex_cross_cpu","policy":"other","samples":20000,"attempted":20000,"not_parked":0,"missed_deadlines":0,"min_ns":18667,"mean_ns":20636,"stddev_ns":1354,"p50_ns":20417,"p95_ns":21000,"p99_ns":22750,"p999_ns":38500,"max_ns":66791,"histogram_bounds_ns":[1000,2000,5000,10000,20000,50000,100000,200000,500000,1000000,2000000,5000000,10000000],"histogram_counts":[0,0,0,0,105,19883,12,0,0,0,0,0,0,0]}
WAKEUP_LATENCY_CASE_START case=absolute_timer_same_cpu policy=other
WAKEUP_LATENCY_CASE_DONE case=absolute_timer_same_cpu policy=other
WAKEUP_LATENCY_RESULT {"case":"absolute_timer_same_cpu","policy":"other","samples":10000,"attempted":10000,"not_parked":0,"missed_deadlines":0,"min_ns":24375,"mean_ns":33842,"stddev_ns":1802,"p50_ns":33625,"p95_ns":37458,"p99_ns":38458,"p999_ns":69583,"max_ns":78042,"histogram_bounds_ns":[1000,2000,5000,10000,20000,50000,100000,200000,500000,1000000,2000000,5000000,10000000],"histogram_counts":[0,0,0,0,0,9987,13,0,0,0,0,0,0,0]}
WAKEUP_LATENCY_CASE_START case=clock_pair policy=other
WAKEUP_LATENCY_CASE_DONE case=clock_pair policy=other
WAKEUP_LATENCY_RESULT {"case":"clock_pair","policy":"other","samples":20000,"attempted":20000,"not_parked":0,"missed_deadlines":0,"min_ns":291,"mean_ns":565,"stddev_ns":71,"p50_ns":583,"p95_ns":584,"p99_ns":584,"p999_ns":584,"max_ns":875,"histogram_bounds_ns":[1000,2000,5000,10000,20000,50000,100000,200000,500000,1000000,2000000,5000000,10000000],"histogram_counts":[20000,0,0,0,0,0,0,0,0,0,0,0,0,0]}
WAKEUP_LATENCY_CASE_START case=getpid policy=other
WAKEUP_LATENCY_CASE_DONE case=getpid policy=other
WAKEUP_LATENCY_RESULT {"case":"getpid","policy":"other","samples":20000,"attempted":20000,"not_parked":0,"missed_deadlines":0,"min_ns":875,"mean_ns":1004,"stddev_ns":164,"p50_ns":875,"p95_ns":1167,"p99_ns":1167,"p999_ns":1167,"max_ns":11959,"histogram_bounds_ns":[1000,2000,5000,10000,20000,50000,100000,200000,500000,1000000,2000000,5000000,10000000],"histogram_counts":[11215,8784,0,0,1,0,0,0,0,0,0,0,0,0]}
WAKEUP_LATENCY_CASE_START case=futex_wait_mismatch policy=other
WAKEUP_LATENCY_CASE_DONE case=futex_wait_mismatch policy=other
WAKEUP_LATENCY_RESULT {"case":"futex_wait_mismatch","policy":"other","samples":20000,"attempted":20000,"not_parked":0,"missed_deadlines":0,"min_ns":875,"mean_ns":1109,"stddev_ns":135,"p50_ns":1167,"p95_ns":1167,"p99_ns":1167,"p999_ns":1167,"max_ns":7292,"histogram_bounds_ns":[1000,2000,5000,10000,20000,50000,100000,200000,500000,1000000,2000000,5000000,10000000],"histogram_counts":[3984,16013,0,3,0,0,0,0,0,0,0,0,0,0]}
WAKEUP_LATENCY_CASE_START case=futex_wake_empty policy=other
WAKEUP_LATENCY_CASE_DONE case=futex_wake_empty policy=other
WAKEUP_LATENCY_RESULT {"case":"futex_wake_empty","policy":"other","samples":20000,"attempted":20000,"not_parked":0,"missed_deadlines":0,"min_ns":875,"mean_ns":1087,"stddev_ns":165,"p50_ns":1166,"p95_ns":1167,"p99_ns":1167,"p999_ns":1167,"max_ns":11666,"histogram_bounds_ns":[1000,2000,5000,10000,20000,50000,100000,200000,500000,1000000,2000000,5000000,10000000],"histogram_counts":[5531,14465,0,3,1,0,0,0,0,0,0,0,0,0]}
WAKEUP_LATENCY_CASE_START case=sched_yield_no_peer policy=other
WAKEUP_LATENCY_CASE_DONE case=sched_yield_no_peer policy=other
WAKEUP_LATENCY_RESULT {"case":"sched_yield_no_peer","policy":"other","samples":20000,"attempted":20000,"not_parked":0,"missed_deadlines":0,"min_ns":1750,"mean_ns":1802,"stddev_ns":133,"p50_ns":1750,"p95_ns":2042,"p99_ns":2042,"p999_ns":2042,"max_ns":7583,"histogram_bounds_ns":[1000,2000,5000,10000,20000,50000,100000,200000,500000,1000000,2000000,5000000,10000000],"histogram_counts":[0,16504,3492,4,0,0,0,0,0,0,0,0,0,0]}
WAKEUP_LATENCY_CASE_START case=sched_yield_handoff policy=other
WAKEUP_LATENCY_CASE_DONE case=sched_yield_handoff policy=other
WAKEUP_LATENCY_RESULT {"case":"sched_yield_handoff","policy":"other","samples":20000,"attempted":20000,"not_parked":0,"missed_deadlines":0,"min_ns":6708,"mean_ns":6906,"stddev_ns":267,"p50_ns":7000,"p95_ns":7000,"p99_ns":7291,"p999_ns":9334,"max_ns":19542,"histogram_bounds_ns":[1000,2000,5000,10000,20000,50000,100000,200000,500000,1000000,2000000,5000000,10000000],"histogram_counts":[0,0,0,19983,17,0,0,0,0,0,0,0,0,0]}
WAKEUP_LATENCY_CASE_START case=thread_futex_same_cpu policy=fifo
WAKEUP_LATENCY_CASE_DONE case=thread_futex_same_cpu policy=fifo
WAKEUP_LATENCY_RESULT {"case":"thread_futex_same_cpu","policy":"fifo","samples":20000,"attempted":20000,"not_parked":0,"missed_deadlines":0,"min_ns":10500,"mean_ns":10873,"stddev_ns":295,"p50_ns":10792,"p95_ns":11084,"p99_ns":11084,"p999_ns":12834,"max_ns":24209,"histogram_bounds_ns":[1000,2000,5000,10000,20000,50000,100000,200000,500000,1000000,2000000,5000000,10000000],"histogram_counts":[0,0,0,0,19999,1,0,0,0,0,0,0,0,0]}
WAKEUP_LATENCY_CASE_START case=thread_futex_cross_cpu policy=fifo
WAKEUP_LATENCY_CASE_DONE case=thread_futex_cross_cpu policy=fifo
WAKEUP_LATENCY_RESULT {"case":"thread_futex_cross_cpu","policy":"fifo","samples":20000,"attempted":20000,"not_parked":0,"missed_deadlines":0,"min_ns":16042,"mean_ns":16886,"stddev_ns":1970,"p50_ns":16625,"p95_ns":17208,"p99_ns":18083,"p999_ns":50750,"max_ns":81083,"histogram_bounds_ns":[1000,2000,5000,10000,20000,50000,100000,200000,500000,1000000,2000000,5000000,10000000],"histogram_counts":[0,0,0,0,19909,69,22,0,0,0,0,0,0,0]}
WAKEUP_LATENCY_CASE_START case=process_futex_cross_cpu policy=fifo
WAKEUP_LATENCY_CASE_DONE case=process_futex_cross_cpu policy=fifo
WAKEUP_LATENCY_RESULT {"case":"process_futex_cross_cpu","policy":"fifo","samples":20000,"attempted":20000,"not_parked":0,"missed_deadlines":0,"min_ns":17791,"mean_ns":18480,"stddev_ns":2416,"p50_ns":18375,"p95_ns":18667,"p99_ns":19833,"p999_ns":55708,"max_ns":88958,"histogram_bounds_ns":[1000,2000,5000,10000,20000,50000,100000,200000,500000,1000000,2000000,5000000,10000000],"histogram_counts":[0,0,0,0,19828,131,41,0,0,0,0,0,0,0]}
WAKEUP_LATENCY_CASE_START case=absolute_timer_same_cpu policy=fifo
WAKEUP_LATENCY_CASE_DONE case=absolute_timer_same_cpu policy=fifo
WAKEUP_LATENCY_RESULT {"case":"absolute_timer_same_cpu","policy":"fifo","samples":10000,"attempted":10000,"not_parked":0,"missed_deadlines":0,"min_ns":14875,"mean_ns":17254,"stddev_ns":1392,"p50_ns":16959,"p95_ns":20375,"p99_ns":21042,"p999_ns":28667,"max_ns":53834,"histogram_bounds_ns":[1000,2000,5000,10000,20000,50000,100000,200000,500000,1000000,2000000,5000000,10000000],"histogram_counts":[0,0,0,0,9468,527,5,0,0,0,0,0,0,0]}
WAKEUP_LATENCY_CASE_START case=clock_pair policy=fifo
WAKEUP_LATENCY_CASE_DONE case=clock_pair policy=fifo
WAKEUP_LATENCY_RESULT {"case":"clock_pair","policy":"fifo","samples":20000,"attempted":20000,"not_parked":0,"missed_deadlines":0,"min_ns":291,"mean_ns":564,"stddev_ns":73,"p50_ns":583,"p95_ns":584,"p99_ns":584,"p999_ns":584,"max_ns":584,"histogram_bounds_ns":[1000,2000,5000,10000,20000,50000,100000,200000,500000,1000000,2000000,5000000,10000000],"histogram_counts":[20000,0,0,0,0,0,0,0,0,0,0,0,0,0]}
WAKEUP_LATENCY_CASE_START case=getpid policy=fifo
WAKEUP_LATENCY_CASE_DONE case=getpid policy=fifo
WAKEUP_LATENCY_RESULT {"case":"getpid","policy":"fifo","samples":20000,"attempted":20000,"not_parked":0,"missed_deadlines":0,"min_ns":875,"mean_ns":1004,"stddev_ns":168,"p50_ns":875,"p95_ns":1167,"p99_ns":1167,"p999_ns":1167,"max_ns":11667,"histogram_bounds_ns":[1000,2000,5000,10000,20000,50000,100000,200000,500000,1000000,2000000,5000000,10000000],"histogram_counts":[11182,8816,0,1,1,0,0,0,0,0,0,0,0,0]}
WAKEUP_LATENCY_CASE_START case=futex_wait_mismatch policy=fifo
WAKEUP_LATENCY_CASE_DONE case=futex_wait_mismatch policy=fifo
WAKEUP_LATENCY_RESULT {"case":"futex_wait_mismatch","policy":"fifo","samples":20000,"attempted":20000,"not_parked":0,"missed_deadlines":0,"min_ns":875,"mean_ns":1110,"stddev_ns":135,"p50_ns":1167,"p95_ns":1167,"p99_ns":1167,"p999_ns":1167,"max_ns":7583,"histogram_bounds_ns":[1000,2000,5000,10000,20000,50000,100000,200000,500000,1000000,2000000,5000000,10000000],"histogram_counts":[3954,16043,0,3,0,0,0,0,0,0,0,0,0,0]}
WAKEUP_LATENCY_CASE_START case=futex_wake_empty policy=fifo
WAKEUP_LATENCY_CASE_DONE case=futex_wake_empty policy=fifo
WAKEUP_LATENCY_RESULT {"case":"futex_wake_empty","policy":"fifo","samples":20000,"attempted":20000,"not_parked":0,"missed_deadlines":0,"min_ns":875,"mean_ns":1085,"stddev_ns":141,"p50_ns":1166,"p95_ns":1167,"p99_ns":1167,"p999_ns":1167,"max_ns":6417,"histogram_bounds_ns":[1000,2000,5000,10000,20000,50000,100000,200000,500000,1000000,2000000,5000000,10000000],"histogram_counts":[5628,14370,0,2,0,0,0,0,0,0,0,0,0,0]}
WAKEUP_LATENCY_CASE_START case=sched_yield_no_peer policy=fifo
WAKEUP_LATENCY_CASE_DONE case=sched_yield_no_peer policy=fifo
WAKEUP_LATENCY_RESULT {"case":"sched_yield_no_peer","policy":"fifo","samples":20000,"attempted":20000,"not_parked":0,"missed_deadlines":0,"min_ns":1458,"mean_ns":1564,"stddev_ns":156,"p50_ns":1459,"p95_ns":1750,"p99_ns":1750,"p999_ns":1750,"max_ns":7583,"histogram_bounds_ns":[1000,2000,5000,10000,20000,50000,100000,200000,500000,1000000,2000000,5000000,10000000],"histogram_counts":[0,19997,0,3,0,0,0,0,0,0,0,0,0,0]}
WAKEUP_LATENCY_CASE_START case=sched_yield_handoff policy=fifo
WAKEUP_LATENCY_CASE_DONE case=sched_yield_handoff policy=fifo
WAKEUP_LATENCY_RESULT {"case":"sched_yield_handoff","policy":"fifo","samples":20000,"attempted":20000,"not_parked":0,"missed_deadlines":0,"min_ns":2916,"mean_ns":3201,"stddev_ns":120,"p50_ns":3208,"p95_ns":3209,"p99_ns":3500,"p999_ns":3500,"max_ns":9625,"histogram_bounds_ns":[1000,2000,5000,10000,20000,50000,100000,200000,500000,1000000,2000000,5000000,10000000],"histogram_counts":[0,0,19994,6,0,0,0,0,0,0,0,0,0,0]}
WAKEUP_LATENCY_PROFILE_DONE
WAKEUP_LATENCY_PASSED
